experiment initialized
run directory: /root/trajectory-clustering/con-dtc/runs/condtc_porto_finegrained_s3_m07_entropy_p70_a025_reverse_stability_w150/20260823_153613_seed19721013
config snapshot: /root/trajectory-clustering/con-dtc/runs/condtc_porto_finegrained_s3_m07_entropy_p70_a025_reverse_stability_w150/20260823_153613_seed19721013/config.yaml
device: cuda
dataset: portoTimeNoiseFineGrained
pretrain checkpoint: /root/trajectory-clustering/con-dtc/checkpoints/sttraj2vec_porto_finegrained_pre15.pt
epoch=1 / num_epochs=6
batch=0050 loss=0.9933 representation_loss=0.6956 clustering_loss=0.5954 instance_nce=0.0000 cluster_nce=0.0000 
batch=0100 loss=0.9855 representation_loss=0.7154 clustering_loss=0.5402 instance_nce=0.0000 cluster_nce=0.0000 
batch=0150 loss=0.8866 representation_loss=0.6536 clustering_loss=0.4659 instance_nce=0.0000 cluster_nce=0.0000 
batch=0200 loss=0.8152 representation_loss=0.6287 clustering_loss=0.3730 instance_nce=0.0000 cluster_nce=0.0000 
batch=0250 loss=0.9373 representation_loss=0.7379 clustering_loss=0.3987 instance_nce=0.0000 cluster_nce=0.0000 
batch=0300 loss=0.8762 representation_loss=0.6543 clustering_loss=0.4438 instance_nce=0.0000 cluster_nce=0.0000 
batch=0350 loss=0.9102 representation_loss=0.7217 clustering_loss=0.3771 instance_nce=0.0000 cluster_nce=0.0000 
batch=0400 loss=0.8959 representation_loss=0.6792 clustering_loss=0.4334 instance_nce=0.0000 cluster_nce=0.0000 
batch=0450 loss=0.9163 representation_loss=0.7086 clustering_loss=0.4154 instance_nce=0.0000 cluster_nce=0.0000 
batch=0500 loss=0.8080 representation_loss=0.6091 clustering_loss=0.3980 instance_nce=0.0000 cluster_nce=0.0000 
batch=0550 loss=0.8387 representation_loss=0.6356 clustering_loss=0.4062 instance_nce=0.0000 cluster_nce=0.0000 
batch=0600 loss=0.9432 representation_loss=0.7647 clustering_loss=0.3570 instance_nce=0.0000 cluster_nce=0.0000 
batch=0650 loss=0.8315 representation_loss=0.6331 clustering_loss=0.3969 instance_nce=0.0000 cluster_nce=0.0000 
batch=0700 loss=0.8201 representation_loss=0.6354 clustering_loss=0.3694 instance_nce=0.0000 cluster_nce=0.0000 
batch=0750 loss=0.9114 representation_loss=0.7529 clustering_loss=0.3171 instance_nce=0.0000 cluster_nce=0.0000 
batch=0800 loss=0.8585 representation_loss=0.6829 clustering_loss=0.3512 instance_nce=0.0000 cluster_nce=0.0000 
batch=0850 loss=0.8338 representation_loss=0.7025 clustering_loss=0.2625 instance_nce=0.0000 cluster_nce=0.0000 
Train: loss=0.8819 mstm=0.6804 instance_nce=0.0000 cluster_nce=0.0000 dec=0.4030
save checkpoint:  /root/trajectory-clustering/con-dtc/runs/condtc_porto_finegrained_s3_m07_entropy_p70_a025_reverse_stability_w150/20260823_153613_seed19721013/checkpoints/condtc_best.pt
epoch=2 / num_epochs=6
batch=0050 loss=0.8307 representation_loss=0.6473 clustering_loss=0.3668 instance_nce=0.0000 cluster_nce=0.0000 
batch=0100 loss=0.7994 representation_loss=0.6292 clustering_loss=0.3405 instance_nce=0.0000 cluster_nce=0.0000 
batch=0150 loss=0.8030 representation_loss=0.6276 clustering_loss=0.3508 instance_nce=0.0000 cluster_nce=0.0000 
batch=0200 loss=0.8728 representation_loss=0.7053 clustering_loss=0.3350 instance_nce=0.0000 cluster_nce=0.0000 
batch=0250 loss=0.8413 representation_loss=0.6842 clustering_loss=0.3142 instance_nce=0.0000 cluster_nce=0.0000 
batch=0300 loss=0.8527 representation_loss=0.7002 clustering_loss=0.3049 instance_nce=0.0000 cluster_nce=0.0000 
batch=0350 loss=0.7723 representation_loss=0.6186 clustering_loss=0.3073 instance_nce=0.0000 cluster_nce=0.0000 
batch=0400 loss=0.8644 representation_loss=0.7073 clustering_loss=0.3143 instance_nce=0.0000 cluster_nce=0.0000 
batch=0450 loss=0.8338 representation_loss=0.6678 clustering_loss=0.3320 instance_nce=0.0000 cluster_nce=0.0000 
batch=0500 loss=0.8769 representation_loss=0.7350 clustering_loss=0.2837 instance_nce=0.0000 cluster_nce=0.0000 
batch=0550 loss=0.8253 representation_loss=0.6633 clustering_loss=0.3240 instance_nce=0.0000 cluster_nce=0.0000 
batch=0600 loss=0.7747 representation_loss=0.6200 clustering_loss=0.3094 instance_nce=0.0000 cluster_nce=0.0000 
batch=0650 loss=0.8560 representation_loss=0.7159 clustering_loss=0.2800 instance_nce=0.0000 cluster_nce=0.0000 
batch=0700 loss=0.8750 representation_loss=0.7320 clustering_loss=0.2860 instance_nce=0.0000 cluster_nce=0.0000 
batch=0750 loss=0.7567 representation_loss=0.6144 clustering_loss=0.2846 instance_nce=0.0000 cluster_nce=0.0000 
batch=0800 loss=0.8754 representation_loss=0.7311 clustering_loss=0.2886 instance_nce=0.0000 cluster_nce=0.0000 
batch=0850 loss=0.7609 representation_loss=0.6174 clustering_loss=0.2869 instance_nce=0.0000 cluster_nce=0.0000 
Train: loss=0.8197 mstm=0.6612 instance_nce=0.0000 cluster_nce=0.0000 dec=0.3170
save checkpoint:  /root/trajectory-clustering/con-dtc/runs/condtc_porto_finegrained_s3_m07_entropy_p70_a025_reverse_stability_w150/20260823_153613_seed19721013/checkpoints/condtc_best.pt
epoch=3 / num_epochs=6
batch=0050 loss=0.8014 representation_loss=0.6481 clustering_loss=0.3066 instance_nce=0.0000 cluster_nce=0.0000 
batch=0100 loss=0.8456 representation_loss=0.7032 clustering_loss=0.2848 instance_nce=0.0000 cluster_nce=0.0000 
batch=0150 loss=0.7982 representation_loss=0.6530 clustering_loss=0.2903 instance_nce=0.0000 cluster_nce=0.0000 
batch=0200 loss=0.7162 representation_loss=0.5796 clustering_loss=0.2732 instance_nce=0.0000 cluster_nce=0.0000 
batch=0250 loss=0.8470 representation_loss=0.7193 clustering_loss=0.2553 instance_nce=0.0000 cluster_nce=0.0000 
batch=0300 loss=0.7896 representation_loss=0.6617 clustering_loss=0.2560 instance_nce=0.0000 cluster_nce=0.0000 
batch=0350 loss=0.8796 representation_loss=0.7529 clustering_loss=0.2534 instance_nce=0.0000 cluster_nce=0.0000 
batch=0400 loss=0.7127 representation_loss=0.5751 clustering_loss=0.2753 instance_nce=0.0000 cluster_nce=0.0000 
batch=0450 loss=0.8448 representation_loss=0.7147 clustering_loss=0.2602 instance_nce=0.0000 cluster_nce=0.0000 
batch=0500 loss=0.7932 representation_loss=0.6549 clustering_loss=0.2765 instance_nce=0.0000 cluster_nce=0.0000 
batch=0550 loss=0.7890 representation_loss=0.6671 clustering_loss=0.2439 instance_nce=0.0000 cluster_nce=0.0000 
batch=0600 loss=0.7818 representation_loss=0.6439 clustering_loss=0.2757 instance_nce=0.0000 cluster_nce=0.0000 
batch=0650 loss=0.9688 representation_loss=0.8328 clustering_loss=0.2719 instance_nce=0.0000 cluster_nce=0.0000 
batch=0700 loss=0.8025 representation_loss=0.6806 clustering_loss=0.2439 instance_nce=0.0000 cluster_nce=0.0000 
batch=0750 loss=0.7571 representation_loss=0.6384 clustering_loss=0.2375 instance_nce=0.0000 cluster_nce=0.0000 
batch=0800 loss=0.8629 representation_loss=0.7334 clustering_loss=0.2590 instance_nce=0.0000 cluster_nce=0.0000 
batch=0850 loss=0.8584 representation_loss=0.7277 clustering_loss=0.2615 instance_nce=0.0000 cluster_nce=0.0000 
Train: loss=0.7848 mstm=0.6515 instance_nce=0.0000 cluster_nce=0.0000 dec=0.2667
save checkpoint:  /root/trajectory-clustering/con-dtc/runs/condtc_porto_finegrained_s3_m07_entropy_p70_a025_reverse_stability_w150/20260823_153613_seed19721013/checkpoints/condtc_best.pt
epoch=4 / num_epochs=6
batch=0050 loss=0.7610 representation_loss=0.6300 clustering_loss=0.2621 instance_nce=0.0000 cluster_nce=0.0000 
batch=0100 loss=0.6476 representation_loss=0.5142 clustering_loss=0.2668 instance_nce=0.0000 cluster_nce=0.0000 
batch=0150 loss=0.7193 representation_loss=0.6043 clustering_loss=0.2299 instance_nce=0.0000 cluster_nce=0.0000 
batch=0200 loss=0.7515 representation_loss=0.6216 clustering_loss=0.2599 instance_nce=0.0000 cluster_nce=0.0000 
batch=0250 loss=0.8585 representation_loss=0.7340 clustering_loss=0.2489 instance_nce=0.0000 cluster_nce=0.0000 
batch=0300 loss=0.8036 representation_loss=0.6860 clustering_loss=0.2353 instance_nce=0.0000 cluster_nce=0.0000 
batch=0350 loss=0.6617 representation_loss=0.5469 clustering_loss=0.2297 instance_nce=0.0000 cluster_nce=0.0000 
batch=0400 loss=0.7529 representation_loss=0.6360 clustering_loss=0.2338 instance_nce=0.0000 cluster_nce=0.0000 
batch=0450 loss=0.7648 representation_loss=0.6512 clustering_loss=0.2272 instance_nce=0.0000 cluster_nce=0.0000 
batch=0500 loss=0.6338 representation_loss=0.5115 clustering_loss=0.2446 instance_nce=0.0000 cluster_nce=0.0000 
batch=0550 loss=0.6616 representation_loss=0.5429 clustering_loss=0.2374 instance_nce=0.0000 cluster_nce=0.0000 
batch=0600 loss=0.7425 representation_loss=0.6286 clustering_loss=0.2279 instance_nce=0.0000 cluster_nce=0.0000 
batch=0650 loss=0.8355 representation_loss=0.7299 clustering_loss=0.2112 instance_nce=0.0000 cluster_nce=0.0000 
batch=0700 loss=0.7523 representation_loss=0.6421 clustering_loss=0.2203 instance_nce=0.0000 cluster_nce=0.0000 
batch=0750 loss=0.7063 representation_loss=0.5968 clustering_loss=0.2190 instance_nce=0.0000 cluster_nce=0.0000 
batch=0800 loss=0.7564 representation_loss=0.6424 clustering_loss=0.2280 instance_nce=0.0000 cluster_nce=0.0000 
batch=0850 loss=0.6930 representation_loss=0.5858 clustering_loss=0.2143 instance_nce=0.0000 cluster_nce=0.0000 
Train: loss=0.7588 mstm=0.6387 instance_nce=0.0000 cluster_nce=0.0000 dec=0.2402
save checkpoint:  /root/trajectory-clustering/con-dtc/runs/condtc_porto_finegrained_s3_m07_entropy_p70_a025_reverse_stability_w150/20260823_153613_seed19721013/checkpoints/condtc_best.pt
epoch=5 / num_epochs=6
batch=0050 loss=0.7409 representation_loss=0.6228 clustering_loss=0.2362 instance_nce=0.0000 cluster_nce=0.0000 
batch=0100 loss=0.7235 representation_loss=0.6068 clustering_loss=0.2335 instance_nce=0.0000 cluster_nce=0.0000 
batch=0150 loss=0.7284 representation_loss=0.6170 clustering_loss=0.2227 instance_nce=0.0000 cluster_nce=0.0000 
batch=0200 loss=0.7543 representation_loss=0.6352 clustering_loss=0.2382 instance_nce=0.0000 cluster_nce=0.0000 
batch=0250 loss=0.7132 representation_loss=0.6101 clustering_loss=0.2062 instance_nce=0.0000 cluster_nce=0.0000 
batch=0300 loss=0.7134 representation_loss=0.6036 clustering_loss=0.2195 instance_nce=0.0000 cluster_nce=0.0000 
batch=0350 loss=0.7485 representation_loss=0.6358 clustering_loss=0.2253 instance_nce=0.0000 cluster_nce=0.0000 
batch=0400 loss=0.6704 representation_loss=0.5531 clustering_loss=0.2346 instance_nce=0.0000 cluster_nce=0.0000 
batch=0450 loss=0.6557 representation_loss=0.5372 clustering_loss=0.2370 instance_nce=0.0000 cluster_nce=0.0000 
batch=0500 loss=0.6818 representation_loss=0.5676 clustering_loss=0.2283 instance_nce=0.0000 cluster_nce=0.0000 
batch=0550 loss=0.6753 representation_loss=0.5651 clustering_loss=0.2203 instance_nce=0.0000 cluster_nce=0.0000 
batch=0600 loss=0.7520 representation_loss=0.6370 clustering_loss=0.2301 instance_nce=0.0000 cluster_nce=0.0000 
batch=0650 loss=0.7408 representation_loss=0.6353 clustering_loss=0.2110 instance_nce=0.0000 cluster_nce=0.0000 
batch=0700 loss=0.7573 representation_loss=0.6513 clustering_loss=0.2120 instance_nce=0.0000 cluster_nce=0.0000 
batch=0750 loss=0.8728 representation_loss=0.7656 clustering_loss=0.2143 instance_nce=0.0000 cluster_nce=0.0000 
batch=0800 loss=0.7948 representation_loss=0.6816 clustering_loss=0.2264 instance_nce=0.0000 cluster_nce=0.0000 
batch=0850 loss=0.7040 representation_loss=0.5958 clustering_loss=0.2163 instance_nce=0.0000 cluster_nce=0.0000 
Train: loss=0.7422 mstm=0.6303 instance_nce=0.0000 cluster_nce=0.0000 dec=0.2239
save checkpoint:  /root/trajectory-clustering/con-dtc/runs/condtc_porto_finegrained_s3_m07_entropy_p70_a025_reverse_stability_w150/20260823_153613_seed19721013/checkpoints/condtc_best.pt
epoch=6 / num_epochs=6
batch=0050 loss=0.7288 representation_loss=0.6176 clustering_loss=0.2225 instance_nce=0.0000 cluster_nce=0.0000 
batch=0100 loss=0.6621 representation_loss=0.5543 clustering_loss=0.2156 instance_nce=0.0000 cluster_nce=0.0000 
batch=0150 loss=0.7436 representation_loss=0.6315 clustering_loss=0.2242 instance_nce=0.0000 cluster_nce=0.0000 
batch=0200 loss=0.7279 representation_loss=0.6152 clustering_loss=0.2254 instance_nce=0.0000 cluster_nce=0.0000 
batch=0250 loss=0.8034 representation_loss=0.6958 clustering_loss=0.2153 instance_nce=0.0000 cluster_nce=0.0000 
batch=0300 loss=0.6211 representation_loss=0.5246 clustering_loss=0.1931 instance_nce=0.0000 cluster_nce=0.0000 
batch=0350 loss=0.7398 representation_loss=0.6355 clustering_loss=0.2085 instance_nce=0.0000 cluster_nce=0.0000 
batch=0400 loss=0.7404 representation_loss=0.6307 clustering_loss=0.2195 instance_nce=0.0000 cluster_nce=0.0000 
batch=0450 loss=0.6601 representation_loss=0.5635 clustering_loss=0.1933 instance_nce=0.0000 cluster_nce=0.0000 
batch=0500 loss=0.7433 representation_loss=0.6385 clustering_loss=0.2096 instance_nce=0.0000 cluster_nce=0.0000 
batch=0550 loss=0.7408 representation_loss=0.6404 clustering_loss=0.2009 instance_nce=0.0000 cluster_nce=0.0000 
batch=0600 loss=0.7798 representation_loss=0.6668 clustering_loss=0.2260 instance_nce=0.0000 cluster_nce=0.0000 
batch=0650 loss=0.6393 representation_loss=0.5444 clustering_loss=0.1897 instance_nce=0.0000 cluster_nce=0.0000 
batch=0700 loss=0.7326 representation_loss=0.6276 clustering_loss=0.2101 instance_nce=0.0000 cluster_nce=0.0000 
batch=0750 loss=0.7680 representation_loss=0.6583 clustering_loss=0.2193 instance_nce=0.0000 cluster_nce=0.0000 
batch=0800 loss=0.6195 representation_loss=0.5181 clustering_loss=0.2027 instance_nce=0.0000 cluster_nce=0.0000 
batch=0850 loss=0.6134 representation_loss=0.5125 clustering_loss=0.2017 instance_nce=0.0000 cluster_nce=0.0000 
Train: loss=0.7256 mstm=0.6192 instance_nce=0.0000 cluster_nce=0.0000 dec=0.2127
save checkpoint:  /root/trajectory-clustering/con-dtc/runs/condtc_porto_finegrained_s3_m07_entropy_p70_a025_reverse_stability_w150/20260823_153613_seed19721013/checkpoints/condtc_best.pt
best train_loss:  0.7255576325825033
evaluating: /root/trajectory-clustering/con-dtc/runs/condtc_porto_finegrained_s3_m07_entropy_p70_a025_reverse_stability_w150/20260823_153613_seed19721013/checkpoints/condtc_best.pt
device: cuda
dataset: portoTimeNoiseFineGrained
cluster counts: tensor([1582,  717, 1871, 1115,  738,  375,  974, 1097,  671, 2037, 1088, 1038,
         964, 1046,  914,  841,    0, 1017, 1037,  389,  921, 1379, 1361,    0,
        1701, 1426, 1006])
metrics: {'uacc': 0.8216077641457609, 'nmi': 0.9178974433157782, 'ri': 0.9822531695731493, 'ari': 0.7756564306071021}
metrics saved: /root/trajectory-clustering/con-dtc/runs/condtc_porto_finegrained_s3_m07_entropy_p70_a025_reverse_stability_w150/20260823_153613_seed19721013/metrics.json
