experiment initialized
run directory: /root/trajectory-clustering/con-dtc/runs/condtc_qd_paper_crossview/20260810_200837_seed19721013
config snapshot: /root/trajectory-clustering/con-dtc/runs/condtc_qd_paper_crossview/20260810_200837_seed19721013/config.yaml
device: cuda
pretrain checkpoint: /root/trajectory-clustering/con-dtc/checkpoints/sttraj2vec_pretrain_paper_crossview.pt
epoch=1 / num_epochs=1
batch=0050 loss=0.8167 representation_loss=0.6812 clustering_loss=0.2711 instance_nce=3.5694 cluster_nce=2.3124 
batch=0100 loss=0.8234 representation_loss=0.7036 clustering_loss=0.2396 instance_nce=3.5271 cluster_nce=2.3071 
batch=0150 loss=0.7708 representation_loss=0.6504 clustering_loss=0.2408 instance_nce=3.5907 cluster_nce=2.3139 
batch=0200 loss=0.7174 representation_loss=0.6170 clustering_loss=0.2007 instance_nce=3.5718 cluster_nce=2.3049 
batch=0250 loss=0.9065 representation_loss=0.8090 clustering_loss=0.1949 instance_nce=3.5292 cluster_nce=2.2942 
batch=0300 loss=0.8626 representation_loss=0.7685 clustering_loss=0.1882 instance_nce=3.5421 cluster_nce=2.2846 
batch=0350 loss=0.7103 representation_loss=0.6223 clustering_loss=0.1759 instance_nce=3.5157 cluster_nce=2.2927 
Train: loss=0.8100 mstm=0.6945 instance_nce=3.5360 cluster_nce=2.3054 dec=0.2310
save checkpoint:  /root/trajectory-clustering/con-dtc/runs/condtc_qd_paper_crossview/20260810_200837_seed19721013/checkpoints/condtc_best.pt
best train_loss:  0.8099698298801763
evaluating: /root/trajectory-clustering/con-dtc/runs/condtc_qd_paper_crossview/20260810_200837_seed19721013/checkpoints/condtc_best.pt
device: cuda
cluster counts: tensor([1003,  991, 1035,  991,  752,  966, 1000,  863,  944,  943,  967, 1149])
metrics: {'uacc': 0.9660461909686315, 'nmi': 0.9595541649967394, 'ri': 0.9896650365862719, 'ari': 0.9325975748222021}
metrics saved: /root/trajectory-clustering/con-dtc/runs/condtc_qd_paper_crossview/20260810_200837_seed19721013/metrics.json
