experiment initialized
run directory: /root/trajectory-clustering/con-dtc/runs/condtc_qd_temporal_feature_baseline_pre15/20260824_111148_seed19721013
config snapshot: /root/trajectory-clustering/con-dtc/runs/condtc_qd_temporal_feature_baseline_pre15/20260824_111148_seed19721013/config.yaml
device: cuda
dataset: qdTimeNoise0424
pretrain checkpoint: /root/trajectory-clustering/con-dtc/checkpoints/sttraj2vec_pretrain_paper_15ep.pt
epoch=1 / num_epochs=6
batch=0050 loss=1.0536 representation_loss=0.8227 clustering_loss=0.4618 instance_nce=0.0000 cluster_nce=0.0000 
batch=0100 loss=1.1600 representation_loss=0.9643 clustering_loss=0.3913 instance_nce=0.0000 cluster_nce=0.0000 
batch=0150 loss=1.1897 representation_loss=0.9940 clustering_loss=0.3914 instance_nce=0.0000 cluster_nce=0.0000 
batch=0200 loss=1.1413 representation_loss=0.9695 clustering_loss=0.3437 instance_nce=0.0000 cluster_nce=0.0000 
batch=0250 loss=1.1694 representation_loss=0.9791 clustering_loss=0.3806 instance_nce=0.0000 cluster_nce=0.0000 
batch=0300 loss=1.1847 representation_loss=1.0176 clustering_loss=0.3342 instance_nce=0.0000 cluster_nce=0.0000 
batch=0350 loss=1.0274 representation_loss=0.8337 clustering_loss=0.3873 instance_nce=0.0000 cluster_nce=0.0000 
Train: loss=1.1372 mstm=0.9492 instance_nce=0.0000 cluster_nce=0.0000 dec=0.3761
save checkpoint:  /root/trajectory-clustering/con-dtc/runs/condtc_qd_temporal_feature_baseline_pre15/20260824_111148_seed19721013/checkpoints/condtc_best.pt
epoch=2 / num_epochs=6
batch=0050 loss=1.1160 representation_loss=0.9683 clustering_loss=0.2955 instance_nce=0.0000 cluster_nce=0.0000 
batch=0100 loss=0.9866 representation_loss=0.8518 clustering_loss=0.2695 instance_nce=0.0000 cluster_nce=0.0000 
batch=0150 loss=1.1658 representation_loss=1.0271 clustering_loss=0.2773 instance_nce=0.0000 cluster_nce=0.0000 
batch=0200 loss=1.2837 representation_loss=1.1434 clustering_loss=0.2807 instance_nce=0.0000 cluster_nce=0.0000 
batch=0250 loss=1.1731 representation_loss=1.0368 clustering_loss=0.2727 instance_nce=0.0000 cluster_nce=0.0000 
batch=0300 loss=1.0482 representation_loss=0.9217 clustering_loss=0.2530 instance_nce=0.0000 cluster_nce=0.0000 
batch=0350 loss=1.0429 representation_loss=0.9272 clustering_loss=0.2316 instance_nce=0.0000 cluster_nce=0.0000 
Train: loss=1.0704 mstm=0.9364 instance_nce=0.0000 cluster_nce=0.0000 dec=0.2678
save checkpoint:  /root/trajectory-clustering/con-dtc/runs/condtc_qd_temporal_feature_baseline_pre15/20260824_111148_seed19721013/checkpoints/condtc_best.pt
epoch=3 / num_epochs=6
batch=0050 loss=1.0664 representation_loss=0.9311 clustering_loss=0.2706 instance_nce=0.0000 cluster_nce=0.0000 
batch=0100 loss=1.1042 representation_loss=0.9672 clustering_loss=0.2740 instance_nce=0.0000 cluster_nce=0.0000 
batch=0150 loss=1.0834 representation_loss=0.9568 clustering_loss=0.2531 instance_nce=0.0000 cluster_nce=0.0000 
batch=0200 loss=0.9834 representation_loss=0.8684 clustering_loss=0.2300 instance_nce=0.0000 cluster_nce=0.0000 
batch=0250 loss=1.0648 representation_loss=0.9592 clustering_loss=0.2111 instance_nce=0.0000 cluster_nce=0.0000 
batch=0300 loss=0.9954 representation_loss=0.8814 clustering_loss=0.2280 instance_nce=0.0000 cluster_nce=0.0000 
batch=0350 loss=1.0538 representation_loss=0.9473 clustering_loss=0.2129 instance_nce=0.0000 cluster_nce=0.0000 
Train: loss=1.0453 mstm=0.9233 instance_nce=0.0000 cluster_nce=0.0000 dec=0.2441
save checkpoint:  /root/trajectory-clustering/con-dtc/runs/condtc_qd_temporal_feature_baseline_pre15/20260824_111148_seed19721013/checkpoints/condtc_best.pt
epoch=4 / num_epochs=6
batch=0050 loss=0.9262 representation_loss=0.8082 clustering_loss=0.2360 instance_nce=0.0000 cluster_nce=0.0000 
batch=0100 loss=0.9627 representation_loss=0.8438 clustering_loss=0.2378 instance_nce=0.0000 cluster_nce=0.0000 
batch=0150 loss=1.0519 representation_loss=0.9464 clustering_loss=0.2108 instance_nce=0.0000 cluster_nce=0.0000 
batch=0200 loss=1.1305 representation_loss=1.0169 clustering_loss=0.2272 instance_nce=0.0000 cluster_nce=0.0000 
batch=0250 loss=1.1260 representation_loss=1.0225 clustering_loss=0.2069 instance_nce=0.0000 cluster_nce=0.0000 
batch=0300 loss=0.9090 representation_loss=0.8084 clustering_loss=0.2012 instance_nce=0.0000 cluster_nce=0.0000 
batch=0350 loss=1.0516 representation_loss=0.9492 clustering_loss=0.2048 instance_nce=0.0000 cluster_nce=0.0000 
Train: loss=1.0399 mstm=0.9224 instance_nce=0.0000 cluster_nce=0.0000 dec=0.2350
save checkpoint:  /root/trajectory-clustering/con-dtc/runs/condtc_qd_temporal_feature_baseline_pre15/20260824_111148_seed19721013/checkpoints/condtc_best.pt
epoch=5 / num_epochs=6
batch=0050 loss=1.0955 representation_loss=0.9837 clustering_loss=0.2236 instance_nce=0.0000 cluster_nce=0.0000 
batch=0100 loss=1.0989 representation_loss=0.9869 clustering_loss=0.2240 instance_nce=0.0000 cluster_nce=0.0000 
batch=0150 loss=0.9947 representation_loss=0.8837 clustering_loss=0.2218 instance_nce=0.0000 cluster_nce=0.0000 
batch=0200 loss=1.0904 representation_loss=0.9759 clustering_loss=0.2291 instance_nce=0.0000 cluster_nce=0.0000 
batch=0250 loss=1.0419 representation_loss=0.9364 clustering_loss=0.2109 instance_nce=0.0000 cluster_nce=0.0000 
batch=0300 loss=0.9638 representation_loss=0.8630 clustering_loss=0.2018 instance_nce=0.0000 cluster_nce=0.0000 
batch=0350 loss=0.9634 representation_loss=0.8466 clustering_loss=0.2336 instance_nce=0.0000 cluster_nce=0.0000 
Train: loss=1.0312 mstm=0.9183 instance_nce=0.0000 cluster_nce=0.0000 dec=0.2258
save checkpoint:  /root/trajectory-clustering/con-dtc/runs/condtc_qd_temporal_feature_baseline_pre15/20260824_111148_seed19721013/checkpoints/condtc_best.pt
epoch=6 / num_epochs=6
batch=0050 loss=0.9672 representation_loss=0.8604 clustering_loss=0.2134 instance_nce=0.0000 cluster_nce=0.0000 
batch=0100 loss=1.0308 representation_loss=0.9158 clustering_loss=0.2300 instance_nce=0.0000 cluster_nce=0.0000 
batch=0150 loss=0.9972 representation_loss=0.8877 clustering_loss=0.2191 instance_nce=0.0000 cluster_nce=0.0000 
batch=0200 loss=0.9901 representation_loss=0.8829 clustering_loss=0.2144 instance_nce=0.0000 cluster_nce=0.0000 
batch=0250 loss=0.9379 representation_loss=0.8253 clustering_loss=0.2253 instance_nce=0.0000 cluster_nce=0.0000 
batch=0300 loss=1.0898 representation_loss=0.9774 clustering_loss=0.2250 instance_nce=0.0000 cluster_nce=0.0000 
batch=0350 loss=1.0591 representation_loss=0.9489 clustering_loss=0.2203 instance_nce=0.0000 cluster_nce=0.0000 
Train: loss=1.0185 mstm=0.9067 instance_nce=0.0000 cluster_nce=0.0000 dec=0.2236
save checkpoint:  /root/trajectory-clustering/con-dtc/runs/condtc_qd_temporal_feature_baseline_pre15/20260824_111148_seed19721013/checkpoints/condtc_best.pt
best train_loss:  1.0184961960916477
evaluating: /root/trajectory-clustering/con-dtc/runs/condtc_qd_temporal_feature_baseline_pre15/20260824_111148_seed19721013/checkpoints/condtc_best.pt
device: cuda
dataset: qdTimeNoise0424
cluster counts: tensor([1003,  968, 1953,  704,  379, 1000,    4,  978, 1519,  933, 1219,  944])
metrics: {'uacc': 0.7765425715270596, 'nmi': 0.8807148192143653, 'ri': 0.9571689090261606, 'ari': 0.7470800696283626}
metrics saved: /root/trajectory-clustering/con-dtc/runs/condtc_qd_temporal_feature_baseline_pre15/20260824_111148_seed19721013/metrics.json
