experiment initialized
run directory: /root/trajectory-clustering/con-dtc/runs/condtc_qd_ema_staged_s5_m08/20260816_205430_seed42
config snapshot: /root/trajectory-clustering/con-dtc/runs/condtc_qd_ema_staged_s5_m08/20260816_205430_seed42/config.yaml
device: cuda
pretrain checkpoint: /root/trajectory-clustering/con-dtc/checkpoints/sttraj2vec_pretrain_paper_15ep.pt
epoch=1 / num_epochs=6
batch=0050 loss=1.2522 representation_loss=1.0175 clustering_loss=0.4694 instance_nce=3.5261 cluster_nce=2.3788 
batch=0100 loss=1.1484 representation_loss=0.9354 clustering_loss=0.4259 instance_nce=3.5002 cluster_nce=2.3484 
batch=0150 loss=1.2910 representation_loss=1.1073 clustering_loss=0.3676 instance_nce=3.5001 cluster_nce=2.3400 
batch=0200 loss=1.1210 representation_loss=0.9007 clustering_loss=0.4407 instance_nce=3.4968 cluster_nce=2.3422 
batch=0250 loss=1.1561 representation_loss=1.0058 clustering_loss=0.3007 instance_nce=3.4909 cluster_nce=2.3328 
batch=0300 loss=1.2513 representation_loss=1.0743 clustering_loss=0.3540 instance_nce=3.4894 cluster_nce=2.3394 
batch=0350 loss=1.1866 representation_loss=1.0231 clustering_loss=0.3270 instance_nce=3.4739 cluster_nce=2.3411 
Train: loss=1.1424 mstm=0.9538 instance_nce=3.5081 cluster_nce=2.3467 dec=0.3772
save checkpoint:  /root/trajectory-clustering/con-dtc/runs/condtc_qd_ema_staged_s5_m08/20260816_205430_seed42/checkpoints/condtc_best.pt
epoch=2 / num_epochs=6
batch=0050 loss=1.0601 representation_loss=0.9270 clustering_loss=0.2662 instance_nce=3.4772 cluster_nce=2.3288 
batch=0100 loss=1.0675 representation_loss=0.9415 clustering_loss=0.2520 instance_nce=3.4701 cluster_nce=2.3227 
batch=0150 loss=1.2057 representation_loss=1.0739 clustering_loss=0.2635 instance_nce=3.4802 cluster_nce=2.3232 
batch=0200 loss=1.0010 representation_loss=0.8775 clustering_loss=0.2469 instance_nce=3.4659 cluster_nce=2.3335 
batch=0250 loss=1.0316 representation_loss=0.9058 clustering_loss=0.2518 instance_nce=3.5169 cluster_nce=2.3357 
batch=0300 loss=1.0958 representation_loss=0.9792 clustering_loss=0.2333 instance_nce=3.4917 cluster_nce=2.3403 
batch=0350 loss=1.1383 representation_loss=1.0237 clustering_loss=0.2292 instance_nce=3.5074 cluster_nce=2.3250 
Train: loss=1.0664 mstm=0.9354 instance_nce=3.4910 cluster_nce=2.3312 dec=0.2620
save checkpoint:  /root/trajectory-clustering/con-dtc/runs/condtc_qd_ema_staged_s5_m08/20260816_205430_seed42/checkpoints/condtc_best.pt
epoch=3 / num_epochs=6
batch=0050 loss=1.1562 representation_loss=1.0309 clustering_loss=0.2506 instance_nce=3.4367 cluster_nce=2.3060 
batch=0100 loss=0.9990 representation_loss=0.8839 clustering_loss=0.2302 instance_nce=3.4411 cluster_nce=2.3329 
batch=0150 loss=0.9139 representation_loss=0.7882 clustering_loss=0.2514 instance_nce=3.4586 cluster_nce=2.3227 
batch=0200 loss=1.1053 representation_loss=0.9775 clustering_loss=0.2557 instance_nce=3.4471 cluster_nce=2.3365 
batch=0250 loss=1.0437 representation_loss=0.9140 clustering_loss=0.2594 instance_nce=3.4743 cluster_nce=2.3129 
batch=0300 loss=1.0744 representation_loss=0.9521 clustering_loss=0.2446 instance_nce=3.4428 cluster_nce=2.3215 
batch=0350 loss=1.0972 representation_loss=0.9727 clustering_loss=0.2490 instance_nce=3.4988 cluster_nce=2.3181 
Train: loss=1.0553 mstm=0.9293 instance_nce=3.4758 cluster_nce=2.3250 dec=0.2519
save checkpoint:  /root/trajectory-clustering/con-dtc/runs/condtc_qd_ema_staged_s5_m08/20260816_205430_seed42/checkpoints/condtc_best.pt
epoch=4 / num_epochs=6
batch=0050 loss=1.0420 representation_loss=0.9072 clustering_loss=0.2695 instance_nce=3.4513 cluster_nce=2.3183 
batch=0100 loss=1.1340 representation_loss=1.0210 clustering_loss=0.2259 instance_nce=3.4258 cluster_nce=2.3230 
batch=0150 loss=0.9664 representation_loss=0.8372 clustering_loss=0.2584 instance_nce=3.4553 cluster_nce=2.3088 
batch=0200 loss=0.9894 representation_loss=0.8827 clustering_loss=0.2135 instance_nce=3.4504 cluster_nce=2.3320 
batch=0250 loss=1.1221 representation_loss=1.0092 clustering_loss=0.2258 instance_nce=3.4504 cluster_nce=2.3257 
batch=0300 loss=1.0562 representation_loss=0.9424 clustering_loss=0.2275 instance_nce=3.4509 cluster_nce=2.3123 
batch=0350 loss=0.9602 representation_loss=0.8542 clustering_loss=0.2120 instance_nce=3.5254 cluster_nce=2.3184 
Train: loss=1.0405 mstm=0.9219 instance_nce=3.4646 cluster_nce=2.3206 dec=0.2373
save checkpoint:  /root/trajectory-clustering/con-dtc/runs/condtc_qd_ema_staged_s5_m08/20260816_205430_seed42/checkpoints/condtc_best.pt
epoch=5 / num_epochs=6
batch=0050 loss=1.1353 representation_loss=1.0197 clustering_loss=0.2312 instance_nce=3.4481 cluster_nce=2.3099 
batch=0100 loss=0.9709 representation_loss=0.8726 clustering_loss=0.1966 instance_nce=3.5048 cluster_nce=2.3305 
batch=0150 loss=1.0302 representation_loss=0.9185 clustering_loss=0.2235 instance_nce=3.4682 cluster_nce=2.3169 
batch=0200 loss=0.9495 representation_loss=0.8574 clustering_loss=0.1841 instance_nce=3.4417 cluster_nce=2.3268 
batch=0250 loss=0.8854 representation_loss=0.7866 clustering_loss=0.1977 instance_nce=3.4541 cluster_nce=2.3139 
batch=0300 loss=1.1118 representation_loss=1.0028 clustering_loss=0.2182 instance_nce=3.4635 cluster_nce=2.3173 
batch=0350 loss=1.0660 representation_loss=0.9588 clustering_loss=0.2144 instance_nce=3.4571 cluster_nce=2.3323 
Train: loss=1.0234 mstm=0.9170 instance_nce=3.4545 cluster_nce=2.3185 dec=0.2128
save checkpoint:  /root/trajectory-clustering/con-dtc/runs/condtc_qd_ema_staged_s5_m08/20260816_205430_seed42/checkpoints/condtc_best.pt
epoch=6 / num_epochs=6
batch=0050 loss=1.0462 representation_loss=0.9498 clustering_loss=0.1929 instance_nce=3.4838 cluster_nce=2.3176 
batch=0100 loss=0.9029 representation_loss=0.8065 clustering_loss=0.1927 instance_nce=3.4260 cluster_nce=2.3270 
batch=0150 loss=0.9043 representation_loss=0.8052 clustering_loss=0.1982 instance_nce=3.4097 cluster_nce=2.3086 
batch=0200 loss=1.0336 representation_loss=0.9378 clustering_loss=0.1915 instance_nce=3.4637 cluster_nce=2.3324 
batch=0250 loss=0.9678 representation_loss=0.8729 clustering_loss=0.1899 instance_nce=3.4442 cluster_nce=2.3109 
batch=0300 loss=1.0048 representation_loss=0.9075 clustering_loss=0.1947 instance_nce=3.4340 cluster_nce=2.3105 
batch=0350 loss=1.1906 representation_loss=1.0850 clustering_loss=0.2111 instance_nce=3.4303 cluster_nce=2.3108 
Train: loss=0.9986 mstm=0.8992 instance_nce=3.4449 cluster_nce=2.3159 dec=0.1988
save checkpoint:  /root/trajectory-clustering/con-dtc/runs/condtc_qd_ema_staged_s5_m08/20260816_205430_seed42/checkpoints/condtc_best.pt
best train_loss:  0.998579959834867
evaluating: /root/trajectory-clustering/con-dtc/runs/condtc_qd_ema_staged_s5_m08/20260816_205430_seed42/checkpoints/condtc_best.pt
device: cuda
cluster counts: tensor([ 225,    0,  344,  933,  968,  944, 1000,  980, 1003, 1554, 1957, 1696])
metrics: {'uacc': 0.7790417097552568, 'nmi': 0.8936881680400651, 'ri': 0.9573761709750503, 'ari': 0.7575823980693788}
metrics saved: /root/trajectory-clustering/con-dtc/runs/condtc_qd_ema_staged_s5_m08/20260816_205430_seed42/metrics.json
