experiment initialized
run directory: /root/trajectory-clustering/con-dtc/runs/condtc_qd_late_s3_m06/20260813_093516_seed19721013
config snapshot: /root/trajectory-clustering/con-dtc/runs/condtc_qd_late_s3_m06/20260813_093516_seed19721013/config.yaml
device: cuda
pretrain checkpoint: /root/trajectory-clustering/con-dtc/checkpoints/sttraj2vec_pretrain_paper_15ep.pt
epoch=1 / num_epochs=6
batch=0050 loss=1.1629 representation_loss=0.9304 clustering_loss=0.4650 instance_nce=3.5702 cluster_nce=2.3243 
batch=0100 loss=1.1673 representation_loss=0.9701 clustering_loss=0.3943 instance_nce=3.5546 cluster_nce=2.3284 
batch=0150 loss=1.1958 representation_loss=1.0006 clustering_loss=0.3905 instance_nce=3.5938 cluster_nce=2.3155 
batch=0200 loss=1.1558 representation_loss=0.9846 clustering_loss=0.3425 instance_nce=3.5420 cluster_nce=2.2985 
batch=0250 loss=1.2080 representation_loss=1.0177 clustering_loss=0.3806 instance_nce=3.5584 cluster_nce=2.3128 
batch=0300 loss=1.1944 representation_loss=1.0261 clustering_loss=0.3367 instance_nce=3.5415 cluster_nce=2.3001 
batch=0350 loss=1.0127 representation_loss=0.8208 clustering_loss=0.3838 instance_nce=3.5150 cluster_nce=2.2909 
Train: loss=1.1389 mstm=0.9508 instance_nce=3.5503 cluster_nce=2.3165 dec=0.3762
save checkpoint:  /root/trajectory-clustering/con-dtc/runs/condtc_qd_late_s3_m06/20260813_093516_seed19721013/checkpoints/condtc_best.pt
epoch=2 / num_epochs=6
batch=0050 loss=1.0379 representation_loss=0.8879 clustering_loss=0.2999 instance_nce=3.5480 cluster_nce=2.3165 
batch=0100 loss=1.0682 representation_loss=0.9316 clustering_loss=0.2731 instance_nce=3.5515 cluster_nce=2.2992 
batch=0150 loss=1.1133 representation_loss=0.9795 clustering_loss=0.2677 instance_nce=3.5335 cluster_nce=2.2971 
batch=0200 loss=1.1861 representation_loss=1.0490 clustering_loss=0.2743 instance_nce=3.5356 cluster_nce=2.3178 
batch=0250 loss=1.0656 representation_loss=0.9316 clustering_loss=0.2680 instance_nce=3.5151 cluster_nce=2.2852 
batch=0300 loss=1.1050 representation_loss=0.9811 clustering_loss=0.2478 instance_nce=3.5328 cluster_nce=2.3112 
batch=0350 loss=1.0381 representation_loss=0.9247 clustering_loss=0.2268 instance_nce=3.5192 cluster_nce=2.2892 
Train: loss=1.0671 mstm=0.9336 instance_nce=3.5281 cluster_nce=2.3015 dec=0.2670
save checkpoint:  /root/trajectory-clustering/con-dtc/runs/condtc_qd_late_s3_m06/20260813_093516_seed19721013/checkpoints/condtc_best.pt
epoch=3 / num_epochs=6
batch=0050 loss=1.0626 representation_loss=0.9374 clustering_loss=0.2504 instance_nce=3.5141 cluster_nce=2.3039 
batch=0100 loss=1.0680 representation_loss=0.9411 clustering_loss=0.2538 instance_nce=3.5404 cluster_nce=2.3183 
batch=0150 loss=1.1108 representation_loss=0.9968 clustering_loss=0.2280 instance_nce=3.5186 cluster_nce=2.3109 
batch=0200 loss=1.0128 representation_loss=0.9061 clustering_loss=0.2133 instance_nce=3.4934 cluster_nce=2.2908 
batch=0250 loss=1.0053 representation_loss=0.9057 clustering_loss=0.1991 instance_nce=3.4817 cluster_nce=2.2850 
batch=0300 loss=0.9469 representation_loss=0.8351 clustering_loss=0.2236 instance_nce=3.5280 cluster_nce=2.2955 
batch=0350 loss=1.0421 representation_loss=0.9388 clustering_loss=0.2066 instance_nce=3.4883 cluster_nce=2.2937 
Train: loss=1.0461 mstm=0.9316 instance_nce=3.5172 cluster_nce=2.2971 dec=0.2290
save checkpoint:  /root/trajectory-clustering/con-dtc/runs/condtc_qd_late_s3_m06/20260813_093516_seed19721013/checkpoints/condtc_best.pt
epoch=4 / num_epochs=6
batch=0050 loss=0.9803 representation_loss=0.8752 clustering_loss=0.2104 instance_nce=3.4887 cluster_nce=2.3045 
batch=0100 loss=0.8721 representation_loss=0.7589 clustering_loss=0.2264 instance_nce=3.5084 cluster_nce=2.2875 
batch=0150 loss=1.0158 representation_loss=0.9245 clustering_loss=0.1827 instance_nce=3.5020 cluster_nce=2.2877 
batch=0200 loss=1.0285 representation_loss=0.9272 clustering_loss=0.2026 instance_nce=3.4951 cluster_nce=2.2911 
batch=0250 loss=0.9943 representation_loss=0.9003 clustering_loss=0.1880 instance_nce=3.5333 cluster_nce=2.2956 
batch=0300 loss=1.0345 representation_loss=0.9456 clustering_loss=0.1778 instance_nce=3.4816 cluster_nce=2.2918 
batch=0350 loss=0.9927 representation_loss=0.8966 clustering_loss=0.1923 instance_nce=3.4762 cluster_nce=2.2753 
Train: loss=1.0183 mstm=0.9129 instance_nce=3.5069 cluster_nce=2.2952 dec=0.2108
save checkpoint:  /root/trajectory-clustering/con-dtc/runs/condtc_qd_late_s3_m06/20260813_093516_seed19721013/checkpoints/condtc_best.pt
epoch=5 / num_epochs=6
batch=0050 loss=0.9514 representation_loss=0.8497 clustering_loss=0.2032 instance_nce=3.4691 cluster_nce=2.2900 
batch=0100 loss=0.9231 representation_loss=0.8251 clustering_loss=0.1961 instance_nce=3.4947 cluster_nce=2.2890 
batch=0150 loss=1.0223 representation_loss=0.9278 clustering_loss=0.1890 instance_nce=3.4924 cluster_nce=2.2964 
batch=0200 loss=0.9978 representation_loss=0.8963 clustering_loss=0.2030 instance_nce=3.5057 cluster_nce=2.2961 
batch=0250 loss=0.9820 representation_loss=0.8864 clustering_loss=0.1912 instance_nce=3.4963 cluster_nce=2.2784 
batch=0300 loss=0.9488 representation_loss=0.8588 clustering_loss=0.1800 instance_nce=3.4797 cluster_nce=2.2851 
batch=0350 loss=0.9278 representation_loss=0.8156 clustering_loss=0.2244 instance_nce=3.4984 cluster_nce=2.2991 
Train: loss=1.0151 mstm=0.9146 instance_nce=3.4970 cluster_nce=2.2922 dec=0.2011
save checkpoint:  /root/trajectory-clustering/con-dtc/runs/condtc_qd_late_s3_m06/20260813_093516_seed19721013/checkpoints/condtc_best.pt
epoch=6 / num_epochs=6
batch=0050 loss=0.9772 representation_loss=0.8834 clustering_loss=0.1875 instance_nce=3.4978 cluster_nce=2.2739 
batch=0100 loss=1.0612 representation_loss=0.9579 clustering_loss=0.2066 instance_nce=3.4644 cluster_nce=2.2830 
batch=0150 loss=0.9424 representation_loss=0.8482 clustering_loss=0.1884 instance_nce=3.4814 cluster_nce=2.2805 
batch=0200 loss=1.0224 representation_loss=0.9260 clustering_loss=0.1928 instance_nce=3.4800 cluster_nce=2.2790 
batch=0250 loss=0.9798 representation_loss=0.8779 clustering_loss=0.2038 instance_nce=3.5306 cluster_nce=2.2867 
batch=0300 loss=1.1188 representation_loss=1.0198 clustering_loss=0.1981 instance_nce=3.4652 cluster_nce=2.2845 
batch=0350 loss=1.0633 representation_loss=0.9713 clustering_loss=0.1839 instance_nce=3.4978 cluster_nce=2.3217 
Train: loss=1.0058 mstm=0.9084 instance_nce=3.4877 cluster_nce=2.2898 dec=0.1947
save checkpoint:  /root/trajectory-clustering/con-dtc/runs/condtc_qd_late_s3_m06/20260813_093516_seed19721013/checkpoints/condtc_best.pt
best train_loss:  1.005769244435326
evaluating: /root/trajectory-clustering/con-dtc/runs/condtc_qd_late_s3_m06/20260813_093516_seed19721013/checkpoints/condtc_best.pt
device: cuda
cluster counts: tensor([1003,  968, 1957, 1110,  392, 1000,    0,  970, 1506,  933,  821,  944])
metrics: {'uacc': 0.8012754222681834, 'nmi': 0.8884694617509796, 'ri': 0.9592727670930353, 'ari': 0.7585796816537203}
metrics saved: /root/trajectory-clustering/con-dtc/runs/condtc_qd_late_s3_m06/20260813_093516_seed19721013/metrics.json
