experiment initialized
run directory: /root/trajectory-clustering/con-dtc/runs/condtc_qd_late_s4_m09_w/20260814_085606_seed19721013
config snapshot: /root/trajectory-clustering/con-dtc/runs/condtc_qd_late_s4_m09_w/20260814_085606_seed19721013/config.yaml
device: cuda
pretrain checkpoint: /root/trajectory-clustering/con-dtc/checkpoints/sttraj2vec_pretrain_paper_15ep.pt
epoch=1 / num_epochs=6
batch=0050 loss=1.1629 representation_loss=0.9304 clustering_loss=0.4650 instance_nce=3.5702 cluster_nce=2.3243 
batch=0100 loss=1.1673 representation_loss=0.9701 clustering_loss=0.3943 instance_nce=3.5546 cluster_nce=2.3284 
batch=0150 loss=1.1958 representation_loss=1.0006 clustering_loss=0.3905 instance_nce=3.5938 cluster_nce=2.3155 
batch=0200 loss=1.1558 representation_loss=0.9846 clustering_loss=0.3425 instance_nce=3.5420 cluster_nce=2.2985 
batch=0250 loss=1.2080 representation_loss=1.0177 clustering_loss=0.3806 instance_nce=3.5584 cluster_nce=2.3128 
batch=0300 loss=1.1944 representation_loss=1.0261 clustering_loss=0.3367 instance_nce=3.5415 cluster_nce=2.3002 
batch=0350 loss=1.0127 representation_loss=0.8208 clustering_loss=0.3838 instance_nce=3.5150 cluster_nce=2.2909 
Train: loss=1.1389 mstm=0.9508 instance_nce=3.5503 cluster_nce=2.3165 dec=0.3762
save checkpoint:  /root/trajectory-clustering/con-dtc/runs/condtc_qd_late_s4_m09_w/20260814_085606_seed19721013/checkpoints/condtc_best.pt
epoch=2 / num_epochs=6
batch=0050 loss=1.0379 representation_loss=0.8879 clustering_loss=0.2999 instance_nce=3.5480 cluster_nce=2.3165 
batch=0100 loss=1.0682 representation_loss=0.9316 clustering_loss=0.2731 instance_nce=3.5515 cluster_nce=2.2992 
batch=0150 loss=1.1133 representation_loss=0.9795 clustering_loss=0.2677 instance_nce=3.5335 cluster_nce=2.2971 
batch=0200 loss=1.1861 representation_loss=1.0490 clustering_loss=0.2743 instance_nce=3.5356 cluster_nce=2.3178 
batch=0250 loss=1.0656 representation_loss=0.9316 clustering_loss=0.2680 instance_nce=3.5151 cluster_nce=2.2852 
batch=0300 loss=1.1050 representation_loss=0.9811 clustering_loss=0.2478 instance_nce=3.5328 cluster_nce=2.3112 
batch=0350 loss=1.0381 representation_loss=0.9247 clustering_loss=0.2268 instance_nce=3.5192 cluster_nce=2.2892 
Train: loss=1.0671 mstm=0.9336 instance_nce=3.5281 cluster_nce=2.3015 dec=0.2670
save checkpoint:  /root/trajectory-clustering/con-dtc/runs/condtc_qd_late_s4_m09_w/20260814_085606_seed19721013/checkpoints/condtc_best.pt
epoch=3 / num_epochs=6
batch=0050 loss=1.0730 representation_loss=0.9375 clustering_loss=0.2709 instance_nce=3.5130 cluster_nce=2.3039 
batch=0100 loss=1.0797 representation_loss=0.9414 clustering_loss=0.2767 instance_nce=3.5391 cluster_nce=2.3185 
batch=0150 loss=1.1257 representation_loss=0.9966 clustering_loss=0.2583 instance_nce=3.5170 cluster_nce=2.3109 
batch=0200 loss=1.0232 representation_loss=0.9062 clustering_loss=0.2339 instance_nce=3.4916 cluster_nce=2.2904 
batch=0250 loss=1.0146 representation_loss=0.9061 clustering_loss=0.2170 instance_nce=3.4797 cluster_nce=2.2852 
batch=0300 loss=0.9540 representation_loss=0.8347 clustering_loss=0.2386 instance_nce=3.5272 cluster_nce=2.2955 
batch=0350 loss=1.0464 representation_loss=0.9387 clustering_loss=0.2154 instance_nce=3.4875 cluster_nce=2.2933 
Train: loss=1.0568 mstm=0.9318 instance_nce=3.5163 cluster_nce=2.2972 dec=0.2501
save checkpoint:  /root/trajectory-clustering/con-dtc/runs/condtc_qd_late_s4_m09_w/20260814_085606_seed19721013/checkpoints/condtc_best.pt
epoch=4 / num_epochs=6
batch=0050 loss=0.9902 representation_loss=0.8759 clustering_loss=0.2285 instance_nce=3.4903 cluster_nce=2.3040 
batch=0100 loss=0.8752 representation_loss=0.7596 clustering_loss=0.2313 instance_nce=3.5098 cluster_nce=2.2880 
batch=0150 loss=1.0254 representation_loss=0.9253 clustering_loss=0.2001 instance_nce=3.5037 cluster_nce=2.2868 
batch=0200 loss=1.0345 representation_loss=0.9272 clustering_loss=0.2145 instance_nce=3.4978 cluster_nce=2.2913 
batch=0250 loss=1.0036 representation_loss=0.9009 clustering_loss=0.2054 instance_nce=3.5360 cluster_nce=2.2945 
batch=0300 loss=1.0443 representation_loss=0.9472 clustering_loss=0.1943 instance_nce=3.4839 cluster_nce=2.2921 
batch=0350 loss=1.0016 representation_loss=0.8956 clustering_loss=0.2120 instance_nce=3.4783 cluster_nce=2.2753 
Train: loss=1.0280 mstm=0.9133 instance_nce=3.5083 cluster_nce=2.2949 dec=0.2293
save checkpoint:  /root/trajectory-clustering/con-dtc/runs/condtc_qd_late_s4_m09_w/20260814_085606_seed19721013/checkpoints/condtc_best.pt
epoch=5 / num_epochs=6
batch=0050 loss=0.9574 representation_loss=0.8498 clustering_loss=0.2152 instance_nce=3.4717 cluster_nce=2.2898 
batch=0100 loss=0.9305 representation_loss=0.8272 clustering_loss=0.2066 instance_nce=3.4964 cluster_nce=2.2885 
batch=0150 loss=1.0272 representation_loss=0.9293 clustering_loss=0.1958 instance_nce=3.4962 cluster_nce=2.2968 
batch=0200 loss=1.0035 representation_loss=0.8969 clustering_loss=0.2131 instance_nce=3.5063 cluster_nce=2.2945 
batch=0250 loss=0.9928 representation_loss=0.8878 clustering_loss=0.2099 instance_nce=3.4991 cluster_nce=2.2781 
batch=0300 loss=0.9475 representation_loss=0.8566 clustering_loss=0.1818 instance_nce=3.4807 cluster_nce=2.2854 
batch=0350 loss=0.9378 representation_loss=0.8166 clustering_loss=0.2424 instance_nce=3.4973 cluster_nce=2.2986 
Train: loss=1.0202 mstm=0.9152 instance_nce=3.4987 cluster_nce=2.2919 dec=0.2099
save checkpoint:  /root/trajectory-clustering/con-dtc/runs/condtc_qd_late_s4_m09_w/20260814_085606_seed19721013/checkpoints/condtc_best.pt
epoch=6 / num_epochs=6
batch=0050 loss=0.9782 representation_loss=0.8836 clustering_loss=0.1891 instance_nce=3.4967 cluster_nce=2.2738 
batch=0100 loss=1.0615 representation_loss=0.9576 clustering_loss=0.2079 instance_nce=3.4661 cluster_nce=2.2842 
batch=0150 loss=0.9471 representation_loss=0.8495 clustering_loss=0.1952 instance_nce=3.4819 cluster_nce=2.2807 
batch=0200 loss=1.0220 representation_loss=0.9258 clustering_loss=0.1924 instance_nce=3.4814 cluster_nce=2.2791 
batch=0250 loss=0.9814 representation_loss=0.8781 clustering_loss=0.2067 instance_nce=3.5318 cluster_nce=2.2878 
batch=0300 loss=1.1148 representation_loss=1.0213 clustering_loss=0.1870 instance_nce=3.4697 cluster_nce=2.2839 
batch=0350 loss=1.0639 representation_loss=0.9726 clustering_loss=0.1825 instance_nce=3.5006 cluster_nce=2.3225 
Train: loss=1.0066 mstm=0.9090 instance_nce=3.4897 cluster_nce=2.2899 dec=0.1951
save checkpoint:  /root/trajectory-clustering/con-dtc/runs/condtc_qd_late_s4_m09_w/20260814_085606_seed19721013/checkpoints/condtc_best.pt
best train_loss:  1.0065902056097369
evaluating: /root/trajectory-clustering/con-dtc/runs/condtc_qd_late_s4_m09_w/20260814_085606_seed19721013/checkpoints/condtc_best.pt
device: cuda
cluster counts: tensor([1003,  968, 1957,  975,  293, 1000,    0,  972, 1605,  933,  954,  944])
metrics: {'uacc': 0.7911065149948294, 'nmi': 0.888282937677811, 'ri': 0.9581484011002516, 'ari': 0.7537097868877308}
metrics saved: /root/trajectory-clustering/con-dtc/runs/condtc_qd_late_s4_m09_w/20260814_085606_seed19721013/metrics.json
