experiment initialized
run directory: /root/trajectory-clustering/con-dtc/runs/condtc_qd_ema_pre30_m08/20260816_195123_seed2026
config snapshot: /root/trajectory-clustering/con-dtc/runs/condtc_qd_ema_pre30_m08/20260816_195123_seed2026/config.yaml
device: cuda
pretrain checkpoint: /root/trajectory-clustering/con-dtc/checkpoints/sttraj2vec_pretrain_paper_30ep.pt
epoch=1 / num_epochs=6
batch=0050 loss=0.8291 representation_loss=0.7061 clustering_loss=0.2460 instance_nce=3.4758 cluster_nce=2.4051 
batch=0100 loss=0.8474 representation_loss=0.7249 clustering_loss=0.2450 instance_nce=3.4556 cluster_nce=2.4209 
batch=0150 loss=0.8129 representation_loss=0.7014 clustering_loss=0.2230 instance_nce=3.4506 cluster_nce=2.3953 
batch=0200 loss=0.8628 representation_loss=0.7514 clustering_loss=0.2228 instance_nce=3.4864 cluster_nce=2.3854 
batch=0250 loss=0.8352 representation_loss=0.7338 clustering_loss=0.2028 instance_nce=3.4742 cluster_nce=2.3677 
batch=0300 loss=0.7363 representation_loss=0.6434 clustering_loss=0.1858 instance_nce=3.4651 cluster_nce=2.3786 
batch=0350 loss=0.7425 representation_loss=0.6497 clustering_loss=0.1855 instance_nce=3.4625 cluster_nce=2.3793 
Train: loss=0.8125 mstm=0.6969 instance_nce=3.4674 cluster_nce=2.3987 dec=0.2314
save checkpoint:  /root/trajectory-clustering/con-dtc/runs/condtc_qd_ema_pre30_m08/20260816_195123_seed2026/checkpoints/condtc_best.pt
epoch=2 / num_epochs=6
batch=0050 loss=0.7186 representation_loss=0.6260 clustering_loss=0.1852 instance_nce=3.4627 cluster_nce=2.3740 
batch=0100 loss=0.7287 representation_loss=0.6321 clustering_loss=0.1933 instance_nce=3.4348 cluster_nce=2.3770 
batch=0150 loss=0.6779 representation_loss=0.5922 clustering_loss=0.1713 instance_nce=3.4602 cluster_nce=2.3963 
batch=0200 loss=0.6592 representation_loss=0.5728 clustering_loss=0.1729 instance_nce=3.4409 cluster_nce=2.3850 
batch=0250 loss=0.8452 representation_loss=0.7625 clustering_loss=0.1654 instance_nce=3.4066 cluster_nce=2.3711 
batch=0300 loss=0.7737 representation_loss=0.6949 clustering_loss=0.1575 instance_nce=3.4769 cluster_nce=2.3833 
batch=0350 loss=0.8329 representation_loss=0.7587 clustering_loss=0.1483 instance_nce=3.4432 cluster_nce=2.3545 
Train: loss=0.7717 mstm=0.6862 instance_nce=3.4459 cluster_nce=2.3670 dec=0.1710
save checkpoint:  /root/trajectory-clustering/con-dtc/runs/condtc_qd_ema_pre30_m08/20260816_195123_seed2026/checkpoints/condtc_best.pt
epoch=3 / num_epochs=6
batch=0050 loss=0.7638 representation_loss=0.6714 clustering_loss=0.1847 instance_nce=3.4293 cluster_nce=2.3902 
batch=0100 loss=0.8274 representation_loss=0.7387 clustering_loss=0.1775 instance_nce=3.4149 cluster_nce=2.3469 
batch=0150 loss=0.7742 representation_loss=0.6853 clustering_loss=0.1777 instance_nce=3.4204 cluster_nce=2.3582 
batch=0200 loss=0.6609 representation_loss=0.5846 clustering_loss=0.1528 instance_nce=3.4489 cluster_nce=2.3454 
batch=0250 loss=0.8066 representation_loss=0.7213 clustering_loss=0.1707 instance_nce=3.4261 cluster_nce=2.3617 
batch=0300 loss=0.7784 representation_loss=0.7026 clustering_loss=0.1515 instance_nce=3.4557 cluster_nce=2.3659 
batch=0350 loss=0.8395 representation_loss=0.7657 clustering_loss=0.1477 instance_nce=3.4080 cluster_nce=2.3369 
Train: loss=0.7665 mstm=0.6824 instance_nce=3.4325 cluster_nce=2.3587 dec=0.1681
save checkpoint:  /root/trajectory-clustering/con-dtc/runs/condtc_qd_ema_pre30_m08/20260816_195123_seed2026/checkpoints/condtc_best.pt
epoch=4 / num_epochs=6
batch=0050 loss=0.7658 representation_loss=0.6754 clustering_loss=0.1807 instance_nce=3.4644 cluster_nce=2.3206 
batch=0100 loss=0.6431 representation_loss=0.5555 clustering_loss=0.1752 instance_nce=3.4265 cluster_nce=2.3537 
batch=0150 loss=0.7351 representation_loss=0.6472 clustering_loss=0.1759 instance_nce=3.4273 cluster_nce=2.3750 
batch=0200 loss=0.6773 representation_loss=0.5938 clustering_loss=0.1670 instance_nce=3.4165 cluster_nce=2.3431 
batch=0250 loss=0.7334 representation_loss=0.6569 clustering_loss=0.1529 instance_nce=3.3954 cluster_nce=2.3500 
batch=0300 loss=0.8174 representation_loss=0.7336 clustering_loss=0.1675 instance_nce=3.4403 cluster_nce=2.3967 
batch=0350 loss=0.7344 representation_loss=0.6469 clustering_loss=0.1751 instance_nce=3.4179 cluster_nce=2.3555 
Train: loss=0.7672 mstm=0.6802 instance_nce=3.4192 cluster_nce=2.3534 dec=0.1740
epoch=5 / num_epochs=6
batch=0050 loss=0.8562 representation_loss=0.7643 clustering_loss=0.1837 instance_nce=3.3932 cluster_nce=2.3285 
batch=0100 loss=0.8466 representation_loss=0.7465 clustering_loss=0.2003 instance_nce=3.4444 cluster_nce=2.3747 
batch=0150 loss=0.7276 representation_loss=0.6335 clustering_loss=0.1882 instance_nce=3.4080 cluster_nce=2.3793 
batch=0200 loss=0.7441 representation_loss=0.6559 clustering_loss=0.1763 instance_nce=3.3741 cluster_nce=2.3345 
batch=0250 loss=0.7377 representation_loss=0.6540 clustering_loss=0.1674 instance_nce=3.4089 cluster_nce=2.3409 
batch=0300 loss=0.7824 representation_loss=0.6966 clustering_loss=0.1715 instance_nce=3.4099 cluster_nce=2.3628 
batch=0350 loss=0.7877 representation_loss=0.6946 clustering_loss=0.1863 instance_nce=3.3954 cluster_nce=2.3355 
Train: loss=0.7739 mstm=0.6833 instance_nce=3.4060 cluster_nce=2.3498 dec=0.1812
epoch=6 / num_epochs=6
batch=0050 loss=0.8386 representation_loss=0.7501 clustering_loss=0.1770 instance_nce=3.3910 cluster_nce=2.3305 
batch=0100 loss=0.8897 representation_loss=0.7991 clustering_loss=0.1811 instance_nce=3.3640 cluster_nce=2.3289 
batch=0150 loss=0.8502 representation_loss=0.7600 clustering_loss=0.1805 instance_nce=3.3585 cluster_nce=2.3375 
batch=0200 loss=0.7356 representation_loss=0.6408 clustering_loss=0.1896 instance_nce=3.3669 cluster_nce=2.3593 
batch=0250 loss=0.8198 representation_loss=0.7256 clustering_loss=0.1884 instance_nce=3.3712 cluster_nce=2.3571 
batch=0300 loss=0.7459 representation_loss=0.6477 clustering_loss=0.1963 instance_nce=3.3836 cluster_nce=2.3354 
batch=0350 loss=0.7596 representation_loss=0.6660 clustering_loss=0.1872 instance_nce=3.3975 cluster_nce=2.3310 
Train: loss=0.7611 mstm=0.6678 instance_nce=3.3966 cluster_nce=2.3464 dec=0.1866
save checkpoint:  /root/trajectory-clustering/con-dtc/runs/condtc_qd_ema_pre30_m08/20260816_195123_seed2026/checkpoints/condtc_best.pt
best train_loss:  0.7611059011035605
evaluating: /root/trajectory-clustering/con-dtc/runs/condtc_qd_ema_pre30_m08/20260816_195123_seed2026/checkpoints/condtc_best.pt
device: cuda
cluster counts: tensor([1027,  944,  968,  824,  991, 1003,  943, 1000,  871, 1077,  966,  990])
metrics: {'uacc': 0.9730265425715271, 'nmi': 0.9651317965422603, 'ri': 0.991616727276638, 'ari': 0.9452166914075234}
metrics saved: /root/trajectory-clustering/con-dtc/runs/condtc_qd_ema_pre30_m08/20260816_195123_seed2026/metrics.json
