experiment initialized
run directory: /root/trajectory-clustering/con-dtc/runs/condtc_qd_pre30_s3_m07_unweighted/20260815_155559_seed42
config snapshot: /root/trajectory-clustering/con-dtc/runs/condtc_qd_pre30_s3_m07_unweighted/20260815_155559_seed42/config.yaml
device: cuda
pretrain checkpoint: /root/trajectory-clustering/con-dtc/checkpoints/sttraj2vec_pretrain_paper_crossview.pt
epoch=1 / num_epochs=6
batch=0050 loss=0.9362 representation_loss=0.7775 clustering_loss=0.3174 instance_nce=3.5236 cluster_nce=2.4132 
batch=0100 loss=0.7599 representation_loss=0.6319 clustering_loss=0.2560 instance_nce=3.4842 cluster_nce=2.3694 
batch=0150 loss=0.9001 representation_loss=0.7977 clustering_loss=0.2048 instance_nce=3.4595 cluster_nce=2.3733 
batch=0200 loss=0.7853 representation_loss=0.6811 clustering_loss=0.2085 instance_nce=3.4784 cluster_nce=2.3606 
batch=0250 loss=0.8594 representation_loss=0.7461 clustering_loss=0.2266 instance_nce=3.4725 cluster_nce=2.3550 
batch=0300 loss=1.0305 representation_loss=0.9351 clustering_loss=0.1909 instance_nce=3.4781 cluster_nce=2.3537 
batch=0350 loss=0.8474 representation_loss=0.7668 clustering_loss=0.1611 instance_nce=3.4584 cluster_nce=2.3610 
Train: loss=0.8145 mstm=0.6992 instance_nce=3.4943 cluster_nce=2.3727 dec=0.2306
save checkpoint:  /root/trajectory-clustering/con-dtc/runs/condtc_qd_pre30_s3_m07_unweighted/20260815_155559_seed42/checkpoints/condtc_best.pt
epoch=2 / num_epochs=6
batch=0050 loss=0.8151 representation_loss=0.6481 clustering_loss=0.3341 instance_nce=3.4734 cluster_nce=2.3379 
batch=0100 loss=0.8722 representation_loss=0.7085 clustering_loss=0.3274 instance_nce=3.4669 cluster_nce=2.3312 
batch=0150 loss=0.8721 representation_loss=0.7157 clustering_loss=0.3128 instance_nce=3.4545 cluster_nce=2.3527 
batch=0200 loss=0.7816 representation_loss=0.6403 clustering_loss=0.2827 instance_nce=3.4433 cluster_nce=2.3444 
batch=0250 loss=0.7847 representation_loss=0.6422 clustering_loss=0.2850 instance_nce=3.4935 cluster_nce=2.3602 
batch=0300 loss=0.7683 representation_loss=0.6310 clustering_loss=0.2746 instance_nce=3.4739 cluster_nce=2.3527 
batch=0350 loss=0.9259 representation_loss=0.7929 clustering_loss=0.2659 instance_nce=3.5052 cluster_nce=2.3321 
Train: loss=0.8373 mstm=0.6866 instance_nce=3.4740 cluster_nce=2.3449 dec=0.3014
epoch=3 / num_epochs=6
batch=0050 loss=0.9557 representation_loss=0.8269 clustering_loss=0.2576 instance_nce=3.4013 cluster_nce=2.3180 
batch=0100 loss=0.7768 representation_loss=0.6374 clustering_loss=0.2788 instance_nce=3.4129 cluster_nce=2.3435 
batch=0150 loss=0.7354 representation_loss=0.6011 clustering_loss=0.2686 instance_nce=3.4322 cluster_nce=2.3229 
batch=0200 loss=0.8437 representation_loss=0.7134 clustering_loss=0.2605 instance_nce=3.4179 cluster_nce=2.3444 
batch=0250 loss=0.8417 representation_loss=0.7179 clustering_loss=0.2476 instance_nce=3.4839 cluster_nce=2.3178 
batch=0300 loss=0.7218 representation_loss=0.5988 clustering_loss=0.2461 instance_nce=3.4197 cluster_nce=2.3253 
batch=0350 loss=0.8673 representation_loss=0.7519 clustering_loss=0.2308 instance_nce=3.4795 cluster_nce=2.3284 
Train: loss=0.8142 mstm=0.6831 instance_nce=3.4569 cluster_nce=2.3360 dec=0.2622
save checkpoint:  /root/trajectory-clustering/con-dtc/runs/condtc_qd_pre30_s3_m07_unweighted/20260815_155559_seed42/checkpoints/condtc_best.pt
epoch=4 / num_epochs=6
batch=0050 loss=0.8131 representation_loss=0.6778 clustering_loss=0.2706 instance_nce=3.4178 cluster_nce=2.3241 
batch=0100 loss=0.8978 representation_loss=0.7791 clustering_loss=0.2373 instance_nce=3.3756 cluster_nce=2.3319 
batch=0150 loss=0.7499 representation_loss=0.6288 clustering_loss=0.2421 instance_nce=3.4361 cluster_nce=2.3148 
batch=0200 loss=0.8536 representation_loss=0.7288 clustering_loss=0.2497 instance_nce=3.4131 cluster_nce=2.3518 
batch=0250 loss=0.8049 representation_loss=0.6804 clustering_loss=0.2490 instance_nce=3.4294 cluster_nce=2.3292 
batch=0300 loss=0.8472 representation_loss=0.7322 clustering_loss=0.2300 instance_nce=3.4588 cluster_nce=2.3118 
batch=0350 loss=0.7743 representation_loss=0.6675 clustering_loss=0.2135 instance_nce=3.5033 cluster_nce=2.3288 
Train: loss=0.8046 mstm=0.6812 instance_nce=3.4438 cluster_nce=2.3314 dec=0.2468
save checkpoint:  /root/trajectory-clustering/con-dtc/runs/condtc_qd_pre30_s3_m07_unweighted/20260815_155559_seed42/checkpoints/condtc_best.pt
epoch=5 / num_epochs=6
batch=0050 loss=0.8925 representation_loss=0.7657 clustering_loss=0.2537 instance_nce=3.4292 cluster_nce=2.3114 
batch=0100 loss=0.7538 representation_loss=0.6429 clustering_loss=0.2218 instance_nce=3.4893 cluster_nce=2.3469 
batch=0150 loss=0.8916 representation_loss=0.7626 clustering_loss=0.2580 instance_nce=3.4718 cluster_nce=2.3158 
batch=0200 loss=0.7870 representation_loss=0.6689 clustering_loss=0.2363 instance_nce=3.4124 cluster_nce=2.3399 
batch=0250 loss=0.6970 representation_loss=0.5818 clustering_loss=0.2305 instance_nce=3.4547 cluster_nce=2.3119 
batch=0300 loss=0.8362 representation_loss=0.7185 clustering_loss=0.2355 instance_nce=3.4332 cluster_nce=2.3293 
batch=0350 loss=0.8968 representation_loss=0.7836 clustering_loss=0.2264 instance_nce=3.4302 cluster_nce=2.3278 
Train: loss=0.7997 mstm=0.6807 instance_nce=3.4328 cluster_nce=2.3283 dec=0.2379
save checkpoint:  /root/trajectory-clustering/con-dtc/runs/condtc_qd_pre30_s3_m07_unweighted/20260815_155559_seed42/checkpoints/condtc_best.pt
epoch=6 / num_epochs=6
batch=0050 loss=0.8617 representation_loss=0.7404 clustering_loss=0.2425 instance_nce=3.4733 cluster_nce=2.3378 
batch=0100 loss=0.6950 representation_loss=0.5778 clustering_loss=0.2343 instance_nce=3.3985 cluster_nce=2.3310 
batch=0150 loss=0.7246 representation_loss=0.6067 clustering_loss=0.2357 instance_nce=3.4025 cluster_nce=2.3100 
batch=0200 loss=0.8530 representation_loss=0.7362 clustering_loss=0.2336 instance_nce=3.4348 cluster_nce=2.3529 
batch=0250 loss=0.7378 representation_loss=0.6214 clustering_loss=0.2327 instance_nce=3.4453 cluster_nce=2.3208 
batch=0300 loss=0.7210 representation_loss=0.6133 clustering_loss=0.2156 instance_nce=3.4358 cluster_nce=2.3289 
batch=0350 loss=0.9231 representation_loss=0.8112 clustering_loss=0.2236 instance_nce=3.4191 cluster_nce=2.3081 
Train: loss=0.7869 mstm=0.6713 instance_nce=3.4210 cluster_nce=2.3251 dec=0.2313
save checkpoint:  /root/trajectory-clustering/con-dtc/runs/condtc_qd_pre30_s3_m07_unweighted/20260815_155559_seed42/checkpoints/condtc_best.pt
best train_loss:  0.7869319518818111
evaluating: /root/trajectory-clustering/con-dtc/runs/condtc_qd_pre30_s3_m07_unweighted/20260815_155559_seed42/checkpoints/condtc_best.pt
device: cuda
cluster counts: tensor([ 991,  969, 1036,  966, 1003,  867,  943,  989,  944, 1034,  862, 1000])
metrics: {'uacc': 0.9758703895208549, 'nmi': 0.9677544150313736, 'ri': 0.9924656501161027, 'ari': 0.9507341108439228}
metrics saved: /root/trajectory-clustering/con-dtc/runs/condtc_qd_pre30_s3_m07_unweighted/20260815_155559_seed42/metrics.json
