experiment initialized
run directory: /root/trajectory-clustering/con-dtc/runs/condtc_porto_finegrained_s3_m07_reverse_stability_w150/20260823_145657_seed2026
config snapshot: /root/trajectory-clustering/con-dtc/runs/condtc_porto_finegrained_s3_m07_reverse_stability_w150/20260823_145657_seed2026/config.yaml
device: cuda
dataset: portoTimeNoiseFineGrained
pretrain checkpoint: /root/trajectory-clustering/con-dtc/checkpoints/sttraj2vec_porto_finegrained_pre15.pt
epoch=1 / num_epochs=6
batch=0050 loss=0.9140 representation_loss=0.6448 clustering_loss=0.5386 instance_nce=0.0000 cluster_nce=0.0000 
batch=0100 loss=0.9079 representation_loss=0.6539 clustering_loss=0.5081 instance_nce=0.0000 cluster_nce=0.0000 
batch=0150 loss=0.9780 representation_loss=0.7662 clustering_loss=0.4236 instance_nce=0.0000 cluster_nce=0.0000 
batch=0200 loss=0.9005 representation_loss=0.6594 clustering_loss=0.4821 instance_nce=0.0000 cluster_nce=0.0000 
batch=0250 loss=0.9964 representation_loss=0.8002 clustering_loss=0.3925 instance_nce=0.0000 cluster_nce=0.0000 
batch=0300 loss=0.8881 representation_loss=0.7160 clustering_loss=0.3441 instance_nce=0.0000 cluster_nce=0.0000 
batch=0350 loss=0.9372 representation_loss=0.7183 clustering_loss=0.4379 instance_nce=0.0000 cluster_nce=0.0000 
batch=0400 loss=0.9096 representation_loss=0.6880 clustering_loss=0.4433 instance_nce=0.0000 cluster_nce=0.0000 
batch=0450 loss=0.8694 representation_loss=0.6735 clustering_loss=0.3918 instance_nce=0.0000 cluster_nce=0.0000 
batch=0500 loss=0.7690 representation_loss=0.5877 clustering_loss=0.3626 instance_nce=0.0000 cluster_nce=0.0000 
batch=0550 loss=0.8707 representation_loss=0.7012 clustering_loss=0.3390 instance_nce=0.0000 cluster_nce=0.0000 
batch=0600 loss=0.8967 representation_loss=0.7073 clustering_loss=0.3789 instance_nce=0.0000 cluster_nce=0.0000 
batch=0650 loss=0.8490 representation_loss=0.6514 clustering_loss=0.3951 instance_nce=0.0000 cluster_nce=0.0000 
batch=0700 loss=0.8818 representation_loss=0.6981 clustering_loss=0.3675 instance_nce=0.0000 cluster_nce=0.0000 
batch=0750 loss=0.7756 representation_loss=0.5944 clustering_loss=0.3624 instance_nce=0.0000 cluster_nce=0.0000 
batch=0800 loss=0.7988 representation_loss=0.6300 clustering_loss=0.3376 instance_nce=0.0000 cluster_nce=0.0000 
batch=0850 loss=0.8520 representation_loss=0.6880 clustering_loss=0.3281 instance_nce=0.0000 cluster_nce=0.0000 
Train: loss=0.8833 mstm=0.6763 instance_nce=0.0000 cluster_nce=0.0000 dec=0.4139
save checkpoint:  /root/trajectory-clustering/con-dtc/runs/condtc_porto_finegrained_s3_m07_reverse_stability_w150/20260823_145657_seed2026/checkpoints/condtc_best.pt
epoch=2 / num_epochs=6
batch=0050 loss=0.8565 representation_loss=0.6836 clustering_loss=0.3459 instance_nce=0.0000 cluster_nce=0.0000 
batch=0100 loss=0.8871 representation_loss=0.6986 clustering_loss=0.3770 instance_nce=0.0000 cluster_nce=0.0000 
batch=0150 loss=0.7922 representation_loss=0.6310 clustering_loss=0.3224 instance_nce=0.0000 cluster_nce=0.0000 
batch=0200 loss=0.7396 representation_loss=0.5838 clustering_loss=0.3115 instance_nce=0.0000 cluster_nce=0.0000 
batch=0250 loss=0.9042 representation_loss=0.7489 clustering_loss=0.3106 instance_nce=0.0000 cluster_nce=0.0000 
batch=0300 loss=0.8987 representation_loss=0.7421 clustering_loss=0.3133 instance_nce=0.0000 cluster_nce=0.0000 
batch=0350 loss=0.8000 representation_loss=0.6384 clustering_loss=0.3232 instance_nce=0.0000 cluster_nce=0.0000 
batch=0400 loss=0.8170 representation_loss=0.6547 clustering_loss=0.3247 instance_nce=0.0000 cluster_nce=0.0000 
batch=0450 loss=0.8858 representation_loss=0.7358 clustering_loss=0.3001 instance_nce=0.0000 cluster_nce=0.0000 
batch=0500 loss=0.8151 representation_loss=0.6668 clustering_loss=0.2965 instance_nce=0.0000 cluster_nce=0.0000 
batch=0550 loss=0.6571 representation_loss=0.5087 clustering_loss=0.2970 instance_nce=0.0000 cluster_nce=0.0000 
batch=0600 loss=0.8005 representation_loss=0.6425 clustering_loss=0.3161 instance_nce=0.0000 cluster_nce=0.0000 
batch=0650 loss=0.7987 representation_loss=0.6536 clustering_loss=0.2904 instance_nce=0.0000 cluster_nce=0.0000 
batch=0700 loss=0.8137 representation_loss=0.6621 clustering_loss=0.3032 instance_nce=0.0000 cluster_nce=0.0000 
batch=0750 loss=0.7849 representation_loss=0.6392 clustering_loss=0.2913 instance_nce=0.0000 cluster_nce=0.0000 
batch=0800 loss=0.7338 representation_loss=0.6006 clustering_loss=0.2665 instance_nce=0.0000 cluster_nce=0.0000 
batch=0850 loss=0.8108 representation_loss=0.6722 clustering_loss=0.2771 instance_nce=0.0000 cluster_nce=0.0000 
Train: loss=0.8214 mstm=0.6633 instance_nce=0.0000 cluster_nce=0.0000 dec=0.3164
save checkpoint:  /root/trajectory-clustering/con-dtc/runs/condtc_porto_finegrained_s3_m07_reverse_stability_w150/20260823_145657_seed2026/checkpoints/condtc_best.pt
epoch=3 / num_epochs=6
batch=0050 loss=0.7673 representation_loss=0.6189 clustering_loss=0.2969 instance_nce=0.0000 cluster_nce=0.0000 
batch=0100 loss=0.8367 representation_loss=0.6991 clustering_loss=0.2752 instance_nce=0.0000 cluster_nce=0.0000 
batch=0150 loss=0.7909 representation_loss=0.6548 clustering_loss=0.2722 instance_nce=0.0000 cluster_nce=0.0000 
batch=0200 loss=0.8316 representation_loss=0.6859 clustering_loss=0.2914 instance_nce=0.0000 cluster_nce=0.0000 
batch=0250 loss=0.7954 representation_loss=0.6590 clustering_loss=0.2727 instance_nce=0.0000 cluster_nce=0.0000 
batch=0300 loss=0.7904 representation_loss=0.6633 clustering_loss=0.2542 instance_nce=0.0000 cluster_nce=0.0000 
batch=0350 loss=0.7024 representation_loss=0.5687 clustering_loss=0.2674 instance_nce=0.0000 cluster_nce=0.0000 
batch=0400 loss=0.7033 representation_loss=0.5807 clustering_loss=0.2451 instance_nce=0.0000 cluster_nce=0.0000 
batch=0450 loss=0.7413 representation_loss=0.6153 clustering_loss=0.2520 instance_nce=0.0000 cluster_nce=0.0000 
batch=0500 loss=0.8004 representation_loss=0.6721 clustering_loss=0.2566 instance_nce=0.0000 cluster_nce=0.0000 
batch=0550 loss=0.9013 representation_loss=0.7710 clustering_loss=0.2606 instance_nce=0.0000 cluster_nce=0.0000 
batch=0600 loss=0.9515 representation_loss=0.8284 clustering_loss=0.2461 instance_nce=0.0000 cluster_nce=0.0000 
batch=0650 loss=0.7546 representation_loss=0.6343 clustering_loss=0.2406 instance_nce=0.0000 cluster_nce=0.0000 
batch=0700 loss=0.9188 representation_loss=0.7892 clustering_loss=0.2592 instance_nce=0.0000 cluster_nce=0.0000 
batch=0750 loss=0.7560 representation_loss=0.6312 clustering_loss=0.2497 instance_nce=0.0000 cluster_nce=0.0000 
batch=0800 loss=0.7888 representation_loss=0.6620 clustering_loss=0.2536 instance_nce=0.0000 cluster_nce=0.0000 
batch=0850 loss=0.6818 representation_loss=0.5514 clustering_loss=0.2608 instance_nce=0.0000 cluster_nce=0.0000 
Train: loss=0.7840 mstm=0.6541 instance_nce=0.0000 cluster_nce=0.0000 dec=0.2598
save checkpoint:  /root/trajectory-clustering/con-dtc/runs/condtc_porto_finegrained_s3_m07_reverse_stability_w150/20260823_145657_seed2026/checkpoints/condtc_best.pt
epoch=4 / num_epochs=6
batch=0050 loss=0.7805 representation_loss=0.6509 clustering_loss=0.2591 instance_nce=0.0000 cluster_nce=0.0000 
batch=0100 loss=0.9045 representation_loss=0.7889 clustering_loss=0.2311 instance_nce=0.0000 cluster_nce=0.0000 
batch=0150 loss=0.7716 representation_loss=0.6520 clustering_loss=0.2392 instance_nce=0.0000 cluster_nce=0.0000 
batch=0200 loss=0.7232 representation_loss=0.6070 clustering_loss=0.2324 instance_nce=0.0000 cluster_nce=0.0000 
batch=0250 loss=0.7590 representation_loss=0.6348 clustering_loss=0.2482 instance_nce=0.0000 cluster_nce=0.0000 
batch=0300 loss=0.8346 representation_loss=0.7183 clustering_loss=0.2326 instance_nce=0.0000 cluster_nce=0.0000 
batch=0350 loss=0.6872 representation_loss=0.5779 clustering_loss=0.2185 instance_nce=0.0000 cluster_nce=0.0000 
batch=0400 loss=0.8803 representation_loss=0.7672 clustering_loss=0.2262 instance_nce=0.0000 cluster_nce=0.0000 
batch=0450 loss=0.7076 representation_loss=0.5829 clustering_loss=0.2494 instance_nce=0.0000 cluster_nce=0.0000 
batch=0500 loss=0.7115 representation_loss=0.5957 clustering_loss=0.2316 instance_nce=0.0000 cluster_nce=0.0000 
batch=0550 loss=0.7719 representation_loss=0.6589 clustering_loss=0.2260 instance_nce=0.0000 cluster_nce=0.0000 
batch=0600 loss=0.7125 representation_loss=0.6049 clustering_loss=0.2152 instance_nce=0.0000 cluster_nce=0.0000 
batch=0650 loss=0.8275 representation_loss=0.7112 clustering_loss=0.2326 instance_nce=0.0000 cluster_nce=0.0000 
batch=0700 loss=0.7734 representation_loss=0.6545 clustering_loss=0.2377 instance_nce=0.0000 cluster_nce=0.0000 
batch=0750 loss=0.6621 representation_loss=0.5518 clustering_loss=0.2207 instance_nce=0.0000 cluster_nce=0.0000 
batch=0800 loss=0.7748 representation_loss=0.6570 clustering_loss=0.2357 instance_nce=0.0000 cluster_nce=0.0000 
batch=0850 loss=0.7817 representation_loss=0.6595 clustering_loss=0.2445 instance_nce=0.0000 cluster_nce=0.0000 
Train: loss=0.7606 mstm=0.6435 instance_nce=0.0000 cluster_nce=0.0000 dec=0.2342
save checkpoint:  /root/trajectory-clustering/con-dtc/runs/condtc_porto_finegrained_s3_m07_reverse_stability_w150/20260823_145657_seed2026/checkpoints/condtc_best.pt
epoch=5 / num_epochs=6
batch=0050 loss=0.6725 representation_loss=0.5590 clustering_loss=0.2271 instance_nce=0.0000 cluster_nce=0.0000 
batch=0100 loss=0.7737 representation_loss=0.6527 clustering_loss=0.2419 instance_nce=0.0000 cluster_nce=0.0000 
batch=0150 loss=0.7246 representation_loss=0.6199 clustering_loss=0.2094 instance_nce=0.0000 cluster_nce=0.0000 
batch=0200 loss=0.6958 representation_loss=0.5854 clustering_loss=0.2208 instance_nce=0.0000 cluster_nce=0.0000 
batch=0250 loss=0.7992 representation_loss=0.6932 clustering_loss=0.2121 instance_nce=0.0000 cluster_nce=0.0000 
batch=0300 loss=0.7253 representation_loss=0.6143 clustering_loss=0.2221 instance_nce=0.0000 cluster_nce=0.0000 
batch=0350 loss=0.6773 representation_loss=0.5789 clustering_loss=0.1968 instance_nce=0.0000 cluster_nce=0.0000 
batch=0400 loss=0.7431 representation_loss=0.6215 clustering_loss=0.2432 instance_nce=0.0000 cluster_nce=0.0000 
batch=0450 loss=0.7055 representation_loss=0.6036 clustering_loss=0.2038 instance_nce=0.0000 cluster_nce=0.0000 
batch=0500 loss=0.7325 representation_loss=0.6274 clustering_loss=0.2103 instance_nce=0.0000 cluster_nce=0.0000 
batch=0550 loss=0.8129 representation_loss=0.7144 clustering_loss=0.1970 instance_nce=0.0000 cluster_nce=0.0000 
batch=0600 loss=0.6932 representation_loss=0.5866 clustering_loss=0.2132 instance_nce=0.0000 cluster_nce=0.0000 
batch=0650 loss=0.6680 representation_loss=0.5652 clustering_loss=0.2056 instance_nce=0.0000 cluster_nce=0.0000 
batch=0700 loss=0.7847 representation_loss=0.6697 clustering_loss=0.2301 instance_nce=0.0000 cluster_nce=0.0000 
batch=0750 loss=0.7794 representation_loss=0.6773 clustering_loss=0.2043 instance_nce=0.0000 cluster_nce=0.0000 
batch=0800 loss=0.7006 representation_loss=0.6111 clustering_loss=0.1791 instance_nce=0.0000 cluster_nce=0.0000 
batch=0850 loss=0.7625 representation_loss=0.6485 clustering_loss=0.2281 instance_nce=0.0000 cluster_nce=0.0000 
Train: loss=0.7377 mstm=0.6288 instance_nce=0.0000 cluster_nce=0.0000 dec=0.2177
save checkpoint:  /root/trajectory-clustering/con-dtc/runs/condtc_porto_finegrained_s3_m07_reverse_stability_w150/20260823_145657_seed2026/checkpoints/condtc_best.pt
epoch=6 / num_epochs=6
batch=0050 loss=0.6853 representation_loss=0.5869 clustering_loss=0.1967 instance_nce=0.0000 cluster_nce=0.0000 
batch=0100 loss=0.6685 representation_loss=0.5633 clustering_loss=0.2103 instance_nce=0.0000 cluster_nce=0.0000 
batch=0150 loss=0.7083 representation_loss=0.5986 clustering_loss=0.2193 instance_nce=0.0000 cluster_nce=0.0000 
batch=0200 loss=0.6571 representation_loss=0.5536 clustering_loss=0.2071 instance_nce=0.0000 cluster_nce=0.0000 
batch=0250 loss=0.7065 representation_loss=0.6114 clustering_loss=0.1902 instance_nce=0.0000 cluster_nce=0.0000 
batch=0300 loss=0.6854 representation_loss=0.5732 clustering_loss=0.2245 instance_nce=0.0000 cluster_nce=0.0000 
batch=0350 loss=0.7104 representation_loss=0.6090 clustering_loss=0.2028 instance_nce=0.0000 cluster_nce=0.0000 
batch=0400 loss=0.7051 representation_loss=0.6022 clustering_loss=0.2059 instance_nce=0.0000 cluster_nce=0.0000 
batch=0450 loss=0.7578 representation_loss=0.6604 clustering_loss=0.1948 instance_nce=0.0000 cluster_nce=0.0000 
batch=0500 loss=0.7349 representation_loss=0.6288 clustering_loss=0.2121 instance_nce=0.0000 cluster_nce=0.0000 
batch=0550 loss=0.6392 representation_loss=0.5379 clustering_loss=0.2027 instance_nce=0.0000 cluster_nce=0.0000 
batch=0600 loss=0.6425 representation_loss=0.5342 clustering_loss=0.2164 instance_nce=0.0000 cluster_nce=0.0000 
batch=0650 loss=0.6904 representation_loss=0.5820 clustering_loss=0.2167 instance_nce=0.0000 cluster_nce=0.0000 
batch=0700 loss=0.7054 representation_loss=0.5999 clustering_loss=0.2110 instance_nce=0.0000 cluster_nce=0.0000 
batch=0750 loss=0.6303 representation_loss=0.5389 clustering_loss=0.1829 instance_nce=0.0000 cluster_nce=0.0000 
batch=0800 loss=0.7705 representation_loss=0.6711 clustering_loss=0.1988 instance_nce=0.0000 cluster_nce=0.0000 
batch=0850 loss=0.8224 representation_loss=0.7277 clustering_loss=0.1894 instance_nce=0.0000 cluster_nce=0.0000 
Train: loss=0.7212 mstm=0.6185 instance_nce=0.0000 cluster_nce=0.0000 dec=0.2054
save checkpoint:  /root/trajectory-clustering/con-dtc/runs/condtc_porto_finegrained_s3_m07_reverse_stability_w150/20260823_145657_seed2026/checkpoints/condtc_best.pt
best train_loss:  0.7212321540502112
evaluating: /root/trajectory-clustering/con-dtc/runs/condtc_porto_finegrained_s3_m07_reverse_stability_w150/20260823_145657_seed2026/checkpoints/condtc_best.pt
device: cuda
dataset: portoTimeNoiseFineGrained
cluster counts: tensor([1046,  795,  101, 1280,  698,  710,  520, 1085,  914,  964,  921, 1153,
        1088, 1301, 1242, 1017, 1161, 1910, 1097, 1038, 1006,  943,  863,  947,
         676, 1451, 1378])
metrics: {'uacc': 0.8632851126167369, 'nmi': 0.9171712879792737, 'ri': 0.9847194632069406, 'ari': 0.796157047292761}
metrics saved: /root/trajectory-clustering/con-dtc/runs/condtc_porto_finegrained_s3_m07_reverse_stability_w150/20260823_145657_seed2026/metrics.json
