experiment initialized
run directory: /root/trajectory-clustering/con-dtc/runs/condtc_qd_late_s3_m07_weighted/20260813_172034_seed19721013
config snapshot: /root/trajectory-clustering/con-dtc/runs/condtc_qd_late_s3_m07_weighted/20260813_172034_seed19721013/config.yaml
device: cuda
pretrain checkpoint: /root/trajectory-clustering/con-dtc/checkpoints/sttraj2vec_pretrain_paper_15ep.pt
epoch=1 / num_epochs=6
batch=0050 loss=1.1629 representation_loss=0.9304 clustering_loss=0.4650 instance_nce=3.5702 cluster_nce=2.3243 
batch=0100 loss=1.1673 representation_loss=0.9701 clustering_loss=0.3943 instance_nce=3.5546 cluster_nce=2.3284 
batch=0150 loss=1.1958 representation_loss=1.0006 clustering_loss=0.3905 instance_nce=3.5938 cluster_nce=2.3155 
batch=0200 loss=1.1558 representation_loss=0.9846 clustering_loss=0.3425 instance_nce=3.5420 cluster_nce=2.2985 
batch=0250 loss=1.2080 representation_loss=1.0177 clustering_loss=0.3806 instance_nce=3.5584 cluster_nce=2.3128 
batch=0300 loss=1.1944 representation_loss=1.0261 clustering_loss=0.3367 instance_nce=3.5415 cluster_nce=2.3002 
batch=0350 loss=1.0127 representation_loss=0.8208 clustering_loss=0.3838 instance_nce=3.5150 cluster_nce=2.2909 
Train: loss=1.1389 mstm=0.9508 instance_nce=3.5503 cluster_nce=2.3165 dec=0.3762
save checkpoint:  /root/trajectory-clustering/con-dtc/runs/condtc_qd_late_s3_m07_weighted/20260813_172034_seed19721013/checkpoints/condtc_best.pt
epoch=2 / num_epochs=6
batch=0050 loss=1.0379 representation_loss=0.8879 clustering_loss=0.2999 instance_nce=3.5480 cluster_nce=2.3165 
batch=0100 loss=1.0682 representation_loss=0.9316 clustering_loss=0.2731 instance_nce=3.5515 cluster_nce=2.2992 
batch=0150 loss=1.1133 representation_loss=0.9795 clustering_loss=0.2677 instance_nce=3.5335 cluster_nce=2.2971 
batch=0200 loss=1.1861 representation_loss=1.0490 clustering_loss=0.2743 instance_nce=3.5356 cluster_nce=2.3178 
batch=0250 loss=1.0656 representation_loss=0.9316 clustering_loss=0.2680 instance_nce=3.5151 cluster_nce=2.2852 
batch=0300 loss=1.1050 representation_loss=0.9811 clustering_loss=0.2478 instance_nce=3.5328 cluster_nce=2.3112 
batch=0350 loss=1.0381 representation_loss=0.9247 clustering_loss=0.2268 instance_nce=3.5192 cluster_nce=2.2892 
Train: loss=1.0671 mstm=0.9336 instance_nce=3.5281 cluster_nce=2.3015 dec=0.2670
save checkpoint:  /root/trajectory-clustering/con-dtc/runs/condtc_qd_late_s3_m07_weighted/20260813_172034_seed19721013/checkpoints/condtc_best.pt
epoch=3 / num_epochs=6
batch=0050 loss=1.0696 representation_loss=0.9364 clustering_loss=0.2664 instance_nce=3.5161 cluster_nce=2.3034 
batch=0100 loss=1.0695 representation_loss=0.9392 clustering_loss=0.2605 instance_nce=3.5418 cluster_nce=2.3167 
batch=0150 loss=1.1190 representation_loss=0.9980 clustering_loss=0.2420 instance_nce=3.5229 cluster_nce=2.3109 
batch=0200 loss=1.0184 representation_loss=0.9076 clustering_loss=0.2217 instance_nce=3.4966 cluster_nce=2.2898 
batch=0250 loss=1.0124 representation_loss=0.9073 clustering_loss=0.2103 instance_nce=3.4837 cluster_nce=2.2839 
batch=0300 loss=0.9494 representation_loss=0.8349 clustering_loss=0.2289 instance_nce=3.5297 cluster_nce=2.2965 
batch=0350 loss=1.0489 representation_loss=0.9388 clustering_loss=0.2202 instance_nce=3.4910 cluster_nce=2.2932 
Train: loss=1.0509 mstm=0.9319 instance_nce=3.5199 cluster_nce=2.2966 dec=0.2378
save checkpoint:  /root/trajectory-clustering/con-dtc/runs/condtc_qd_late_s3_m07_weighted/20260813_172034_seed19721013/checkpoints/condtc_best.pt
epoch=4 / num_epochs=6
batch=0050 loss=0.9871 representation_loss=0.8773 clustering_loss=0.2198 instance_nce=3.4912 cluster_nce=2.3035 
batch=0100 loss=0.8751 representation_loss=0.7595 clustering_loss=0.2313 instance_nce=3.5109 cluster_nce=2.2884 
batch=0150 loss=1.0211 representation_loss=0.9257 clustering_loss=0.1908 instance_nce=3.5051 cluster_nce=2.2864 
batch=0200 loss=1.0290 representation_loss=0.9264 clustering_loss=0.2053 instance_nce=3.4995 cluster_nce=2.2903 
batch=0250 loss=0.9981 representation_loss=0.9005 clustering_loss=0.1952 instance_nce=3.5369 cluster_nce=2.2940 
batch=0300 loss=1.0384 representation_loss=0.9466 clustering_loss=0.1837 instance_nce=3.4852 cluster_nce=2.2915 
batch=0350 loss=0.9990 representation_loss=0.8975 clustering_loss=0.2029 instance_nce=3.4788 cluster_nce=2.2754 
Train: loss=1.0228 mstm=0.9134 instance_nce=3.5097 cluster_nce=2.2946 dec=0.2188
save checkpoint:  /root/trajectory-clustering/con-dtc/runs/condtc_qd_late_s3_m07_weighted/20260813_172034_seed19721013/checkpoints/condtc_best.pt
epoch=5 / num_epochs=6
batch=0050 loss=0.9559 representation_loss=0.8497 clustering_loss=0.2123 instance_nce=3.4727 cluster_nce=2.2898 
batch=0100 loss=0.9285 representation_loss=0.8273 clustering_loss=0.2023 instance_nce=3.4980 cluster_nce=2.2886 
batch=0150 loss=1.0273 representation_loss=0.9303 clustering_loss=0.1940 instance_nce=3.4977 cluster_nce=2.2966 
batch=0200 loss=1.0021 representation_loss=0.8972 clustering_loss=0.2098 instance_nce=3.5072 cluster_nce=2.2946 
batch=0250 loss=0.9896 representation_loss=0.8884 clustering_loss=0.2024 instance_nce=3.5002 cluster_nce=2.2777 
batch=0300 loss=0.9487 representation_loss=0.8569 clustering_loss=0.1835 instance_nce=3.4810 cluster_nce=2.2852 
batch=0350 loss=0.9409 representation_loss=0.8176 clustering_loss=0.2466 instance_nce=3.4990 cluster_nce=2.2985 
Train: loss=1.0187 mstm=0.9152 instance_nce=3.4996 cluster_nce=2.2918 dec=0.2070
save checkpoint:  /root/trajectory-clustering/con-dtc/runs/condtc_qd_late_s3_m07_weighted/20260813_172034_seed19721013/checkpoints/condtc_best.pt
epoch=6 / num_epochs=6
batch=0050 loss=0.9802 representation_loss=0.8837 clustering_loss=0.1930 instance_nce=3.4973 cluster_nce=2.2737 
batch=0100 loss=1.0634 representation_loss=0.9566 clustering_loss=0.2135 instance_nce=3.4666 cluster_nce=2.2845 
batch=0150 loss=0.9473 representation_loss=0.8492 clustering_loss=0.1963 instance_nce=3.4831 cluster_nce=2.2807 
batch=0200 loss=1.0232 representation_loss=0.9261 clustering_loss=0.1941 instance_nce=3.4818 cluster_nce=2.2789 
batch=0250 loss=0.9831 representation_loss=0.8783 clustering_loss=0.2098 instance_nce=3.5328 cluster_nce=2.2880 
batch=0300 loss=1.1179 representation_loss=1.0215 clustering_loss=0.1929 instance_nce=3.4711 cluster_nce=2.2841 
batch=0350 loss=1.0659 representation_loss=0.9721 clustering_loss=0.1877 instance_nce=3.5018 cluster_nce=2.3224 
Train: loss=1.0083 mstm=0.9091 instance_nce=3.4905 cluster_nce=2.2899 dec=0.1985
save checkpoint:  /root/trajectory-clustering/con-dtc/runs/condtc_qd_late_s3_m07_weighted/20260813_172034_seed19721013/checkpoints/condtc_best.pt
best train_loss:  1.0083066571256039
evaluating: /root/trajectory-clustering/con-dtc/runs/condtc_qd_late_s3_m07_weighted/20260813_172034_seed19721013/checkpoints/condtc_best.pt
device: cuda
cluster counts: tensor([1003,  968, 1957,  863,   27, 1000,    0,  972, 1871,  933, 1066,  944])
metrics: {'uacc': 0.7647362978283351, 'nmi': 0.8910889235272597, 'ri': 0.956410983585026, 'ari': 0.7512751604755512}
metrics saved: /root/trajectory-clustering/con-dtc/runs/condtc_qd_late_s3_m07_weighted/20260813_172034_seed19721013/metrics.json
