experiment initialized
run directory: /root/trajectory-clustering/con-dtc/runs/condtc_porto_finegrained_s3_m07_reverse_stability_w150/20260823_145029_seed777
config snapshot: /root/trajectory-clustering/con-dtc/runs/condtc_porto_finegrained_s3_m07_reverse_stability_w150/20260823_145029_seed777/config.yaml
device: cuda
dataset: portoTimeNoiseFineGrained
pretrain checkpoint: /root/trajectory-clustering/con-dtc/checkpoints/sttraj2vec_porto_finegrained_pre15.pt
epoch=1 / num_epochs=6
batch=0050 loss=0.9954 representation_loss=0.6999 clustering_loss=0.5911 instance_nce=0.0000 cluster_nce=0.0000 
batch=0100 loss=0.9235 representation_loss=0.6670 clustering_loss=0.5129 instance_nce=0.0000 cluster_nce=0.0000 
batch=0150 loss=0.9689 representation_loss=0.7457 clustering_loss=0.4464 instance_nce=0.0000 cluster_nce=0.0000 
batch=0200 loss=0.8591 representation_loss=0.6287 clustering_loss=0.4609 instance_nce=0.0000 cluster_nce=0.0000 
batch=0250 loss=0.7865 representation_loss=0.5838 clustering_loss=0.4054 instance_nce=0.0000 cluster_nce=0.0000 
batch=0300 loss=0.7854 representation_loss=0.5946 clustering_loss=0.3817 instance_nce=0.0000 cluster_nce=0.0000 
batch=0350 loss=0.8166 representation_loss=0.6052 clustering_loss=0.4228 instance_nce=0.0000 cluster_nce=0.0000 
batch=0400 loss=0.8563 representation_loss=0.6846 clustering_loss=0.3434 instance_nce=0.0000 cluster_nce=0.0000 
batch=0450 loss=0.9056 representation_loss=0.7260 clustering_loss=0.3591 instance_nce=0.0000 cluster_nce=0.0000 
batch=0500 loss=0.9015 representation_loss=0.6881 clustering_loss=0.4270 instance_nce=0.0000 cluster_nce=0.0000 
batch=0550 loss=0.8207 representation_loss=0.6371 clustering_loss=0.3672 instance_nce=0.0000 cluster_nce=0.0000 
batch=0600 loss=0.9002 representation_loss=0.6872 clustering_loss=0.4259 instance_nce=0.0000 cluster_nce=0.0000 
batch=0650 loss=0.7249 representation_loss=0.5631 clustering_loss=0.3234 instance_nce=0.0000 cluster_nce=0.0000 
batch=0700 loss=0.8304 representation_loss=0.6424 clustering_loss=0.3759 instance_nce=0.0000 cluster_nce=0.0000 
batch=0750 loss=1.0222 representation_loss=0.8486 clustering_loss=0.3471 instance_nce=0.0000 cluster_nce=0.0000 
batch=0800 loss=0.9603 representation_loss=0.7894 clustering_loss=0.3417 instance_nce=0.0000 cluster_nce=0.0000 
batch=0850 loss=0.8495 representation_loss=0.6599 clustering_loss=0.3792 instance_nce=0.0000 cluster_nce=0.0000 
Train: loss=0.8878 mstm=0.6821 instance_nce=0.0000 cluster_nce=0.0000 dec=0.4114
save checkpoint:  /root/trajectory-clustering/con-dtc/runs/condtc_porto_finegrained_s3_m07_reverse_stability_w150/20260823_145029_seed777/checkpoints/condtc_best.pt
epoch=2 / num_epochs=6
batch=0050 loss=0.8582 representation_loss=0.6753 clustering_loss=0.3658 instance_nce=0.0000 cluster_nce=0.0000 
batch=0100 loss=0.8522 representation_loss=0.6746 clustering_loss=0.3551 instance_nce=0.0000 cluster_nce=0.0000 
batch=0150 loss=0.7869 representation_loss=0.6034 clustering_loss=0.3671 instance_nce=0.0000 cluster_nce=0.0000 
batch=0200 loss=0.7770 representation_loss=0.6138 clustering_loss=0.3263 instance_nce=0.0000 cluster_nce=0.0000 
batch=0250 loss=0.8511 representation_loss=0.6776 clustering_loss=0.3472 instance_nce=0.0000 cluster_nce=0.0000 
batch=0300 loss=0.8253 representation_loss=0.6644 clustering_loss=0.3219 instance_nce=0.0000 cluster_nce=0.0000 
batch=0350 loss=0.8367 representation_loss=0.6757 clustering_loss=0.3220 instance_nce=0.0000 cluster_nce=0.0000 
batch=0400 loss=0.8841 representation_loss=0.7134 clustering_loss=0.3414 instance_nce=0.0000 cluster_nce=0.0000 
batch=0450 loss=0.7109 representation_loss=0.5629 clustering_loss=0.2961 instance_nce=0.0000 cluster_nce=0.0000 
batch=0500 loss=0.8419 representation_loss=0.6822 clustering_loss=0.3194 instance_nce=0.0000 cluster_nce=0.0000 
batch=0550 loss=0.8843 representation_loss=0.7290 clustering_loss=0.3106 instance_nce=0.0000 cluster_nce=0.0000 
batch=0600 loss=0.7844 representation_loss=0.6327 clustering_loss=0.3034 instance_nce=0.0000 cluster_nce=0.0000 
batch=0650 loss=0.8622 representation_loss=0.7194 clustering_loss=0.2856 instance_nce=0.0000 cluster_nce=0.0000 
batch=0700 loss=0.7980 representation_loss=0.6537 clustering_loss=0.2887 instance_nce=0.0000 cluster_nce=0.0000 
batch=0750 loss=0.9422 representation_loss=0.7933 clustering_loss=0.2978 instance_nce=0.0000 cluster_nce=0.0000 
batch=0800 loss=0.8454 representation_loss=0.6977 clustering_loss=0.2955 instance_nce=0.0000 cluster_nce=0.0000 
batch=0850 loss=0.7819 representation_loss=0.6370 clustering_loss=0.2897 instance_nce=0.0000 cluster_nce=0.0000 
Train: loss=0.8224 mstm=0.6637 instance_nce=0.0000 cluster_nce=0.0000 dec=0.3173
save checkpoint:  /root/trajectory-clustering/con-dtc/runs/condtc_porto_finegrained_s3_m07_reverse_stability_w150/20260823_145029_seed777/checkpoints/condtc_best.pt
epoch=3 / num_epochs=6
batch=0050 loss=0.7370 representation_loss=0.5996 clustering_loss=0.2749 instance_nce=0.0000 cluster_nce=0.0000 
batch=0100 loss=0.6399 representation_loss=0.4976 clustering_loss=0.2845 instance_nce=0.0000 cluster_nce=0.0000 
batch=0150 loss=0.8323 representation_loss=0.6975 clustering_loss=0.2695 instance_nce=0.0000 cluster_nce=0.0000 
batch=0200 loss=0.8153 representation_loss=0.6756 clustering_loss=0.2794 instance_nce=0.0000 cluster_nce=0.0000 
batch=0250 loss=0.7940 representation_loss=0.6575 clustering_loss=0.2730 instance_nce=0.0000 cluster_nce=0.0000 
batch=0300 loss=0.7807 representation_loss=0.6403 clustering_loss=0.2808 instance_nce=0.0000 cluster_nce=0.0000 
batch=0350 loss=0.7290 representation_loss=0.5923 clustering_loss=0.2734 instance_nce=0.0000 cluster_nce=0.0000 
batch=0400 loss=0.7712 representation_loss=0.6405 clustering_loss=0.2615 instance_nce=0.0000 cluster_nce=0.0000 
batch=0450 loss=0.7857 representation_loss=0.6661 clustering_loss=0.2393 instance_nce=0.0000 cluster_nce=0.0000 
batch=0500 loss=0.8307 representation_loss=0.7064 clustering_loss=0.2486 instance_nce=0.0000 cluster_nce=0.0000 
batch=0550 loss=0.8133 representation_loss=0.6827 clustering_loss=0.2612 instance_nce=0.0000 cluster_nce=0.0000 
batch=0600 loss=0.8921 representation_loss=0.7663 clustering_loss=0.2517 instance_nce=0.0000 cluster_nce=0.0000 
batch=0650 loss=0.7783 representation_loss=0.6599 clustering_loss=0.2367 instance_nce=0.0000 cluster_nce=0.0000 
batch=0700 loss=0.7832 representation_loss=0.6496 clustering_loss=0.2670 instance_nce=0.0000 cluster_nce=0.0000 
batch=0750 loss=0.7794 representation_loss=0.6584 clustering_loss=0.2421 instance_nce=0.0000 cluster_nce=0.0000 
batch=0800 loss=0.7853 representation_loss=0.6656 clustering_loss=0.2393 instance_nce=0.0000 cluster_nce=0.0000 
batch=0850 loss=0.7207 representation_loss=0.5968 clustering_loss=0.2478 instance_nce=0.0000 cluster_nce=0.0000 
Train: loss=0.7818 mstm=0.6513 instance_nce=0.0000 cluster_nce=0.0000 dec=0.2609
save checkpoint:  /root/trajectory-clustering/con-dtc/runs/condtc_porto_finegrained_s3_m07_reverse_stability_w150/20260823_145029_seed777/checkpoints/condtc_best.pt
epoch=4 / num_epochs=6
batch=0050 loss=0.7437 representation_loss=0.6202 clustering_loss=0.2471 instance_nce=0.0000 cluster_nce=0.0000 
batch=0100 loss=0.7002 representation_loss=0.5778 clustering_loss=0.2448 instance_nce=0.0000 cluster_nce=0.0000 
batch=0150 loss=0.8235 representation_loss=0.6988 clustering_loss=0.2494 instance_nce=0.0000 cluster_nce=0.0000 
batch=0200 loss=0.7420 representation_loss=0.6235 clustering_loss=0.2369 instance_nce=0.0000 cluster_nce=0.0000 
batch=0250 loss=0.7944 representation_loss=0.6662 clustering_loss=0.2563 instance_nce=0.0000 cluster_nce=0.0000 
batch=0300 loss=0.7539 representation_loss=0.6363 clustering_loss=0.2352 instance_nce=0.0000 cluster_nce=0.0000 
batch=0350 loss=0.6825 representation_loss=0.5587 clustering_loss=0.2475 instance_nce=0.0000 cluster_nce=0.0000 
batch=0400 loss=0.7920 representation_loss=0.6760 clustering_loss=0.2319 instance_nce=0.0000 cluster_nce=0.0000 
batch=0450 loss=0.8311 representation_loss=0.7167 clustering_loss=0.2287 instance_nce=0.0000 cluster_nce=0.0000 
batch=0500 loss=0.6610 representation_loss=0.5509 clustering_loss=0.2202 instance_nce=0.0000 cluster_nce=0.0000 
batch=0550 loss=0.6661 representation_loss=0.5588 clustering_loss=0.2144 instance_nce=0.0000 cluster_nce=0.0000 
batch=0600 loss=0.7809 representation_loss=0.6615 clustering_loss=0.2388 instance_nce=0.0000 cluster_nce=0.0000 
batch=0650 loss=0.7464 representation_loss=0.6307 clustering_loss=0.2314 instance_nce=0.0000 cluster_nce=0.0000 
batch=0700 loss=0.7730 representation_loss=0.6585 clustering_loss=0.2289 instance_nce=0.0000 cluster_nce=0.0000 
batch=0750 loss=0.7686 representation_loss=0.6492 clustering_loss=0.2388 instance_nce=0.0000 cluster_nce=0.0000 
batch=0800 loss=0.8241 representation_loss=0.7054 clustering_loss=0.2375 instance_nce=0.0000 cluster_nce=0.0000 
batch=0850 loss=0.6590 representation_loss=0.5501 clustering_loss=0.2179 instance_nce=0.0000 cluster_nce=0.0000 
Train: loss=0.7559 mstm=0.6386 instance_nce=0.0000 cluster_nce=0.0000 dec=0.2345
save checkpoint:  /root/trajectory-clustering/con-dtc/runs/condtc_porto_finegrained_s3_m07_reverse_stability_w150/20260823_145029_seed777/checkpoints/condtc_best.pt
epoch=5 / num_epochs=6
batch=0050 loss=0.7524 representation_loss=0.6349 clustering_loss=0.2351 instance_nce=0.0000 cluster_nce=0.0000 
batch=0100 loss=0.7665 representation_loss=0.6493 clustering_loss=0.2345 instance_nce=0.0000 cluster_nce=0.0000 
batch=0150 loss=0.6721 representation_loss=0.5676 clustering_loss=0.2089 instance_nce=0.0000 cluster_nce=0.0000 
batch=0200 loss=0.7640 representation_loss=0.6527 clustering_loss=0.2226 instance_nce=0.0000 cluster_nce=0.0000 
batch=0250 loss=0.7545 representation_loss=0.6429 clustering_loss=0.2232 instance_nce=0.0000 cluster_nce=0.0000 
batch=0300 loss=0.7533 representation_loss=0.6428 clustering_loss=0.2212 instance_nce=0.0000 cluster_nce=0.0000 
batch=0350 loss=0.8170 representation_loss=0.7057 clustering_loss=0.2226 instance_nce=0.0000 cluster_nce=0.0000 
batch=0400 loss=0.6919 representation_loss=0.5780 clustering_loss=0.2279 instance_nce=0.0000 cluster_nce=0.0000 
batch=0450 loss=0.6803 representation_loss=0.5706 clustering_loss=0.2195 instance_nce=0.0000 cluster_nce=0.0000 
batch=0500 loss=0.7898 representation_loss=0.6731 clustering_loss=0.2335 instance_nce=0.0000 cluster_nce=0.0000 
batch=0550 loss=0.8219 representation_loss=0.7111 clustering_loss=0.2214 instance_nce=0.0000 cluster_nce=0.0000 
batch=0600 loss=0.7747 representation_loss=0.6661 clustering_loss=0.2171 instance_nce=0.0000 cluster_nce=0.0000 
batch=0650 loss=0.7261 representation_loss=0.6158 clustering_loss=0.2206 instance_nce=0.0000 cluster_nce=0.0000 
batch=0700 loss=0.7195 representation_loss=0.6114 clustering_loss=0.2163 instance_nce=0.0000 cluster_nce=0.0000 
batch=0750 loss=0.8003 representation_loss=0.6961 clustering_loss=0.2086 instance_nce=0.0000 cluster_nce=0.0000 
batch=0800 loss=0.7595 representation_loss=0.6518 clustering_loss=0.2154 instance_nce=0.0000 cluster_nce=0.0000 
batch=0850 loss=0.7207 representation_loss=0.6145 clustering_loss=0.2125 instance_nce=0.0000 cluster_nce=0.0000 
Train: loss=0.7400 mstm=0.6303 instance_nce=0.0000 cluster_nce=0.0000 dec=0.2194
save checkpoint:  /root/trajectory-clustering/con-dtc/runs/condtc_porto_finegrained_s3_m07_reverse_stability_w150/20260823_145029_seed777/checkpoints/condtc_best.pt
epoch=6 / num_epochs=6
batch=0050 loss=0.7057 representation_loss=0.5972 clustering_loss=0.2170 instance_nce=0.0000 cluster_nce=0.0000 
batch=0100 loss=0.6793 representation_loss=0.5760 clustering_loss=0.2066 instance_nce=0.0000 cluster_nce=0.0000 
batch=0150 loss=0.7288 representation_loss=0.6283 clustering_loss=0.2009 instance_nce=0.0000 cluster_nce=0.0000 
batch=0200 loss=0.7167 representation_loss=0.5988 clustering_loss=0.2357 instance_nce=0.0000 cluster_nce=0.0000 
batch=0250 loss=0.7097 representation_loss=0.6033 clustering_loss=0.2127 instance_nce=0.0000 cluster_nce=0.0000 
batch=0300 loss=0.7802 representation_loss=0.6745 clustering_loss=0.2115 instance_nce=0.0000 cluster_nce=0.0000 
batch=0350 loss=0.7662 representation_loss=0.6599 clustering_loss=0.2125 instance_nce=0.0000 cluster_nce=0.0000 
batch=0400 loss=0.6589 representation_loss=0.5543 clustering_loss=0.2091 instance_nce=0.0000 cluster_nce=0.0000 
batch=0450 loss=0.6671 representation_loss=0.5663 clustering_loss=0.2017 instance_nce=0.0000 cluster_nce=0.0000 
batch=0500 loss=0.8546 representation_loss=0.7445 clustering_loss=0.2203 instance_nce=0.0000 cluster_nce=0.0000 
batch=0550 loss=0.8404 representation_loss=0.7247 clustering_loss=0.2313 instance_nce=0.0000 cluster_nce=0.0000 
batch=0600 loss=0.7237 representation_loss=0.6132 clustering_loss=0.2209 instance_nce=0.0000 cluster_nce=0.0000 
batch=0650 loss=0.7411 representation_loss=0.6432 clustering_loss=0.1957 instance_nce=0.0000 cluster_nce=0.0000 
batch=0700 loss=0.7013 representation_loss=0.5980 clustering_loss=0.2068 instance_nce=0.0000 cluster_nce=0.0000 
batch=0750 loss=0.7417 representation_loss=0.6355 clustering_loss=0.2125 instance_nce=0.0000 cluster_nce=0.0000 
batch=0800 loss=0.6834 representation_loss=0.5819 clustering_loss=0.2031 instance_nce=0.0000 cluster_nce=0.0000 
batch=0850 loss=0.6047 representation_loss=0.5041 clustering_loss=0.2013 instance_nce=0.0000 cluster_nce=0.0000 
Train: loss=0.7177 mstm=0.6143 instance_nce=0.0000 cluster_nce=0.0000 dec=0.2067
save checkpoint:  /root/trajectory-clustering/con-dtc/runs/condtc_porto_finegrained_s3_m07_reverse_stability_w150/20260823_145029_seed777/checkpoints/condtc_best.pt
best train_loss:  0.7176769972284118
evaluating: /root/trajectory-clustering/con-dtc/runs/condtc_porto_finegrained_s3_m07_reverse_stability_w150/20260823_145029_seed777/checkpoints/condtc_best.pt
device: cuda
dataset: portoTimeNoiseFineGrained
cluster counts: tensor([ 126, 2164,  921, 1097, 1249, 1325, 1023, 1587, 1448, 1088,  964, 1006,
        1083, 1017, 1046,    0, 1038,  914,  921,  707,  384,  954,  628, 1885,
        1175,  622,  933])
metrics: {'uacc': 0.8317890496246109, 'nmi': 0.9171083128721916, 'ri': 0.9828526552691533, 'ari': 0.7805873392031286}
metrics saved: /root/trajectory-clustering/con-dtc/runs/condtc_porto_finegrained_s3_m07_reverse_stability_w150/20260823_145029_seed777/metrics.json
