experiment initialized
run directory: /root/trajectory-clustering/con-dtc/runs/condtc_qd_ema_staged_s3_m07_weighted_warmup_mw06/20260817_133312_seed19721013
config snapshot: /root/trajectory-clustering/con-dtc/runs/condtc_qd_ema_staged_s3_m07_weighted_warmup_mw06/20260817_133312_seed19721013/config.yaml
device: cuda
pretrain checkpoint: /root/trajectory-clustering/con-dtc/checkpoints/sttraj2vec_pretrain_paper_15ep.pt
epoch=1 / num_epochs=6
batch=0050 loss=1.1629 representation_loss=0.9304 clustering_loss=0.4650 instance_nce=3.5702 cluster_nce=2.3243 
batch=0100 loss=1.1673 representation_loss=0.9701 clustering_loss=0.3943 instance_nce=3.5546 cluster_nce=2.3284 
batch=0150 loss=1.1958 representation_loss=1.0006 clustering_loss=0.3905 instance_nce=3.5938 cluster_nce=2.3155 
batch=0200 loss=1.1558 representation_loss=0.9846 clustering_loss=0.3425 instance_nce=3.5420 cluster_nce=2.2985 
batch=0250 loss=1.2080 representation_loss=1.0177 clustering_loss=0.3806 instance_nce=3.5584 cluster_nce=2.3128 
batch=0300 loss=1.1944 representation_loss=1.0261 clustering_loss=0.3367 instance_nce=3.5415 cluster_nce=2.3002 
batch=0350 loss=1.0127 representation_loss=0.8208 clustering_loss=0.3838 instance_nce=3.5150 cluster_nce=2.2909 
Train: loss=1.1389 mstm=0.9508 instance_nce=3.5503 cluster_nce=2.3165 dec=0.3762
save checkpoint:  /root/trajectory-clustering/con-dtc/runs/condtc_qd_ema_staged_s3_m07_weighted_warmup_mw06/20260817_133312_seed19721013/checkpoints/condtc_best.pt
epoch=2 / num_epochs=6
batch=0050 loss=1.0379 representation_loss=0.8879 clustering_loss=0.2999 instance_nce=3.5480 cluster_nce=2.3165 
batch=0100 loss=1.0682 representation_loss=0.9316 clustering_loss=0.2731 instance_nce=3.5515 cluster_nce=2.2992 
batch=0150 loss=1.1133 representation_loss=0.9795 clustering_loss=0.2677 instance_nce=3.5335 cluster_nce=2.2971 
batch=0200 loss=1.1861 representation_loss=1.0490 clustering_loss=0.2743 instance_nce=3.5356 cluster_nce=2.3178 
batch=0250 loss=1.0656 representation_loss=0.9316 clustering_loss=0.2680 instance_nce=3.5151 cluster_nce=2.2852 
batch=0300 loss=1.1050 representation_loss=0.9811 clustering_loss=0.2478 instance_nce=3.5328 cluster_nce=2.3112 
batch=0350 loss=1.0381 representation_loss=0.9247 clustering_loss=0.2268 instance_nce=3.5192 cluster_nce=2.2892 
Train: loss=1.0671 mstm=0.9336 instance_nce=3.5281 cluster_nce=2.3015 dec=0.2670
save checkpoint:  /root/trajectory-clustering/con-dtc/runs/condtc_qd_ema_staged_s3_m07_weighted_warmup_mw06/20260817_133312_seed19721013/checkpoints/condtc_best.pt
epoch=3 / num_epochs=6
batch=0050 loss=1.0617 representation_loss=0.9374 clustering_loss=0.2487 instance_nce=3.5144 cluster_nce=2.3039 
batch=0100 loss=1.0668 representation_loss=0.9411 clustering_loss=0.2514 instance_nce=3.5407 cluster_nce=2.3183 
batch=0150 loss=1.1090 representation_loss=0.9968 clustering_loss=0.2244 instance_nce=3.5190 cluster_nce=2.3109 
batch=0200 loss=1.0122 representation_loss=0.9061 clustering_loss=0.2121 instance_nce=3.4938 cluster_nce=2.2908 
batch=0250 loss=1.0047 representation_loss=0.9057 clustering_loss=0.1981 instance_nce=3.4822 cluster_nce=2.2850 
batch=0300 loss=0.9468 representation_loss=0.8351 clustering_loss=0.2232 instance_nce=3.5282 cluster_nce=2.2955 
batch=0350 loss=1.0419 representation_loss=0.9388 clustering_loss=0.2061 instance_nce=3.4885 cluster_nce=2.2938 
Train: loss=1.0450 mstm=0.9316 instance_nce=3.5175 cluster_nce=2.2971 dec=0.2268
save checkpoint:  /root/trajectory-clustering/con-dtc/runs/condtc_qd_ema_staged_s3_m07_weighted_warmup_mw06/20260817_133312_seed19721013/checkpoints/condtc_best.pt
epoch=4 / num_epochs=6
batch=0050 loss=0.9795 representation_loss=0.8750 clustering_loss=0.2090 instance_nce=3.4890 cluster_nce=2.3046 
batch=0100 loss=0.8718 representation_loss=0.7588 clustering_loss=0.2260 instance_nce=3.5088 cluster_nce=2.2877 
batch=0150 loss=1.0142 representation_loss=0.9243 clustering_loss=0.1798 instance_nce=3.5026 cluster_nce=2.2876 
batch=0200 loss=1.0270 representation_loss=0.9268 clustering_loss=0.2003 instance_nce=3.4961 cluster_nce=2.2909 
batch=0250 loss=0.9926 representation_loss=0.9002 clustering_loss=0.1848 instance_nce=3.5342 cluster_nce=2.2953 
batch=0300 loss=1.0330 representation_loss=0.9455 clustering_loss=0.1751 instance_nce=3.4823 cluster_nce=2.2917 
batch=0350 loss=0.9929 representation_loss=0.8967 clustering_loss=0.1925 instance_nce=3.4768 cluster_nce=2.2754 
Train: loss=1.0169 mstm=0.9129 instance_nce=3.5075 cluster_nce=2.2951 dec=0.2081
save checkpoint:  /root/trajectory-clustering/con-dtc/runs/condtc_qd_ema_staged_s3_m07_weighted_warmup_mw06/20260817_133312_seed19721013/checkpoints/condtc_best.pt
epoch=5 / num_epochs=6
batch=0050 loss=0.9508 representation_loss=0.8497 clustering_loss=0.2022 instance_nce=3.4701 cluster_nce=2.2901 
batch=0100 loss=0.9213 representation_loss=0.8252 clustering_loss=0.1922 instance_nce=3.4958 cluster_nce=2.2891 
batch=0150 loss=1.0203 representation_loss=0.9280 clustering_loss=0.1845 instance_nce=3.4937 cluster_nce=2.2964 
batch=0200 loss=0.9967 representation_loss=0.8964 clustering_loss=0.2005 instance_nce=3.5066 cluster_nce=2.2959 
batch=0250 loss=0.9819 representation_loss=0.8866 clustering_loss=0.1906 instance_nce=3.4972 cluster_nce=2.2783 
batch=0300 loss=0.9467 representation_loss=0.8584 clustering_loss=0.1766 instance_nce=3.4803 cluster_nce=2.2851 
batch=0350 loss=0.9290 representation_loss=0.8157 clustering_loss=0.2266 instance_nce=3.4994 cluster_nce=2.2990 
Train: loss=1.0138 mstm=0.9145 instance_nce=3.4978 cluster_nce=2.2922 dec=0.1984
save checkpoint:  /root/trajectory-clustering/con-dtc/runs/condtc_qd_ema_staged_s3_m07_weighted_warmup_mw06/20260817_133312_seed19721013/checkpoints/condtc_best.pt
epoch=6 / num_epochs=6
batch=0050 loss=0.9765 representation_loss=0.8835 clustering_loss=0.1861 instance_nce=3.4976 cluster_nce=2.2741 
batch=0100 loss=1.0598 representation_loss=0.9575 clustering_loss=0.2046 instance_nce=3.4654 cluster_nce=2.2838 
batch=0150 loss=0.9420 representation_loss=0.8483 clustering_loss=0.1875 instance_nce=3.4814 cluster_nce=2.2810 
batch=0200 loss=1.0211 representation_loss=0.9257 clustering_loss=0.1908 instance_nce=3.4808 cluster_nce=2.2793 
batch=0250 loss=0.9800 representation_loss=0.8780 clustering_loss=0.2040 instance_nce=3.5316 cluster_nce=2.2872 
batch=0300 loss=1.1158 representation_loss=1.0198 clustering_loss=0.1920 instance_nce=3.4671 cluster_nce=2.2844 
batch=0350 loss=1.0623 representation_loss=0.9717 clustering_loss=0.1812 instance_nce=3.4993 cluster_nce=2.3222 
Train: loss=1.0047 mstm=0.9084 instance_nce=3.4887 cluster_nce=2.2900 dec=0.1926
save checkpoint:  /root/trajectory-clustering/con-dtc/runs/condtc_qd_ema_staged_s3_m07_weighted_warmup_mw06/20260817_133312_seed19721013/checkpoints/condtc_best.pt
best train_loss:  1.0047096020597623
evaluating: /root/trajectory-clustering/con-dtc/runs/condtc_qd_ema_staged_s3_m07_weighted_warmup_mw06/20260817_133312_seed19721013/checkpoints/condtc_best.pt
device: cuda
cluster counts: tensor([1003,  968, 1956, 1088,  381, 1000,    1,  969, 1517,  933,  844,  944])
metrics: {'uacc': 0.8003274732850741, 'nmi': 0.8889778565978901, 'ri': 0.9592087302363261, 'ari': 0.7582784657898793}
metrics saved: /root/trajectory-clustering/con-dtc/runs/condtc_qd_ema_staged_s3_m07_weighted_warmup_mw06/20260817_133312_seed19721013/metrics.json
