experiment initialized
run directory: /root/trajectory-clustering/con-dtc/runs/condtc_qd_late_s2_m07/20260813_095018_seed19721013
config snapshot: /root/trajectory-clustering/con-dtc/runs/condtc_qd_late_s2_m07/20260813_095018_seed19721013/config.yaml
device: cuda
pretrain checkpoint: /root/trajectory-clustering/con-dtc/checkpoints/sttraj2vec_pretrain_paper_15ep.pt
epoch=1 / num_epochs=6
batch=0050 loss=1.1629 representation_loss=0.9304 clustering_loss=0.4650 instance_nce=3.5702 cluster_nce=2.3243 
batch=0100 loss=1.1673 representation_loss=0.9701 clustering_loss=0.3943 instance_nce=3.5546 cluster_nce=2.3284 
batch=0150 loss=1.1958 representation_loss=1.0006 clustering_loss=0.3905 instance_nce=3.5938 cluster_nce=2.3155 
batch=0200 loss=1.1558 representation_loss=0.9846 clustering_loss=0.3425 instance_nce=3.5420 cluster_nce=2.2985 
batch=0250 loss=1.2080 representation_loss=1.0177 clustering_loss=0.3806 instance_nce=3.5584 cluster_nce=2.3128 
batch=0300 loss=1.1944 representation_loss=1.0261 clustering_loss=0.3367 instance_nce=3.5415 cluster_nce=2.3001 
batch=0350 loss=1.0127 representation_loss=0.8208 clustering_loss=0.3838 instance_nce=3.5150 cluster_nce=2.2909 
Train: loss=1.1389 mstm=0.9508 instance_nce=3.5503 cluster_nce=2.3165 dec=0.3762
save checkpoint:  /root/trajectory-clustering/con-dtc/runs/condtc_qd_late_s2_m07/20260813_095018_seed19721013/checkpoints/condtc_best.pt
epoch=2 / num_epochs=6
batch=0050 loss=1.0429 representation_loss=0.8869 clustering_loss=0.3120 instance_nce=3.5501 cluster_nce=2.3154 
batch=0100 loss=1.0795 representation_loss=0.9325 clustering_loss=0.2940 instance_nce=3.5565 cluster_nce=2.2991 
batch=0150 loss=1.1022 representation_loss=0.9787 clustering_loss=0.2470 instance_nce=3.5389 cluster_nce=2.2972 
batch=0200 loss=1.1718 representation_loss=1.0469 clustering_loss=0.2499 instance_nce=3.5413 cluster_nce=2.3182 
batch=0250 loss=1.0636 representation_loss=0.9296 clustering_loss=0.2680 instance_nce=3.5201 cluster_nce=2.2870 
batch=0300 loss=1.1007 representation_loss=0.9787 clustering_loss=0.2441 instance_nce=3.5371 cluster_nce=2.3111 
batch=0350 loss=1.0318 representation_loss=0.9244 clustering_loss=0.2147 instance_nce=3.5250 cluster_nce=2.2905 
Train: loss=1.0679 mstm=0.9332 instance_nce=3.5325 cluster_nce=2.3017 dec=0.2695
save checkpoint:  /root/trajectory-clustering/con-dtc/runs/condtc_qd_late_s2_m07/20260813_095018_seed19721013/checkpoints/condtc_best.pt
epoch=3 / num_epochs=6
batch=0050 loss=1.0632 representation_loss=0.9370 clustering_loss=0.2526 instance_nce=3.5213 cluster_nce=2.3066 
batch=0100 loss=1.0629 representation_loss=0.9405 clustering_loss=0.2447 instance_nce=3.5467 cluster_nce=2.3194 
batch=0150 loss=1.1056 representation_loss=0.9955 clustering_loss=0.2201 instance_nce=3.5249 cluster_nce=2.3116 
batch=0200 loss=1.0123 representation_loss=0.9055 clustering_loss=0.2136 instance_nce=3.4985 cluster_nce=2.2916 
batch=0250 loss=1.0077 representation_loss=0.9062 clustering_loss=0.2030 instance_nce=3.4882 cluster_nce=2.2861 
batch=0300 loss=0.9543 representation_loss=0.8344 clustering_loss=0.2398 instance_nce=3.5342 cluster_nce=2.2964 
batch=0350 loss=1.0450 representation_loss=0.9374 clustering_loss=0.2153 instance_nce=3.4933 cluster_nce=2.2948 
Train: loss=1.0450 mstm=0.9309 instance_nce=3.5226 cluster_nce=2.2979 dec=0.2281
save checkpoint:  /root/trajectory-clustering/con-dtc/runs/condtc_qd_late_s2_m07/20260813_095018_seed19721013/checkpoints/condtc_best.pt
epoch=4 / num_epochs=6
batch=0050 loss=0.9748 representation_loss=0.8733 clustering_loss=0.2031 instance_nce=3.4921 cluster_nce=2.3068 
batch=0100 loss=0.8775 representation_loss=0.7578 clustering_loss=0.2394 instance_nce=3.5113 cluster_nce=2.2885 
batch=0150 loss=1.0091 representation_loss=0.9222 clustering_loss=0.1738 instance_nce=3.5057 cluster_nce=2.2888 
batch=0200 loss=1.0238 representation_loss=0.9251 clustering_loss=0.1974 instance_nce=3.5007 cluster_nce=2.2907 
batch=0250 loss=0.9944 representation_loss=0.8996 clustering_loss=0.1896 instance_nce=3.5392 cluster_nce=2.2958 
batch=0300 loss=1.0302 representation_loss=0.9450 clustering_loss=0.1705 instance_nce=3.4858 cluster_nce=2.2925 
batch=0350 loss=0.9919 representation_loss=0.8957 clustering_loss=0.1924 instance_nce=3.4807 cluster_nce=2.2762 
Train: loss=1.0158 mstm=0.9122 instance_nce=3.5119 cluster_nce=2.2960 dec=0.2073
save checkpoint:  /root/trajectory-clustering/con-dtc/runs/condtc_qd_late_s2_m07/20260813_095018_seed19721013/checkpoints/condtc_best.pt
epoch=5 / num_epochs=6
batch=0050 loss=0.9509 representation_loss=0.8504 clustering_loss=0.2009 instance_nce=3.4741 cluster_nce=2.2908 
batch=0100 loss=0.9164 representation_loss=0.8234 clustering_loss=0.1860 instance_nce=3.5004 cluster_nce=2.2904 
batch=0150 loss=1.0194 representation_loss=0.9268 clustering_loss=0.1853 instance_nce=3.4977 cluster_nce=2.2968 
batch=0200 loss=0.9933 representation_loss=0.8962 clustering_loss=0.1942 instance_nce=3.5115 cluster_nce=2.2976 
batch=0250 loss=0.9803 representation_loss=0.8856 clustering_loss=0.1895 instance_nce=3.5006 cluster_nce=2.2788 
batch=0300 loss=0.9513 representation_loss=0.8593 clustering_loss=0.1839 instance_nce=3.4841 cluster_nce=2.2853 
batch=0350 loss=0.9246 representation_loss=0.8149 clustering_loss=0.2195 instance_nce=3.5054 cluster_nce=2.2993 
Train: loss=1.0119 mstm=0.9139 instance_nce=3.5019 cluster_nce=2.2929 dec=0.1962
save checkpoint:  /root/trajectory-clustering/con-dtc/runs/condtc_qd_late_s2_m07/20260813_095018_seed19721013/checkpoints/condtc_best.pt
epoch=6 / num_epochs=6
batch=0050 loss=0.9755 representation_loss=0.8829 clustering_loss=0.1853 instance_nce=3.4998 cluster_nce=2.2755 
batch=0100 loss=1.0568 representation_loss=0.9575 clustering_loss=0.1987 instance_nce=3.4688 cluster_nce=2.2843 
batch=0150 loss=0.9353 representation_loss=0.8480 clustering_loss=0.1747 instance_nce=3.4843 cluster_nce=2.2826 
batch=0200 loss=1.0174 representation_loss=0.9260 clustering_loss=0.1828 instance_nce=3.4850 cluster_nce=2.2801 
batch=0250 loss=0.9789 representation_loss=0.8775 clustering_loss=0.2028 instance_nce=3.5349 cluster_nce=2.2878 
batch=0300 loss=1.1125 representation_loss=1.0172 clustering_loss=0.1908 instance_nce=3.4699 cluster_nce=2.2849 
batch=0350 loss=1.0603 representation_loss=0.9722 clustering_loss=0.1762 instance_nce=3.5038 cluster_nce=2.3234 
Train: loss=1.0024 mstm=0.9078 instance_nce=3.4923 cluster_nce=2.2908 dec=0.1893
save checkpoint:  /root/trajectory-clustering/con-dtc/runs/condtc_qd_late_s2_m07/20260813_095018_seed19721013/checkpoints/condtc_best.pt
best train_loss:  1.0024109549745943
evaluating: /root/trajectory-clustering/con-dtc/runs/condtc_qd_late_s2_m07/20260813_095018_seed19721013/checkpoints/condtc_best.pt
device: cuda
cluster counts: tensor([1003,  946, 1870, 1124,  440, 1000,   87,  970, 1458,  955,  807,  944])
metrics: {'uacc': 0.803171320234402, 'nmi': 0.8801144952273351, 'ri': 0.958903251702755, 'ari': 0.7525785680500024}
metrics saved: /root/trajectory-clustering/con-dtc/runs/condtc_qd_late_s2_m07/20260813_095018_seed19721013/metrics.json
