experiment initialized
run directory: /root/trajectory-clustering/con-dtc/runs/condtc_qd_ema_staged_s4_m09/20260816_221749_seed2026
config snapshot: /root/trajectory-clustering/con-dtc/runs/condtc_qd_ema_staged_s4_m09/20260816_221749_seed2026/config.yaml
device: cuda
pretrain checkpoint: /root/trajectory-clustering/con-dtc/checkpoints/sttraj2vec_pretrain_paper_15ep.pt
epoch=1 / num_epochs=6
batch=0050 loss=1.1425 representation_loss=0.9502 clustering_loss=0.3846 instance_nce=3.4862 cluster_nce=2.3926 
batch=0100 loss=1.2458 representation_loss=1.0504 clustering_loss=0.3907 instance_nce=3.4718 cluster_nce=2.4177 
batch=0150 loss=1.0822 representation_loss=0.8810 clustering_loss=0.4024 instance_nce=3.4622 cluster_nce=2.4080 
batch=0200 loss=1.1439 representation_loss=0.9759 clustering_loss=0.3359 instance_nce=3.4991 cluster_nce=2.3710 
batch=0250 loss=1.1726 representation_loss=1.0075 clustering_loss=0.3303 instance_nce=3.4743 cluster_nce=2.3967 
batch=0300 loss=1.0769 representation_loss=0.9114 clustering_loss=0.3309 instance_nce=3.4768 cluster_nce=2.3934 
batch=0350 loss=1.0888 representation_loss=0.8819 clustering_loss=0.4136 instance_nce=3.4754 cluster_nce=2.4027 
Train: loss=1.1455 mstm=0.9570 instance_nce=3.4843 cluster_nce=2.4063 dec=0.3770
save checkpoint:  /root/trajectory-clustering/con-dtc/runs/condtc_qd_ema_staged_s4_m09/20260816_221749_seed2026/checkpoints/condtc_best.pt
epoch=2 / num_epochs=6
batch=0050 loss=0.9607 representation_loss=0.8276 clustering_loss=0.2662 instance_nce=3.4693 cluster_nce=2.3801 
batch=0100 loss=0.9629 representation_loss=0.8236 clustering_loss=0.2787 instance_nce=3.4543 cluster_nce=2.3978 
batch=0150 loss=0.9452 representation_loss=0.8044 clustering_loss=0.2816 instance_nce=3.4644 cluster_nce=2.4020 
batch=0200 loss=0.9457 representation_loss=0.8103 clustering_loss=0.2707 instance_nce=3.4766 cluster_nce=2.4119 
batch=0250 loss=1.1337 representation_loss=1.0107 clustering_loss=0.2461 instance_nce=3.4584 cluster_nce=2.4101 
batch=0300 loss=1.0750 representation_loss=0.9560 clustering_loss=0.2381 instance_nce=3.4974 cluster_nce=2.3848 
batch=0350 loss=1.1823 representation_loss=1.0538 clustering_loss=0.2569 instance_nce=3.4568 cluster_nce=2.3653 
Train: loss=1.0699 mstm=0.9367 instance_nce=3.4647 cluster_nce=2.3825 dec=0.2662
save checkpoint:  /root/trajectory-clustering/con-dtc/runs/condtc_qd_ema_staged_s4_m09/20260816_221749_seed2026/checkpoints/condtc_best.pt
epoch=3 / num_epochs=6
batch=0050 loss=1.0552 representation_loss=0.9104 clustering_loss=0.2896 instance_nce=3.4692 cluster_nce=2.3823 
batch=0100 loss=1.0894 representation_loss=0.9616 clustering_loss=0.2554 instance_nce=3.4453 cluster_nce=2.3684 
batch=0150 loss=1.1240 representation_loss=1.0032 clustering_loss=0.2417 instance_nce=3.4524 cluster_nce=2.3738 
batch=0200 loss=0.9556 representation_loss=0.8383 clustering_loss=0.2347 instance_nce=3.4895 cluster_nce=2.3741 
batch=0250 loss=1.0355 representation_loss=0.9109 clustering_loss=0.2491 instance_nce=3.4349 cluster_nce=2.3713 
batch=0300 loss=1.0772 representation_loss=0.9525 clustering_loss=0.2494 instance_nce=3.4692 cluster_nce=2.3975 
batch=0350 loss=1.0807 representation_loss=0.9695 clustering_loss=0.2225 instance_nce=3.4279 cluster_nce=2.3468 
Train: loss=1.0583 mstm=0.9330 instance_nce=3.4534 cluster_nce=2.3713 dec=0.2505
save checkpoint:  /root/trajectory-clustering/con-dtc/runs/condtc_qd_ema_staged_s4_m09/20260816_221749_seed2026/checkpoints/condtc_best.pt
epoch=4 / num_epochs=6
batch=0050 loss=0.9834 representation_loss=0.8655 clustering_loss=0.2358 instance_nce=3.4627 cluster_nce=2.3434 
batch=0100 loss=0.8889 representation_loss=0.7786 clustering_loss=0.2208 instance_nce=3.4441 cluster_nce=2.3865 
batch=0150 loss=0.9925 representation_loss=0.8846 clustering_loss=0.2158 instance_nce=3.4574 cluster_nce=2.3666 
batch=0200 loss=0.9797 representation_loss=0.8747 clustering_loss=0.2100 instance_nce=3.4276 cluster_nce=2.3399 
batch=0250 loss=0.9861 representation_loss=0.8845 clustering_loss=0.2031 instance_nce=3.4442 cluster_nce=2.3741 
batch=0300 loss=1.0414 representation_loss=0.9319 clustering_loss=0.2189 instance_nce=3.4687 cluster_nce=2.3932 
batch=0350 loss=0.9948 representation_loss=0.8935 clustering_loss=0.2026 instance_nce=3.4456 cluster_nce=2.3668 
Train: loss=1.0311 mstm=0.9208 instance_nce=3.4447 cluster_nce=2.3661 dec=0.2205
save checkpoint:  /root/trajectory-clustering/con-dtc/runs/condtc_qd_ema_staged_s4_m09/20260816_221749_seed2026/checkpoints/condtc_best.pt
epoch=5 / num_epochs=6
batch=0050 loss=1.1309 representation_loss=1.0207 clustering_loss=0.2202 instance_nce=3.4282 cluster_nce=2.3460 
batch=0100 loss=1.1189 representation_loss=1.0070 clustering_loss=0.2238 instance_nce=3.4770 cluster_nce=2.4103 
batch=0150 loss=0.9329 representation_loss=0.8249 clustering_loss=0.2160 instance_nce=3.4540 cluster_nce=2.3923 
batch=0200 loss=0.9544 representation_loss=0.8595 clustering_loss=0.1898 instance_nce=3.4000 cluster_nce=2.3569 
batch=0250 loss=0.9526 representation_loss=0.8620 clustering_loss=0.1811 instance_nce=3.4190 cluster_nce=2.3458 
batch=0300 loss=1.0878 representation_loss=0.9839 clustering_loss=0.2078 instance_nce=3.4373 cluster_nce=2.3766 
batch=0350 loss=1.0528 representation_loss=0.9467 clustering_loss=0.2123 instance_nce=3.4165 cluster_nce=2.3455 
Train: loss=1.0202 mstm=0.9190 instance_nce=3.4341 cluster_nce=2.3627 dec=0.2024
save checkpoint:  /root/trajectory-clustering/con-dtc/runs/condtc_qd_ema_staged_s4_m09/20260816_221749_seed2026/checkpoints/condtc_best.pt
epoch=6 / num_epochs=6
batch=0050 loss=1.1137 representation_loss=1.0222 clustering_loss=0.1831 instance_nce=3.4183 cluster_nce=2.3653 
batch=0100 loss=1.0435 representation_loss=0.9572 clustering_loss=0.1727 instance_nce=3.4098 cluster_nce=2.3509 
batch=0150 loss=1.0658 representation_loss=0.9664 clustering_loss=0.1987 instance_nce=3.4048 cluster_nce=2.3644 
batch=0200 loss=1.0110 representation_loss=0.9216 clustering_loss=0.1788 instance_nce=3.4255 cluster_nce=2.3640 
batch=0250 loss=1.0527 representation_loss=0.9389 clustering_loss=0.2276 instance_nce=3.4279 cluster_nce=2.3679 
batch=0300 loss=0.9472 representation_loss=0.8580 clustering_loss=0.1785 instance_nce=3.4041 cluster_nce=2.3617 
batch=0350 loss=0.9591 representation_loss=0.8753 clustering_loss=0.1676 instance_nce=3.4210 cluster_nce=2.3327 
Train: loss=0.9916 mstm=0.8970 instance_nce=3.4278 cluster_nce=2.3601 dec=0.1892
save checkpoint:  /root/trajectory-clustering/con-dtc/runs/condtc_qd_ema_staged_s4_m09/20260816_221749_seed2026/checkpoints/condtc_best.pt
best train_loss:  0.9916121431853351
evaluating: /root/trajectory-clustering/con-dtc/runs/condtc_qd_ema_staged_s4_m09/20260816_221749_seed2026/checkpoints/condtc_best.pt
device: cuda
cluster counts: tensor([ 935, 1003, 1628,   15, 1000, 1127,  973,  300, 1942,  944,  771,  966])
metrics: {'uacc': 0.8082557738710789, 'nmi': 0.8938472496752929, 'ri': 0.9621049905581658, 'ari': 0.7772038146595012}
metrics saved: /root/trajectory-clustering/con-dtc/runs/condtc_qd_ema_staged_s4_m09/20260816_221749_seed2026/metrics.json
