experiment initialized
run directory: /root/trajectory-clustering/con-dtc/runs/condtc_qd_ema_staged_s5_m09/20260816_215748_seed777
config snapshot: /root/trajectory-clustering/con-dtc/runs/condtc_qd_ema_staged_s5_m09/20260816_215748_seed777/config.yaml
device: cuda
pretrain checkpoint: /root/trajectory-clustering/con-dtc/checkpoints/sttraj2vec_pretrain_paper_15ep.pt
epoch=1 / num_epochs=6
batch=0050 loss=1.1041 representation_loss=0.8910 clustering_loss=0.4262 instance_nce=3.5183 cluster_nce=2.3541 
batch=0100 loss=1.1255 representation_loss=0.9189 clustering_loss=0.4131 instance_nce=3.5500 cluster_nce=2.3527 
batch=0150 loss=1.0998 representation_loss=0.9010 clustering_loss=0.3976 instance_nce=3.5374 cluster_nce=2.3381 
batch=0200 loss=1.0455 representation_loss=0.8774 clustering_loss=0.3362 instance_nce=3.5043 cluster_nce=2.3492 
batch=0250 loss=1.0576 representation_loss=0.8807 clustering_loss=0.3538 instance_nce=3.5087 cluster_nce=2.3190 
batch=0300 loss=1.0648 representation_loss=0.8901 clustering_loss=0.3494 instance_nce=3.5232 cluster_nce=2.3238 
batch=0350 loss=1.2181 representation_loss=1.0338 clustering_loss=0.3685 instance_nce=3.4997 cluster_nce=2.3173 
Train: loss=1.1377 mstm=0.9503 instance_nce=3.5230 cluster_nce=2.3400 dec=0.3747
save checkpoint:  /root/trajectory-clustering/con-dtc/runs/condtc_qd_ema_staged_s5_m09/20260816_215748_seed777/checkpoints/condtc_best.pt
epoch=2 / num_epochs=6
batch=0050 loss=1.1027 representation_loss=0.9530 clustering_loss=0.2994 instance_nce=3.4978 cluster_nce=2.3306 
batch=0100 loss=1.0955 representation_loss=0.9477 clustering_loss=0.2954 instance_nce=3.5180 cluster_nce=2.3085 
batch=0150 loss=1.1029 representation_loss=0.9744 clustering_loss=0.2570 instance_nce=3.5031 cluster_nce=2.3156 
batch=0200 loss=1.0753 representation_loss=0.9499 clustering_loss=0.2507 instance_nce=3.5658 cluster_nce=2.3358 
batch=0250 loss=1.0711 representation_loss=0.9385 clustering_loss=0.2652 instance_nce=3.4802 cluster_nce=2.3046 
batch=0300 loss=1.0171 representation_loss=0.9069 clustering_loss=0.2203 instance_nce=3.4612 cluster_nce=2.3082 
batch=0350 loss=1.0363 representation_loss=0.9243 clustering_loss=0.2239 instance_nce=3.5195 cluster_nce=2.3021 
Train: loss=1.0692 mstm=0.9393 instance_nce=3.5033 cluster_nce=2.3218 dec=0.2599
save checkpoint:  /root/trajectory-clustering/con-dtc/runs/condtc_qd_ema_staged_s5_m09/20260816_215748_seed777/checkpoints/condtc_best.pt
epoch=3 / num_epochs=6
batch=0050 loss=1.0529 representation_loss=0.9208 clustering_loss=0.2643 instance_nce=3.5023 cluster_nce=2.3127 
batch=0100 loss=1.1508 representation_loss=1.0091 clustering_loss=0.2833 instance_nce=3.4805 cluster_nce=2.3092 
batch=0150 loss=1.0526 representation_loss=0.9373 clustering_loss=0.2306 instance_nce=3.4609 cluster_nce=2.3193 
batch=0200 loss=0.9713 representation_loss=0.8451 clustering_loss=0.2524 instance_nce=3.4895 cluster_nce=2.3255 
batch=0250 loss=1.1273 representation_loss=1.0124 clustering_loss=0.2298 instance_nce=3.4835 cluster_nce=2.3114 
batch=0300 loss=0.9811 representation_loss=0.8669 clustering_loss=0.2283 instance_nce=3.4932 cluster_nce=2.3181 
batch=0350 loss=1.1131 representation_loss=1.0065 clustering_loss=0.2131 instance_nce=3.4607 cluster_nce=2.3102 
Train: loss=1.0574 mstm=0.9331 instance_nce=3.4922 cluster_nce=2.3165 dec=0.2485
save checkpoint:  /root/trajectory-clustering/con-dtc/runs/condtc_qd_ema_staged_s5_m09/20260816_215748_seed777/checkpoints/condtc_best.pt
epoch=4 / num_epochs=6
batch=0050 loss=1.0568 representation_loss=0.9428 clustering_loss=0.2279 instance_nce=3.4982 cluster_nce=2.3237 
batch=0100 loss=1.2211 representation_loss=1.0829 clustering_loss=0.2764 instance_nce=3.5328 cluster_nce=2.3264 
batch=0150 loss=1.1164 representation_loss=0.9977 clustering_loss=0.2375 instance_nce=3.4717 cluster_nce=2.3137 
batch=0200 loss=1.1440 representation_loss=1.0289 clustering_loss=0.2302 instance_nce=3.4670 cluster_nce=2.3039 
batch=0250 loss=1.0912 representation_loss=0.9650 clustering_loss=0.2523 instance_nce=3.5011 cluster_nce=2.3177 
batch=0300 loss=0.8733 representation_loss=0.7558 clustering_loss=0.2350 instance_nce=3.5038 cluster_nce=2.3205 
batch=0350 loss=1.1316 representation_loss=1.0191 clustering_loss=0.2249 instance_nce=3.4508 cluster_nce=2.3070 
Train: loss=1.0420 mstm=0.9246 instance_nce=3.4818 cluster_nce=2.3111 dec=0.2347
save checkpoint:  /root/trajectory-clustering/con-dtc/runs/condtc_qd_ema_staged_s5_m09/20260816_215748_seed777/checkpoints/condtc_best.pt
epoch=5 / num_epochs=6
batch=0050 loss=1.0408 representation_loss=0.9373 clustering_loss=0.2070 instance_nce=3.4526 cluster_nce=2.2966 
batch=0100 loss=1.0071 representation_loss=0.9027 clustering_loss=0.2087 instance_nce=3.4506 cluster_nce=2.3052 
batch=0150 loss=0.9483 representation_loss=0.8429 clustering_loss=0.2107 instance_nce=3.4655 cluster_nce=2.3052 
batch=0200 loss=0.9808 representation_loss=0.8773 clustering_loss=0.2070 instance_nce=3.4721 cluster_nce=2.3055 
batch=0250 loss=1.1164 representation_loss=1.0178 clustering_loss=0.1972 instance_nce=3.4619 cluster_nce=2.3091 
batch=0300 loss=1.0398 representation_loss=0.9416 clustering_loss=0.1963 instance_nce=3.4685 cluster_nce=2.3114 
batch=0350 loss=0.9871 representation_loss=0.8774 clustering_loss=0.2193 instance_nce=3.4695 cluster_nce=2.3142 
Train: loss=1.0164 mstm=0.9115 instance_nce=3.4734 cluster_nce=2.3082 dec=0.2096
save checkpoint:  /root/trajectory-clustering/con-dtc/runs/condtc_qd_ema_staged_s5_m09/20260816_215748_seed777/checkpoints/condtc_best.pt
epoch=6 / num_epochs=6
batch=0050 loss=0.9789 representation_loss=0.8783 clustering_loss=0.2012 instance_nce=3.5778 cluster_nce=2.3215 
batch=0100 loss=0.9380 representation_loss=0.8411 clustering_loss=0.1936 instance_nce=3.4778 cluster_nce=2.2930 
batch=0150 loss=0.9563 representation_loss=0.8587 clustering_loss=0.1953 instance_nce=3.4675 cluster_nce=2.3094 
batch=0200 loss=0.9686 representation_loss=0.8717 clustering_loss=0.1937 instance_nce=3.4890 cluster_nce=2.2945 
batch=0250 loss=0.9407 representation_loss=0.8458 clustering_loss=0.1898 instance_nce=3.4838 cluster_nce=2.3171 
batch=0300 loss=1.0592 representation_loss=0.9660 clustering_loss=0.1864 instance_nce=3.4623 cluster_nce=2.2933 
batch=0350 loss=1.0186 representation_loss=0.9174 clustering_loss=0.2024 instance_nce=3.4396 cluster_nce=2.2876 
Train: loss=1.0026 mstm=0.9048 instance_nce=3.4653 cluster_nce=2.3049 dec=0.1955
save checkpoint:  /root/trajectory-clustering/con-dtc/runs/condtc_qd_ema_staged_s5_m09/20260816_215748_seed777/checkpoints/condtc_best.pt
best train_loss:  1.002572420217875
evaluating: /root/trajectory-clustering/con-dtc/runs/condtc_qd_ema_staged_s5_m09/20260816_215748_seed777/checkpoints/condtc_best.pt
device: cuda
cluster counts: tensor([ 975,  682, 1957,  965, 1003, 1216, 1000,  936,  944,  804, 1122,    0])
metrics: {'uacc': 0.8171320234401931, 'nmi': 0.8890648623992864, 'ri': 0.9621366450563442, 'ari': 0.7716245083085358}
metrics saved: /root/trajectory-clustering/con-dtc/runs/condtc_qd_ema_staged_s5_m09/20260816_215748_seed777/metrics.json
