experiment initialized
run directory: /root/trajectory-clustering/con-dtc/runs/condtc_qd_ema_staged_s3_m07_entropy_p80_a050/20260817_153718_seed777
config snapshot: /root/trajectory-clustering/con-dtc/runs/condtc_qd_ema_staged_s3_m07_entropy_p80_a050/20260817_153718_seed777/config.yaml
device: cuda
pretrain checkpoint: /root/trajectory-clustering/con-dtc/checkpoints/sttraj2vec_pretrain_paper_15ep.pt
epoch=1 / num_epochs=6
batch=0050 loss=1.1041 representation_loss=0.8910 clustering_loss=0.4262 instance_nce=3.5183 cluster_nce=2.3541 
batch=0100 loss=1.1255 representation_loss=0.9189 clustering_loss=0.4131 instance_nce=3.5500 cluster_nce=2.3527 
batch=0150 loss=1.0998 representation_loss=0.9010 clustering_loss=0.3976 instance_nce=3.5374 cluster_nce=2.3381 
batch=0200 loss=1.0455 representation_loss=0.8774 clustering_loss=0.3362 instance_nce=3.5043 cluster_nce=2.3492 
batch=0250 loss=1.0576 representation_loss=0.8807 clustering_loss=0.3538 instance_nce=3.5087 cluster_nce=2.3190 
batch=0300 loss=1.0648 representation_loss=0.8901 clustering_loss=0.3494 instance_nce=3.5232 cluster_nce=2.3238 
batch=0350 loss=1.2181 representation_loss=1.0338 clustering_loss=0.3685 instance_nce=3.4997 cluster_nce=2.3173 
Train: loss=1.1377 mstm=0.9503 instance_nce=3.5230 cluster_nce=2.3400 dec=0.3747
save checkpoint:  /root/trajectory-clustering/con-dtc/runs/condtc_qd_ema_staged_s3_m07_entropy_p80_a050/20260817_153718_seed777/checkpoints/condtc_best.pt
epoch=2 / num_epochs=6
batch=0050 loss=1.1027 representation_loss=0.9530 clustering_loss=0.2994 instance_nce=3.4978 cluster_nce=2.3306 
batch=0100 loss=1.0955 representation_loss=0.9477 clustering_loss=0.2954 instance_nce=3.5180 cluster_nce=2.3085 
batch=0150 loss=1.1029 representation_loss=0.9744 clustering_loss=0.2570 instance_nce=3.5031 cluster_nce=2.3156 
batch=0200 loss=1.0753 representation_loss=0.9499 clustering_loss=0.2507 instance_nce=3.5658 cluster_nce=2.3358 
batch=0250 loss=1.0711 representation_loss=0.9385 clustering_loss=0.2652 instance_nce=3.4802 cluster_nce=2.3046 
batch=0300 loss=1.0171 representation_loss=0.9069 clustering_loss=0.2203 instance_nce=3.4612 cluster_nce=2.3082 
batch=0350 loss=1.0363 representation_loss=0.9243 clustering_loss=0.2239 instance_nce=3.5195 cluster_nce=2.3021 
Train: loss=1.0692 mstm=0.9393 instance_nce=3.5033 cluster_nce=2.3218 dec=0.2599
save checkpoint:  /root/trajectory-clustering/con-dtc/runs/condtc_qd_ema_staged_s3_m07_entropy_p80_a050/20260817_153718_seed777/checkpoints/condtc_best.pt
epoch=3 / num_epochs=6
batch=0050 loss=1.0430 representation_loss=0.9211 clustering_loss=0.2439 instance_nce=3.5025 cluster_nce=2.3135 
batch=0100 loss=1.1385 representation_loss=1.0086 clustering_loss=0.2599 instance_nce=3.4813 cluster_nce=2.3103 
batch=0150 loss=1.0434 representation_loss=0.9371 clustering_loss=0.2126 instance_nce=3.4612 cluster_nce=2.3197 
batch=0200 loss=0.9594 representation_loss=0.8446 clustering_loss=0.2297 instance_nce=3.4903 cluster_nce=2.3256 
batch=0250 loss=1.1117 representation_loss=1.0122 clustering_loss=0.1991 instance_nce=3.4839 cluster_nce=2.3118 
batch=0300 loss=0.9700 representation_loss=0.8663 clustering_loss=0.2074 instance_nce=3.4940 cluster_nce=2.3186 
batch=0350 loss=1.1070 representation_loss=1.0064 clustering_loss=0.2012 instance_nce=3.4619 cluster_nce=2.3113 
Train: loss=1.0448 mstm=0.9330 instance_nce=3.4928 cluster_nce=2.3170 dec=0.2237
save checkpoint:  /root/trajectory-clustering/con-dtc/runs/condtc_qd_ema_staged_s3_m07_entropy_p80_a050/20260817_153718_seed777/checkpoints/condtc_best.pt
epoch=4 / num_epochs=6
batch=0050 loss=1.0442 representation_loss=0.9432 clustering_loss=0.2020 instance_nce=3.4999 cluster_nce=2.3251 
batch=0100 loss=1.2034 representation_loss=1.0826 clustering_loss=0.2416 instance_nce=3.5345 cluster_nce=2.3280 
batch=0150 loss=1.1005 representation_loss=0.9977 clustering_loss=0.2056 instance_nce=3.4726 cluster_nce=2.3148 
batch=0200 loss=1.1323 representation_loss=1.0297 clustering_loss=0.2051 instance_nce=3.4690 cluster_nce=2.3040 
batch=0250 loss=1.0798 representation_loss=0.9641 clustering_loss=0.2315 instance_nce=3.5026 cluster_nce=2.3182 
batch=0300 loss=0.8561 representation_loss=0.7552 clustering_loss=0.2017 instance_nce=3.5051 cluster_nce=2.3233 
batch=0350 loss=1.1226 representation_loss=1.0180 clustering_loss=0.2091 instance_nce=3.4521 cluster_nce=2.3094 
Train: loss=1.0272 mstm=0.9242 instance_nce=3.4829 cluster_nce=2.3122 dec=0.2060
save checkpoint:  /root/trajectory-clustering/con-dtc/runs/condtc_qd_ema_staged_s3_m07_entropy_p80_a050/20260817_153718_seed777/checkpoints/condtc_best.pt
epoch=5 / num_epochs=6
batch=0050 loss=1.0280 representation_loss=0.9356 clustering_loss=0.1847 instance_nce=3.4529 cluster_nce=2.2970 
batch=0100 loss=0.9961 representation_loss=0.9020 clustering_loss=0.1882 instance_nce=3.4523 cluster_nce=2.3065 
batch=0150 loss=0.9416 representation_loss=0.8430 clustering_loss=0.1971 instance_nce=3.4668 cluster_nce=2.3067 
batch=0200 loss=0.9774 representation_loss=0.8775 clustering_loss=0.2000 instance_nce=3.4738 cluster_nce=2.3070 
batch=0250 loss=1.1073 representation_loss=1.0176 clustering_loss=0.1793 instance_nce=3.4629 cluster_nce=2.3102 
batch=0300 loss=1.0292 representation_loss=0.9407 clustering_loss=0.1769 instance_nce=3.4703 cluster_nce=2.3127 
batch=0350 loss=0.9823 representation_loss=0.8779 clustering_loss=0.2087 instance_nce=3.4705 cluster_nce=2.3159 
Train: loss=1.0083 mstm=0.9110 instance_nce=3.4746 cluster_nce=2.3094 dec=0.1945
save checkpoint:  /root/trajectory-clustering/con-dtc/runs/condtc_qd_ema_staged_s3_m07_entropy_p80_a050/20260817_153718_seed777/checkpoints/condtc_best.pt
epoch=6 / num_epochs=6
batch=0050 loss=0.9800 representation_loss=0.8781 clustering_loss=0.2037 instance_nce=3.5793 cluster_nce=2.3230 
batch=0100 loss=0.9338 representation_loss=0.8414 clustering_loss=0.1849 instance_nce=3.4788 cluster_nce=2.2937 
batch=0150 loss=0.9544 representation_loss=0.8590 clustering_loss=0.1908 instance_nce=3.4695 cluster_nce=2.3104 
batch=0200 loss=0.9617 representation_loss=0.8707 clustering_loss=0.1820 instance_nce=3.4886 cluster_nce=2.2950 
batch=0250 loss=0.9366 representation_loss=0.8457 clustering_loss=0.1818 instance_nce=3.4853 cluster_nce=2.3180 
batch=0300 loss=1.0529 representation_loss=0.9656 clustering_loss=0.1745 instance_nce=3.4629 cluster_nce=2.2941 
batch=0350 loss=1.0149 representation_loss=0.9166 clustering_loss=0.1967 instance_nce=3.4405 cluster_nce=2.2881 
Train: loss=0.9986 mstm=0.9044 instance_nce=3.4663 cluster_nce=2.3059 dec=0.1884
save checkpoint:  /root/trajectory-clustering/con-dtc/runs/condtc_qd_ema_staged_s3_m07_entropy_p80_a050/20260817_153718_seed777/checkpoints/condtc_best.pt
best train_loss:  0.9985871690998649
evaluating: /root/trajectory-clustering/con-dtc/runs/condtc_qd_ema_staged_s3_m07_entropy_p80_a050/20260817_153718_seed777/checkpoints/condtc_best.pt
device: cuda
cluster counts: tensor([ 973,  775, 1896,  964, 1003, 1123, 1000,  937,  944,  696, 1232,   61])
metrics: {'uacc': 0.8336780420544639, 'nmi': 0.8924290275500472, 'ri': 0.9644086834274783, 'ari': 0.783547976850959}
metrics saved: /root/trajectory-clustering/con-dtc/runs/condtc_qd_ema_staged_s3_m07_entropy_p80_a050/20260817_153718_seed777/metrics.json
