experiment initialized
run directory: /root/trajectory-clustering/con-dtc/runs/condtc_qd_s3_m07_unweighted/20260814_110032_seed777
config snapshot: /root/trajectory-clustering/con-dtc/runs/condtc_qd_s3_m07_unweighted/20260814_110032_seed777/config.yaml
device: cuda
pretrain checkpoint: /root/trajectory-clustering/con-dtc/checkpoints/sttraj2vec_pretrain_paper_15ep.pt
epoch=1 / num_epochs=6
batch=0050 loss=1.1041 representation_loss=0.8910 clustering_loss=0.4262 instance_nce=3.5183 cluster_nce=2.3541 
batch=0100 loss=1.1255 representation_loss=0.9189 clustering_loss=0.4131 instance_nce=3.5500 cluster_nce=2.3527 
batch=0150 loss=1.0998 representation_loss=0.9010 clustering_loss=0.3976 instance_nce=3.5374 cluster_nce=2.3381 
batch=0200 loss=1.0455 representation_loss=0.8774 clustering_loss=0.3362 instance_nce=3.5043 cluster_nce=2.3492 
batch=0250 loss=1.0576 representation_loss=0.8807 clustering_loss=0.3538 instance_nce=3.5087 cluster_nce=2.3190 
batch=0300 loss=1.0648 representation_loss=0.8901 clustering_loss=0.3494 instance_nce=3.5232 cluster_nce=2.3238 
batch=0350 loss=1.2181 representation_loss=1.0338 clustering_loss=0.3685 instance_nce=3.4997 cluster_nce=2.3173 
Train: loss=1.1377 mstm=0.9503 instance_nce=3.5230 cluster_nce=2.3400 dec=0.3747
save checkpoint:  /root/trajectory-clustering/con-dtc/runs/condtc_qd_s3_m07_unweighted/20260814_110032_seed777/checkpoints/condtc_best.pt
epoch=2 / num_epochs=6
batch=0050 loss=1.1027 representation_loss=0.9530 clustering_loss=0.2994 instance_nce=3.4978 cluster_nce=2.3306 
batch=0100 loss=1.0955 representation_loss=0.9477 clustering_loss=0.2954 instance_nce=3.5180 cluster_nce=2.3085 
batch=0150 loss=1.1029 representation_loss=0.9744 clustering_loss=0.2570 instance_nce=3.5031 cluster_nce=2.3156 
batch=0200 loss=1.0753 representation_loss=0.9499 clustering_loss=0.2507 instance_nce=3.5658 cluster_nce=2.3358 
batch=0250 loss=1.0711 representation_loss=0.9385 clustering_loss=0.2652 instance_nce=3.4802 cluster_nce=2.3046 
batch=0300 loss=1.0171 representation_loss=0.9069 clustering_loss=0.2203 instance_nce=3.4612 cluster_nce=2.3082 
batch=0350 loss=1.0363 representation_loss=0.9243 clustering_loss=0.2239 instance_nce=3.5195 cluster_nce=2.3021 
Train: loss=1.0692 mstm=0.9393 instance_nce=3.5033 cluster_nce=2.3218 dec=0.2599
save checkpoint:  /root/trajectory-clustering/con-dtc/runs/condtc_qd_s3_m07_unweighted/20260814_110032_seed777/checkpoints/condtc_best.pt
epoch=3 / num_epochs=6
batch=0050 loss=1.0419 representation_loss=0.9212 clustering_loss=0.2416 instance_nce=3.5021 cluster_nce=2.3132 
batch=0100 loss=1.1387 representation_loss=1.0085 clustering_loss=0.2605 instance_nce=3.4813 cluster_nce=2.3102 
batch=0150 loss=1.0440 representation_loss=0.9372 clustering_loss=0.2135 instance_nce=3.4611 cluster_nce=2.3196 
batch=0200 loss=0.9590 representation_loss=0.8445 clustering_loss=0.2289 instance_nce=3.4902 cluster_nce=2.3251 
batch=0250 loss=1.1128 representation_loss=1.0120 clustering_loss=0.2016 instance_nce=3.4838 cluster_nce=2.3114 
batch=0300 loss=0.9697 representation_loss=0.8664 clustering_loss=0.2066 instance_nce=3.4941 cluster_nce=2.3185 
batch=0350 loss=1.1079 representation_loss=1.0065 clustering_loss=0.2028 instance_nce=3.4620 cluster_nce=2.3113 
Train: loss=1.0444 mstm=0.9330 instance_nce=3.4928 cluster_nce=2.3169 dec=0.2229
save checkpoint:  /root/trajectory-clustering/con-dtc/runs/condtc_qd_s3_m07_unweighted/20260814_110032_seed777/checkpoints/condtc_best.pt
epoch=4 / num_epochs=6
batch=0050 loss=1.0421 representation_loss=0.9428 clustering_loss=0.1985 instance_nce=3.4999 cluster_nce=2.3250 
batch=0100 loss=1.2013 representation_loss=1.0824 clustering_loss=0.2377 instance_nce=3.5347 cluster_nce=2.3280 
batch=0150 loss=1.0999 representation_loss=0.9977 clustering_loss=0.2044 instance_nce=3.4727 cluster_nce=2.3146 
batch=0200 loss=1.1325 representation_loss=1.0298 clustering_loss=0.2054 instance_nce=3.4690 cluster_nce=2.3037 
batch=0250 loss=1.0812 representation_loss=0.9640 clustering_loss=0.2343 instance_nce=3.5028 cluster_nce=2.3181 
batch=0300 loss=0.8559 representation_loss=0.7554 clustering_loss=0.2011 instance_nce=3.5050 cluster_nce=2.3234 
batch=0350 loss=1.1215 representation_loss=1.0178 clustering_loss=0.2075 instance_nce=3.4520 cluster_nce=2.3094 
Train: loss=1.0265 mstm=0.9242 instance_nce=3.4830 cluster_nce=2.3121 dec=0.2046
save checkpoint:  /root/trajectory-clustering/con-dtc/runs/condtc_qd_s3_m07_unweighted/20260814_110032_seed777/checkpoints/condtc_best.pt
epoch=5 / num_epochs=6
batch=0050 loss=1.0278 representation_loss=0.9352 clustering_loss=0.1852 instance_nce=3.4531 cluster_nce=2.2972 
batch=0100 loss=0.9950 representation_loss=0.9018 clustering_loss=0.1862 instance_nce=3.4524 cluster_nce=2.3066 
batch=0150 loss=0.9399 representation_loss=0.8432 clustering_loss=0.1934 instance_nce=3.4667 cluster_nce=2.3068 
batch=0200 loss=0.9754 representation_loss=0.8774 clustering_loss=0.1960 instance_nce=3.4740 cluster_nce=2.3070 
batch=0250 loss=1.1078 representation_loss=1.0178 clustering_loss=0.1800 instance_nce=3.4629 cluster_nce=2.3102 
batch=0300 loss=1.0267 representation_loss=0.9407 clustering_loss=0.1720 instance_nce=3.4704 cluster_nce=2.3127 
batch=0350 loss=0.9818 representation_loss=0.8778 clustering_loss=0.2081 instance_nce=3.4707 cluster_nce=2.3159 
Train: loss=1.0075 mstm=0.9110 instance_nce=3.4747 cluster_nce=2.3093 dec=0.1931
save checkpoint:  /root/trajectory-clustering/con-dtc/runs/condtc_qd_s3_m07_unweighted/20260814_110032_seed777/checkpoints/condtc_best.pt
epoch=6 / num_epochs=6
batch=0050 loss=0.9757 representation_loss=0.8780 clustering_loss=0.1954 instance_nce=3.5798 cluster_nce=2.3231 
batch=0100 loss=0.9328 representation_loss=0.8414 clustering_loss=0.1827 instance_nce=3.4787 cluster_nce=2.2936 
batch=0150 loss=0.9555 representation_loss=0.8596 clustering_loss=0.1918 instance_nce=3.4698 cluster_nce=2.3106 
batch=0200 loss=0.9616 representation_loss=0.8707 clustering_loss=0.1818 instance_nce=3.4889 cluster_nce=2.2950 
batch=0250 loss=0.9371 representation_loss=0.8454 clustering_loss=0.1833 instance_nce=3.4856 cluster_nce=2.3178 
batch=0300 loss=1.0514 representation_loss=0.9651 clustering_loss=0.1727 instance_nce=3.4628 cluster_nce=2.2941 
batch=0350 loss=1.0132 representation_loss=0.9162 clustering_loss=0.1940 instance_nce=3.4405 cluster_nce=2.2881 
Train: loss=0.9978 mstm=0.9043 instance_nce=3.4664 cluster_nce=2.3060 dec=0.1869
save checkpoint:  /root/trajectory-clustering/con-dtc/runs/condtc_qd_s3_m07_unweighted/20260814_110032_seed777/checkpoints/condtc_best.pt
best train_loss:  0.997793763845142
evaluating: /root/trajectory-clustering/con-dtc/runs/condtc_qd_s3_m07_unweighted/20260814_110032_seed777/checkpoints/condtc_best.pt
device: cuda
cluster counts: tensor([ 972,  755, 1898,  963, 1003, 1143, 1000,  938,  944,  710, 1219,   59])
metrics: {'uacc': 0.8291968286797656, 'nmi': 0.8906389886899481, 'ri': 0.9637340014437779, 'ari': 0.7795103312487454}
metrics saved: /root/trajectory-clustering/con-dtc/runs/condtc_qd_s3_m07_unweighted/20260814_110032_seed777/metrics.json
