experiment initialized
run directory: /root/trajectory-clustering/con-dtc/runs/condtc_qd_s3_m07_w08_boundary_protected/20260814_133826_seed42
config snapshot: /root/trajectory-clustering/con-dtc/runs/condtc_qd_s3_m07_w08_boundary_protected/20260814_133826_seed42/config.yaml
device: cuda
pretrain checkpoint: /root/trajectory-clustering/con-dtc/checkpoints/sttraj2vec_pretrain_paper_15ep.pt
epoch=1 / num_epochs=6
batch=0050 loss=1.2522 representation_loss=1.0175 clustering_loss=0.4694 instance_nce=3.5261 cluster_nce=2.3788 
batch=0100 loss=1.1484 representation_loss=0.9354 clustering_loss=0.4259 instance_nce=3.5002 cluster_nce=2.3484 
batch=0150 loss=1.2910 representation_loss=1.1073 clustering_loss=0.3676 instance_nce=3.5001 cluster_nce=2.3400 
batch=0200 loss=1.1210 representation_loss=0.9007 clustering_loss=0.4407 instance_nce=3.4968 cluster_nce=2.3422 
batch=0250 loss=1.1561 representation_loss=1.0058 clustering_loss=0.3007 instance_nce=3.4909 cluster_nce=2.3328 
batch=0300 loss=1.2513 representation_loss=1.0743 clustering_loss=0.3540 instance_nce=3.4894 cluster_nce=2.3394 
batch=0350 loss=1.1866 representation_loss=1.0231 clustering_loss=0.3270 instance_nce=3.4739 cluster_nce=2.3411 
Train: loss=1.1424 mstm=0.9538 instance_nce=3.5081 cluster_nce=2.3467 dec=0.3772
save checkpoint:  /root/trajectory-clustering/con-dtc/runs/condtc_qd_s3_m07_w08_boundary_protected/20260814_133826_seed42/checkpoints/condtc_best.pt
epoch=2 / num_epochs=6
batch=0050 loss=1.0601 representation_loss=0.9270 clustering_loss=0.2662 instance_nce=3.4772 cluster_nce=2.3288 
batch=0100 loss=1.0675 representation_loss=0.9415 clustering_loss=0.2520 instance_nce=3.4701 cluster_nce=2.3227 
batch=0150 loss=1.2057 representation_loss=1.0739 clustering_loss=0.2635 instance_nce=3.4802 cluster_nce=2.3232 
batch=0200 loss=1.0010 representation_loss=0.8775 clustering_loss=0.2469 instance_nce=3.4659 cluster_nce=2.3335 
batch=0250 loss=1.0316 representation_loss=0.9058 clustering_loss=0.2518 instance_nce=3.5169 cluster_nce=2.3357 
batch=0300 loss=1.0958 representation_loss=0.9792 clustering_loss=0.2333 instance_nce=3.4917 cluster_nce=2.3403 
batch=0350 loss=1.1383 representation_loss=1.0237 clustering_loss=0.2292 instance_nce=3.5074 cluster_nce=2.3250 
Train: loss=1.0664 mstm=0.9354 instance_nce=3.4910 cluster_nce=2.3312 dec=0.2620
save checkpoint:  /root/trajectory-clustering/con-dtc/runs/condtc_qd_s3_m07_w08_boundary_protected/20260814_133826_seed42/checkpoints/condtc_best.pt
epoch=3 / num_epochs=6
batch=0050 loss=1.1437 representation_loss=1.0311 clustering_loss=0.2251 instance_nce=3.4379 cluster_nce=2.3072 
batch=0100 loss=0.9910 representation_loss=0.8838 clustering_loss=0.2144 instance_nce=3.4429 cluster_nce=2.3334 
batch=0150 loss=0.8998 representation_loss=0.7877 clustering_loss=0.2241 instance_nce=3.4603 cluster_nce=2.3230 
batch=0200 loss=1.0906 representation_loss=0.9771 clustering_loss=0.2269 instance_nce=3.4484 cluster_nce=2.3376 
batch=0250 loss=1.0301 representation_loss=0.9133 clustering_loss=0.2336 instance_nce=3.4754 cluster_nce=2.3139 
batch=0300 loss=1.0613 representation_loss=0.9514 clustering_loss=0.2198 instance_nce=3.4451 cluster_nce=2.3226 
batch=0350 loss=1.0871 representation_loss=0.9728 clustering_loss=0.2286 instance_nce=3.5016 cluster_nce=2.3189 
Train: loss=1.0412 mstm=0.9291 instance_nce=3.4774 cluster_nce=2.3258 dec=0.2242
save checkpoint:  /root/trajectory-clustering/con-dtc/runs/condtc_qd_s3_m07_w08_boundary_protected/20260814_133826_seed42/checkpoints/condtc_best.pt
epoch=4 / num_epochs=6
batch=0050 loss=1.0149 representation_loss=0.9065 clustering_loss=0.2167 instance_nce=3.4544 cluster_nce=2.3200 
batch=0100 loss=1.1217 representation_loss=1.0210 clustering_loss=0.2014 instance_nce=3.4293 cluster_nce=2.3240 
batch=0150 loss=0.9467 representation_loss=0.8374 clustering_loss=0.2186 instance_nce=3.4587 cluster_nce=2.3106 
batch=0200 loss=0.9731 representation_loss=0.8831 clustering_loss=0.1798 instance_nce=3.4536 cluster_nce=2.3337 
batch=0250 loss=1.1125 representation_loss=1.0084 clustering_loss=0.2083 instance_nce=3.4516 cluster_nce=2.3260 
batch=0300 loss=1.0424 representation_loss=0.9416 clustering_loss=0.2017 instance_nce=3.4544 cluster_nce=2.3140 
batch=0350 loss=0.9479 representation_loss=0.8532 clustering_loss=0.1894 instance_nce=3.5290 cluster_nce=2.3200 
Train: loss=1.0248 mstm=0.9214 instance_nce=3.4669 cluster_nce=2.3220 dec=0.2068
save checkpoint:  /root/trajectory-clustering/con-dtc/runs/condtc_qd_s3_m07_w08_boundary_protected/20260814_133826_seed42/checkpoints/condtc_best.pt
epoch=5 / num_epochs=6
batch=0050 loss=1.1291 representation_loss=1.0209 clustering_loss=0.2164 instance_nce=3.4523 cluster_nce=2.3116 
batch=0100 loss=0.9597 representation_loss=0.8708 clustering_loss=0.1778 instance_nce=3.5053 cluster_nce=2.3305 
batch=0150 loss=1.0198 representation_loss=0.9156 clustering_loss=0.2085 instance_nce=3.4699 cluster_nce=2.3178 
batch=0200 loss=0.9408 representation_loss=0.8559 clustering_loss=0.1698 instance_nce=3.4446 cluster_nce=2.3285 
batch=0250 loss=0.8708 representation_loss=0.7861 clustering_loss=0.1695 instance_nce=3.4576 cluster_nce=2.3156 
batch=0300 loss=1.1033 representation_loss=1.0050 clustering_loss=0.1968 instance_nce=3.4659 cluster_nce=2.3188 
batch=0350 loss=1.0583 representation_loss=0.9604 clustering_loss=0.1957 instance_nce=3.4598 cluster_nce=2.3339 
Train: loss=1.0137 mstm=0.9164 instance_nce=3.4571 cluster_nce=2.3198 dec=0.1947
save checkpoint:  /root/trajectory-clustering/con-dtc/runs/condtc_qd_s3_m07_w08_boundary_protected/20260814_133826_seed42/checkpoints/condtc_best.pt
epoch=6 / num_epochs=6
batch=0050 loss=1.0393 representation_loss=0.9491 clustering_loss=0.1804 instance_nce=3.4852 cluster_nce=2.3193 
batch=0100 loss=0.8930 representation_loss=0.8037 clustering_loss=0.1786 instance_nce=3.4292 cluster_nce=2.3278 
batch=0150 loss=0.8966 representation_loss=0.8045 clustering_loss=0.1842 instance_nce=3.4130 cluster_nce=2.3095 
batch=0200 loss=1.0267 representation_loss=0.9384 clustering_loss=0.1765 instance_nce=3.4667 cluster_nce=2.3340 
batch=0250 loss=0.9602 representation_loss=0.8722 clustering_loss=0.1761 instance_nce=3.4473 cluster_nce=2.3121 
batch=0300 loss=0.9996 representation_loss=0.9067 clustering_loss=0.1860 instance_nce=3.4368 cluster_nce=2.3120 
batch=0350 loss=1.1838 representation_loss=1.0839 clustering_loss=0.1997 instance_nce=3.4340 cluster_nce=2.3116 
Train: loss=0.9926 mstm=0.8985 instance_nce=3.4478 cluster_nce=2.3172 dec=0.1882
save checkpoint:  /root/trajectory-clustering/con-dtc/runs/condtc_qd_s3_m07_w08_boundary_protected/20260814_133826_seed42/checkpoints/condtc_best.pt
best train_loss:  0.9926393056113076
evaluating: /root/trajectory-clustering/con-dtc/runs/condtc_qd_s3_m07_w08_boundary_protected/20260814_133826_seed42/checkpoints/condtc_best.pt
device: cuda
cluster counts: tensor([ 497,   34,  563,  936,  965,  944, 1000,  978, 1003, 1335, 1923, 1426])
metrics: {'uacc': 0.7994657014822475, 'nmi': 0.88660295738633, 'ri': 0.9598922950871832, 'ari': 0.7616966113636883}
metrics saved: /root/trajectory-clustering/con-dtc/runs/condtc_qd_s3_m07_w08_boundary_protected/20260814_133826_seed42/metrics.json
