experiment initialized
run directory: /root/trajectory-clustering/con-dtc/runs/condtc_qd_temporal_feature_baseline_pre30/20260824_111435_seed19721013
config snapshot: /root/trajectory-clustering/con-dtc/runs/condtc_qd_temporal_feature_baseline_pre30/20260824_111435_seed19721013/config.yaml
device: cuda
dataset: qdTimeNoise0424
pretrain checkpoint: /root/trajectory-clustering/con-dtc/checkpoints/sttraj2vec_pretrain_paper_30ep.pt
epoch=1 / num_epochs=6
batch=0050 loss=0.7405 representation_loss=0.6025 clustering_loss=0.2759 instance_nce=0.0000 cluster_nce=0.0000 
batch=0100 loss=0.8878 representation_loss=0.7661 clustering_loss=0.2435 instance_nce=0.0000 cluster_nce=0.0000 
batch=0150 loss=0.8172 representation_loss=0.6992 clustering_loss=0.2360 instance_nce=0.0000 cluster_nce=0.0000 
batch=0200 loss=0.8234 representation_loss=0.7214 clustering_loss=0.2039 instance_nce=0.0000 cluster_nce=0.0000 
batch=0250 loss=0.6942 representation_loss=0.5969 clustering_loss=0.1945 instance_nce=0.0000 cluster_nce=0.0000 
batch=0300 loss=0.7665 representation_loss=0.6717 clustering_loss=0.1897 instance_nce=0.0000 cluster_nce=0.0000 
batch=0350 loss=0.6986 representation_loss=0.6087 clustering_loss=0.1799 instance_nce=0.0000 cluster_nce=0.0000 
Train: loss=0.8114 mstm=0.6962 instance_nce=0.0000 cluster_nce=0.0000 dec=0.2305
save checkpoint:  /root/trajectory-clustering/con-dtc/runs/condtc_qd_temporal_feature_baseline_pre30/20260824_111435_seed19721013/checkpoints/condtc_best.pt
epoch=2 / num_epochs=6
batch=0050 loss=0.8842 representation_loss=0.7233 clustering_loss=0.3218 instance_nce=0.0000 cluster_nce=0.0000 
batch=0100 loss=0.7576 representation_loss=0.5935 clustering_loss=0.3282 instance_nce=0.0000 cluster_nce=0.0000 
batch=0150 loss=0.9442 representation_loss=0.7955 clustering_loss=0.2973 instance_nce=0.0000 cluster_nce=0.0000 
batch=0200 loss=1.0230 representation_loss=0.8757 clustering_loss=0.2945 instance_nce=0.0000 cluster_nce=0.0000 
batch=0250 loss=0.8611 representation_loss=0.7213 clustering_loss=0.2796 instance_nce=0.0000 cluster_nce=0.0000 
batch=0300 loss=0.7573 representation_loss=0.6228 clustering_loss=0.2690 instance_nce=0.0000 cluster_nce=0.0000 
batch=0350 loss=0.7757 representation_loss=0.6381 clustering_loss=0.2753 instance_nce=0.0000 cluster_nce=0.0000 
Train: loss=0.8335 mstm=0.6831 instance_nce=0.0000 cluster_nce=0.0000 dec=0.3008
epoch=3 / num_epochs=6
batch=0050 loss=0.8463 representation_loss=0.6862 clustering_loss=0.3202 instance_nce=0.0000 cluster_nce=0.0000 
batch=0100 loss=0.9139 representation_loss=0.7613 clustering_loss=0.3051 instance_nce=0.0000 cluster_nce=0.0000 
batch=0150 loss=0.8467 representation_loss=0.7018 clustering_loss=0.2897 instance_nce=0.0000 cluster_nce=0.0000 
batch=0200 loss=0.7832 representation_loss=0.6434 clustering_loss=0.2797 instance_nce=0.0000 cluster_nce=0.0000 
batch=0250 loss=0.8424 representation_loss=0.7039 clustering_loss=0.2770 instance_nce=0.0000 cluster_nce=0.0000 
batch=0300 loss=0.6968 representation_loss=0.5541 clustering_loss=0.2854 instance_nce=0.0000 cluster_nce=0.0000 
batch=0350 loss=0.8226 representation_loss=0.6867 clustering_loss=0.2718 instance_nce=0.0000 cluster_nce=0.0000 
Train: loss=0.8267 mstm=0.6768 instance_nce=0.0000 cluster_nce=0.0000 dec=0.2998
epoch=4 / num_epochs=6
batch=0050 loss=0.8016 representation_loss=0.6591 clustering_loss=0.2850 instance_nce=0.0000 cluster_nce=0.0000 
batch=0100 loss=0.7503 representation_loss=0.5995 clustering_loss=0.3016 instance_nce=0.0000 cluster_nce=0.0000 
batch=0150 loss=0.8418 representation_loss=0.6978 clustering_loss=0.2879 instance_nce=0.0000 cluster_nce=0.0000 
batch=0200 loss=1.0321 representation_loss=0.8923 clustering_loss=0.2797 instance_nce=0.0000 cluster_nce=0.0000 
batch=0250 loss=0.9002 representation_loss=0.7696 clustering_loss=0.2610 instance_nce=0.0000 cluster_nce=0.0000 
batch=0300 loss=0.7798 representation_loss=0.6466 clustering_loss=0.2663 instance_nce=0.0000 cluster_nce=0.0000 
batch=0350 loss=0.7955 representation_loss=0.6528 clustering_loss=0.2853 instance_nce=0.0000 cluster_nce=0.0000 
Train: loss=0.8244 mstm=0.6827 instance_nce=0.0000 cluster_nce=0.0000 dec=0.2835
epoch=5 / num_epochs=6
batch=0050 loss=0.9816 representation_loss=0.8513 clustering_loss=0.2606 instance_nce=0.0000 cluster_nce=0.0000 
batch=0100 loss=0.8785 representation_loss=0.7386 clustering_loss=0.2798 instance_nce=0.0000 cluster_nce=0.0000 
batch=0150 loss=0.7216 representation_loss=0.5857 clustering_loss=0.2718 instance_nce=0.0000 cluster_nce=0.0000 
batch=0200 loss=0.8418 representation_loss=0.7144 clustering_loss=0.2549 instance_nce=0.0000 cluster_nce=0.0000 
batch=0250 loss=0.8082 representation_loss=0.6771 clustering_loss=0.2623 instance_nce=0.0000 cluster_nce=0.0000 
batch=0300 loss=0.7854 representation_loss=0.6597 clustering_loss=0.2514 instance_nce=0.0000 cluster_nce=0.0000 
batch=0350 loss=0.7514 representation_loss=0.6259 clustering_loss=0.2510 instance_nce=0.0000 cluster_nce=0.0000 
Train: loss=0.8182 mstm=0.6840 instance_nce=0.0000 cluster_nce=0.0000 dec=0.2684
epoch=6 / num_epochs=6
batch=0050 loss=0.7459 representation_loss=0.6229 clustering_loss=0.2460 instance_nce=0.0000 cluster_nce=0.0000 
batch=0100 loss=0.8517 representation_loss=0.7222 clustering_loss=0.2591 instance_nce=0.0000 cluster_nce=0.0000 
batch=0150 loss=0.7211 representation_loss=0.6019 clustering_loss=0.2384 instance_nce=0.0000 cluster_nce=0.0000 
batch=0200 loss=0.7905 representation_loss=0.6680 clustering_loss=0.2451 instance_nce=0.0000 cluster_nce=0.0000 
batch=0250 loss=0.7334 representation_loss=0.6055 clustering_loss=0.2558 instance_nce=0.0000 cluster_nce=0.0000 
batch=0300 loss=0.8822 representation_loss=0.7577 clustering_loss=0.2490 instance_nce=0.0000 cluster_nce=0.0000 
batch=0350 loss=0.8462 representation_loss=0.7229 clustering_loss=0.2466 instance_nce=0.0000 cluster_nce=0.0000 
Train: loss=0.8001 mstm=0.6730 instance_nce=0.0000 cluster_nce=0.0000 dec=0.2542
save checkpoint:  /root/trajectory-clustering/con-dtc/runs/condtc_qd_temporal_feature_baseline_pre30/20260824_111435_seed19721013/checkpoints/condtc_best.pt
best train_loss:  0.8001396602616151
evaluating: /root/trajectory-clustering/con-dtc/runs/condtc_qd_temporal_feature_baseline_pre30/20260824_111435_seed19721013/checkpoints/condtc_best.pt
device: cuda
dataset: qdTimeNoise0424
cluster counts: tensor([1003,  991, 1027,  990,  892,  966, 1000,  871,  944,  943,  968, 1009])
metrics: {'uacc': 0.978886590830748, 'nmi': 0.97120513362444, 'ri': 0.9933853982241336, 'ari': 0.956730633990259}
metrics saved: /root/trajectory-clustering/con-dtc/runs/condtc_qd_temporal_feature_baseline_pre30/20260824_111435_seed19721013/metrics.json
