experiment initialized
run directory: /root/trajectory-clustering/con-dtc/runs/condtc_qd_baseline_pre30/20260816_152015_seed123
config snapshot: /root/trajectory-clustering/con-dtc/runs/condtc_qd_baseline_pre30/20260816_152015_seed123/config.yaml
device: cuda
pretrain checkpoint: /root/trajectory-clustering/con-dtc/checkpoints/sttraj2vec_pretrain_paper_30ep.pt
epoch=1 / num_epochs=6
batch=0050 loss=0.8027 representation_loss=0.6415 clustering_loss=0.3224 instance_nce=3.6084 cluster_nce=2.3881 
batch=0100 loss=0.7213 representation_loss=0.5981 clustering_loss=0.2463 instance_nce=3.6165 cluster_nce=2.3985 
batch=0150 loss=0.8992 representation_loss=0.7988 clustering_loss=0.2007 instance_nce=3.6050 cluster_nce=2.3773 
batch=0200 loss=0.8287 representation_loss=0.7263 clustering_loss=0.2049 instance_nce=3.6062 cluster_nce=2.4152 
batch=0250 loss=0.7594 representation_loss=0.6619 clustering_loss=0.1949 instance_nce=3.6413 cluster_nce=2.4114 
batch=0300 loss=0.7133 representation_loss=0.6112 clustering_loss=0.2041 instance_nce=3.6086 cluster_nce=2.3521 
batch=0350 loss=0.8484 representation_loss=0.7573 clustering_loss=0.1822 instance_nce=3.6913 cluster_nce=2.3988 
Train: loss=0.8170 mstm=0.7012 instance_nce=3.6024 cluster_nce=2.3832 dec=0.2315
save checkpoint:  /root/trajectory-clustering/con-dtc/runs/condtc_qd_baseline_pre30/20260816_152015_seed123/checkpoints/condtc_best.pt
epoch=2 / num_epochs=6
batch=0050 loss=0.8174 representation_loss=0.6502 clustering_loss=0.3344 instance_nce=3.5781 cluster_nce=2.3615 
batch=0100 loss=0.8079 representation_loss=0.6486 clustering_loss=0.3185 instance_nce=3.5956 cluster_nce=2.3548 
batch=0150 loss=0.9260 representation_loss=0.7685 clustering_loss=0.3150 instance_nce=3.5958 cluster_nce=2.3913 
batch=0200 loss=0.8589 representation_loss=0.7084 clustering_loss=0.3010 instance_nce=3.6039 cluster_nce=2.3609 
batch=0250 loss=0.8688 representation_loss=0.7241 clustering_loss=0.2895 instance_nce=3.6086 cluster_nce=2.3681 
batch=0300 loss=0.8552 representation_loss=0.7180 clustering_loss=0.2743 instance_nce=3.5659 cluster_nce=2.3280 
batch=0350 loss=0.8624 representation_loss=0.7437 clustering_loss=0.2374 instance_nce=3.5322 cluster_nce=2.3395 
Train: loss=0.8478 mstm=0.6955 instance_nce=3.5849 cluster_nce=2.3602 dec=0.3046
epoch=3 / num_epochs=6
batch=0050 loss=0.7979 representation_loss=0.6461 clustering_loss=0.3036 instance_nce=3.5638 cluster_nce=2.3632 
batch=0100 loss=0.8240 representation_loss=0.6727 clustering_loss=0.3027 instance_nce=3.5744 cluster_nce=2.3529 
batch=0150 loss=0.8580 representation_loss=0.7102 clustering_loss=0.2957 instance_nce=3.5579 cluster_nce=2.3417 
batch=0200 loss=0.8272 representation_loss=0.6760 clustering_loss=0.3024 instance_nce=3.5533 cluster_nce=2.3411 
batch=0250 loss=0.7601 representation_loss=0.6182 clustering_loss=0.2837 instance_nce=3.5786 cluster_nce=2.3495 
batch=0300 loss=0.7129 representation_loss=0.5813 clustering_loss=0.2632 instance_nce=3.5347 cluster_nce=2.3449 
batch=0350 loss=0.7609 representation_loss=0.6205 clustering_loss=0.2808 instance_nce=3.5921 cluster_nce=2.3377 
Train: loss=0.8382 mstm=0.6871 instance_nce=3.5665 cluster_nce=2.3507 dec=0.3023
epoch=4 / num_epochs=6
batch=0050 loss=0.7673 representation_loss=0.6137 clustering_loss=0.3071 instance_nce=3.5535 cluster_nce=2.3416 
batch=0100 loss=0.8231 representation_loss=0.6768 clustering_loss=0.2926 instance_nce=3.5136 cluster_nce=2.3464 
batch=0150 loss=0.7188 representation_loss=0.5850 clustering_loss=0.2676 instance_nce=3.5180 cluster_nce=2.3322 
batch=0200 loss=0.7744 representation_loss=0.6384 clustering_loss=0.2721 instance_nce=3.5197 cluster_nce=2.3277 
batch=0250 loss=0.8168 representation_loss=0.6838 clustering_loss=0.2659 instance_nce=3.5190 cluster_nce=2.3376 
batch=0300 loss=0.9863 representation_loss=0.8433 clustering_loss=0.2860 instance_nce=3.5313 cluster_nce=2.3345 
batch=0350 loss=0.8479 representation_loss=0.7079 clustering_loss=0.2799 instance_nce=3.5872 cluster_nce=2.3450 
Train: loss=0.8214 mstm=0.6788 instance_nce=3.5527 cluster_nce=2.3452 dec=0.2852
epoch=5 / num_epochs=6
batch=0050 loss=0.8805 representation_loss=0.7442 clustering_loss=0.2724 instance_nce=3.5534 cluster_nce=2.3494 
batch=0100 loss=0.8930 representation_loss=0.7546 clustering_loss=0.2768 instance_nce=3.5096 cluster_nce=2.3367 
batch=0150 loss=0.8210 representation_loss=0.7013 clustering_loss=0.2393 instance_nce=3.5051 cluster_nce=2.3193 
batch=0200 loss=0.8102 representation_loss=0.6758 clustering_loss=0.2688 instance_nce=3.5425 cluster_nce=2.3463 
batch=0250 loss=0.7929 representation_loss=0.6709 clustering_loss=0.2439 instance_nce=3.5050 cluster_nce=2.3393 
batch=0300 loss=0.8383 representation_loss=0.7153 clustering_loss=0.2460 instance_nce=3.5123 cluster_nce=2.3179 
batch=0350 loss=0.7776 representation_loss=0.6449 clustering_loss=0.2654 instance_nce=3.5063 cluster_nce=2.3324 
Train: loss=0.8148 mstm=0.6801 instance_nce=3.5399 cluster_nce=2.3399 dec=0.2694
save checkpoint:  /root/trajectory-clustering/con-dtc/runs/condtc_qd_baseline_pre30/20260816_152015_seed123/checkpoints/condtc_best.pt
epoch=6 / num_epochs=6
batch=0050 loss=0.8045 representation_loss=0.6708 clustering_loss=0.2675 instance_nce=3.4967 cluster_nce=2.3386 
batch=0100 loss=0.9200 representation_loss=0.7777 clustering_loss=0.2846 instance_nce=3.5354 cluster_nce=2.3330 
batch=0150 loss=0.8366 representation_loss=0.7170 clustering_loss=0.2392 instance_nce=3.5031 cluster_nce=2.3395 
batch=0200 loss=0.9492 representation_loss=0.8177 clustering_loss=0.2629 instance_nce=3.5530 cluster_nce=2.3501 
batch=0250 loss=0.7898 representation_loss=0.6551 clustering_loss=0.2695 instance_nce=3.5130 cluster_nce=2.3388 
batch=0300 loss=0.7309 representation_loss=0.5991 clustering_loss=0.2635 instance_nce=3.5340 cluster_nce=2.3553 
batch=0350 loss=0.7831 representation_loss=0.6569 clustering_loss=0.2523 instance_nce=3.4853 cluster_nce=2.3271 
Train: loss=0.7996 mstm=0.6721 instance_nce=3.5280 cluster_nce=2.3360 dec=0.2552
save checkpoint:  /root/trajectory-clustering/con-dtc/runs/condtc_qd_baseline_pre30/20260816_152015_seed123/checkpoints/condtc_best.pt
best train_loss:  0.7996421761448652
evaluating: /root/trajectory-clustering/con-dtc/runs/condtc_qd_baseline_pre30/20260816_152015_seed123/checkpoints/condtc_best.pt
device: cuda
cluster counts: tensor([ 966,  990,  870, 1037, 1003, 1000,  991, 1028,  944,  968,  864,  943])
metrics: {'uacc': 0.9763874526025509, 'nmi': 0.9683507290035384, 'ri': 0.9926154259514538, 'ari': 0.9517103555450926}
metrics saved: /root/trajectory-clustering/con-dtc/runs/condtc_qd_baseline_pre30/20260816_152015_seed123/metrics.json
