experiment initialized
run directory: /root/trajectory-clustering/con-dtc/runs/condtc_qd_s3_m07_w06_warmup/20260814_105348_seed123
config snapshot: /root/trajectory-clustering/con-dtc/runs/condtc_qd_s3_m07_w06_warmup/20260814_105348_seed123/config.yaml
device: cuda
pretrain checkpoint: /root/trajectory-clustering/con-dtc/checkpoints/sttraj2vec_pretrain_paper_15ep.pt
epoch=1 / num_epochs=6
batch=0050 loss=1.1286 representation_loss=0.9030 clustering_loss=0.4513 instance_nce=3.6067 cluster_nce=2.3595 
batch=0100 loss=1.0787 representation_loss=0.8455 clustering_loss=0.4665 instance_nce=3.6287 cluster_nce=2.3642 
batch=0150 loss=1.2206 representation_loss=1.0481 clustering_loss=0.3450 instance_nce=3.5984 cluster_nce=2.3466 
batch=0200 loss=1.1053 representation_loss=0.9420 clustering_loss=0.3266 instance_nce=3.6288 cluster_nce=2.3677 
batch=0250 loss=1.0986 representation_loss=0.9124 clustering_loss=0.3724 instance_nce=3.6574 cluster_nce=2.3642 
batch=0300 loss=1.0505 representation_loss=0.8672 clustering_loss=0.3668 instance_nce=3.6164 cluster_nce=2.3272 
batch=0350 loss=1.1928 representation_loss=1.0299 clustering_loss=0.3259 instance_nce=3.6750 cluster_nce=2.3679 
Train: loss=1.1488 mstm=0.9602 instance_nce=3.6168 cluster_nce=2.3567 dec=0.3772
save checkpoint:  /root/trajectory-clustering/con-dtc/runs/condtc_qd_s3_m07_w06_warmup/20260814_105348_seed123/checkpoints/condtc_best.pt
epoch=2 / num_epochs=6
batch=0050 loss=0.9917 representation_loss=0.8540 clustering_loss=0.2754 instance_nce=3.5850 cluster_nce=2.3391 
batch=0100 loss=1.0593 representation_loss=0.9248 clustering_loss=0.2690 instance_nce=3.6031 cluster_nce=2.3264 
batch=0150 loss=1.2753 representation_loss=1.1292 clustering_loss=0.2921 instance_nce=3.6081 cluster_nce=2.3502 
batch=0200 loss=1.1449 representation_loss=1.0074 clustering_loss=0.2751 instance_nce=3.6071 cluster_nce=2.3566 
batch=0250 loss=1.0364 representation_loss=0.9152 clustering_loss=0.2425 instance_nce=3.6055 cluster_nce=2.3333 
batch=0300 loss=1.1206 representation_loss=0.9850 clustering_loss=0.2711 instance_nce=3.5871 cluster_nce=2.3208 
batch=0350 loss=1.0740 representation_loss=0.9572 clustering_loss=0.2336 instance_nce=3.5513 cluster_nce=2.3408 
Train: loss=1.0793 mstm=0.9444 instance_nce=3.6005 cluster_nce=2.3371 dec=0.2699
save checkpoint:  /root/trajectory-clustering/con-dtc/runs/condtc_qd_s3_m07_w06_warmup/20260814_105348_seed123/checkpoints/condtc_best.pt
epoch=3 / num_epochs=6
batch=0050 loss=0.9367 representation_loss=0.8173 clustering_loss=0.2387 instance_nce=3.5744 cluster_nce=2.3361 
batch=0100 loss=0.9950 representation_loss=0.8643 clustering_loss=0.2615 instance_nce=3.6119 cluster_nce=2.3426 
batch=0150 loss=1.1463 representation_loss=1.0326 clustering_loss=0.2274 instance_nce=3.5782 cluster_nce=2.3243 
batch=0200 loss=1.1109 representation_loss=1.0093 clustering_loss=0.2033 instance_nce=3.5827 cluster_nce=2.3298 
batch=0250 loss=1.0191 representation_loss=0.9064 clustering_loss=0.2254 instance_nce=3.6051 cluster_nce=2.3118 
batch=0300 loss=0.9520 representation_loss=0.8525 clustering_loss=0.1990 instance_nce=3.5623 cluster_nce=2.3095 
batch=0350 loss=1.0264 representation_loss=0.9238 clustering_loss=0.2053 instance_nce=3.5815 cluster_nce=2.3183 
Train: loss=1.0460 mstm=0.9318 instance_nce=3.5881 cluster_nce=2.3288 dec=0.2285
save checkpoint:  /root/trajectory-clustering/con-dtc/runs/condtc_qd_s3_m07_w06_warmup/20260814_105348_seed123/checkpoints/condtc_best.pt
epoch=4 / num_epochs=6
batch=0050 loss=1.0148 representation_loss=0.9011 clustering_loss=0.2275 instance_nce=3.5812 cluster_nce=2.3085 
batch=0100 loss=1.0273 representation_loss=0.9176 clustering_loss=0.2194 instance_nce=3.5504 cluster_nce=2.3164 
batch=0150 loss=0.8501 representation_loss=0.7542 clustering_loss=0.1918 instance_nce=3.5593 cluster_nce=2.3026 
batch=0200 loss=0.9264 representation_loss=0.8231 clustering_loss=0.2065 instance_nce=3.5657 cluster_nce=2.3223 
batch=0250 loss=1.1961 representation_loss=1.0967 clustering_loss=0.1988 instance_nce=3.5461 cluster_nce=2.3130 
batch=0300 loss=1.1674 representation_loss=1.0587 clustering_loss=0.2174 instance_nce=3.5609 cluster_nce=2.3131 
batch=0350 loss=1.0596 representation_loss=0.9573 clustering_loss=0.2046 instance_nce=3.5827 cluster_nce=2.3131 
Train: loss=1.0226 mstm=0.9176 instance_nce=3.5779 cluster_nce=2.3251 dec=0.2099
save checkpoint:  /root/trajectory-clustering/con-dtc/runs/condtc_qd_s3_m07_w06_warmup/20260814_105348_seed123/checkpoints/condtc_best.pt
epoch=5 / num_epochs=6
batch=0050 loss=1.0661 representation_loss=0.9663 clustering_loss=0.1996 instance_nce=3.5930 cluster_nce=2.3191 
batch=0100 loss=1.1138 representation_loss=1.0107 clustering_loss=0.2062 instance_nce=3.5482 cluster_nce=2.3096 
batch=0150 loss=1.0616 representation_loss=0.9762 clustering_loss=0.1708 instance_nce=3.5401 cluster_nce=2.3096 
batch=0200 loss=1.0026 representation_loss=0.9023 clustering_loss=0.2005 instance_nce=3.5628 cluster_nce=2.3250 
batch=0250 loss=1.0461 representation_loss=0.9548 clustering_loss=0.1826 instance_nce=3.5318 cluster_nce=2.3133 
batch=0300 loss=1.0273 representation_loss=0.9298 clustering_loss=0.1948 instance_nce=3.5578 cluster_nce=2.2994 
batch=0350 loss=0.9409 representation_loss=0.8442 clustering_loss=0.1935 instance_nce=3.5420 cluster_nce=2.3090 
Train: loss=1.0120 mstm=0.9130 instance_nce=3.5672 cluster_nce=2.3210 dec=0.1981
save checkpoint:  /root/trajectory-clustering/con-dtc/runs/condtc_qd_s3_m07_w06_warmup/20260814_105348_seed123/checkpoints/condtc_best.pt
epoch=6 / num_epochs=6
batch=0050 loss=0.9622 representation_loss=0.8699 clustering_loss=0.1845 instance_nce=3.5419 cluster_nce=2.3245 
batch=0100 loss=1.1584 representation_loss=1.0639 clustering_loss=0.1890 instance_nce=3.5532 cluster_nce=2.3121 
batch=0150 loss=1.0390 representation_loss=0.9506 clustering_loss=0.1770 instance_nce=3.5316 cluster_nce=2.3236 
batch=0200 loss=1.1923 representation_loss=1.0888 clustering_loss=0.2070 instance_nce=3.6098 cluster_nce=2.3388 
batch=0250 loss=0.9955 representation_loss=0.8965 clustering_loss=0.1979 instance_nce=3.5481 cluster_nce=2.3169 
batch=0300 loss=1.0762 representation_loss=0.9676 clustering_loss=0.2172 instance_nce=3.5805 cluster_nce=2.3373 
batch=0350 loss=1.0327 representation_loss=0.9388 clustering_loss=0.1878 instance_nce=3.5347 cluster_nce=2.3218 
Train: loss=0.9954 mstm=0.9000 instance_nce=3.5562 cluster_nce=2.3174 dec=0.1909
save checkpoint:  /root/trajectory-clustering/con-dtc/runs/condtc_qd_s3_m07_w06_warmup/20260814_105348_seed123/checkpoints/condtc_best.pt
best train_loss:  0.9953999984515038
evaluating: /root/trajectory-clustering/con-dtc/runs/condtc_qd_s3_m07_w06_warmup/20260814_105348_seed123/checkpoints/condtc_best.pt
device: cuda
cluster counts: tensor([ 933, 1691,  944, 1193, 1941, 1003,   16, 1000,  736,  968,  207,  972])
metrics: {'uacc': 0.7777490520510169, 'nmi': 0.8864026239419704, 'ri': 0.9570533723359531, 'ari': 0.7498401326053108}
metrics saved: /root/trajectory-clustering/con-dtc/runs/condtc_qd_s3_m07_w06_warmup/20260814_105348_seed123/metrics.json
