experiment initialized
run directory: /root/trajectory-clustering/con-dtc/runs/condtc_qd_ema_m08/20260816_171120_seed19721013
config snapshot: /root/trajectory-clustering/con-dtc/runs/condtc_qd_ema_m08/20260816_171120_seed19721013/config.yaml
device: cuda
pretrain checkpoint: /root/trajectory-clustering/con-dtc/checkpoints/sttraj2vec_pretrain_paper_15ep.pt
epoch=1 / num_epochs=6
batch=0050 loss=1.1629 representation_loss=0.9304 clustering_loss=0.4650 instance_nce=3.5702 cluster_nce=2.3243 
batch=0100 loss=1.1673 representation_loss=0.9701 clustering_loss=0.3943 instance_nce=3.5546 cluster_nce=2.3284 
batch=0150 loss=1.1958 representation_loss=1.0006 clustering_loss=0.3905 instance_nce=3.5938 cluster_nce=2.3155 
batch=0200 loss=1.1558 representation_loss=0.9846 clustering_loss=0.3425 instance_nce=3.5420 cluster_nce=2.2985 
batch=0250 loss=1.2080 representation_loss=1.0177 clustering_loss=0.3806 instance_nce=3.5584 cluster_nce=2.3128 
batch=0300 loss=1.1944 representation_loss=1.0261 clustering_loss=0.3367 instance_nce=3.5415 cluster_nce=2.3001 
batch=0350 loss=1.0127 representation_loss=0.8208 clustering_loss=0.3838 instance_nce=3.5150 cluster_nce=2.2909 
Train: loss=1.1389 mstm=0.9508 instance_nce=3.5503 cluster_nce=2.3165 dec=0.3762
save checkpoint:  /root/trajectory-clustering/con-dtc/runs/condtc_qd_ema_m08/20260816_171120_seed19721013/checkpoints/condtc_best.pt
epoch=2 / num_epochs=6
batch=0050 loss=1.0467 representation_loss=0.8868 clustering_loss=0.3198 instance_nce=3.5507 cluster_nce=2.3152 
batch=0100 loss=1.0844 representation_loss=0.9327 clustering_loss=0.3036 instance_nce=3.5578 cluster_nce=2.2992 
batch=0150 loss=1.1046 representation_loss=0.9786 clustering_loss=0.2521 instance_nce=3.5402 cluster_nce=2.2974 
batch=0200 loss=1.1740 representation_loss=1.0462 clustering_loss=0.2556 instance_nce=3.5427 cluster_nce=2.3183 
batch=0250 loss=1.0674 representation_loss=0.9291 clustering_loss=0.2766 instance_nce=3.5213 cluster_nce=2.2874 
batch=0300 loss=1.1027 representation_loss=0.9780 clustering_loss=0.2494 instance_nce=3.5382 cluster_nce=2.3111 
batch=0350 loss=1.0343 representation_loss=0.9243 clustering_loss=0.2202 instance_nce=3.5265 cluster_nce=2.2908 
Train: loss=1.0718 mstm=0.9331 instance_nce=3.5335 cluster_nce=2.3018 dec=0.2774
save checkpoint:  /root/trajectory-clustering/con-dtc/runs/condtc_qd_ema_m08/20260816_171120_seed19721013/checkpoints/condtc_best.pt
epoch=3 / num_epochs=6
batch=0050 loss=1.0655 representation_loss=0.9369 clustering_loss=0.2571 instance_nce=3.5237 cluster_nce=2.3075 
batch=0100 loss=1.0631 representation_loss=0.9405 clustering_loss=0.2453 instance_nce=3.5491 cluster_nce=2.3201 
batch=0150 loss=1.1053 representation_loss=0.9951 clustering_loss=0.2204 instance_nce=3.5276 cluster_nce=2.3119 
batch=0200 loss=1.0151 representation_loss=0.9054 clustering_loss=0.2193 instance_nce=3.5007 cluster_nce=2.2919 
batch=0250 loss=1.0126 representation_loss=0.9061 clustering_loss=0.2129 instance_nce=3.4909 cluster_nce=2.2867 
batch=0300 loss=0.9612 representation_loss=0.8342 clustering_loss=0.2540 instance_nce=3.5361 cluster_nce=2.2967 
batch=0350 loss=1.0503 representation_loss=0.9370 clustering_loss=0.2266 instance_nce=3.4956 cluster_nce=2.2952 
Train: loss=1.0479 mstm=0.9307 instance_nce=3.5247 cluster_nce=2.2983 dec=0.2345
save checkpoint:  /root/trajectory-clustering/con-dtc/runs/condtc_qd_ema_m08/20260816_171120_seed19721013/checkpoints/condtc_best.pt
epoch=4 / num_epochs=6
batch=0050 loss=0.9726 representation_loss=0.8725 clustering_loss=0.2002 instance_nce=3.4939 cluster_nce=2.3077 
batch=0100 loss=0.8831 representation_loss=0.7575 clustering_loss=0.2512 instance_nce=3.5131 cluster_nce=2.2889 
batch=0150 loss=1.0096 representation_loss=0.9212 clustering_loss=0.1769 instance_nce=3.5079 cluster_nce=2.2891 
batch=0200 loss=1.0222 representation_loss=0.9240 clustering_loss=0.1965 instance_nce=3.5038 cluster_nce=2.2905 
batch=0250 loss=0.9967 representation_loss=0.8989 clustering_loss=0.1955 instance_nce=3.5423 cluster_nce=2.2959 
batch=0300 loss=1.0320 representation_loss=0.9444 clustering_loss=0.1752 instance_nce=3.4884 cluster_nce=2.2929 
batch=0350 loss=0.9940 representation_loss=0.8955 clustering_loss=0.1969 instance_nce=3.4837 cluster_nce=2.2768 
Train: loss=1.0164 mstm=0.9118 instance_nce=3.5145 cluster_nce=2.2965 dec=0.2091
save checkpoint:  /root/trajectory-clustering/con-dtc/runs/condtc_qd_ema_m08/20260816_171120_seed19721013/checkpoints/condtc_best.pt
epoch=5 / num_epochs=6
batch=0050 loss=0.9511 representation_loss=0.8506 clustering_loss=0.2010 instance_nce=3.4768 cluster_nce=2.2914 
batch=0100 loss=0.9115 representation_loss=0.8222 clustering_loss=0.1785 instance_nce=3.5039 cluster_nce=2.2912 
batch=0150 loss=1.0216 representation_loss=0.9262 clustering_loss=0.1908 instance_nce=3.5009 cluster_nce=2.2970 
batch=0200 loss=0.9908 representation_loss=0.8962 clustering_loss=0.1892 instance_nce=3.5151 cluster_nce=2.2983 
batch=0250 loss=0.9792 representation_loss=0.8852 clustering_loss=0.1880 instance_nce=3.5034 cluster_nce=2.2792 
batch=0300 loss=0.9546 representation_loss=0.8596 clustering_loss=0.1899 instance_nce=3.4874 cluster_nce=2.2854 
batch=0350 loss=0.9221 representation_loss=0.8152 clustering_loss=0.2138 instance_nce=3.5102 cluster_nce=2.2994 
Train: loss=1.0104 mstm=0.9134 instance_nce=3.5052 cluster_nce=2.2934 dec=0.1939
save checkpoint:  /root/trajectory-clustering/con-dtc/runs/condtc_qd_ema_m08/20260816_171120_seed19721013/checkpoints/condtc_best.pt
epoch=6 / num_epochs=6
batch=0050 loss=0.9732 representation_loss=0.8824 clustering_loss=0.1817 instance_nce=3.5017 cluster_nce=2.2762 
batch=0100 loss=1.0520 representation_loss=0.9574 clustering_loss=0.1891 instance_nce=3.4714 cluster_nce=2.2840 
batch=0150 loss=0.9297 representation_loss=0.8478 clustering_loss=0.1637 instance_nce=3.4881 cluster_nce=2.2841 
batch=0200 loss=1.0102 representation_loss=0.9258 clustering_loss=0.1688 instance_nce=3.4894 cluster_nce=2.2808 
batch=0250 loss=0.9776 representation_loss=0.8772 clustering_loss=0.2007 instance_nce=3.5383 cluster_nce=2.2879 
batch=0300 loss=1.1070 representation_loss=1.0165 clustering_loss=0.1811 instance_nce=3.4734 cluster_nce=2.2849 
batch=0350 loss=1.0585 representation_loss=0.9729 clustering_loss=0.1712 instance_nce=3.5086 cluster_nce=2.3243 
Train: loss=0.9996 mstm=0.9073 instance_nce=3.4957 cluster_nce=2.2913 dec=0.1845
save checkpoint:  /root/trajectory-clustering/con-dtc/runs/condtc_qd_ema_m08/20260816_171120_seed19721013/checkpoints/condtc_best.pt
best train_loss:  0.9995683368753869
evaluating: /root/trajectory-clustering/con-dtc/runs/condtc_qd_ema_m08/20260816_171120_seed19721013/checkpoints/condtc_best.pt
device: cuda
cluster counts: tensor([1003,  728, 1771, 1148,  502, 1000,  186,  967, 1396, 1173,  786,  944])
metrics: {'uacc': 0.7849017580144778, 'nmi': 0.8553728993999696, 'ri': 0.9533317332289017, 'ari': 0.7154544961056414}
metrics saved: /root/trajectory-clustering/con-dtc/runs/condtc_qd_ema_m08/20260816_171120_seed19721013/metrics.json
