experiment initialized
run directory: /root/trajectory-clustering/con-dtc/runs/condtc_qd_ema_staged_s3_m07_entropy_p80_a050/20260817_153358_seed123
config snapshot: /root/trajectory-clustering/con-dtc/runs/condtc_qd_ema_staged_s3_m07_entropy_p80_a050/20260817_153358_seed123/config.yaml
device: cuda
pretrain checkpoint: /root/trajectory-clustering/con-dtc/checkpoints/sttraj2vec_pretrain_paper_15ep.pt
epoch=1 / num_epochs=6
batch=0050 loss=1.1286 representation_loss=0.9030 clustering_loss=0.4513 instance_nce=3.6067 cluster_nce=2.3595 
batch=0100 loss=1.0787 representation_loss=0.8455 clustering_loss=0.4665 instance_nce=3.6287 cluster_nce=2.3642 
batch=0150 loss=1.2206 representation_loss=1.0481 clustering_loss=0.3450 instance_nce=3.5984 cluster_nce=2.3466 
batch=0200 loss=1.1053 representation_loss=0.9420 clustering_loss=0.3266 instance_nce=3.6288 cluster_nce=2.3677 
batch=0250 loss=1.0986 representation_loss=0.9124 clustering_loss=0.3724 instance_nce=3.6574 cluster_nce=2.3642 
batch=0300 loss=1.0505 representation_loss=0.8672 clustering_loss=0.3668 instance_nce=3.6164 cluster_nce=2.3272 
batch=0350 loss=1.1928 representation_loss=1.0299 clustering_loss=0.3259 instance_nce=3.6750 cluster_nce=2.3679 
Train: loss=1.1488 mstm=0.9602 instance_nce=3.6168 cluster_nce=2.3567 dec=0.3772
save checkpoint:  /root/trajectory-clustering/con-dtc/runs/condtc_qd_ema_staged_s3_m07_entropy_p80_a050/20260817_153358_seed123/checkpoints/condtc_best.pt
epoch=2 / num_epochs=6
batch=0050 loss=0.9917 representation_loss=0.8540 clustering_loss=0.2754 instance_nce=3.5850 cluster_nce=2.3391 
batch=0100 loss=1.0593 representation_loss=0.9248 clustering_loss=0.2690 instance_nce=3.6031 cluster_nce=2.3264 
batch=0150 loss=1.2753 representation_loss=1.1292 clustering_loss=0.2921 instance_nce=3.6081 cluster_nce=2.3502 
batch=0200 loss=1.1449 representation_loss=1.0074 clustering_loss=0.2751 instance_nce=3.6071 cluster_nce=2.3566 
batch=0250 loss=1.0364 representation_loss=0.9152 clustering_loss=0.2425 instance_nce=3.6055 cluster_nce=2.3333 
batch=0300 loss=1.1206 representation_loss=0.9850 clustering_loss=0.2711 instance_nce=3.5871 cluster_nce=2.3208 
batch=0350 loss=1.0740 representation_loss=0.9572 clustering_loss=0.2336 instance_nce=3.5513 cluster_nce=2.3408 
Train: loss=1.0793 mstm=0.9444 instance_nce=3.6005 cluster_nce=2.3371 dec=0.2699
save checkpoint:  /root/trajectory-clustering/con-dtc/runs/condtc_qd_ema_staged_s3_m07_entropy_p80_a050/20260817_153358_seed123/checkpoints/condtc_best.pt
epoch=3 / num_epochs=6
batch=0050 loss=0.9390 representation_loss=0.8173 clustering_loss=0.2433 instance_nce=3.5743 cluster_nce=2.3361 
batch=0100 loss=0.9949 representation_loss=0.8641 clustering_loss=0.2615 instance_nce=3.6115 cluster_nce=2.3429 
batch=0150 loss=1.1471 representation_loss=1.0325 clustering_loss=0.2292 instance_nce=3.5779 cluster_nce=2.3244 
batch=0200 loss=1.1108 representation_loss=1.0093 clustering_loss=0.2030 instance_nce=3.5826 cluster_nce=2.3300 
batch=0250 loss=1.0189 representation_loss=0.9064 clustering_loss=0.2249 instance_nce=3.6051 cluster_nce=2.3121 
batch=0300 loss=0.9511 representation_loss=0.8522 clustering_loss=0.1979 instance_nce=3.5619 cluster_nce=2.3096 
batch=0350 loss=1.0262 representation_loss=0.9237 clustering_loss=0.2050 instance_nce=3.5811 cluster_nce=2.3186 
Train: loss=1.0464 mstm=0.9318 instance_nce=3.5879 cluster_nce=2.3290 dec=0.2291
save checkpoint:  /root/trajectory-clustering/con-dtc/runs/condtc_qd_ema_staged_s3_m07_entropy_p80_a050/20260817_153358_seed123/checkpoints/condtc_best.pt
epoch=4 / num_epochs=6
batch=0050 loss=1.0146 representation_loss=0.9011 clustering_loss=0.2271 instance_nce=3.5810 cluster_nce=2.3087 
batch=0100 loss=1.0262 representation_loss=0.9178 clustering_loss=0.2169 instance_nce=3.5500 cluster_nce=2.3163 
batch=0150 loss=0.8497 representation_loss=0.7545 clustering_loss=0.1903 instance_nce=3.5585 cluster_nce=2.3028 
batch=0200 loss=0.9264 representation_loss=0.8235 clustering_loss=0.2057 instance_nce=3.5652 cluster_nce=2.3224 
batch=0250 loss=1.1954 representation_loss=1.0967 clustering_loss=0.1973 instance_nce=3.5454 cluster_nce=2.3130 
batch=0300 loss=1.1666 representation_loss=1.0588 clustering_loss=0.2156 instance_nce=3.5602 cluster_nce=2.3133 
batch=0350 loss=1.0593 representation_loss=0.9574 clustering_loss=0.2037 instance_nce=3.5827 cluster_nce=2.3130 
Train: loss=1.0222 mstm=0.9176 instance_nce=3.5775 cluster_nce=2.3253 dec=0.2091
save checkpoint:  /root/trajectory-clustering/con-dtc/runs/condtc_qd_ema_staged_s3_m07_entropy_p80_a050/20260817_153358_seed123/checkpoints/condtc_best.pt
epoch=5 / num_epochs=6
batch=0050 loss=1.0667 representation_loss=0.9664 clustering_loss=0.2005 instance_nce=3.5918 cluster_nce=2.3193 
batch=0100 loss=1.1126 representation_loss=1.0108 clustering_loss=0.2036 instance_nce=3.5473 cluster_nce=2.3098 
batch=0150 loss=1.0607 representation_loss=0.9764 clustering_loss=0.1687 instance_nce=3.5394 cluster_nce=2.3094 
batch=0200 loss=1.0020 representation_loss=0.9023 clustering_loss=0.1994 instance_nce=3.5622 cluster_nce=2.3251 
batch=0250 loss=1.0450 representation_loss=0.9549 clustering_loss=0.1802 instance_nce=3.5313 cluster_nce=2.3134 
batch=0300 loss=1.0248 representation_loss=0.9297 clustering_loss=0.1901 instance_nce=3.5570 cluster_nce=2.2998 
batch=0350 loss=0.9400 representation_loss=0.8446 clustering_loss=0.1909 instance_nce=3.5409 cluster_nce=2.3091 
Train: loss=1.0108 mstm=0.9130 instance_nce=3.5665 cluster_nce=2.3211 dec=0.1956
save checkpoint:  /root/trajectory-clustering/con-dtc/runs/condtc_qd_ema_staged_s3_m07_entropy_p80_a050/20260817_153358_seed123/checkpoints/condtc_best.pt
epoch=6 / num_epochs=6
batch=0050 loss=0.9623 representation_loss=0.8702 clustering_loss=0.1843 instance_nce=3.5405 cluster_nce=2.3252 
batch=0100 loss=1.1593 representation_loss=1.0639 clustering_loss=0.1909 instance_nce=3.5527 cluster_nce=2.3118 
batch=0150 loss=1.0366 representation_loss=0.9504 clustering_loss=0.1724 instance_nce=3.5304 cluster_nce=2.3239 
batch=0200 loss=1.1895 representation_loss=1.0883 clustering_loss=0.2024 instance_nce=3.6092 cluster_nce=2.3393 
batch=0250 loss=0.9940 representation_loss=0.8964 clustering_loss=0.1951 instance_nce=3.5467 cluster_nce=2.3170 
batch=0300 loss=1.0749 representation_loss=0.9677 clustering_loss=0.2144 instance_nce=3.5799 cluster_nce=2.3376 
batch=0350 loss=1.0323 representation_loss=0.9381 clustering_loss=0.1886 instance_nce=3.5339 cluster_nce=2.3219 
Train: loss=0.9936 mstm=0.8999 instance_nce=3.5552 cluster_nce=2.3174 dec=0.1874
save checkpoint:  /root/trajectory-clustering/con-dtc/runs/condtc_qd_ema_staged_s3_m07_entropy_p80_a050/20260817_153358_seed123/checkpoints/condtc_best.pt
best train_loss:  0.9935522907481281
evaluating: /root/trajectory-clustering/con-dtc/runs/condtc_qd_ema_staged_s3_m07_entropy_p80_a050/20260817_153358_seed123/checkpoints/condtc_best.pt
device: cuda
cluster counts: tensor([ 933, 1654,  944, 1218, 1937, 1003,   20, 1000,  711,  968,  244,  972])
metrics: {'uacc': 0.7829196828679765, 'nmi': 0.8862391826604876, 'ri': 0.9574215359855792, 'ari': 0.7511021773573692}
metrics saved: /root/trajectory-clustering/con-dtc/runs/condtc_qd_ema_staged_s3_m07_entropy_p80_a050/20260817_153358_seed123/metrics.json
