experiment initialized
run directory: /root/trajectory-clustering/con-dtc/runs/condtc_qd_ema_pre30_m09/20260816_190441_seed42
config snapshot: /root/trajectory-clustering/con-dtc/runs/condtc_qd_ema_pre30_m09/20260816_190441_seed42/config.yaml
device: cuda
pretrain checkpoint: /root/trajectory-clustering/con-dtc/checkpoints/sttraj2vec_pretrain_paper_30ep.pt
epoch=1 / num_epochs=6
batch=0050 loss=0.9362 representation_loss=0.7775 clustering_loss=0.3174 instance_nce=3.5236 cluster_nce=2.4132 
batch=0100 loss=0.7599 representation_loss=0.6319 clustering_loss=0.2560 instance_nce=3.4842 cluster_nce=2.3694 
batch=0150 loss=0.9001 representation_loss=0.7977 clustering_loss=0.2048 instance_nce=3.4595 cluster_nce=2.3733 
batch=0200 loss=0.7853 representation_loss=0.6811 clustering_loss=0.2085 instance_nce=3.4784 cluster_nce=2.3606 
batch=0250 loss=0.8594 representation_loss=0.7461 clustering_loss=0.2266 instance_nce=3.4725 cluster_nce=2.3550 
batch=0300 loss=1.0305 representation_loss=0.9351 clustering_loss=0.1909 instance_nce=3.4781 cluster_nce=2.3537 
batch=0350 loss=0.8474 representation_loss=0.7668 clustering_loss=0.1611 instance_nce=3.4584 cluster_nce=2.3610 
Train: loss=0.8145 mstm=0.6992 instance_nce=3.4943 cluster_nce=2.3727 dec=0.2306
save checkpoint:  /root/trajectory-clustering/con-dtc/runs/condtc_qd_ema_pre30_m09/20260816_190441_seed42/checkpoints/condtc_best.pt
epoch=2 / num_epochs=6
batch=0050 loss=0.7272 representation_loss=0.6464 clustering_loss=0.1617 instance_nce=3.4745 cluster_nce=2.3403 
batch=0100 loss=0.7949 representation_loss=0.7108 clustering_loss=0.1683 instance_nce=3.4711 cluster_nce=2.3356 
batch=0150 loss=0.8053 representation_loss=0.7130 clustering_loss=0.1847 instance_nce=3.4600 cluster_nce=2.3580 
batch=0200 loss=0.7119 representation_loss=0.6364 clustering_loss=0.1510 instance_nce=3.4499 cluster_nce=2.3492 
batch=0250 loss=0.7158 representation_loss=0.6407 clustering_loss=0.1503 instance_nce=3.5057 cluster_nce=2.3654 
batch=0300 loss=0.7080 representation_loss=0.6287 clustering_loss=0.1585 instance_nce=3.4832 cluster_nce=2.3622 
batch=0350 loss=0.8661 representation_loss=0.7843 clustering_loss=0.1636 instance_nce=3.5108 cluster_nce=2.3377 
Train: loss=0.7664 mstm=0.6847 instance_nce=3.4809 cluster_nce=2.3495 dec=0.1633
save checkpoint:  /root/trajectory-clustering/con-dtc/runs/condtc_qd_ema_pre30_m09/20260816_190441_seed42/checkpoints/condtc_best.pt
epoch=3 / num_epochs=6
batch=0050 loss=0.8918 representation_loss=0.8178 clustering_loss=0.1480 instance_nce=3.4125 cluster_nce=2.3248 
batch=0100 loss=0.7154 representation_loss=0.6331 clustering_loss=0.1647 instance_nce=3.4208 cluster_nce=2.3469 
batch=0150 loss=0.6740 representation_loss=0.5961 clustering_loss=0.1557 instance_nce=3.4401 cluster_nce=2.3267 
batch=0200 loss=0.7856 representation_loss=0.7113 clustering_loss=0.1486 instance_nce=3.4244 cluster_nce=2.3511 
batch=0250 loss=0.7780 representation_loss=0.7101 clustering_loss=0.1357 instance_nce=3.4923 cluster_nce=2.3261 
batch=0300 loss=0.6695 representation_loss=0.5946 clustering_loss=0.1499 instance_nce=3.4295 cluster_nce=2.3287 
batch=0350 loss=0.8023 representation_loss=0.7437 clustering_loss=0.1172 instance_nce=3.4928 cluster_nce=2.3331 
Train: loss=0.7534 mstm=0.6796 instance_nce=3.4672 cluster_nce=2.3419 dec=0.1475
save checkpoint:  /root/trajectory-clustering/con-dtc/runs/condtc_qd_ema_pre30_m09/20260816_190441_seed42/checkpoints/condtc_best.pt
epoch=4 / num_epochs=6
batch=0050 loss=0.7547 representation_loss=0.6727 clustering_loss=0.1640 instance_nce=3.4294 cluster_nce=2.3304 
batch=0100 loss=0.8341 representation_loss=0.7726 clustering_loss=0.1230 instance_nce=3.3880 cluster_nce=2.3374 
batch=0150 loss=0.7027 representation_loss=0.6317 clustering_loss=0.1420 instance_nce=3.4496 cluster_nce=2.3210 
batch=0200 loss=0.8018 representation_loss=0.7307 clustering_loss=0.1423 instance_nce=3.4239 cluster_nce=2.3592 
batch=0250 loss=0.7455 representation_loss=0.6736 clustering_loss=0.1438 instance_nce=3.4398 cluster_nce=2.3357 
batch=0300 loss=0.7965 representation_loss=0.7309 clustering_loss=0.1312 instance_nce=3.4709 cluster_nce=2.3177 
batch=0350 loss=0.7242 representation_loss=0.6589 clustering_loss=0.1305 instance_nce=3.5154 cluster_nce=2.3353 
Train: loss=0.7473 mstm=0.6771 instance_nce=3.4558 cluster_nce=2.3372 dec=0.1403
save checkpoint:  /root/trajectory-clustering/con-dtc/runs/condtc_qd_ema_pre30_m09/20260816_190441_seed42/checkpoints/condtc_best.pt
epoch=5 / num_epochs=6
batch=0050 loss=0.8412 representation_loss=0.7651 clustering_loss=0.1522 instance_nce=3.4450 cluster_nce=2.3167 
batch=0100 loss=0.6998 representation_loss=0.6399 clustering_loss=0.1198 instance_nce=3.4977 cluster_nce=2.3513 
batch=0150 loss=0.8387 representation_loss=0.7596 clustering_loss=0.1583 instance_nce=3.4814 cluster_nce=2.3214 
batch=0200 loss=0.7359 representation_loss=0.6618 clustering_loss=0.1481 instance_nce=3.4229 cluster_nce=2.3440 
batch=0250 loss=0.6488 representation_loss=0.5788 clustering_loss=0.1402 instance_nce=3.4696 cluster_nce=2.3171 
batch=0300 loss=0.7787 representation_loss=0.7175 clustering_loss=0.1225 instance_nce=3.4467 cluster_nce=2.3347 
batch=0350 loss=0.8541 representation_loss=0.7844 clustering_loss=0.1396 instance_nce=3.4414 cluster_nce=2.3341 
Train: loss=0.7459 mstm=0.6765 instance_nce=3.4448 cluster_nce=2.3336 dec=0.1387
save checkpoint:  /root/trajectory-clustering/con-dtc/runs/condtc_qd_ema_pre30_m09/20260816_190441_seed42/checkpoints/condtc_best.pt
epoch=6 / num_epochs=6
batch=0050 loss=0.8125 representation_loss=0.7403 clustering_loss=0.1443 instance_nce=3.4840 cluster_nce=2.3441 
batch=0100 loss=0.6510 representation_loss=0.5781 clustering_loss=0.1458 instance_nce=3.4084 cluster_nce=2.3363 
batch=0150 loss=0.6638 representation_loss=0.5986 clustering_loss=0.1305 instance_nce=3.4130 cluster_nce=2.3164 
batch=0200 loss=0.7921 representation_loss=0.7255 clustering_loss=0.1331 instance_nce=3.4457 cluster_nce=2.3593 
batch=0250 loss=0.6907 representation_loss=0.6206 clustering_loss=0.1403 instance_nce=3.4559 cluster_nce=2.3257 
batch=0300 loss=0.6773 representation_loss=0.6089 clustering_loss=0.1367 instance_nce=3.4491 cluster_nce=2.3350 
batch=0350 loss=0.8621 representation_loss=0.8055 clustering_loss=0.1131 instance_nce=3.4300 cluster_nce=2.3133 
Train: loss=0.7364 mstm=0.6667 instance_nce=3.4329 cluster_nce=2.3304 dec=0.1393
save checkpoint:  /root/trajectory-clustering/con-dtc/runs/condtc_qd_ema_pre30_m09/20260816_190441_seed42/checkpoints/condtc_best.pt
best train_loss:  0.7363544601031478
evaluating: /root/trajectory-clustering/con-dtc/runs/condtc_qd_ema_pre30_m09/20260816_190441_seed42/checkpoints/condtc_best.pt
device: cuda
cluster counts: tensor([ 991,  968, 1038,  966, 1003,  818,  943,  990,  944, 1083,  860, 1000])
metrics: {'uacc': 0.9715615305067218, 'nmi': 0.9638668000270025, 'ri': 0.9911932462402373, 'ari': 0.9424650943488758}
metrics saved: /root/trajectory-clustering/con-dtc/runs/condtc_qd_ema_pre30_m09/20260816_190441_seed42/metrics.json
