experiment initialized
run directory: /root/trajectory-clustering/con-dtc/runs/condtc_qd_s3_m07_w08_boundary_protected/20260814_134830_seed2026
config snapshot: /root/trajectory-clustering/con-dtc/runs/condtc_qd_s3_m07_w08_boundary_protected/20260814_134830_seed2026/config.yaml
device: cuda
pretrain checkpoint: /root/trajectory-clustering/con-dtc/checkpoints/sttraj2vec_pretrain_paper_15ep.pt
epoch=1 / num_epochs=6
batch=0050 loss=1.1425 representation_loss=0.9502 clustering_loss=0.3846 instance_nce=3.4862 cluster_nce=2.3926 
batch=0100 loss=1.2458 representation_loss=1.0504 clustering_loss=0.3907 instance_nce=3.4718 cluster_nce=2.4177 
batch=0150 loss=1.0822 representation_loss=0.8810 clustering_loss=0.4024 instance_nce=3.4622 cluster_nce=2.4080 
batch=0200 loss=1.1439 representation_loss=0.9759 clustering_loss=0.3359 instance_nce=3.4991 cluster_nce=2.3710 
batch=0250 loss=1.1726 representation_loss=1.0075 clustering_loss=0.3303 instance_nce=3.4743 cluster_nce=2.3967 
batch=0300 loss=1.0769 representation_loss=0.9114 clustering_loss=0.3309 instance_nce=3.4768 cluster_nce=2.3934 
batch=0350 loss=1.0888 representation_loss=0.8819 clustering_loss=0.4136 instance_nce=3.4754 cluster_nce=2.4027 
Train: loss=1.1455 mstm=0.9570 instance_nce=3.4843 cluster_nce=2.4063 dec=0.3770
save checkpoint:  /root/trajectory-clustering/con-dtc/runs/condtc_qd_s3_m07_w08_boundary_protected/20260814_134830_seed2026/checkpoints/condtc_best.pt
epoch=2 / num_epochs=6
batch=0050 loss=0.9607 representation_loss=0.8276 clustering_loss=0.2662 instance_nce=3.4693 cluster_nce=2.3801 
batch=0100 loss=0.9629 representation_loss=0.8236 clustering_loss=0.2787 instance_nce=3.4543 cluster_nce=2.3978 
batch=0150 loss=0.9452 representation_loss=0.8044 clustering_loss=0.2816 instance_nce=3.4644 cluster_nce=2.4020 
batch=0200 loss=0.9457 representation_loss=0.8103 clustering_loss=0.2707 instance_nce=3.4766 cluster_nce=2.4119 
batch=0250 loss=1.1337 representation_loss=1.0107 clustering_loss=0.2461 instance_nce=3.4584 cluster_nce=2.4101 
batch=0300 loss=1.0750 representation_loss=0.9560 clustering_loss=0.2381 instance_nce=3.4974 cluster_nce=2.3848 
batch=0350 loss=1.1823 representation_loss=1.0538 clustering_loss=0.2569 instance_nce=3.4568 cluster_nce=2.3653 
Train: loss=1.0699 mstm=0.9367 instance_nce=3.4647 cluster_nce=2.3825 dec=0.2662
save checkpoint:  /root/trajectory-clustering/con-dtc/runs/condtc_qd_s3_m07_w08_boundary_protected/20260814_134830_seed2026/checkpoints/condtc_best.pt
epoch=3 / num_epochs=6
batch=0050 loss=1.0362 representation_loss=0.9102 clustering_loss=0.2521 instance_nce=3.4697 cluster_nce=2.3860 
batch=0100 loss=1.0814 representation_loss=0.9617 clustering_loss=0.2394 instance_nce=3.4463 cluster_nce=2.3710 
batch=0150 loss=1.1198 representation_loss=1.0035 clustering_loss=0.2327 instance_nce=3.4533 cluster_nce=2.3761 
batch=0200 loss=0.9468 representation_loss=0.8382 clustering_loss=0.2171 instance_nce=3.4891 cluster_nce=2.3761 
batch=0250 loss=1.0284 representation_loss=0.9106 clustering_loss=0.2356 instance_nce=3.4354 cluster_nce=2.3743 
batch=0300 loss=1.0655 representation_loss=0.9519 clustering_loss=0.2273 instance_nce=3.4695 cluster_nce=2.4013 
batch=0350 loss=1.0695 representation_loss=0.9696 clustering_loss=0.1997 instance_nce=3.4303 cluster_nce=2.3493 
Train: loss=1.0466 mstm=0.9329 instance_nce=3.4541 cluster_nce=2.3743 dec=0.2275
save checkpoint:  /root/trajectory-clustering/con-dtc/runs/condtc_qd_s3_m07_w08_boundary_protected/20260814_134830_seed2026/checkpoints/condtc_best.pt
epoch=4 / num_epochs=6
batch=0050 loss=0.9774 representation_loss=0.8650 clustering_loss=0.2247 instance_nce=3.4634 cluster_nce=2.3444 
batch=0100 loss=0.8832 representation_loss=0.7775 clustering_loss=0.2114 instance_nce=3.4446 cluster_nce=2.3890 
batch=0150 loss=0.9887 representation_loss=0.8850 clustering_loss=0.2075 instance_nce=3.4590 cluster_nce=2.3718 
batch=0200 loss=0.9771 representation_loss=0.8741 clustering_loss=0.2061 instance_nce=3.4289 cluster_nce=2.3421 
batch=0250 loss=0.9795 representation_loss=0.8841 clustering_loss=0.1908 instance_nce=3.4456 cluster_nce=2.3779 
batch=0300 loss=1.0330 representation_loss=0.9324 clustering_loss=0.2011 instance_nce=3.4700 cluster_nce=2.3958 
batch=0350 loss=0.9875 representation_loss=0.8929 clustering_loss=0.1893 instance_nce=3.4458 cluster_nce=2.3686 
Train: loss=1.0247 mstm=0.9207 instance_nce=3.4458 cluster_nce=2.3686 dec=0.2082
save checkpoint:  /root/trajectory-clustering/con-dtc/runs/condtc_qd_s3_m07_w08_boundary_protected/20260814_134830_seed2026/checkpoints/condtc_best.pt
epoch=5 / num_epochs=6
batch=0050 loss=1.1314 representation_loss=1.0207 clustering_loss=0.2213 instance_nce=3.4293 cluster_nce=2.3476 
batch=0100 loss=1.1126 representation_loss=1.0067 clustering_loss=0.2118 instance_nce=3.4774 cluster_nce=2.4120 
batch=0150 loss=0.9316 representation_loss=0.8244 clustering_loss=0.2144 instance_nce=3.4554 cluster_nce=2.3943 
batch=0200 loss=0.9528 representation_loss=0.8598 clustering_loss=0.1861 instance_nce=3.4005 cluster_nce=2.3587 
batch=0250 loss=0.9499 representation_loss=0.8614 clustering_loss=0.1769 instance_nce=3.4198 cluster_nce=2.3480 
batch=0300 loss=1.0824 representation_loss=0.9841 clustering_loss=0.1966 instance_nce=3.4383 cluster_nce=2.3795 
batch=0350 loss=1.0524 representation_loss=0.9469 clustering_loss=0.2110 instance_nce=3.4179 cluster_nce=2.3472 
Train: loss=1.0175 mstm=0.9189 instance_nce=3.4352 cluster_nce=2.3646 dec=0.1972
save checkpoint:  /root/trajectory-clustering/con-dtc/runs/condtc_qd_s3_m07_w08_boundary_protected/20260814_134830_seed2026/checkpoints/condtc_best.pt
epoch=6 / num_epochs=6
batch=0050 loss=1.1139 representation_loss=1.0218 clustering_loss=0.1843 instance_nce=3.4193 cluster_nce=2.3661 
batch=0100 loss=1.0426 representation_loss=0.9570 clustering_loss=0.1712 instance_nce=3.4102 cluster_nce=2.3515 
batch=0150 loss=1.0659 representation_loss=0.9665 clustering_loss=0.1988 instance_nce=3.4056 cluster_nce=2.3657 
batch=0200 loss=1.0133 representation_loss=0.9215 clustering_loss=0.1836 instance_nce=3.4262 cluster_nce=2.3664 
batch=0250 loss=1.0479 representation_loss=0.9386 clustering_loss=0.2185 instance_nce=3.4289 cluster_nce=2.3696 
batch=0300 loss=0.9503 representation_loss=0.8587 clustering_loss=0.1832 instance_nce=3.4044 cluster_nce=2.3624 
batch=0350 loss=0.9586 representation_loss=0.8750 clustering_loss=0.1673 instance_nce=3.4209 cluster_nce=2.3335 
Train: loss=0.9916 mstm=0.8969 instance_nce=3.4284 cluster_nce=2.3613 dec=0.1894
save checkpoint:  /root/trajectory-clustering/con-dtc/runs/condtc_qd_s3_m07_w08_boundary_protected/20260814_134830_seed2026/checkpoints/condtc_best.pt
best train_loss:  0.9915869662121467
evaluating: /root/trajectory-clustering/con-dtc/runs/condtc_qd_s3_m07_w08_boundary_protected/20260814_134830_seed2026/checkpoints/condtc_best.pt
device: cuda
cluster counts: tensor([ 951, 1003, 1582,   16, 1000, 1212,  972,  347, 1941,  944,  686,  950])
metrics: {'uacc': 0.8057566356428818, 'nmi': 0.8919271382036211, 'ri': 0.9611836827493799, 'ari': 0.7713832167381717}
metrics saved: /root/trajectory-clustering/con-dtc/runs/condtc_qd_s3_m07_w08_boundary_protected/20260814_134830_seed2026/metrics.json
