experiment initialized
run directory: /root/trajectory-clustering/con-dtc/runs/condtc_qd_ema_staged_s4_m07/20260816_211104_seed123
config snapshot: /root/trajectory-clustering/con-dtc/runs/condtc_qd_ema_staged_s4_m07/20260816_211104_seed123/config.yaml
device: cuda
pretrain checkpoint: /root/trajectory-clustering/con-dtc/checkpoints/sttraj2vec_pretrain_paper_15ep.pt
epoch=1 / num_epochs=6
batch=0050 loss=1.1286 representation_loss=0.9030 clustering_loss=0.4513 instance_nce=3.6067 cluster_nce=2.3595 
batch=0100 loss=1.0787 representation_loss=0.8455 clustering_loss=0.4665 instance_nce=3.6287 cluster_nce=2.3642 
batch=0150 loss=1.2206 representation_loss=1.0481 clustering_loss=0.3450 instance_nce=3.5984 cluster_nce=2.3466 
batch=0200 loss=1.1053 representation_loss=0.9420 clustering_loss=0.3266 instance_nce=3.6288 cluster_nce=2.3677 
batch=0250 loss=1.0986 representation_loss=0.9124 clustering_loss=0.3724 instance_nce=3.6574 cluster_nce=2.3642 
batch=0300 loss=1.0505 representation_loss=0.8672 clustering_loss=0.3668 instance_nce=3.6164 cluster_nce=2.3272 
batch=0350 loss=1.1928 representation_loss=1.0299 clustering_loss=0.3259 instance_nce=3.6750 cluster_nce=2.3679 
Train: loss=1.1488 mstm=0.9602 instance_nce=3.6168 cluster_nce=2.3567 dec=0.3772
save checkpoint:  /root/trajectory-clustering/con-dtc/runs/condtc_qd_ema_staged_s4_m07/20260816_211104_seed123/checkpoints/condtc_best.pt
epoch=2 / num_epochs=6
batch=0050 loss=0.9917 representation_loss=0.8540 clustering_loss=0.2754 instance_nce=3.5850 cluster_nce=2.3391 
batch=0100 loss=1.0593 representation_loss=0.9248 clustering_loss=0.2690 instance_nce=3.6031 cluster_nce=2.3264 
batch=0150 loss=1.2753 representation_loss=1.1292 clustering_loss=0.2921 instance_nce=3.6081 cluster_nce=2.3502 
batch=0200 loss=1.1449 representation_loss=1.0074 clustering_loss=0.2751 instance_nce=3.6071 cluster_nce=2.3566 
batch=0250 loss=1.0364 representation_loss=0.9152 clustering_loss=0.2425 instance_nce=3.6055 cluster_nce=2.3333 
batch=0300 loss=1.1206 representation_loss=0.9850 clustering_loss=0.2711 instance_nce=3.5871 cluster_nce=2.3208 
batch=0350 loss=1.0740 representation_loss=0.9572 clustering_loss=0.2336 instance_nce=3.5513 cluster_nce=2.3408 
Train: loss=1.0793 mstm=0.9444 instance_nce=3.6005 cluster_nce=2.3371 dec=0.2699
save checkpoint:  /root/trajectory-clustering/con-dtc/runs/condtc_qd_ema_staged_s4_m07/20260816_211104_seed123/checkpoints/condtc_best.pt
epoch=3 / num_epochs=6
batch=0050 loss=0.9515 representation_loss=0.8177 clustering_loss=0.2676 instance_nce=3.5744 cluster_nce=2.3368 
batch=0100 loss=1.0031 representation_loss=0.8638 clustering_loss=0.2786 instance_nce=3.6113 cluster_nce=2.3432 
batch=0150 loss=1.1566 representation_loss=1.0329 clustering_loss=0.2473 instance_nce=3.5773 cluster_nce=2.3247 
batch=0200 loss=1.1219 representation_loss=1.0080 clustering_loss=0.2278 instance_nce=3.5828 cluster_nce=2.3308 
batch=0250 loss=1.0310 representation_loss=0.9068 clustering_loss=0.2484 instance_nce=3.6047 cluster_nce=2.3128 
batch=0300 loss=0.9628 representation_loss=0.8519 clustering_loss=0.2216 instance_nce=3.5608 cluster_nce=2.3096 
batch=0350 loss=1.0375 representation_loss=0.9234 clustering_loss=0.2282 instance_nce=3.5793 cluster_nce=2.3188 
Train: loss=1.0573 mstm=0.9320 instance_nce=3.5875 cluster_nce=2.3292 dec=0.2507
save checkpoint:  /root/trajectory-clustering/con-dtc/runs/condtc_qd_ema_staged_s4_m07/20260816_211104_seed123/checkpoints/condtc_best.pt
epoch=4 / num_epochs=6
batch=0050 loss=1.0184 representation_loss=0.9011 clustering_loss=0.2347 instance_nce=3.5809 cluster_nce=2.3088 
batch=0100 loss=1.0342 representation_loss=0.9182 clustering_loss=0.2321 instance_nce=3.5488 cluster_nce=2.3164 
batch=0150 loss=0.8539 representation_loss=0.7555 clustering_loss=0.1968 instance_nce=3.5577 cluster_nce=2.3029 
batch=0200 loss=0.9355 representation_loss=0.8234 clustering_loss=0.2243 instance_nce=3.5638 cluster_nce=2.3224 
batch=0250 loss=1.2003 representation_loss=1.0971 clustering_loss=0.2064 instance_nce=3.5445 cluster_nce=2.3132 
batch=0300 loss=1.1731 representation_loss=1.0589 clustering_loss=0.2283 instance_nce=3.5597 cluster_nce=2.3140 
batch=0350 loss=1.0668 representation_loss=0.9576 clustering_loss=0.2184 instance_nce=3.5819 cluster_nce=2.3120 
Train: loss=1.0284 mstm=0.9179 instance_nce=3.5767 cluster_nce=2.3253 dec=0.2210
save checkpoint:  /root/trajectory-clustering/con-dtc/runs/condtc_qd_ema_staged_s4_m07/20260816_211104_seed123/checkpoints/condtc_best.pt
epoch=5 / num_epochs=6
batch=0050 loss=1.0689 representation_loss=0.9672 clustering_loss=0.2033 instance_nce=3.5912 cluster_nce=2.3188 
batch=0100 loss=1.1168 representation_loss=1.0115 clustering_loss=0.2107 instance_nce=3.5468 cluster_nce=2.3096 
batch=0150 loss=1.0667 representation_loss=0.9765 clustering_loss=0.1805 instance_nce=3.5384 cluster_nce=2.3096 
batch=0200 loss=1.0037 representation_loss=0.9017 clustering_loss=0.2040 instance_nce=3.5608 cluster_nce=2.3249 
batch=0250 loss=1.0498 representation_loss=0.9553 clustering_loss=0.1890 instance_nce=3.5306 cluster_nce=2.3133 
batch=0300 loss=1.0283 representation_loss=0.9300 clustering_loss=0.1967 instance_nce=3.5567 cluster_nce=2.2997 
batch=0350 loss=0.9446 representation_loss=0.8446 clustering_loss=0.1999 instance_nce=3.5406 cluster_nce=2.3085 
Train: loss=1.0152 mstm=0.9133 instance_nce=3.5659 cluster_nce=2.3211 dec=0.2039
save checkpoint:  /root/trajectory-clustering/con-dtc/runs/condtc_qd_ema_staged_s4_m07/20260816_211104_seed123/checkpoints/condtc_best.pt
epoch=6 / num_epochs=6
batch=0050 loss=0.9660 representation_loss=0.8708 clustering_loss=0.1904 instance_nce=3.5403 cluster_nce=2.3258 
batch=0100 loss=1.1599 representation_loss=1.0638 clustering_loss=0.1921 instance_nce=3.5523 cluster_nce=2.3113 
batch=0150 loss=1.0395 representation_loss=0.9506 clustering_loss=0.1777 instance_nce=3.5297 cluster_nce=2.3242 
batch=0200 loss=1.1927 representation_loss=1.0885 clustering_loss=0.2084 instance_nce=3.6086 cluster_nce=2.3392 
batch=0250 loss=0.9953 representation_loss=0.8966 clustering_loss=0.1974 instance_nce=3.5461 cluster_nce=2.3175 
batch=0300 loss=1.0762 representation_loss=0.9675 clustering_loss=0.2175 instance_nce=3.5796 cluster_nce=2.3375 
batch=0350 loss=1.0352 representation_loss=0.9382 clustering_loss=0.1940 instance_nce=3.5333 cluster_nce=2.3225 
Train: loss=0.9965 mstm=0.9002 instance_nce=3.5547 cluster_nce=2.3172 dec=0.1925
save checkpoint:  /root/trajectory-clustering/con-dtc/runs/condtc_qd_ema_staged_s4_m07/20260816_211104_seed123/checkpoints/condtc_best.pt
best train_loss:  0.9964593187852877
evaluating: /root/trajectory-clustering/con-dtc/runs/condtc_qd_ema_staged_s4_m07/20260816_211104_seed123/checkpoints/condtc_best.pt
device: cuda
cluster counts: tensor([ 933, 1791,  944, 1424, 1957, 1003,    0, 1000,  505,  968,  107,  972])
metrics: {'uacc': 0.7627542226818339, 'nmi': 0.8909244736060129, 'ri': 0.9561773255576458, 'ari': 0.7509922040573332}
metrics saved: /root/trajectory-clustering/con-dtc/runs/condtc_qd_ema_staged_s4_m07/20260816_211104_seed123/metrics.json
