experiment initialized
run directory: /root/trajectory-clustering/con-dtc/runs/condtc_qd_ema_staged_s3_m07_weighted_mw06/20260817_122444_seed2026
config snapshot: /root/trajectory-clustering/con-dtc/runs/condtc_qd_ema_staged_s3_m07_weighted_mw06/20260817_122444_seed2026/config.yaml
device: cuda
pretrain checkpoint: /root/trajectory-clustering/con-dtc/checkpoints/sttraj2vec_pretrain_paper_15ep.pt
epoch=1 / num_epochs=6
batch=0050 loss=1.1425 representation_loss=0.9502 clustering_loss=0.3846 instance_nce=3.4862 cluster_nce=2.3926 
batch=0100 loss=1.2458 representation_loss=1.0504 clustering_loss=0.3907 instance_nce=3.4718 cluster_nce=2.4177 
batch=0150 loss=1.0822 representation_loss=0.8810 clustering_loss=0.4024 instance_nce=3.4622 cluster_nce=2.4080 
batch=0200 loss=1.1439 representation_loss=0.9759 clustering_loss=0.3359 instance_nce=3.4991 cluster_nce=2.3710 
batch=0250 loss=1.1726 representation_loss=1.0075 clustering_loss=0.3303 instance_nce=3.4743 cluster_nce=2.3967 
batch=0300 loss=1.0769 representation_loss=0.9114 clustering_loss=0.3309 instance_nce=3.4768 cluster_nce=2.3934 
batch=0350 loss=1.0888 representation_loss=0.8819 clustering_loss=0.4136 instance_nce=3.4754 cluster_nce=2.4027 
Train: loss=1.1455 mstm=0.9570 instance_nce=3.4843 cluster_nce=2.4063 dec=0.3770
save checkpoint:  /root/trajectory-clustering/con-dtc/runs/condtc_qd_ema_staged_s3_m07_weighted_mw06/20260817_122444_seed2026/checkpoints/condtc_best.pt
epoch=2 / num_epochs=6
batch=0050 loss=0.9607 representation_loss=0.8276 clustering_loss=0.2662 instance_nce=3.4693 cluster_nce=2.3801 
batch=0100 loss=0.9629 representation_loss=0.8236 clustering_loss=0.2787 instance_nce=3.4543 cluster_nce=2.3978 
batch=0150 loss=0.9452 representation_loss=0.8044 clustering_loss=0.2816 instance_nce=3.4644 cluster_nce=2.4020 
batch=0200 loss=0.9457 representation_loss=0.8103 clustering_loss=0.2707 instance_nce=3.4766 cluster_nce=2.4119 
batch=0250 loss=1.1337 representation_loss=1.0107 clustering_loss=0.2461 instance_nce=3.4584 cluster_nce=2.4101 
batch=0300 loss=1.0750 representation_loss=0.9560 clustering_loss=0.2381 instance_nce=3.4974 cluster_nce=2.3848 
batch=0350 loss=1.1823 representation_loss=1.0538 clustering_loss=0.2569 instance_nce=3.4568 cluster_nce=2.3653 
Train: loss=1.0699 mstm=0.9367 instance_nce=3.4647 cluster_nce=2.3825 dec=0.2662
save checkpoint:  /root/trajectory-clustering/con-dtc/runs/condtc_qd_ema_staged_s3_m07_weighted_mw06/20260817_122444_seed2026/checkpoints/condtc_best.pt
epoch=3 / num_epochs=6
batch=0050 loss=1.0399 representation_loss=0.9101 clustering_loss=0.2594 instance_nce=3.4694 cluster_nce=2.3846 
batch=0100 loss=1.0834 representation_loss=0.9612 clustering_loss=0.2445 instance_nce=3.4465 cluster_nce=2.3702 
batch=0150 loss=1.1209 representation_loss=1.0032 clustering_loss=0.2354 instance_nce=3.4534 cluster_nce=2.3755 
batch=0200 loss=0.9494 representation_loss=0.8384 clustering_loss=0.2221 instance_nce=3.4903 cluster_nce=2.3755 
batch=0250 loss=1.0296 representation_loss=0.9111 clustering_loss=0.2372 instance_nce=3.4361 cluster_nce=2.3731 
batch=0300 loss=1.0703 representation_loss=0.9520 clustering_loss=0.2366 instance_nce=3.4701 cluster_nce=2.4002 
batch=0350 loss=1.0724 representation_loss=0.9701 clustering_loss=0.2045 instance_nce=3.4311 cluster_nce=2.3490 
Train: loss=1.0490 mstm=0.9329 instance_nce=3.4544 cluster_nce=2.3735 dec=0.2320
save checkpoint:  /root/trajectory-clustering/con-dtc/runs/condtc_qd_ema_staged_s3_m07_weighted_mw06/20260817_122444_seed2026/checkpoints/condtc_best.pt
epoch=4 / num_epochs=6
batch=0050 loss=0.9791 representation_loss=0.8650 clustering_loss=0.2281 instance_nce=3.4639 cluster_nce=2.3441 
batch=0100 loss=0.8876 representation_loss=0.7780 clustering_loss=0.2192 instance_nce=3.4450 cluster_nce=2.3874 
batch=0150 loss=0.9903 representation_loss=0.8848 clustering_loss=0.2109 instance_nce=3.4593 cluster_nce=2.3712 
batch=0200 loss=0.9785 representation_loss=0.8742 clustering_loss=0.2085 instance_nce=3.4295 cluster_nce=2.3422 
batch=0250 loss=0.9811 representation_loss=0.8836 clustering_loss=0.1950 instance_nce=3.4458 cluster_nce=2.3766 
batch=0300 loss=1.0361 representation_loss=0.9331 clustering_loss=0.2060 instance_nce=3.4694 cluster_nce=2.3947 
batch=0350 loss=0.9900 representation_loss=0.8933 clustering_loss=0.1933 instance_nce=3.4467 cluster_nce=2.3674 
Train: loss=1.0272 mstm=0.9208 instance_nce=3.4461 cluster_nce=2.3678 dec=0.2128
save checkpoint:  /root/trajectory-clustering/con-dtc/runs/condtc_qd_ema_staged_s3_m07_weighted_mw06/20260817_122444_seed2026/checkpoints/condtc_best.pt
epoch=5 / num_epochs=6
batch=0050 loss=1.1318 representation_loss=1.0207 clustering_loss=0.2222 instance_nce=3.4289 cluster_nce=2.3467 
batch=0100 loss=1.1158 representation_loss=1.0069 clustering_loss=0.2177 instance_nce=3.4782 cluster_nce=2.4104 
batch=0150 loss=0.9341 representation_loss=0.8246 clustering_loss=0.2189 instance_nce=3.4544 cluster_nce=2.3934 
batch=0200 loss=0.9568 representation_loss=0.8597 clustering_loss=0.1941 instance_nce=3.4006 cluster_nce=2.3577 
batch=0250 loss=0.9522 representation_loss=0.8614 clustering_loss=0.1816 instance_nce=3.4197 cluster_nce=2.3468 
batch=0300 loss=1.0861 representation_loss=0.9845 clustering_loss=0.2033 instance_nce=3.4381 cluster_nce=2.3778 
batch=0350 loss=1.0541 representation_loss=0.9465 clustering_loss=0.2153 instance_nce=3.4176 cluster_nce=2.3466 
Train: loss=1.0201 mstm=0.9190 instance_nce=3.4352 cluster_nce=2.3635 dec=0.2021
save checkpoint:  /root/trajectory-clustering/con-dtc/runs/condtc_qd_ema_staged_s3_m07_weighted_mw06/20260817_122444_seed2026/checkpoints/condtc_best.pt
epoch=6 / num_epochs=6
batch=0050 loss=1.1164 representation_loss=1.0224 clustering_loss=0.1881 instance_nce=3.4194 cluster_nce=2.3646 
batch=0100 loss=1.0465 representation_loss=0.9568 clustering_loss=0.1793 instance_nce=3.4106 cluster_nce=2.3503 
batch=0150 loss=1.0676 representation_loss=0.9669 clustering_loss=0.2015 instance_nce=3.4056 cluster_nce=2.3643 
batch=0200 loss=1.0152 representation_loss=0.9220 clustering_loss=0.1864 instance_nce=3.4253 cluster_nce=2.3648 
batch=0250 loss=1.0487 representation_loss=0.9395 clustering_loss=0.2184 instance_nce=3.4287 cluster_nce=2.3684 
batch=0300 loss=0.9534 representation_loss=0.8591 clustering_loss=0.1887 instance_nce=3.4044 cluster_nce=2.3610 
batch=0350 loss=0.9601 representation_loss=0.8753 clustering_loss=0.1697 instance_nce=3.4212 cluster_nce=2.3329 
Train: loss=0.9941 mstm=0.8972 instance_nce=3.4282 cluster_nce=2.3601 dec=0.1939
save checkpoint:  /root/trajectory-clustering/con-dtc/runs/condtc_qd_ema_staged_s3_m07_weighted_mw06/20260817_122444_seed2026/checkpoints/condtc_best.pt
best train_loss:  0.9941073920306811
evaluating: /root/trajectory-clustering/con-dtc/runs/condtc_qd_ema_staged_s3_m07_weighted_mw06/20260817_122444_seed2026/checkpoints/condtc_best.pt
device: cuda
cluster counts: tensor([ 958, 1003, 1605,    0, 1000, 1253,  973,  323, 1957,  944,  645,  943])
metrics: {'uacc': 0.8037745604963805, 'nmi': 0.8932316407511205, 'ri': 0.9606549590477542, 'ari': 0.7696787102806929}
metrics saved: /root/trajectory-clustering/con-dtc/runs/condtc_qd_ema_staged_s3_m07_weighted_mw06/20260817_122444_seed2026/metrics.json
