experiment initialized
run directory: /root/trajectory-clustering/con-dtc/runs/condtc_qd_ema_staged_s4_m07/20260816_221110_seed2026
config snapshot: /root/trajectory-clustering/con-dtc/runs/condtc_qd_ema_staged_s4_m07/20260816_221110_seed2026/config.yaml
device: cuda
pretrain checkpoint: /root/trajectory-clustering/con-dtc/checkpoints/sttraj2vec_pretrain_paper_15ep.pt
epoch=1 / num_epochs=6
batch=0050 loss=1.1425 representation_loss=0.9502 clustering_loss=0.3846 instance_nce=3.4862 cluster_nce=2.3926 
batch=0100 loss=1.2458 representation_loss=1.0504 clustering_loss=0.3907 instance_nce=3.4718 cluster_nce=2.4177 
batch=0150 loss=1.0822 representation_loss=0.8810 clustering_loss=0.4024 instance_nce=3.4622 cluster_nce=2.4080 
batch=0200 loss=1.1439 representation_loss=0.9759 clustering_loss=0.3359 instance_nce=3.4991 cluster_nce=2.3710 
batch=0250 loss=1.1726 representation_loss=1.0075 clustering_loss=0.3303 instance_nce=3.4743 cluster_nce=2.3967 
batch=0300 loss=1.0769 representation_loss=0.9114 clustering_loss=0.3309 instance_nce=3.4768 cluster_nce=2.3934 
batch=0350 loss=1.0888 representation_loss=0.8819 clustering_loss=0.4136 instance_nce=3.4754 cluster_nce=2.4027 
Train: loss=1.1455 mstm=0.9570 instance_nce=3.4843 cluster_nce=2.4063 dec=0.3770
save checkpoint:  /root/trajectory-clustering/con-dtc/runs/condtc_qd_ema_staged_s4_m07/20260816_221110_seed2026/checkpoints/condtc_best.pt
epoch=2 / num_epochs=6
batch=0050 loss=0.9607 representation_loss=0.8276 clustering_loss=0.2662 instance_nce=3.4693 cluster_nce=2.3801 
batch=0100 loss=0.9629 representation_loss=0.8236 clustering_loss=0.2787 instance_nce=3.4543 cluster_nce=2.3978 
batch=0150 loss=0.9452 representation_loss=0.8044 clustering_loss=0.2816 instance_nce=3.4644 cluster_nce=2.4020 
batch=0200 loss=0.9457 representation_loss=0.8103 clustering_loss=0.2707 instance_nce=3.4766 cluster_nce=2.4119 
batch=0250 loss=1.1337 representation_loss=1.0107 clustering_loss=0.2461 instance_nce=3.4584 cluster_nce=2.4101 
batch=0300 loss=1.0750 representation_loss=0.9560 clustering_loss=0.2381 instance_nce=3.4974 cluster_nce=2.3848 
batch=0350 loss=1.1823 representation_loss=1.0538 clustering_loss=0.2569 instance_nce=3.4568 cluster_nce=2.3653 
Train: loss=1.0699 mstm=0.9367 instance_nce=3.4647 cluster_nce=2.3825 dec=0.2662
save checkpoint:  /root/trajectory-clustering/con-dtc/runs/condtc_qd_ema_staged_s4_m07/20260816_221110_seed2026/checkpoints/condtc_best.pt
epoch=3 / num_epochs=6
batch=0050 loss=1.0552 representation_loss=0.9104 clustering_loss=0.2896 instance_nce=3.4692 cluster_nce=2.3823 
batch=0100 loss=1.0894 representation_loss=0.9616 clustering_loss=0.2554 instance_nce=3.4453 cluster_nce=2.3684 
batch=0150 loss=1.1240 representation_loss=1.0032 clustering_loss=0.2417 instance_nce=3.4524 cluster_nce=2.3738 
batch=0200 loss=0.9556 representation_loss=0.8383 clustering_loss=0.2347 instance_nce=3.4895 cluster_nce=2.3741 
batch=0250 loss=1.0355 representation_loss=0.9109 clustering_loss=0.2491 instance_nce=3.4349 cluster_nce=2.3713 
batch=0300 loss=1.0772 representation_loss=0.9525 clustering_loss=0.2494 instance_nce=3.4692 cluster_nce=2.3975 
batch=0350 loss=1.0808 representation_loss=0.9695 clustering_loss=0.2225 instance_nce=3.4279 cluster_nce=2.3468 
Train: loss=1.0583 mstm=0.9330 instance_nce=3.4534 cluster_nce=2.3713 dec=0.2505
save checkpoint:  /root/trajectory-clustering/con-dtc/runs/condtc_qd_ema_staged_s4_m07/20260816_221110_seed2026/checkpoints/condtc_best.pt
epoch=4 / num_epochs=6
batch=0050 loss=0.9832 representation_loss=0.8657 clustering_loss=0.2349 instance_nce=3.4628 cluster_nce=2.3430 
batch=0100 loss=0.8901 representation_loss=0.7786 clustering_loss=0.2228 instance_nce=3.4441 cluster_nce=2.3858 
batch=0150 loss=0.9939 representation_loss=0.8845 clustering_loss=0.2187 instance_nce=3.4570 cluster_nce=2.3662 
batch=0200 loss=0.9811 representation_loss=0.8747 clustering_loss=0.2128 instance_nce=3.4274 cluster_nce=2.3397 
batch=0250 loss=0.9869 representation_loss=0.8846 clustering_loss=0.2046 instance_nce=3.4439 cluster_nce=2.3735 
batch=0300 loss=1.0401 representation_loss=0.9320 clustering_loss=0.2162 instance_nce=3.4684 cluster_nce=2.3925 
batch=0350 loss=0.9954 representation_loss=0.8936 clustering_loss=0.2034 instance_nce=3.4455 cluster_nce=2.3666 
Train: loss=1.0317 mstm=0.9208 instance_nce=3.4444 cluster_nce=2.3657 dec=0.2216
save checkpoint:  /root/trajectory-clustering/con-dtc/runs/condtc_qd_ema_staged_s4_m07/20260816_221110_seed2026/checkpoints/condtc_best.pt
epoch=5 / num_epochs=6
batch=0050 loss=1.1344 representation_loss=1.0212 clustering_loss=0.2263 instance_nce=3.4282 cluster_nce=2.3456 
batch=0100 loss=1.1177 representation_loss=1.0062 clustering_loss=0.2231 instance_nce=3.4767 cluster_nce=2.4092 
batch=0150 loss=0.9340 representation_loss=0.8251 clustering_loss=0.2179 instance_nce=3.4530 cluster_nce=2.3908 
batch=0200 loss=0.9562 representation_loss=0.8597 clustering_loss=0.1929 instance_nce=3.3997 cluster_nce=2.3557 
batch=0250 loss=0.9555 representation_loss=0.8625 clustering_loss=0.1861 instance_nce=3.4184 cluster_nce=2.3447 
batch=0300 loss=1.0881 representation_loss=0.9839 clustering_loss=0.2084 instance_nce=3.4366 cluster_nce=2.3755 
batch=0350 loss=1.0557 representation_loss=0.9460 clustering_loss=0.2193 instance_nce=3.4159 cluster_nce=2.3442 
Train: loss=1.0221 mstm=0.9190 instance_nce=3.4337 cluster_nce=2.3617 dec=0.2062
save checkpoint:  /root/trajectory-clustering/con-dtc/runs/condtc_qd_ema_staged_s4_m07/20260816_221110_seed2026/checkpoints/condtc_best.pt
epoch=6 / num_epochs=6
batch=0050 loss=1.1170 representation_loss=1.0221 clustering_loss=0.1897 instance_nce=3.4187 cluster_nce=2.3644 
batch=0100 loss=1.0466 representation_loss=0.9569 clustering_loss=0.1794 instance_nce=3.4086 cluster_nce=2.3489 
batch=0150 loss=1.0693 representation_loss=0.9662 clustering_loss=0.2062 instance_nce=3.4038 cluster_nce=2.3628 
batch=0200 loss=1.0156 representation_loss=0.9221 clustering_loss=0.1871 instance_nce=3.4243 cluster_nce=2.3632 
batch=0250 loss=1.0532 representation_loss=0.9390 clustering_loss=0.2284 instance_nce=3.4266 cluster_nce=2.3663 
batch=0300 loss=0.9511 representation_loss=0.8580 clustering_loss=0.1860 instance_nce=3.4032 cluster_nce=2.3604 
batch=0350 loss=0.9617 representation_loss=0.8744 clustering_loss=0.1745 instance_nce=3.4198 cluster_nce=2.3316 
Train: loss=0.9950 mstm=0.8971 instance_nce=3.4270 cluster_nce=2.3587 dec=0.1960
save checkpoint:  /root/trajectory-clustering/con-dtc/runs/condtc_qd_ema_staged_s4_m07/20260816_221110_seed2026/checkpoints/condtc_best.pt
best train_loss:  0.9950460783985721
evaluating: /root/trajectory-clustering/con-dtc/runs/condtc_qd_ema_staged_s4_m07/20260816_221110_seed2026/checkpoints/condtc_best.pt
device: cuda
cluster counts: tensor([ 963, 1003, 1683,    0, 1000, 1087,  972,  246, 1957,  944,  811,  938])
metrics: {'uacc': 0.8132540503274733, 'nmi': 0.9019762719161803, 'ri': 0.9633826974165979, 'ari': 0.7861437130949199}
metrics saved: /root/trajectory-clustering/con-dtc/runs/condtc_qd_ema_staged_s4_m07/20260816_221110_seed2026/metrics.json
