experiment initialized
run directory: /root/trajectory-clustering/con-dtc/runs/condtc_qd_ema_staged_s4_m07/20260816_214103_seed777
config snapshot: /root/trajectory-clustering/con-dtc/runs/condtc_qd_ema_staged_s4_m07/20260816_214103_seed777/config.yaml
device: cuda
pretrain checkpoint: /root/trajectory-clustering/con-dtc/checkpoints/sttraj2vec_pretrain_paper_15ep.pt
epoch=1 / num_epochs=6
batch=0050 loss=1.1041 representation_loss=0.8910 clustering_loss=0.4262 instance_nce=3.5183 cluster_nce=2.3541 
batch=0100 loss=1.1255 representation_loss=0.9189 clustering_loss=0.4131 instance_nce=3.5500 cluster_nce=2.3527 
batch=0150 loss=1.0998 representation_loss=0.9010 clustering_loss=0.3976 instance_nce=3.5374 cluster_nce=2.3381 
batch=0200 loss=1.0455 representation_loss=0.8774 clustering_loss=0.3362 instance_nce=3.5043 cluster_nce=2.3492 
batch=0250 loss=1.0576 representation_loss=0.8807 clustering_loss=0.3538 instance_nce=3.5087 cluster_nce=2.3190 
batch=0300 loss=1.0648 representation_loss=0.8901 clustering_loss=0.3494 instance_nce=3.5232 cluster_nce=2.3238 
batch=0350 loss=1.2181 representation_loss=1.0338 clustering_loss=0.3685 instance_nce=3.4997 cluster_nce=2.3173 
Train: loss=1.1377 mstm=0.9503 instance_nce=3.5230 cluster_nce=2.3400 dec=0.3747
save checkpoint:  /root/trajectory-clustering/con-dtc/runs/condtc_qd_ema_staged_s4_m07/20260816_214103_seed777/checkpoints/condtc_best.pt
epoch=2 / num_epochs=6
batch=0050 loss=1.1027 representation_loss=0.9530 clustering_loss=0.2994 instance_nce=3.4978 cluster_nce=2.3306 
batch=0100 loss=1.0955 representation_loss=0.9477 clustering_loss=0.2954 instance_nce=3.5180 cluster_nce=2.3085 
batch=0150 loss=1.1029 representation_loss=0.9744 clustering_loss=0.2570 instance_nce=3.5031 cluster_nce=2.3156 
batch=0200 loss=1.0753 representation_loss=0.9499 clustering_loss=0.2507 instance_nce=3.5658 cluster_nce=2.3358 
batch=0250 loss=1.0711 representation_loss=0.9385 clustering_loss=0.2652 instance_nce=3.4802 cluster_nce=2.3046 
batch=0300 loss=1.0171 representation_loss=0.9069 clustering_loss=0.2203 instance_nce=3.4612 cluster_nce=2.3082 
batch=0350 loss=1.0363 representation_loss=0.9243 clustering_loss=0.2239 instance_nce=3.5195 cluster_nce=2.3021 
Train: loss=1.0692 mstm=0.9393 instance_nce=3.5033 cluster_nce=2.3218 dec=0.2599
save checkpoint:  /root/trajectory-clustering/con-dtc/runs/condtc_qd_ema_staged_s4_m07/20260816_214103_seed777/checkpoints/condtc_best.pt
epoch=3 / num_epochs=6
batch=0050 loss=1.0529 representation_loss=0.9208 clustering_loss=0.2643 instance_nce=3.5023 cluster_nce=2.3127 
batch=0100 loss=1.1508 representation_loss=1.0091 clustering_loss=0.2833 instance_nce=3.4805 cluster_nce=2.3092 
batch=0150 loss=1.0526 representation_loss=0.9373 clustering_loss=0.2306 instance_nce=3.4609 cluster_nce=2.3193 
batch=0200 loss=0.9713 representation_loss=0.8451 clustering_loss=0.2524 instance_nce=3.4895 cluster_nce=2.3255 
batch=0250 loss=1.1273 representation_loss=1.0124 clustering_loss=0.2298 instance_nce=3.4835 cluster_nce=2.3114 
batch=0300 loss=0.9811 representation_loss=0.8669 clustering_loss=0.2283 instance_nce=3.4932 cluster_nce=2.3181 
batch=0350 loss=1.1131 representation_loss=1.0065 clustering_loss=0.2131 instance_nce=3.4607 cluster_nce=2.3102 
Train: loss=1.0574 mstm=0.9331 instance_nce=3.4922 cluster_nce=2.3165 dec=0.2485
save checkpoint:  /root/trajectory-clustering/con-dtc/runs/condtc_qd_ema_staged_s4_m07/20260816_214103_seed777/checkpoints/condtc_best.pt
epoch=4 / num_epochs=6
batch=0050 loss=1.0503 representation_loss=0.9431 clustering_loss=0.2143 instance_nce=3.4986 cluster_nce=2.3242 
batch=0100 loss=1.2115 representation_loss=1.0828 clustering_loss=0.2575 instance_nce=3.5332 cluster_nce=2.3270 
batch=0150 loss=1.1066 representation_loss=0.9976 clustering_loss=0.2180 instance_nce=3.4718 cluster_nce=2.3140 
batch=0200 loss=1.1390 representation_loss=1.0297 clustering_loss=0.2188 instance_nce=3.4675 cluster_nce=2.3036 
batch=0250 loss=1.0873 representation_loss=0.9648 clustering_loss=0.2451 instance_nce=3.5015 cluster_nce=2.3181 
batch=0300 loss=0.8672 representation_loss=0.7558 clustering_loss=0.2227 instance_nce=3.5043 cluster_nce=2.3218 
batch=0350 loss=1.1261 representation_loss=1.0182 clustering_loss=0.2158 instance_nce=3.4513 cluster_nce=2.3085 
Train: loss=1.0341 mstm=0.9245 instance_nce=3.4821 cluster_nce=2.3115 dec=0.2191
save checkpoint:  /root/trajectory-clustering/con-dtc/runs/condtc_qd_ema_staged_s4_m07/20260816_214103_seed777/checkpoints/condtc_best.pt
epoch=5 / num_epochs=6
batch=0050 loss=1.0354 representation_loss=0.9363 clustering_loss=0.1981 instance_nce=3.4529 cluster_nce=2.2969 
batch=0100 loss=1.0013 representation_loss=0.9024 clustering_loss=0.1978 instance_nce=3.4511 cluster_nce=2.3059 
batch=0150 loss=0.9435 representation_loss=0.8430 clustering_loss=0.2011 instance_nce=3.4660 cluster_nce=2.3058 
batch=0200 loss=0.9806 representation_loss=0.8773 clustering_loss=0.2066 instance_nce=3.4725 cluster_nce=2.3061 
batch=0250 loss=1.1104 representation_loss=1.0179 clustering_loss=0.1850 instance_nce=3.4621 cluster_nce=2.3094 
batch=0300 loss=1.0324 representation_loss=0.9414 clustering_loss=0.1820 instance_nce=3.4692 cluster_nce=2.3122 
batch=0350 loss=0.9836 representation_loss=0.8774 clustering_loss=0.2123 instance_nce=3.4696 cluster_nce=2.3148 
Train: loss=1.0127 mstm=0.9114 instance_nce=3.4737 cluster_nce=2.3086 dec=0.2026
save checkpoint:  /root/trajectory-clustering/con-dtc/runs/condtc_qd_ema_staged_s4_m07/20260816_214103_seed777/checkpoints/condtc_best.pt
epoch=6 / num_epochs=6
batch=0050 loss=0.9801 representation_loss=0.8781 clustering_loss=0.2039 instance_nce=3.5784 cluster_nce=2.3222 
batch=0100 loss=0.9375 representation_loss=0.8413 clustering_loss=0.1924 instance_nce=3.4779 cluster_nce=2.2931 
batch=0150 loss=0.9571 representation_loss=0.8590 clustering_loss=0.1961 instance_nce=3.4680 cluster_nce=2.3098 
batch=0200 loss=0.9663 representation_loss=0.8713 clustering_loss=0.1901 instance_nce=3.4887 cluster_nce=2.2946 
batch=0250 loss=0.9402 representation_loss=0.8459 clustering_loss=0.1886 instance_nce=3.4842 cluster_nce=2.3175 
batch=0300 loss=1.0573 representation_loss=0.9663 clustering_loss=0.1820 instance_nce=3.4620 cluster_nce=2.2935 
batch=0350 loss=1.0188 representation_loss=0.9171 clustering_loss=0.2035 instance_nce=3.4397 cluster_nce=2.2875 
Train: loss=1.0016 mstm=0.9047 instance_nce=3.4654 cluster_nce=2.3052 dec=0.1940
save checkpoint:  /root/trajectory-clustering/con-dtc/runs/condtc_qd_ema_staged_s4_m07/20260816_214103_seed777/checkpoints/condtc_best.pt
best train_loss:  1.0016398924213161
evaluating: /root/trajectory-clustering/con-dtc/runs/condtc_qd_ema_staged_s4_m07/20260816_214103_seed777/checkpoints/condtc_best.pt
device: cuda
cluster counts: tensor([ 975,  709, 1944,  965, 1003, 1189, 1000,  936,  944,  717, 1209,   13])
metrics: {'uacc': 0.819200275766977, 'nmi': 0.8898865390413703, 'ri': 0.9626596944180805, 'ari': 0.7747166463128613}
metrics saved: /root/trajectory-clustering/con-dtc/runs/condtc_qd_ema_staged_s4_m07/20260816_214103_seed777/metrics.json
