experiment initialized
run directory: /root/trajectory-clustering/con-dtc/runs/condtc_qd_ema_staged_s3_m07_entropy_p70_a025/20260817_150035_seed123
config snapshot: /root/trajectory-clustering/con-dtc/runs/condtc_qd_ema_staged_s3_m07_entropy_p70_a025/20260817_150035_seed123/config.yaml
device: cuda
pretrain checkpoint: /root/trajectory-clustering/con-dtc/checkpoints/sttraj2vec_pretrain_paper_15ep.pt
epoch=1 / num_epochs=6
batch=0050 loss=1.1286 representation_loss=0.9030 clustering_loss=0.4513 instance_nce=3.6067 cluster_nce=2.3595 
batch=0100 loss=1.0787 representation_loss=0.8455 clustering_loss=0.4665 instance_nce=3.6287 cluster_nce=2.3642 
batch=0150 loss=1.2206 representation_loss=1.0481 clustering_loss=0.3450 instance_nce=3.5984 cluster_nce=2.3466 
batch=0200 loss=1.1053 representation_loss=0.9420 clustering_loss=0.3266 instance_nce=3.6288 cluster_nce=2.3677 
batch=0250 loss=1.0986 representation_loss=0.9124 clustering_loss=0.3724 instance_nce=3.6574 cluster_nce=2.3642 
batch=0300 loss=1.0505 representation_loss=0.8672 clustering_loss=0.3668 instance_nce=3.6164 cluster_nce=2.3272 
batch=0350 loss=1.1928 representation_loss=1.0299 clustering_loss=0.3259 instance_nce=3.6750 cluster_nce=2.3679 
Train: loss=1.1488 mstm=0.9602 instance_nce=3.6168 cluster_nce=2.3567 dec=0.3772
save checkpoint:  /root/trajectory-clustering/con-dtc/runs/condtc_qd_ema_staged_s3_m07_entropy_p70_a025/20260817_150035_seed123/checkpoints/condtc_best.pt
epoch=2 / num_epochs=6
batch=0050 loss=0.9917 representation_loss=0.8540 clustering_loss=0.2754 instance_nce=3.5850 cluster_nce=2.3391 
batch=0100 loss=1.0593 representation_loss=0.9248 clustering_loss=0.2690 instance_nce=3.6031 cluster_nce=2.3264 
batch=0150 loss=1.2753 representation_loss=1.1292 clustering_loss=0.2921 instance_nce=3.6081 cluster_nce=2.3502 
batch=0200 loss=1.1449 representation_loss=1.0074 clustering_loss=0.2751 instance_nce=3.6071 cluster_nce=2.3566 
batch=0250 loss=1.0364 representation_loss=0.9152 clustering_loss=0.2425 instance_nce=3.6055 cluster_nce=2.3333 
batch=0300 loss=1.1206 representation_loss=0.9850 clustering_loss=0.2711 instance_nce=3.5871 cluster_nce=2.3208 
batch=0350 loss=1.0740 representation_loss=0.9572 clustering_loss=0.2336 instance_nce=3.5513 cluster_nce=2.3408 
Train: loss=1.0793 mstm=0.9444 instance_nce=3.6005 cluster_nce=2.3371 dec=0.2699
save checkpoint:  /root/trajectory-clustering/con-dtc/runs/condtc_qd_ema_staged_s3_m07_entropy_p70_a025/20260817_150035_seed123/checkpoints/condtc_best.pt
epoch=3 / num_epochs=6
batch=0050 loss=0.9407 representation_loss=0.8174 clustering_loss=0.2467 instance_nce=3.5743 cluster_nce=2.3362 
batch=0100 loss=0.9941 representation_loss=0.8641 clustering_loss=0.2599 instance_nce=3.6113 cluster_nce=2.3431 
batch=0150 loss=1.1479 representation_loss=1.0326 clustering_loss=0.2306 instance_nce=3.5776 cluster_nce=2.3245 
batch=0200 loss=1.1123 representation_loss=1.0092 clustering_loss=0.2062 instance_nce=3.5825 cluster_nce=2.3303 
batch=0250 loss=1.0205 representation_loss=0.9065 clustering_loss=0.2281 instance_nce=3.6051 cluster_nce=2.3123 
batch=0300 loss=0.9518 representation_loss=0.8520 clustering_loss=0.1997 instance_nce=3.5615 cluster_nce=2.3097 
batch=0350 loss=1.0269 representation_loss=0.9236 clustering_loss=0.2067 instance_nce=3.5807 cluster_nce=2.3189 
Train: loss=1.0475 mstm=0.9318 instance_nce=3.5878 cluster_nce=2.3292 dec=0.2314
save checkpoint:  /root/trajectory-clustering/con-dtc/runs/condtc_qd_ema_staged_s3_m07_entropy_p70_a025/20260817_150035_seed123/checkpoints/condtc_best.pt
epoch=4 / num_epochs=6
batch=0050 loss=1.0165 representation_loss=0.9011 clustering_loss=0.2307 instance_nce=3.5810 cluster_nce=2.3089 
batch=0100 loss=1.0270 representation_loss=0.9179 clustering_loss=0.2183 instance_nce=3.5497 cluster_nce=2.3164 
batch=0150 loss=0.8524 representation_loss=0.7548 clustering_loss=0.1952 instance_nce=3.5582 cluster_nce=2.3029 
batch=0200 loss=0.9274 representation_loss=0.8237 clustering_loss=0.2074 instance_nce=3.5649 cluster_nce=2.3224 
batch=0250 loss=1.1970 representation_loss=1.0968 clustering_loss=0.2004 instance_nce=3.5452 cluster_nce=2.3132 
batch=0300 loss=1.1686 representation_loss=1.0589 clustering_loss=0.2193 instance_nce=3.5601 cluster_nce=2.3136 
batch=0350 loss=1.0593 representation_loss=0.9575 clustering_loss=0.2036 instance_nce=3.5825 cluster_nce=2.3127 
Train: loss=1.0239 mstm=0.9177 instance_nce=3.5772 cluster_nce=2.3254 dec=0.2124
save checkpoint:  /root/trajectory-clustering/con-dtc/runs/condtc_qd_ema_staged_s3_m07_entropy_p70_a025/20260817_150035_seed123/checkpoints/condtc_best.pt
epoch=5 / num_epochs=6
batch=0050 loss=1.0686 representation_loss=0.9667 clustering_loss=0.2036 instance_nce=3.5913 cluster_nce=2.3191 
batch=0100 loss=1.1128 representation_loss=1.0111 clustering_loss=0.2035 instance_nce=3.5469 cluster_nce=2.3100 
batch=0150 loss=1.0628 representation_loss=0.9767 clustering_loss=0.1721 instance_nce=3.5391 cluster_nce=2.3094 
batch=0200 loss=1.0034 representation_loss=0.9019 clustering_loss=0.2031 instance_nce=3.5616 cluster_nce=2.3250 
batch=0250 loss=1.0456 representation_loss=0.9551 clustering_loss=0.1810 instance_nce=3.5311 cluster_nce=2.3137 
batch=0300 loss=1.0257 representation_loss=0.9299 clustering_loss=0.1916 instance_nce=3.5567 cluster_nce=2.3001 
batch=0350 loss=0.9410 representation_loss=0.8448 clustering_loss=0.1925 instance_nce=3.5405 cluster_nce=2.3092 
Train: loss=1.0120 mstm=0.9131 instance_nce=3.5663 cluster_nce=2.3212 dec=0.1979
save checkpoint:  /root/trajectory-clustering/con-dtc/runs/condtc_qd_ema_staged_s3_m07_entropy_p70_a025/20260817_150035_seed123/checkpoints/condtc_best.pt
epoch=6 / num_epochs=6
batch=0050 loss=0.9641 representation_loss=0.8703 clustering_loss=0.1876 instance_nce=3.5401 cluster_nce=2.3257 
batch=0100 loss=1.1617 representation_loss=1.0640 clustering_loss=0.1953 instance_nce=3.5525 cluster_nce=2.3114 
batch=0150 loss=1.0383 representation_loss=0.9502 clustering_loss=0.1761 instance_nce=3.5301 cluster_nce=2.3243 
batch=0200 loss=1.1916 representation_loss=1.0884 clustering_loss=0.2064 instance_nce=3.6088 cluster_nce=2.3394 
batch=0250 loss=0.9967 representation_loss=0.8963 clustering_loss=0.2008 instance_nce=3.5461 cluster_nce=2.3172 
batch=0300 loss=1.0768 representation_loss=0.9678 clustering_loss=0.2181 instance_nce=3.5795 cluster_nce=2.3376 
batch=0350 loss=1.0326 representation_loss=0.9376 clustering_loss=0.1900 instance_nce=3.5339 cluster_nce=2.3222 
Train: loss=0.9948 mstm=0.8999 instance_nce=3.5550 cluster_nce=2.3174 dec=0.1897
save checkpoint:  /root/trajectory-clustering/con-dtc/runs/condtc_qd_ema_staged_s3_m07_entropy_p70_a025/20260817_150035_seed123/checkpoints/condtc_best.pt
best train_loss:  0.9947627256426964
evaluating: /root/trajectory-clustering/con-dtc/runs/condtc_qd_ema_staged_s3_m07_entropy_p70_a025/20260817_150035_seed123/checkpoints/condtc_best.pt
device: cuda
cluster counts: tensor([ 933, 1659,  944, 1262, 1941, 1003,   16, 1000,  667,  968,  239,  972])
metrics: {'uacc': 0.7826611513271285, 'nmi': 0.8869907043400903, 'ri': 0.9574211646282567, 'ari': 0.7518004848530624}
metrics saved: /root/trajectory-clustering/con-dtc/runs/condtc_qd_ema_staged_s3_m07_entropy_p70_a025/20260817_150035_seed123/metrics.json
