experiment initialized
run directory: /root/trajectory-clustering/con-dtc/runs/condtc_qd_ema_m09/20260816_182149_seed2026
config snapshot: /root/trajectory-clustering/con-dtc/runs/condtc_qd_ema_m09/20260816_182149_seed2026/config.yaml
device: cuda
pretrain checkpoint: /root/trajectory-clustering/con-dtc/checkpoints/sttraj2vec_pretrain_paper_15ep.pt
epoch=1 / num_epochs=6
batch=0050 loss=1.1425 representation_loss=0.9502 clustering_loss=0.3846 instance_nce=3.4862 cluster_nce=2.3926 
batch=0100 loss=1.2458 representation_loss=1.0504 clustering_loss=0.3907 instance_nce=3.4718 cluster_nce=2.4177 
batch=0150 loss=1.0822 representation_loss=0.8810 clustering_loss=0.4024 instance_nce=3.4622 cluster_nce=2.4080 
batch=0200 loss=1.1439 representation_loss=0.9759 clustering_loss=0.3359 instance_nce=3.4991 cluster_nce=2.3710 
batch=0250 loss=1.1726 representation_loss=1.0075 clustering_loss=0.3303 instance_nce=3.4743 cluster_nce=2.3967 
batch=0300 loss=1.0769 representation_loss=0.9114 clustering_loss=0.3309 instance_nce=3.4768 cluster_nce=2.3934 
batch=0350 loss=1.0888 representation_loss=0.8819 clustering_loss=0.4136 instance_nce=3.4754 cluster_nce=2.4027 
Train: loss=1.1455 mstm=0.9570 instance_nce=3.4843 cluster_nce=2.4063 dec=0.3770
save checkpoint:  /root/trajectory-clustering/con-dtc/runs/condtc_qd_ema_m09/20260816_182149_seed2026/checkpoints/condtc_best.pt
epoch=2 / num_epochs=6
batch=0050 loss=0.9623 representation_loss=0.8270 clustering_loss=0.2705 instance_nce=3.4716 cluster_nce=2.3861 
batch=0100 loss=0.9936 representation_loss=0.8249 clustering_loss=0.3374 instance_nce=3.4580 cluster_nce=2.4064 
batch=0150 loss=0.9701 representation_loss=0.8061 clustering_loss=0.3281 instance_nce=3.4666 cluster_nce=2.4102 
batch=0200 loss=0.9648 representation_loss=0.8087 clustering_loss=0.3121 instance_nce=3.4821 cluster_nce=2.4238 
batch=0250 loss=1.1650 representation_loss=1.0115 clustering_loss=0.3070 instance_nce=3.4611 cluster_nce=2.4192 
batch=0300 loss=1.0944 representation_loss=0.9512 clustering_loss=0.2864 instance_nce=3.4968 cluster_nce=2.3932 
batch=0350 loss=1.1925 representation_loss=1.0561 clustering_loss=0.2728 instance_nce=3.4624 cluster_nce=2.3710 
Train: loss=1.0796 mstm=0.9361 instance_nce=3.4682 cluster_nce=2.3890 dec=0.2870
save checkpoint:  /root/trajectory-clustering/con-dtc/runs/condtc_qd_ema_m09/20260816_182149_seed2026/checkpoints/condtc_best.pt
epoch=3 / num_epochs=6
batch=0050 loss=1.0386 representation_loss=0.9075 clustering_loss=0.2622 instance_nce=3.4758 cluster_nce=2.4009 
batch=0100 loss=1.0878 representation_loss=0.9594 clustering_loss=0.2569 instance_nce=3.4547 cluster_nce=2.3784 
batch=0150 loss=1.1397 representation_loss=1.0057 clustering_loss=0.2681 instance_nce=3.4601 cluster_nce=2.3842 
batch=0200 loss=0.9705 representation_loss=0.8351 clustering_loss=0.2709 instance_nce=3.4937 cluster_nce=2.3856 
batch=0250 loss=1.0329 representation_loss=0.9070 clustering_loss=0.2518 instance_nce=3.4416 cluster_nce=2.3867 
batch=0300 loss=1.0757 representation_loss=0.9470 clustering_loss=0.2575 instance_nce=3.4779 cluster_nce=2.4121 
batch=0350 loss=1.0921 representation_loss=0.9646 clustering_loss=0.2549 instance_nce=3.4397 cluster_nce=2.3569 
Train: loss=1.0556 mstm=0.9313 instance_nce=3.4611 cluster_nce=2.3838 dec=0.2486
save checkpoint:  /root/trajectory-clustering/con-dtc/runs/condtc_qd_ema_m09/20260816_182149_seed2026/checkpoints/condtc_best.pt
epoch=4 / num_epochs=6
batch=0050 loss=0.9895 representation_loss=0.8636 clustering_loss=0.2518 instance_nce=3.4723 cluster_nce=2.3495 
batch=0100 loss=0.8955 representation_loss=0.7744 clustering_loss=0.2420 instance_nce=3.4559 cluster_nce=2.4011 
batch=0150 loss=1.0092 representation_loss=0.8855 clustering_loss=0.2474 instance_nce=3.4696 cluster_nce=2.3851 
batch=0200 loss=0.9906 representation_loss=0.8744 clustering_loss=0.2324 instance_nce=3.4401 cluster_nce=2.3501 
batch=0250 loss=1.0043 representation_loss=0.8832 clustering_loss=0.2422 instance_nce=3.4549 cluster_nce=2.3913 
batch=0300 loss=1.0312 representation_loss=0.9319 clustering_loss=0.1986 instance_nce=3.4794 cluster_nce=2.4082 
batch=0350 loss=0.9997 representation_loss=0.8876 clustering_loss=0.2243 instance_nce=3.4557 cluster_nce=2.3755 
Train: loss=1.0304 mstm=0.9190 instance_nce=3.4554 cluster_nce=2.3786 dec=0.2227
save checkpoint:  /root/trajectory-clustering/con-dtc/runs/condtc_qd_ema_m09/20260816_182149_seed2026/checkpoints/condtc_best.pt
epoch=5 / num_epochs=6
batch=0050 loss=1.1291 representation_loss=1.0170 clustering_loss=0.2242 instance_nce=3.4389 cluster_nce=2.3548 
batch=0100 loss=1.1231 representation_loss=1.0077 clustering_loss=0.2308 instance_nce=3.4849 cluster_nce=2.4254 
batch=0150 loss=0.9248 representation_loss=0.8213 clustering_loss=0.2069 instance_nce=3.4673 cluster_nce=2.4047 
batch=0200 loss=0.9616 representation_loss=0.8569 clustering_loss=0.2095 instance_nce=3.4091 cluster_nce=2.3725 
batch=0250 loss=0.9509 representation_loss=0.8579 clustering_loss=0.1860 instance_nce=3.4295 cluster_nce=2.3599 
batch=0300 loss=1.1012 representation_loss=0.9850 clustering_loss=0.2324 instance_nce=3.4496 cluster_nce=2.3924 
batch=0350 loss=1.0492 representation_loss=0.9459 clustering_loss=0.2066 instance_nce=3.4326 cluster_nce=2.3593 
Train: loss=1.0191 mstm=0.9170 instance_nce=3.4463 cluster_nce=2.3755 dec=0.2043
save checkpoint:  /root/trajectory-clustering/con-dtc/runs/condtc_qd_ema_m09/20260816_182149_seed2026/checkpoints/condtc_best.pt
epoch=6 / num_epochs=6
batch=0050 loss=1.1142 representation_loss=1.0212 clustering_loss=0.1859 instance_nce=3.4295 cluster_nce=2.3731 
batch=0100 loss=1.0453 representation_loss=0.9565 clustering_loss=0.1777 instance_nce=3.4210 cluster_nce=2.3641 
batch=0150 loss=1.0675 representation_loss=0.9636 clustering_loss=0.2078 instance_nce=3.4199 cluster_nce=2.3774 
batch=0200 loss=1.0164 representation_loss=0.9197 clustering_loss=0.1934 instance_nce=3.4410 cluster_nce=2.3767 
batch=0250 loss=1.0530 representation_loss=0.9379 clustering_loss=0.2303 instance_nce=3.4421 cluster_nce=2.3841 
batch=0300 loss=0.9533 representation_loss=0.8574 clustering_loss=0.1917 instance_nce=3.4160 cluster_nce=2.3745 
batch=0350 loss=0.9650 representation_loss=0.8744 clustering_loss=0.1812 instance_nce=3.4346 cluster_nce=2.3444 
Train: loss=0.9900 mstm=0.8951 instance_nce=3.4409 cluster_nce=2.3727 dec=0.1898
save checkpoint:  /root/trajectory-clustering/con-dtc/runs/condtc_qd_ema_m09/20260816_182149_seed2026/checkpoints/condtc_best.pt
best train_loss:  0.9899819843607169
evaluating: /root/trajectory-clustering/con-dtc/runs/condtc_qd_ema_m09/20260816_182149_seed2026/checkpoints/condtc_best.pt
device: cuda
cluster counts: tensor([ 348, 1003, 1304,  370, 1000, 1275,  969,  628, 1587,  944,  623, 1553])
metrics: {'uacc': 0.7555153395380904, 'nmi': 0.8400022198246594, 'ri': 0.9484768898247886, 'ari': 0.6868855506135954}
metrics saved: /root/trajectory-clustering/con-dtc/runs/condtc_qd_ema_m09/20260816_182149_seed2026/metrics.json
