experiment initialized
run directory: /root/trajectory-clustering/con-dtc/runs/condtc_qd_ema_m08/20260816_181828_seed2026
config snapshot: /root/trajectory-clustering/con-dtc/runs/condtc_qd_ema_m08/20260816_181828_seed2026/config.yaml
device: cuda
pretrain checkpoint: /root/trajectory-clustering/con-dtc/checkpoints/sttraj2vec_pretrain_paper_15ep.pt
epoch=1 / num_epochs=6
batch=0050 loss=1.1425 representation_loss=0.9502 clustering_loss=0.3846 instance_nce=3.4862 cluster_nce=2.3926 
batch=0100 loss=1.2458 representation_loss=1.0504 clustering_loss=0.3907 instance_nce=3.4718 cluster_nce=2.4177 
batch=0150 loss=1.0822 representation_loss=0.8810 clustering_loss=0.4024 instance_nce=3.4622 cluster_nce=2.4080 
batch=0200 loss=1.1439 representation_loss=0.9759 clustering_loss=0.3359 instance_nce=3.4991 cluster_nce=2.3710 
batch=0250 loss=1.1726 representation_loss=1.0075 clustering_loss=0.3303 instance_nce=3.4743 cluster_nce=2.3967 
batch=0300 loss=1.0769 representation_loss=0.9114 clustering_loss=0.3309 instance_nce=3.4768 cluster_nce=2.3934 
batch=0350 loss=1.0888 representation_loss=0.8819 clustering_loss=0.4136 instance_nce=3.4754 cluster_nce=2.4027 
Train: loss=1.1455 mstm=0.9570 instance_nce=3.4843 cluster_nce=2.4063 dec=0.3770
save checkpoint:  /root/trajectory-clustering/con-dtc/runs/condtc_qd_ema_m08/20260816_181828_seed2026/checkpoints/condtc_best.pt
epoch=2 / num_epochs=6
batch=0050 loss=0.9569 representation_loss=0.8271 clustering_loss=0.2596 instance_nce=3.4710 cluster_nce=2.3855 
batch=0100 loss=0.9856 representation_loss=0.8247 clustering_loss=0.3218 instance_nce=3.4573 cluster_nce=2.4052 
batch=0150 loss=0.9639 representation_loss=0.8060 clustering_loss=0.3157 instance_nce=3.4661 cluster_nce=2.4091 
batch=0200 loss=0.9583 representation_loss=0.8089 clustering_loss=0.2988 instance_nce=3.4808 cluster_nce=2.4221 
batch=0250 loss=1.1575 representation_loss=1.0115 clustering_loss=0.2919 instance_nce=3.4605 cluster_nce=2.4181 
batch=0300 loss=1.0882 representation_loss=0.9519 clustering_loss=0.2725 instance_nce=3.4968 cluster_nce=2.3920 
batch=0350 loss=1.1871 representation_loss=1.0558 clustering_loss=0.2625 instance_nce=3.4611 cluster_nce=2.3702 
Train: loss=1.0743 mstm=0.9362 instance_nce=3.4674 cluster_nce=2.3881 dec=0.2762
save checkpoint:  /root/trajectory-clustering/con-dtc/runs/condtc_qd_ema_m08/20260816_181828_seed2026/checkpoints/condtc_best.pt
epoch=3 / num_epochs=6
batch=0050 loss=1.0358 representation_loss=0.9082 clustering_loss=0.2550 instance_nce=3.4740 cluster_nce=2.3976 
batch=0100 loss=1.0812 representation_loss=0.9599 clustering_loss=0.2426 instance_nce=3.4523 cluster_nce=2.3768 
batch=0150 loss=1.1298 representation_loss=1.0053 clustering_loss=0.2491 instance_nce=3.4584 cluster_nce=2.3823 
batch=0200 loss=0.9585 representation_loss=0.8360 clustering_loss=0.2451 instance_nce=3.4925 cluster_nce=2.3828 
batch=0250 loss=1.0270 representation_loss=0.9079 clustering_loss=0.2381 instance_nce=3.4399 cluster_nce=2.3840 
batch=0300 loss=1.0681 representation_loss=0.9479 clustering_loss=0.2405 instance_nce=3.4752 cluster_nce=2.4093 
batch=0350 loss=1.0805 representation_loss=0.9661 clustering_loss=0.2289 instance_nce=3.4371 cluster_nce=2.3548 
Train: loss=1.0487 mstm=0.9316 instance_nce=3.4592 cluster_nce=2.3815 dec=0.2341
save checkpoint:  /root/trajectory-clustering/con-dtc/runs/condtc_qd_ema_m08/20260816_181828_seed2026/checkpoints/condtc_best.pt
epoch=4 / num_epochs=6
batch=0050 loss=0.9801 representation_loss=0.8643 clustering_loss=0.2316 instance_nce=3.4695 cluster_nce=2.3480 
batch=0100 loss=0.8862 representation_loss=0.7755 clustering_loss=0.2215 instance_nce=3.4519 cluster_nce=2.3973 
batch=0150 loss=0.9966 representation_loss=0.8853 clustering_loss=0.2225 instance_nce=3.4658 cluster_nce=2.3799 
batch=0200 loss=0.9827 representation_loss=0.8744 clustering_loss=0.2166 instance_nce=3.4359 cluster_nce=2.3472 
batch=0250 loss=0.9906 representation_loss=0.8834 clustering_loss=0.2143 instance_nce=3.4516 cluster_nce=2.3865 
batch=0300 loss=1.0288 representation_loss=0.9326 clustering_loss=0.1925 instance_nce=3.4761 cluster_nce=2.4039 
batch=0350 loss=0.9930 representation_loss=0.8896 clustering_loss=0.2069 instance_nce=3.4521 cluster_nce=2.3732 
Train: loss=1.0242 mstm=0.9195 instance_nce=3.4521 cluster_nce=2.3753 dec=0.2095
save checkpoint:  /root/trajectory-clustering/con-dtc/runs/condtc_qd_ema_m08/20260816_181828_seed2026/checkpoints/condtc_best.pt
epoch=5 / num_epochs=6
batch=0050 loss=1.1292 representation_loss=1.0181 clustering_loss=0.2222 instance_nce=3.4349 cluster_nce=2.3513 
batch=0100 loss=1.1166 representation_loss=1.0069 clustering_loss=0.2195 instance_nce=3.4826 cluster_nce=2.4205 
batch=0150 loss=0.9272 representation_loss=0.8223 clustering_loss=0.2098 instance_nce=3.4629 cluster_nce=2.4004 
batch=0200 loss=0.9524 representation_loss=0.8579 clustering_loss=0.1889 instance_nce=3.4059 cluster_nce=2.3673 
batch=0250 loss=0.9440 representation_loss=0.8591 clustering_loss=0.1697 instance_nce=3.4254 cluster_nce=2.3552 
batch=0300 loss=1.0890 representation_loss=0.9845 clustering_loss=0.2091 instance_nce=3.4456 cluster_nce=2.3878 
batch=0350 loss=1.0475 representation_loss=0.9464 clustering_loss=0.2023 instance_nce=3.4264 cluster_nce=2.3544 
Train: loss=1.0151 mstm=0.9176 instance_nce=3.4420 cluster_nce=2.3711 dec=0.1950
save checkpoint:  /root/trajectory-clustering/con-dtc/runs/condtc_qd_ema_m08/20260816_181828_seed2026/checkpoints/condtc_best.pt
epoch=6 / num_epochs=6
batch=0050 loss=1.1130 representation_loss=1.0213 clustering_loss=0.1834 instance_nce=3.4253 cluster_nce=2.3708 
batch=0100 loss=1.0400 representation_loss=0.9562 clustering_loss=0.1675 instance_nce=3.4168 cluster_nce=2.3591 
batch=0150 loss=1.0646 representation_loss=0.9651 clustering_loss=0.1990 instance_nce=3.4136 cluster_nce=2.3730 
batch=0200 loss=1.0118 representation_loss=0.9201 clustering_loss=0.1832 instance_nce=3.4348 cluster_nce=2.3727 
batch=0250 loss=1.0483 representation_loss=0.9380 clustering_loss=0.2204 instance_nce=3.4361 cluster_nce=2.3774 
batch=0300 loss=0.9502 representation_loss=0.8583 clustering_loss=0.1837 instance_nce=3.4110 cluster_nce=2.3690 
batch=0350 loss=0.9587 representation_loss=0.8749 clustering_loss=0.1677 instance_nce=3.4280 cluster_nce=2.3386 
Train: loss=0.9883 mstm=0.8958 instance_nce=3.4356 cluster_nce=2.3676 dec=0.1849
save checkpoint:  /root/trajectory-clustering/con-dtc/runs/condtc_qd_ema_m08/20260816_181828_seed2026/checkpoints/condtc_best.pt
best train_loss:  0.9882771541685205
evaluating: /root/trajectory-clustering/con-dtc/runs/condtc_qd_ema_m08/20260816_181828_seed2026/checkpoints/condtc_best.pt
device: cuda
cluster counts: tensor([ 646, 1003, 1400,  234, 1000, 1268,  970,  531, 1723,  944,  630, 1255])
metrics: {'uacc': 0.7801620130989314, 'nmi': 0.855713752539261, 'ri': 0.9533664031485397, 'ari': 0.7162532233643695}
metrics saved: /root/trajectory-clustering/con-dtc/runs/condtc_qd_ema_m08/20260816_181828_seed2026/metrics.json
