experiment initialized
run directory: /root/trajectory-clustering/con-dtc/runs/condtc_qd_pre30_s3_m07_unweighted/20260815_160249_seed123
config snapshot: /root/trajectory-clustering/con-dtc/runs/condtc_qd_pre30_s3_m07_unweighted/20260815_160249_seed123/config.yaml
device: cuda
pretrain checkpoint: /root/trajectory-clustering/con-dtc/checkpoints/sttraj2vec_pretrain_paper_crossview.pt
epoch=1 / num_epochs=6
batch=0050 loss=0.8027 representation_loss=0.6415 clustering_loss=0.3224 instance_nce=3.6084 cluster_nce=2.3881 
batch=0100 loss=0.7213 representation_loss=0.5981 clustering_loss=0.2463 instance_nce=3.6165 cluster_nce=2.3985 
batch=0150 loss=0.8992 representation_loss=0.7988 clustering_loss=0.2007 instance_nce=3.6050 cluster_nce=2.3773 
batch=0200 loss=0.8287 representation_loss=0.7263 clustering_loss=0.2049 instance_nce=3.6062 cluster_nce=2.4152 
batch=0250 loss=0.7594 representation_loss=0.6619 clustering_loss=0.1949 instance_nce=3.6413 cluster_nce=2.4114 
batch=0300 loss=0.7133 representation_loss=0.6112 clustering_loss=0.2041 instance_nce=3.6086 cluster_nce=2.3521 
batch=0350 loss=0.8484 representation_loss=0.7573 clustering_loss=0.1822 instance_nce=3.6913 cluster_nce=2.3988 
Train: loss=0.8170 mstm=0.7012 instance_nce=3.6024 cluster_nce=2.3832 dec=0.2315
save checkpoint:  /root/trajectory-clustering/con-dtc/runs/condtc_qd_pre30_s3_m07_unweighted/20260815_160249_seed123/checkpoints/condtc_best.pt
epoch=2 / num_epochs=6
batch=0050 loss=0.8174 representation_loss=0.6502 clustering_loss=0.3344 instance_nce=3.5781 cluster_nce=2.3615 
batch=0100 loss=0.8079 representation_loss=0.6486 clustering_loss=0.3185 instance_nce=3.5956 cluster_nce=2.3548 
batch=0150 loss=0.9260 representation_loss=0.7685 clustering_loss=0.3150 instance_nce=3.5958 cluster_nce=2.3913 
batch=0200 loss=0.8589 representation_loss=0.7084 clustering_loss=0.3010 instance_nce=3.6039 cluster_nce=2.3609 
batch=0250 loss=0.8688 representation_loss=0.7241 clustering_loss=0.2895 instance_nce=3.6086 cluster_nce=2.3681 
batch=0300 loss=0.8552 representation_loss=0.7180 clustering_loss=0.2743 instance_nce=3.5659 cluster_nce=2.3280 
batch=0350 loss=0.8624 representation_loss=0.7437 clustering_loss=0.2374 instance_nce=3.5322 cluster_nce=2.3395 
Train: loss=0.8478 mstm=0.6955 instance_nce=3.5849 cluster_nce=2.3602 dec=0.3046
epoch=3 / num_epochs=6
batch=0050 loss=0.7782 representation_loss=0.6463 clustering_loss=0.2638 instance_nce=3.5638 cluster_nce=2.3632 
batch=0100 loss=0.8009 representation_loss=0.6725 clustering_loss=0.2568 instance_nce=3.5753 cluster_nce=2.3534 
batch=0150 loss=0.8373 representation_loss=0.7093 clustering_loss=0.2560 instance_nce=3.5588 cluster_nce=2.3420 
batch=0200 loss=0.8063 representation_loss=0.6762 clustering_loss=0.2601 instance_nce=3.5544 cluster_nce=2.3412 
batch=0250 loss=0.7422 representation_loss=0.6177 clustering_loss=0.2490 instance_nce=3.5793 cluster_nce=2.3498 
batch=0300 loss=0.6965 representation_loss=0.5810 clustering_loss=0.2312 instance_nce=3.5359 cluster_nce=2.3452 
batch=0350 loss=0.7409 representation_loss=0.6198 clustering_loss=0.2422 instance_nce=3.5928 cluster_nce=2.3380 
Train: loss=0.8182 mstm=0.6868 instance_nce=3.5672 cluster_nce=2.3510 dec=0.2626
epoch=4 / num_epochs=6
batch=0050 loss=0.7441 representation_loss=0.6134 clustering_loss=0.2614 instance_nce=3.5548 cluster_nce=2.3417 
batch=0100 loss=0.8056 representation_loss=0.6765 clustering_loss=0.2583 instance_nce=3.5148 cluster_nce=2.3471 
batch=0150 loss=0.7011 representation_loss=0.5845 clustering_loss=0.2332 instance_nce=3.5192 cluster_nce=2.3326 
batch=0200 loss=0.7571 representation_loss=0.6376 clustering_loss=0.2390 instance_nce=3.5219 cluster_nce=2.3282 
batch=0250 loss=0.7966 representation_loss=0.6821 clustering_loss=0.2289 instance_nce=3.5213 cluster_nce=2.3378 
batch=0300 loss=0.9690 representation_loss=0.8426 clustering_loss=0.2527 instance_nce=3.5334 cluster_nce=2.3352 
batch=0350 loss=0.8277 representation_loss=0.7066 clustering_loss=0.2421 instance_nce=3.5888 cluster_nce=2.3456 
Train: loss=0.8022 mstm=0.6783 instance_nce=3.5543 cluster_nce=2.3457 dec=0.2477
save checkpoint:  /root/trajectory-clustering/con-dtc/runs/condtc_qd_pre30_s3_m07_unweighted/20260815_160249_seed123/checkpoints/condtc_best.pt
epoch=5 / num_epochs=6
batch=0050 loss=0.8635 representation_loss=0.7435 clustering_loss=0.2401 instance_nce=3.5549 cluster_nce=2.3496 
batch=0100 loss=0.8752 representation_loss=0.7534 clustering_loss=0.2436 instance_nce=3.5125 cluster_nce=2.3376 
batch=0150 loss=0.8062 representation_loss=0.7003 clustering_loss=0.2118 instance_nce=3.5073 cluster_nce=2.3201 
batch=0200 loss=0.7939 representation_loss=0.6760 clustering_loss=0.2357 instance_nce=3.5452 cluster_nce=2.3473 
batch=0250 loss=0.7787 representation_loss=0.6701 clustering_loss=0.2173 instance_nce=3.5067 cluster_nce=2.3399 
batch=0300 loss=0.8245 representation_loss=0.7148 clustering_loss=0.2194 instance_nce=3.5144 cluster_nce=2.3182 
batch=0350 loss=0.7618 representation_loss=0.6443 clustering_loss=0.2350 instance_nce=3.5084 cluster_nce=2.3329 
Train: loss=0.7988 mstm=0.6794 instance_nce=3.5417 cluster_nce=2.3405 dec=0.2387
save checkpoint:  /root/trajectory-clustering/con-dtc/runs/condtc_qd_pre30_s3_m07_unweighted/20260815_160249_seed123/checkpoints/condtc_best.pt
epoch=6 / num_epochs=6
batch=0050 loss=0.7919 representation_loss=0.6701 clustering_loss=0.2438 instance_nce=3.4986 cluster_nce=2.3394 
batch=0100 loss=0.9037 representation_loss=0.7763 clustering_loss=0.2548 instance_nce=3.5378 cluster_nce=2.3338 
batch=0150 loss=0.8252 representation_loss=0.7163 clustering_loss=0.2179 instance_nce=3.5046 cluster_nce=2.3398 
batch=0200 loss=0.9361 representation_loss=0.8175 clustering_loss=0.2373 instance_nce=3.5543 cluster_nce=2.3502 
batch=0250 loss=0.7767 representation_loss=0.6541 clustering_loss=0.2452 instance_nce=3.5152 cluster_nce=2.3395 
batch=0300 loss=0.7168 representation_loss=0.5976 clustering_loss=0.2382 instance_nce=3.5353 cluster_nce=2.3557 
batch=0350 loss=0.7683 representation_loss=0.6555 clustering_loss=0.2255 instance_nce=3.4869 cluster_nce=2.3277 
Train: loss=0.7868 mstm=0.6713 instance_nce=3.5297 cluster_nce=2.3365 dec=0.2311
save checkpoint:  /root/trajectory-clustering/con-dtc/runs/condtc_qd_pre30_s3_m07_unweighted/20260815_160249_seed123/checkpoints/condtc_best.pt
best train_loss:  0.7868415335875797
evaluating: /root/trajectory-clustering/con-dtc/runs/condtc_qd_pre30_s3_m07_unweighted/20260815_160249_seed123/checkpoints/condtc_best.pt
device: cuda
cluster counts: tensor([ 966,  990,  866, 1073, 1003, 1000,  991, 1032,  944,  968,  828,  943])
metrics: {'uacc': 0.9729403653912444, 'nmi': 0.9650566301292466, 'ri': 0.991591965170367, 'ari': 0.9450540261917586}
metrics saved: /root/trajectory-clustering/con-dtc/runs/condtc_qd_pre30_s3_m07_unweighted/20260815_160249_seed123/metrics.json
