experiment initialized
run directory: /root/trajectory-clustering/con-dtc/runs/condtc_qd_ema_staged_s3_m07_entropy_p70_a025_reverse_stability_w150/20260823_152416_seed777
config snapshot: /root/trajectory-clustering/con-dtc/runs/condtc_qd_ema_staged_s3_m07_entropy_p70_a025_reverse_stability_w150/20260823_152416_seed777/config.yaml
device: cuda
dataset: qdTimeNoise0424
pretrain checkpoint: /root/trajectory-clustering/con-dtc/checkpoints/sttraj2vec_pretrain_paper_15ep.pt
epoch=1 / num_epochs=6
batch=0050 loss=1.1041 representation_loss=0.8910 clustering_loss=0.4262 instance_nce=0.0000 cluster_nce=0.0000 
batch=0100 loss=1.1255 representation_loss=0.9189 clustering_loss=0.4131 instance_nce=0.0000 cluster_nce=0.0000 
batch=0150 loss=1.0998 representation_loss=0.9010 clustering_loss=0.3976 instance_nce=0.0000 cluster_nce=0.0000 
batch=0200 loss=1.0455 representation_loss=0.8774 clustering_loss=0.3362 instance_nce=0.0000 cluster_nce=0.0000 
batch=0250 loss=1.0576 representation_loss=0.8807 clustering_loss=0.3538 instance_nce=0.0000 cluster_nce=0.0000 
batch=0300 loss=1.0648 representation_loss=0.8901 clustering_loss=0.3494 instance_nce=0.0000 cluster_nce=0.0000 
batch=0350 loss=1.2181 representation_loss=1.0338 clustering_loss=0.3685 instance_nce=0.0000 cluster_nce=0.0000 
Train: loss=1.1377 mstm=0.9503 instance_nce=0.0000 cluster_nce=0.0000 dec=0.3747
save checkpoint:  /root/trajectory-clustering/con-dtc/runs/condtc_qd_ema_staged_s3_m07_entropy_p70_a025_reverse_stability_w150/20260823_152416_seed777/checkpoints/condtc_best.pt
epoch=2 / num_epochs=6
batch=0050 loss=1.1027 representation_loss=0.9530 clustering_loss=0.2994 instance_nce=0.0000 cluster_nce=0.0000 
batch=0100 loss=1.0955 representation_loss=0.9477 clustering_loss=0.2954 instance_nce=0.0000 cluster_nce=0.0000 
batch=0150 loss=1.1029 representation_loss=0.9744 clustering_loss=0.2570 instance_nce=0.0000 cluster_nce=0.0000 
batch=0200 loss=1.0753 representation_loss=0.9499 clustering_loss=0.2507 instance_nce=0.0000 cluster_nce=0.0000 
batch=0250 loss=1.0711 representation_loss=0.9385 clustering_loss=0.2652 instance_nce=0.0000 cluster_nce=0.0000 
batch=0300 loss=1.0171 representation_loss=0.9069 clustering_loss=0.2203 instance_nce=0.0000 cluster_nce=0.0000 
batch=0350 loss=1.0363 representation_loss=0.9243 clustering_loss=0.2239 instance_nce=0.0000 cluster_nce=0.0000 
Train: loss=1.0692 mstm=0.9393 instance_nce=0.0000 cluster_nce=0.0000 dec=0.2599
save checkpoint:  /root/trajectory-clustering/con-dtc/runs/condtc_qd_ema_staged_s3_m07_entropy_p70_a025_reverse_stability_w150/20260823_152416_seed777/checkpoints/condtc_best.pt
epoch=3 / num_epochs=6
batch=0050 loss=1.0442 representation_loss=0.9214 clustering_loss=0.2456 instance_nce=0.0000 cluster_nce=0.0000 
batch=0100 loss=1.1369 representation_loss=1.0084 clustering_loss=0.2570 instance_nce=0.0000 cluster_nce=0.0000 
batch=0150 loss=1.0415 representation_loss=0.9371 clustering_loss=0.2089 instance_nce=0.0000 cluster_nce=0.0000 
batch=0200 loss=0.9604 representation_loss=0.8444 clustering_loss=0.2321 instance_nce=0.0000 cluster_nce=0.0000 
batch=0250 loss=1.1130 representation_loss=1.0126 clustering_loss=0.2009 instance_nce=0.0000 cluster_nce=0.0000 
batch=0300 loss=0.9704 representation_loss=0.8663 clustering_loss=0.2082 instance_nce=0.0000 cluster_nce=0.0000 
batch=0350 loss=1.1040 representation_loss=1.0058 clustering_loss=0.1964 instance_nce=0.0000 cluster_nce=0.0000 
Train: loss=1.0450 mstm=0.9329 instance_nce=0.0000 cluster_nce=0.0000 dec=0.2242
save checkpoint:  /root/trajectory-clustering/con-dtc/runs/condtc_qd_ema_staged_s3_m07_entropy_p70_a025_reverse_stability_w150/20260823_152416_seed777/checkpoints/condtc_best.pt
epoch=4 / num_epochs=6
batch=0050 loss=1.0477 representation_loss=0.9433 clustering_loss=0.2087 instance_nce=0.0000 cluster_nce=0.0000 
batch=0100 loss=1.2040 representation_loss=1.0830 clustering_loss=0.2421 instance_nce=0.0000 cluster_nce=0.0000 
batch=0150 loss=1.0998 representation_loss=0.9975 clustering_loss=0.2048 instance_nce=0.0000 cluster_nce=0.0000 
batch=0200 loss=1.1306 representation_loss=1.0301 clustering_loss=0.2009 instance_nce=0.0000 cluster_nce=0.0000 
batch=0250 loss=1.0788 representation_loss=0.9640 clustering_loss=0.2295 instance_nce=0.0000 cluster_nce=0.0000 
batch=0300 loss=0.8544 representation_loss=0.7550 clustering_loss=0.1989 instance_nce=0.0000 cluster_nce=0.0000 
batch=0350 loss=1.1239 representation_loss=1.0184 clustering_loss=0.2110 instance_nce=0.0000 cluster_nce=0.0000 
Train: loss=1.0276 mstm=0.9241 instance_nce=0.0000 cluster_nce=0.0000 dec=0.2069
save checkpoint:  /root/trajectory-clustering/con-dtc/runs/condtc_qd_ema_staged_s3_m07_entropy_p70_a025_reverse_stability_w150/20260823_152416_seed777/checkpoints/condtc_best.pt
epoch=5 / num_epochs=6
batch=0050 loss=1.0314 representation_loss=0.9361 clustering_loss=0.1906 instance_nce=0.0000 cluster_nce=0.0000 
batch=0100 loss=0.9970 representation_loss=0.9024 clustering_loss=0.1892 instance_nce=0.0000 cluster_nce=0.0000 
batch=0150 loss=0.9444 representation_loss=0.8427 clustering_loss=0.2034 instance_nce=0.0000 cluster_nce=0.0000 
batch=0200 loss=0.9783 representation_loss=0.8771 clustering_loss=0.2024 instance_nce=0.0000 cluster_nce=0.0000 
batch=0250 loss=1.1049 representation_loss=1.0177 clustering_loss=0.1746 instance_nce=0.0000 cluster_nce=0.0000 
batch=0300 loss=1.0295 representation_loss=0.9404 clustering_loss=0.1781 instance_nce=0.0000 cluster_nce=0.0000 
batch=0350 loss=0.9829 representation_loss=0.8781 clustering_loss=0.2096 instance_nce=0.0000 cluster_nce=0.0000 
Train: loss=1.0085 mstm=0.9109 instance_nce=0.0000 cluster_nce=0.0000 dec=0.1951
save checkpoint:  /root/trajectory-clustering/con-dtc/runs/condtc_qd_ema_staged_s3_m07_entropy_p70_a025_reverse_stability_w150/20260823_152416_seed777/checkpoints/condtc_best.pt
epoch=6 / num_epochs=6
batch=0050 loss=0.9855 representation_loss=0.8786 clustering_loss=0.2137 instance_nce=0.0000 cluster_nce=0.0000 
batch=0100 loss=0.9346 representation_loss=0.8411 clustering_loss=0.1871 instance_nce=0.0000 cluster_nce=0.0000 
batch=0150 loss=0.9529 representation_loss=0.8579 clustering_loss=0.1899 instance_nce=0.0000 cluster_nce=0.0000 
batch=0200 loss=0.9607 representation_loss=0.8705 clustering_loss=0.1804 instance_nce=0.0000 cluster_nce=0.0000 
batch=0250 loss=0.9363 representation_loss=0.8462 clustering_loss=0.1803 instance_nce=0.0000 cluster_nce=0.0000 
batch=0300 loss=1.0543 representation_loss=0.9664 clustering_loss=0.1759 instance_nce=0.0000 cluster_nce=0.0000 
batch=0350 loss=1.0174 representation_loss=0.9167 clustering_loss=0.2012 instance_nce=0.0000 cluster_nce=0.0000 
Train: loss=0.9988 mstm=0.9042 instance_nce=0.0000 cluster_nce=0.0000 dec=0.1891
save checkpoint:  /root/trajectory-clustering/con-dtc/runs/condtc_qd_ema_staged_s3_m07_entropy_p70_a025_reverse_stability_w150/20260823_152416_seed777/checkpoints/condtc_best.pt
best train_loss:  0.9987886305391193
evaluating: /root/trajectory-clustering/con-dtc/runs/condtc_qd_ema_staged_s3_m07_entropy_p70_a025_reverse_stability_w150/20260823_152416_seed777/checkpoints/condtc_best.pt
device: cuda
dataset: qdTimeNoise0424
cluster counts: tensor([ 972,  811, 1874,  964, 1003, 1087, 1000,  937,  944,  724, 1205,   83])
metrics: {'uacc': 0.8460013788348846, 'nmi': 0.8955805961692594, 'ri': 0.9659949733666985, 'ari': 0.7921765030031627}
metrics saved: /root/trajectory-clustering/con-dtc/runs/condtc_qd_ema_staged_s3_m07_entropy_p70_a025_reverse_stability_w150/20260823_152416_seed777/metrics.json
