experiment initialized
run directory: /root/trajectory-clustering-main/con-dtc/runs/condtc_qd_pre15_base_main/20260812_095802_seed19721013
config snapshot: /root/trajectory-clustering-main/con-dtc/runs/condtc_qd_pre15_base_main/20260812_095802_seed19721013/config.yaml
device: cuda
pretrain checkpoint: /root/trajectory-clustering-main/con-dtc/checkpoints/sttraj2vec_pretrain_paper_15ep.pt
epoch=1 / num_epochs=6
batch=0050 loss=1.1629 representation_loss=0.9304 clustering_loss=0.4650 instance_nce=3.5702 cluster_nce=2.3243 
batch=0100 loss=1.1673 representation_loss=0.9701 clustering_loss=0.3943 instance_nce=3.5546 cluster_nce=2.3284 
batch=0150 loss=1.1958 representation_loss=1.0006 clustering_loss=0.3905 instance_nce=3.5938 cluster_nce=2.3155 
batch=0200 loss=1.1558 representation_loss=0.9846 clustering_loss=0.3425 instance_nce=3.5420 cluster_nce=2.2985 
batch=0250 loss=1.2080 representation_loss=1.0177 clustering_loss=0.3806 instance_nce=3.5584 cluster_nce=2.3128 
batch=0300 loss=1.1944 representation_loss=1.0261 clustering_loss=0.3367 instance_nce=3.5415 cluster_nce=2.3001 
batch=0350 loss=1.0127 representation_loss=0.8208 clustering_loss=0.3838 instance_nce=3.5150 cluster_nce=2.2909 
Train: loss=1.1389 mstm=0.9508 instance_nce=3.5503 cluster_nce=2.3165 dec=0.3762
save checkpoint:  /root/trajectory-clustering-main/con-dtc/runs/condtc_qd_pre15_base_main/20260812_095802_seed19721013/checkpoints/condtc_best.pt
epoch=2 / num_epochs=6
batch=0050 loss=1.0379 representation_loss=0.8879 clustering_loss=0.2999 instance_nce=3.5480 cluster_nce=2.3165 
batch=0100 loss=1.0682 representation_loss=0.9316 clustering_loss=0.2731 instance_nce=3.5515 cluster_nce=2.2992 
batch=0150 loss=1.1133 representation_loss=0.9795 clustering_loss=0.2677 instance_nce=3.5335 cluster_nce=2.2971 
batch=0200 loss=1.1861 representation_loss=1.0490 clustering_loss=0.2743 instance_nce=3.5356 cluster_nce=2.3178 
batch=0250 loss=1.0656 representation_loss=0.9316 clustering_loss=0.2680 instance_nce=3.5151 cluster_nce=2.2852 
batch=0300 loss=1.1050 representation_loss=0.9811 clustering_loss=0.2478 instance_nce=3.5328 cluster_nce=2.3112 
batch=0350 loss=1.0381 representation_loss=0.9247 clustering_loss=0.2268 instance_nce=3.5192 cluster_nce=2.2892 
Train: loss=1.0671 mstm=0.9336 instance_nce=3.5281 cluster_nce=2.3015 dec=0.2670
save checkpoint:  /root/trajectory-clustering-main/con-dtc/runs/condtc_qd_pre15_base_main/20260812_095802_seed19721013/checkpoints/condtc_best.pt
epoch=3 / num_epochs=6
batch=0050 loss=1.0730 representation_loss=0.9375 clustering_loss=0.2709 instance_nce=3.5130 cluster_nce=2.3039 
batch=0100 loss=1.0797 representation_loss=0.9414 clustering_loss=0.2767 instance_nce=3.5391 cluster_nce=2.3185 
batch=0150 loss=1.1257 representation_loss=0.9966 clustering_loss=0.2583 instance_nce=3.5170 cluster_nce=2.3109 
batch=0200 loss=1.0232 representation_loss=0.9062 clustering_loss=0.2339 instance_nce=3.4916 cluster_nce=2.2904 
batch=0250 loss=1.0146 representation_loss=0.9061 clustering_loss=0.2170 instance_nce=3.4797 cluster_nce=2.2852 
batch=0300 loss=0.9540 representation_loss=0.8347 clustering_loss=0.2386 instance_nce=3.5272 cluster_nce=2.2955 
batch=0350 loss=1.0464 representation_loss=0.9387 clustering_loss=0.2154 instance_nce=3.4875 cluster_nce=2.2933 
Train: loss=1.0568 mstm=0.9318 instance_nce=3.5163 cluster_nce=2.2972 dec=0.2501
save checkpoint:  /root/trajectory-clustering-main/con-dtc/runs/condtc_qd_pre15_base_main/20260812_095802_seed19721013/checkpoints/condtc_best.pt
epoch=4 / num_epochs=6
batch=0050 loss=0.9918 representation_loss=0.8764 clustering_loss=0.2307 instance_nce=3.4887 cluster_nce=2.3038 
batch=0100 loss=0.8818 representation_loss=0.7599 clustering_loss=0.2437 instance_nce=3.5075 cluster_nce=2.2872 
batch=0150 loss=1.0309 representation_loss=0.9259 clustering_loss=0.2101 instance_nce=3.5006 cluster_nce=2.2872 
batch=0200 loss=1.0409 representation_loss=0.9288 clustering_loss=0.2243 instance_nce=3.4922 cluster_nce=2.2914 
batch=0250 loss=1.0060 representation_loss=0.9008 clustering_loss=0.2103 instance_nce=3.5306 cluster_nce=2.2962 
batch=0300 loss=1.0461 representation_loss=0.9461 clustering_loss=0.2001 instance_nce=3.4806 cluster_nce=2.2915 
batch=0350 loss=1.0000 representation_loss=0.8963 clustering_loss=0.2076 instance_nce=3.4750 cluster_nce=2.2749 
Train: loss=1.0303 mstm=0.9133 instance_nce=3.5051 cluster_nce=2.2950 dec=0.2339
save checkpoint:  /root/trajectory-clustering-main/con-dtc/runs/condtc_qd_pre15_base_main/20260812_095802_seed19721013/checkpoints/condtc_best.pt
epoch=5 / num_epochs=6
batch=0050 loss=0.9610 representation_loss=0.8501 clustering_loss=0.2218 instance_nce=3.4670 cluster_nce=2.2896 
batch=0100 loss=0.9395 representation_loss=0.8261 clustering_loss=0.2269 instance_nce=3.4929 cluster_nce=2.2881 
batch=0150 loss=1.0414 representation_loss=0.9277 clustering_loss=0.2273 instance_nce=3.4905 cluster_nce=2.2967 
batch=0200 loss=1.0085 representation_loss=0.8961 clustering_loss=0.2250 instance_nce=3.5025 cluster_nce=2.2945 
batch=0250 loss=0.9931 representation_loss=0.8868 clustering_loss=0.2125 instance_nce=3.4956 cluster_nce=2.2782 
batch=0300 loss=0.9622 representation_loss=0.8582 clustering_loss=0.2079 instance_nce=3.4785 cluster_nce=2.2847 
batch=0350 loss=0.9359 representation_loss=0.8171 clustering_loss=0.2377 instance_nce=3.4955 cluster_nce=2.2987 
Train: loss=1.0284 mstm=0.9152 instance_nce=3.4951 cluster_nce=2.2916 dec=0.2264
save checkpoint:  /root/trajectory-clustering-main/con-dtc/runs/condtc_qd_pre15_base_main/20260812_095802_seed19721013/checkpoints/condtc_best.pt
epoch=6 / num_epochs=6
batch=0050 loss=0.9865 representation_loss=0.8831 clustering_loss=0.2068 instance_nce=3.4978 cluster_nce=2.2726 
batch=0100 loss=1.0743 representation_loss=0.9580 clustering_loss=0.2327 instance_nce=3.4618 cluster_nce=2.2818 
batch=0150 loss=0.9592 representation_loss=0.8490 clustering_loss=0.2204 instance_nce=3.4824 cluster_nce=2.2790 
batch=0200 loss=1.0316 representation_loss=0.9271 clustering_loss=0.2090 instance_nce=3.4778 cluster_nce=2.2779 
batch=0250 loss=0.9891 representation_loss=0.8781 clustering_loss=0.2221 instance_nce=3.5288 cluster_nce=2.2857 
batch=0300 loss=1.1378 representation_loss=1.0241 clustering_loss=0.2275 instance_nce=3.4623 cluster_nce=2.2840 
batch=0350 loss=1.0809 representation_loss=0.9709 clustering_loss=0.2201 instance_nce=3.4959 cluster_nce=2.3202 
Train: loss=1.0197 mstm=0.9092 instance_nce=3.4855 cluster_nce=2.2888 dec=0.2209
save checkpoint:  /root/trajectory-clustering-main/con-dtc/runs/condtc_qd_pre15_base_main/20260812_095802_seed19721013/checkpoints/condtc_best.pt
best train_loss:  1.0196749630035182
evaluating: /root/trajectory-clustering-main/con-dtc/runs/condtc_qd_pre15_base_main/20260812_095802_seed19721013/checkpoints/condtc_best.pt
device: cuda
cluster counts: tensor([1003,  968, 1957, 1055,  101, 1000,    0,  970, 1797,  933,  876,  944])
metrics: {'uacc': 0.7814546708031713, 'nmi': 0.8910237207603097, 'ri': 0.957650158407665, 'ari': 0.7560494538022399}
metrics saved: /root/trajectory-clustering-main/con-dtc/runs/condtc_qd_pre15_base_main/20260812_095802_seed19721013/metrics.json
