experiment initialized
run directory: /root/trajectory-clustering/con-dtc/runs/condtc_qd_ema_staged_s3_m07/20260816_200128_seed19721013
config snapshot: /root/trajectory-clustering/con-dtc/runs/condtc_qd_ema_staged_s3_m07/20260816_200128_seed19721013/config.yaml
device: cuda
pretrain checkpoint: /root/trajectory-clustering/con-dtc/checkpoints/sttraj2vec_pretrain_paper_15ep.pt
epoch=1 / num_epochs=6
batch=0050 loss=1.1629 representation_loss=0.9304 clustering_loss=0.4650 instance_nce=3.5702 cluster_nce=2.3243 
batch=0100 loss=1.1673 representation_loss=0.9701 clustering_loss=0.3943 instance_nce=3.5546 cluster_nce=2.3284 
batch=0150 loss=1.1958 representation_loss=1.0006 clustering_loss=0.3905 instance_nce=3.5938 cluster_nce=2.3155 
batch=0200 loss=1.1558 representation_loss=0.9846 clustering_loss=0.3425 instance_nce=3.5420 cluster_nce=2.2985 
batch=0250 loss=1.2080 representation_loss=1.0177 clustering_loss=0.3806 instance_nce=3.5584 cluster_nce=2.3128 
batch=0300 loss=1.1944 representation_loss=1.0261 clustering_loss=0.3367 instance_nce=3.5415 cluster_nce=2.3001 
batch=0350 loss=1.0127 representation_loss=0.8208 clustering_loss=0.3838 instance_nce=3.5150 cluster_nce=2.2909 
Train: loss=1.1389 mstm=0.9508 instance_nce=3.5503 cluster_nce=2.3165 dec=0.3762
save checkpoint:  /root/trajectory-clustering/con-dtc/runs/condtc_qd_ema_staged_s3_m07/20260816_200128_seed19721013/checkpoints/condtc_best.pt
epoch=2 / num_epochs=6
batch=0050 loss=1.0379 representation_loss=0.8879 clustering_loss=0.2999 instance_nce=3.5480 cluster_nce=2.3165 
batch=0100 loss=1.0682 representation_loss=0.9316 clustering_loss=0.2731 instance_nce=3.5515 cluster_nce=2.2992 
batch=0150 loss=1.1133 representation_loss=0.9795 clustering_loss=0.2677 instance_nce=3.5335 cluster_nce=2.2971 
batch=0200 loss=1.1861 representation_loss=1.0490 clustering_loss=0.2743 instance_nce=3.5356 cluster_nce=2.3178 
batch=0250 loss=1.0656 representation_loss=0.9316 clustering_loss=0.2680 instance_nce=3.5151 cluster_nce=2.2852 
batch=0300 loss=1.1050 representation_loss=0.9811 clustering_loss=0.2478 instance_nce=3.5328 cluster_nce=2.3112 
batch=0350 loss=1.0381 representation_loss=0.9247 clustering_loss=0.2268 instance_nce=3.5192 cluster_nce=2.2892 
Train: loss=1.0671 mstm=0.9336 instance_nce=3.5281 cluster_nce=2.3015 dec=0.2670
save checkpoint:  /root/trajectory-clustering/con-dtc/runs/condtc_qd_ema_staged_s3_m07/20260816_200128_seed19721013/checkpoints/condtc_best.pt
epoch=3 / num_epochs=6
batch=0050 loss=1.0617 representation_loss=0.9374 clustering_loss=0.2487 instance_nce=3.5144 cluster_nce=2.3039 
batch=0100 loss=1.0668 representation_loss=0.9411 clustering_loss=0.2514 instance_nce=3.5407 cluster_nce=2.3183 
batch=0150 loss=1.1090 representation_loss=0.9968 clustering_loss=0.2244 instance_nce=3.5190 cluster_nce=2.3109 
batch=0200 loss=1.0122 representation_loss=0.9061 clustering_loss=0.2121 instance_nce=3.4938 cluster_nce=2.2908 
batch=0250 loss=1.0047 representation_loss=0.9057 clustering_loss=0.1981 instance_nce=3.4822 cluster_nce=2.2850 
batch=0300 loss=0.9468 representation_loss=0.8351 clustering_loss=0.2232 instance_nce=3.5282 cluster_nce=2.2955 
batch=0350 loss=1.0419 representation_loss=0.9388 clustering_loss=0.2061 instance_nce=3.4885 cluster_nce=2.2938 
Train: loss=1.0450 mstm=0.9316 instance_nce=3.5175 cluster_nce=2.2971 dec=0.2268
save checkpoint:  /root/trajectory-clustering/con-dtc/runs/condtc_qd_ema_staged_s3_m07/20260816_200128_seed19721013/checkpoints/condtc_best.pt
epoch=4 / num_epochs=6
batch=0050 loss=0.9786 representation_loss=0.8749 clustering_loss=0.2075 instance_nce=3.4888 cluster_nce=2.3046 
batch=0100 loss=0.8715 representation_loss=0.7588 clustering_loss=0.2253 instance_nce=3.5087 cluster_nce=2.2876 
batch=0150 loss=1.0134 representation_loss=0.9243 clustering_loss=0.1782 instance_nce=3.5024 cluster_nce=2.2877 
batch=0200 loss=1.0266 representation_loss=0.9269 clustering_loss=0.1995 instance_nce=3.4958 cluster_nce=2.2910 
batch=0250 loss=0.9919 representation_loss=0.9002 clustering_loss=0.1836 instance_nce=3.5340 cluster_nce=2.2955 
batch=0300 loss=1.0326 representation_loss=0.9454 clustering_loss=0.1744 instance_nce=3.4821 cluster_nce=2.2918 
batch=0350 loss=0.9924 representation_loss=0.8967 clustering_loss=0.1914 instance_nce=3.4767 cluster_nce=2.2754 
Train: loss=1.0162 mstm=0.9128 instance_nce=3.5074 cluster_nce=2.2952 dec=0.2068
save checkpoint:  /root/trajectory-clustering/con-dtc/runs/condtc_qd_ema_staged_s3_m07/20260816_200128_seed19721013/checkpoints/condtc_best.pt
epoch=5 / num_epochs=6
batch=0050 loss=0.9495 representation_loss=0.8498 clustering_loss=0.1993 instance_nce=3.4698 cluster_nce=2.2900 
batch=0100 loss=0.9189 representation_loss=0.8248 clustering_loss=0.1881 instance_nce=3.4954 cluster_nce=2.2892 
batch=0150 loss=1.0190 representation_loss=0.9277 clustering_loss=0.1824 instance_nce=3.4930 cluster_nce=2.2963 
batch=0200 loss=0.9950 representation_loss=0.8964 clustering_loss=0.1973 instance_nce=3.5066 cluster_nce=2.2962 
batch=0250 loss=0.9798 representation_loss=0.8864 clustering_loss=0.1869 instance_nce=3.4968 cluster_nce=2.2783 
batch=0300 loss=0.9464 representation_loss=0.8589 clustering_loss=0.1749 instance_nce=3.4803 cluster_nce=2.2851 
batch=0350 loss=0.9258 representation_loss=0.8154 clustering_loss=0.2207 instance_nce=3.4996 cluster_nce=2.2992 
Train: loss=1.0123 mstm=0.9145 instance_nce=3.4976 cluster_nce=2.2923 dec=0.1957
save checkpoint:  /root/trajectory-clustering/con-dtc/runs/condtc_qd_ema_staged_s3_m07/20260816_200128_seed19721013/checkpoints/condtc_best.pt
epoch=6 / num_epochs=6
batch=0050 loss=0.9746 representation_loss=0.8836 clustering_loss=0.1819 instance_nce=3.4978 cluster_nce=2.2743 
batch=0100 loss=1.0575 representation_loss=0.9579 clustering_loss=0.1992 instance_nce=3.4651 cluster_nce=2.2833 
batch=0150 loss=0.9377 representation_loss=0.8479 clustering_loss=0.1796 instance_nce=3.4813 cluster_nce=2.2811 
batch=0200 loss=1.0193 representation_loss=0.9259 clustering_loss=0.1867 instance_nce=3.4807 cluster_nce=2.2792 
batch=0250 loss=0.9771 representation_loss=0.8778 clustering_loss=0.1985 instance_nce=3.5314 cluster_nce=2.2870 
batch=0300 loss=1.1140 representation_loss=1.0190 clustering_loss=0.1899 instance_nce=3.4660 cluster_nce=2.2846 
batch=0350 loss=1.0598 representation_loss=0.9715 clustering_loss=0.1767 instance_nce=3.4989 cluster_nce=2.3223 
Train: loss=1.0024 mstm=0.9083 instance_nce=3.4884 cluster_nce=2.2901 dec=0.1883
save checkpoint:  /root/trajectory-clustering/con-dtc/runs/condtc_qd_ema_staged_s3_m07/20260816_200128_seed19721013/checkpoints/condtc_best.pt
best train_loss:  1.002427866873105
evaluating: /root/trajectory-clustering/con-dtc/runs/condtc_qd_ema_staged_s3_m07/20260816_200128_seed19721013/checkpoints/condtc_best.pt
device: cuda
cluster counts: tensor([1003,  968, 1951, 1120,  410, 1000,    6,  969, 1488,  933,  812,  944])
metrics: {'uacc': 0.8022233712512926, 'nmi': 0.8886188285695645, 'ri': 0.9594992059340642, 'ari': 0.7594170405202757}
metrics saved: /root/trajectory-clustering/con-dtc/runs/condtc_qd_ema_staged_s3_m07/20260816_200128_seed19721013/metrics.json
