experiment initialized
run directory: /root/trajectory-clustering/con-dtc/runs/condtc_qd_pre15_ema05_weighted/20260812_072609_seed19721013
config snapshot: /root/trajectory-clustering/con-dtc/runs/condtc_qd_pre15_ema05_weighted/20260812_072609_seed19721013/config.yaml
device: cuda
pretrain checkpoint: /root/trajectory-clustering/con-dtc/checkpoints/sttraj2vec_pretrain_paper_15ep.pt
epoch=1 / num_epochs=6
batch=0050 loss=1.1629 representation_loss=0.9304 clustering_loss=0.4650 instance_nce=3.5702 cluster_nce=2.3243 
batch=0100 loss=1.1673 representation_loss=0.9701 clustering_loss=0.3943 instance_nce=3.5546 cluster_nce=2.3284 
batch=0150 loss=1.1958 representation_loss=1.0006 clustering_loss=0.3905 instance_nce=3.5938 cluster_nce=2.3155 
batch=0200 loss=1.1558 representation_loss=0.9846 clustering_loss=0.3425 instance_nce=3.5420 cluster_nce=2.2985 
batch=0250 loss=1.2080 representation_loss=1.0177 clustering_loss=0.3806 instance_nce=3.5584 cluster_nce=2.3128 
batch=0300 loss=1.1944 representation_loss=1.0261 clustering_loss=0.3367 instance_nce=3.5415 cluster_nce=2.3001 
batch=0350 loss=1.0127 representation_loss=0.8208 clustering_loss=0.3838 instance_nce=3.5150 cluster_nce=2.2909 
Train: loss=1.1389 mstm=0.9508 instance_nce=3.5503 cluster_nce=2.3165 dec=0.3762
save checkpoint:  /root/trajectory-clustering/con-dtc/runs/condtc_qd_pre15_ema05_weighted/20260812_072609_seed19721013/checkpoints/condtc_best.pt
epoch=2 / num_epochs=6
batch=0050 loss=1.0373 representation_loss=0.8879 clustering_loss=0.2989 instance_nce=3.5530 cluster_nce=2.3172 
batch=0100 loss=1.0715 representation_loss=0.9328 clustering_loss=0.2775 instance_nce=3.5577 cluster_nce=2.2980 
batch=0150 loss=1.0993 representation_loss=0.9800 clustering_loss=0.2386 instance_nce=3.5388 cluster_nce=2.2968 
batch=0200 loss=1.1740 representation_loss=1.0491 clustering_loss=0.2499 instance_nce=3.5426 cluster_nce=2.3182 
batch=0250 loss=1.0629 representation_loss=0.9326 clustering_loss=0.2607 instance_nce=3.5203 cluster_nce=2.2852 
batch=0300 loss=1.0950 representation_loss=0.9799 clustering_loss=0.2301 instance_nce=3.5372 cluster_nce=2.3112 
batch=0350 loss=1.0355 representation_loss=0.9244 clustering_loss=0.2222 instance_nce=3.5251 cluster_nce=2.2901 
Train: loss=1.0630 mstm=0.9334 instance_nce=3.5328 cluster_nce=2.3013 dec=0.2592
save checkpoint:  /root/trajectory-clustering/con-dtc/runs/condtc_qd_pre15_ema05_weighted/20260812_072609_seed19721013/checkpoints/condtc_best.pt
epoch=3 / num_epochs=6
batch=0050 loss=1.0706 representation_loss=0.9368 clustering_loss=0.2674 instance_nce=3.5199 cluster_nce=2.3041 
batch=0100 loss=1.0647 representation_loss=0.9387 clustering_loss=0.2521 instance_nce=3.5433 cluster_nce=2.3171 
batch=0150 loss=1.1203 representation_loss=0.9971 clustering_loss=0.2465 instance_nce=3.5249 cluster_nce=2.3102 
batch=0200 loss=1.0168 representation_loss=0.9067 clustering_loss=0.2202 instance_nce=3.4984 cluster_nce=2.2899 
batch=0250 loss=1.0145 representation_loss=0.9078 clustering_loss=0.2133 instance_nce=3.4850 cluster_nce=2.2838 
batch=0300 loss=0.9568 representation_loss=0.8340 clustering_loss=0.2456 instance_nce=3.5322 cluster_nce=2.2968 
batch=0350 loss=1.0497 representation_loss=0.9382 clustering_loss=0.2231 instance_nce=3.4927 cluster_nce=2.2940 
Train: loss=1.0518 mstm=0.9317 instance_nce=3.5220 cluster_nce=2.2966 dec=0.2402
save checkpoint:  /root/trajectory-clustering/con-dtc/runs/condtc_qd_pre15_ema05_weighted/20260812_072609_seed19721013/checkpoints/condtc_best.pt
epoch=4 / num_epochs=6
batch=0050 loss=0.9883 representation_loss=0.8765 clustering_loss=0.2236 instance_nce=3.4925 cluster_nce=2.3040 
batch=0100 loss=0.8813 representation_loss=0.7596 clustering_loss=0.2434 instance_nce=3.5124 cluster_nce=2.2887 
batch=0150 loss=1.0277 representation_loss=0.9257 clustering_loss=0.2041 instance_nce=3.5070 cluster_nce=2.2865 
batch=0200 loss=1.0335 representation_loss=0.9261 clustering_loss=0.2149 instance_nce=3.5013 cluster_nce=2.2904 
batch=0250 loss=1.0036 representation_loss=0.9012 clustering_loss=0.2049 instance_nce=3.5392 cluster_nce=2.2937 
batch=0300 loss=1.0459 representation_loss=0.9466 clustering_loss=0.1987 instance_nce=3.4871 cluster_nce=2.2914 
batch=0350 loss=1.0027 representation_loss=0.8973 clustering_loss=0.2108 instance_nce=3.4804 cluster_nce=2.2753 
Train: loss=1.0286 mstm=0.9133 instance_nce=3.5114 cluster_nce=2.2947 dec=0.2305
save checkpoint:  /root/trajectory-clustering/con-dtc/runs/condtc_qd_pre15_ema05_weighted/20260812_072609_seed19721013/checkpoints/condtc_best.pt
epoch=5 / num_epochs=6
batch=0050 loss=0.9640 representation_loss=0.8504 clustering_loss=0.2272 instance_nce=3.4736 cluster_nce=2.2901 
batch=0100 loss=0.9349 representation_loss=0.8275 clustering_loss=0.2148 instance_nce=3.4995 cluster_nce=2.2893 
batch=0150 loss=1.0373 representation_loss=0.9303 clustering_loss=0.2141 instance_nce=3.4983 cluster_nce=2.2972 
batch=0200 loss=1.0077 representation_loss=0.8966 clustering_loss=0.2222 instance_nce=3.5083 cluster_nce=2.2948 
batch=0250 loss=0.9946 representation_loss=0.8884 clustering_loss=0.2125 instance_nce=3.5010 cluster_nce=2.2778 
batch=0300 loss=0.9567 representation_loss=0.8571 clustering_loss=0.1991 instance_nce=3.4811 cluster_nce=2.2855 
batch=0350 loss=0.9446 representation_loss=0.8186 clustering_loss=0.2520 instance_nce=3.4990 cluster_nce=2.2985 
Train: loss=1.0255 mstm=0.9154 instance_nce=3.5004 cluster_nce=2.2920 dec=0.2203
save checkpoint:  /root/trajectory-clustering/con-dtc/runs/condtc_qd_pre15_ema05_weighted/20260812_072609_seed19721013/checkpoints/condtc_best.pt
epoch=6 / num_epochs=6
batch=0050 loss=0.9877 representation_loss=0.8837 clustering_loss=0.2081 instance_nce=3.4975 cluster_nce=2.2738 
batch=0100 loss=1.0720 representation_loss=0.9570 clustering_loss=0.2300 instance_nce=3.4667 cluster_nce=2.2849 
batch=0150 loss=0.9544 representation_loss=0.8493 clustering_loss=0.2101 instance_nce=3.4841 cluster_nce=2.2806 
batch=0200 loss=1.0302 representation_loss=0.9266 clustering_loss=0.2071 instance_nce=3.4820 cluster_nce=2.2793 
batch=0250 loss=0.9906 representation_loss=0.8791 clustering_loss=0.2230 instance_nce=3.5325 cluster_nce=2.2882 
batch=0300 loss=1.1260 representation_loss=1.0226 clustering_loss=0.2068 instance_nce=3.4713 cluster_nce=2.2842 
batch=0350 loss=1.0719 representation_loss=0.9722 clustering_loss=0.1995 instance_nce=3.5020 cluster_nce=2.3222 
Train: loss=1.0154 mstm=0.9095 instance_nce=3.4907 cluster_nce=2.2901 dec=0.2118
save checkpoint:  /root/trajectory-clustering/con-dtc/runs/condtc_qd_pre15_ema05_weighted/20260812_072609_seed19721013/checkpoints/condtc_best.pt
best train_loss:  1.0153610435940816
evaluating: /root/trajectory-clustering/con-dtc/runs/condtc_qd_pre15_ema05_weighted/20260812_072609_seed19721013/checkpoints/condtc_best.pt
device: cuda
cluster counts: tensor([1003,  968, 1957,  694,    0, 1000,    0,  969, 1898,  933, 1238,  944])
metrics: {'uacc': 0.7534470872113065, 'nmi': 0.8928401293743311, 'ri': 0.9559224704542915, 'ari': 0.7504998744722168}
metrics saved: /root/trajectory-clustering/con-dtc/runs/condtc_qd_pre15_ema05_weighted/20260812_072609_seed19721013/metrics.json
