experiment initialized
run directory: /root/trajectory-clustering/con-dtc/runs/condtc_qd_late_s3_m08/20260813_094118_seed19721013
config snapshot: /root/trajectory-clustering/con-dtc/runs/condtc_qd_late_s3_m08/20260813_094118_seed19721013/config.yaml
device: cuda
pretrain checkpoint: /root/trajectory-clustering/con-dtc/checkpoints/sttraj2vec_pretrain_paper_15ep.pt
epoch=1 / num_epochs=6
batch=0050 loss=1.1629 representation_loss=0.9304 clustering_loss=0.4650 instance_nce=3.5702 cluster_nce=2.3243 
batch=0100 loss=1.1673 representation_loss=0.9701 clustering_loss=0.3943 instance_nce=3.5546 cluster_nce=2.3284 
batch=0150 loss=1.1958 representation_loss=1.0006 clustering_loss=0.3905 instance_nce=3.5938 cluster_nce=2.3155 
batch=0200 loss=1.1558 representation_loss=0.9846 clustering_loss=0.3425 instance_nce=3.5420 cluster_nce=2.2985 
batch=0250 loss=1.2080 representation_loss=1.0177 clustering_loss=0.3806 instance_nce=3.5584 cluster_nce=2.3128 
batch=0300 loss=1.1944 representation_loss=1.0261 clustering_loss=0.3367 instance_nce=3.5415 cluster_nce=2.3002 
batch=0350 loss=1.0127 representation_loss=0.8208 clustering_loss=0.3838 instance_nce=3.5150 cluster_nce=2.2909 
Train: loss=1.1389 mstm=0.9508 instance_nce=3.5503 cluster_nce=2.3165 dec=0.3762
save checkpoint:  /root/trajectory-clustering/con-dtc/runs/condtc_qd_late_s3_m08/20260813_094118_seed19721013/checkpoints/condtc_best.pt
epoch=2 / num_epochs=6
batch=0050 loss=1.0379 representation_loss=0.8879 clustering_loss=0.2999 instance_nce=3.5480 cluster_nce=2.3165 
batch=0100 loss=1.0682 representation_loss=0.9316 clustering_loss=0.2731 instance_nce=3.5515 cluster_nce=2.2992 
batch=0150 loss=1.1133 representation_loss=0.9795 clustering_loss=0.2677 instance_nce=3.5335 cluster_nce=2.2971 
batch=0200 loss=1.1861 representation_loss=1.0490 clustering_loss=0.2743 instance_nce=3.5356 cluster_nce=2.3178 
batch=0250 loss=1.0656 representation_loss=0.9316 clustering_loss=0.2680 instance_nce=3.5151 cluster_nce=2.2852 
batch=0300 loss=1.1050 representation_loss=0.9811 clustering_loss=0.2478 instance_nce=3.5328 cluster_nce=2.3112 
batch=0350 loss=1.0381 representation_loss=0.9247 clustering_loss=0.2268 instance_nce=3.5192 cluster_nce=2.2892 
Train: loss=1.0671 mstm=0.9336 instance_nce=3.5281 cluster_nce=2.3015 dec=0.2670
save checkpoint:  /root/trajectory-clustering/con-dtc/runs/condtc_qd_late_s3_m08/20260813_094118_seed19721013/checkpoints/condtc_best.pt
epoch=3 / num_epochs=6
batch=0050 loss=1.0612 representation_loss=0.9374 clustering_loss=0.2477 instance_nce=3.5146 cluster_nce=2.3039 
batch=0100 loss=1.0659 representation_loss=0.9411 clustering_loss=0.2496 instance_nce=3.5411 cluster_nce=2.3183 
batch=0150 loss=1.1075 representation_loss=0.9968 clustering_loss=0.2213 instance_nce=3.5194 cluster_nce=2.3109 
batch=0200 loss=1.0120 representation_loss=0.9061 clustering_loss=0.2117 instance_nce=3.4941 cluster_nce=2.2909 
batch=0250 loss=1.0044 representation_loss=0.9056 clustering_loss=0.1976 instance_nce=3.4826 cluster_nce=2.2849 
batch=0300 loss=0.9470 representation_loss=0.8352 clustering_loss=0.2236 instance_nce=3.5285 cluster_nce=2.2955 
batch=0350 loss=1.0418 representation_loss=0.9389 clustering_loss=0.2058 instance_nce=3.4888 cluster_nce=2.2938 
Train: loss=1.0442 mstm=0.9316 instance_nce=3.5177 cluster_nce=2.2970 dec=0.2251
save checkpoint:  /root/trajectory-clustering/con-dtc/runs/condtc_qd_late_s3_m08/20260813_094118_seed19721013/checkpoints/condtc_best.pt
epoch=4 / num_epochs=6
batch=0050 loss=0.9774 representation_loss=0.8747 clustering_loss=0.2053 instance_nce=3.4888 cluster_nce=2.3048 
batch=0100 loss=0.8714 representation_loss=0.7587 clustering_loss=0.2254 instance_nce=3.5090 cluster_nce=2.2876 
batch=0150 loss=1.0112 representation_loss=0.9241 clustering_loss=0.1743 instance_nce=3.5030 cluster_nce=2.2876 
batch=0200 loss=1.0250 representation_loss=0.9265 clustering_loss=0.1970 instance_nce=3.4967 cluster_nce=2.2907 
batch=0250 loss=0.9897 representation_loss=0.9001 clustering_loss=0.1793 instance_nce=3.5347 cluster_nce=2.2953 
batch=0300 loss=1.0310 representation_loss=0.9452 clustering_loss=0.1717 instance_nce=3.4827 cluster_nce=2.2918 
batch=0350 loss=0.9926 representation_loss=0.8968 clustering_loss=0.1916 instance_nce=3.4773 cluster_nce=2.2755 
Train: loss=1.0144 mstm=0.9128 instance_nce=3.5080 cluster_nce=2.2952 dec=0.2033
save checkpoint:  /root/trajectory-clustering/con-dtc/runs/condtc_qd_late_s3_m08/20260813_094118_seed19721013/checkpoints/condtc_best.pt
epoch=5 / num_epochs=6
batch=0050 loss=0.9482 representation_loss=0.8500 clustering_loss=0.1963 instance_nce=3.4706 cluster_nce=2.2900 
batch=0100 loss=0.9141 representation_loss=0.8244 clustering_loss=0.1793 instance_nce=3.4964 cluster_nce=2.2894 
batch=0150 loss=1.0160 representation_loss=0.9277 clustering_loss=0.1766 instance_nce=3.4938 cluster_nce=2.2962 
batch=0200 loss=0.9920 representation_loss=0.8965 clustering_loss=0.1910 instance_nce=3.5077 cluster_nce=2.2963 
batch=0250 loss=0.9775 representation_loss=0.8863 clustering_loss=0.1824 instance_nce=3.4974 cluster_nce=2.2783 
batch=0300 loss=0.9445 representation_loss=0.8591 clustering_loss=0.1709 instance_nce=3.4812 cluster_nce=2.2850 
batch=0350 loss=0.9240 representation_loss=0.8153 clustering_loss=0.2176 instance_nce=3.5012 cluster_nce=2.2993 
Train: loss=1.0096 mstm=0.9144 instance_nce=3.4985 cluster_nce=2.2924 dec=0.1905
save checkpoint:  /root/trajectory-clustering/con-dtc/runs/condtc_qd_late_s3_m08/20260813_094118_seed19721013/checkpoints/condtc_best.pt
epoch=6 / num_epochs=6
batch=0050 loss=0.9718 representation_loss=0.8839 clustering_loss=0.1757 instance_nce=3.4980 cluster_nce=2.2746 
batch=0100 loss=1.0533 representation_loss=0.9580 clustering_loss=0.1906 instance_nce=3.4660 cluster_nce=2.2834 
batch=0150 loss=0.9323 representation_loss=0.8477 clustering_loss=0.1691 instance_nce=3.4816 cluster_nce=2.2819 
batch=0200 loss=1.0153 representation_loss=0.9258 clustering_loss=0.1789 instance_nce=3.4819 cluster_nce=2.2794 
batch=0250 loss=0.9745 representation_loss=0.8777 clustering_loss=0.1934 instance_nce=3.5324 cluster_nce=2.2872 
batch=0300 loss=1.1088 representation_loss=1.0184 clustering_loss=0.1807 instance_nce=3.4672 cluster_nce=2.2848 
batch=0350 loss=1.0565 representation_loss=0.9717 clustering_loss=0.1696 instance_nce=3.5007 cluster_nce=2.3229 
Train: loss=0.9990 mstm=0.9081 instance_nce=3.4894 cluster_nce=2.2904 dec=0.1818
save checkpoint:  /root/trajectory-clustering/con-dtc/runs/condtc_qd_late_s3_m08/20260813_094118_seed19721013/checkpoints/condtc_best.pt
best train_loss:  0.9990006247416565
evaluating: /root/trajectory-clustering/con-dtc/runs/condtc_qd_late_s3_m08/20260813_094118_seed19721013/checkpoints/condtc_best.pt
device: cuda
cluster counts: tensor([1003,  968, 1931, 1139,  423, 1000,   26,  970, 1475,  933,  792,  944])
metrics: {'uacc': 0.8020510168907273, 'nmi': 0.8873960623871622, 'ri': 0.9594927146080652, 'ari': 0.7585626440821428}
metrics saved: /root/trajectory-clustering/con-dtc/runs/condtc_qd_late_s3_m08/20260813_094118_seed19721013/metrics.json
