experiment initialized
run directory: /root/trajectory-clustering/con-dtc/runs/condtc_qd_ema_staged_s5_m08/20260816_222412_seed2026
config snapshot: /root/trajectory-clustering/con-dtc/runs/condtc_qd_ema_staged_s5_m08/20260816_222412_seed2026/config.yaml
device: cuda
pretrain checkpoint: /root/trajectory-clustering/con-dtc/checkpoints/sttraj2vec_pretrain_paper_15ep.pt
epoch=1 / num_epochs=6
batch=0050 loss=1.1425 representation_loss=0.9502 clustering_loss=0.3846 instance_nce=3.4862 cluster_nce=2.3926 
batch=0100 loss=1.2458 representation_loss=1.0504 clustering_loss=0.3907 instance_nce=3.4718 cluster_nce=2.4177 
batch=0150 loss=1.0822 representation_loss=0.8810 clustering_loss=0.4024 instance_nce=3.4622 cluster_nce=2.4080 
batch=0200 loss=1.1439 representation_loss=0.9759 clustering_loss=0.3359 instance_nce=3.4991 cluster_nce=2.3710 
batch=0250 loss=1.1726 representation_loss=1.0075 clustering_loss=0.3303 instance_nce=3.4743 cluster_nce=2.3967 
batch=0300 loss=1.0769 representation_loss=0.9114 clustering_loss=0.3309 instance_nce=3.4768 cluster_nce=2.3934 
batch=0350 loss=1.0888 representation_loss=0.8819 clustering_loss=0.4136 instance_nce=3.4754 cluster_nce=2.4027 
Train: loss=1.1455 mstm=0.9570 instance_nce=3.4843 cluster_nce=2.4063 dec=0.3770
save checkpoint:  /root/trajectory-clustering/con-dtc/runs/condtc_qd_ema_staged_s5_m08/20260816_222412_seed2026/checkpoints/condtc_best.pt
epoch=2 / num_epochs=6
batch=0050 loss=0.9607 representation_loss=0.8276 clustering_loss=0.2662 instance_nce=3.4693 cluster_nce=2.3801 
batch=0100 loss=0.9629 representation_loss=0.8236 clustering_loss=0.2787 instance_nce=3.4543 cluster_nce=2.3978 
batch=0150 loss=0.9452 representation_loss=0.8044 clustering_loss=0.2816 instance_nce=3.4644 cluster_nce=2.4020 
batch=0200 loss=0.9457 representation_loss=0.8103 clustering_loss=0.2707 instance_nce=3.4766 cluster_nce=2.4119 
batch=0250 loss=1.1337 representation_loss=1.0107 clustering_loss=0.2461 instance_nce=3.4584 cluster_nce=2.4101 
batch=0300 loss=1.0750 representation_loss=0.9560 clustering_loss=0.2381 instance_nce=3.4974 cluster_nce=2.3848 
batch=0350 loss=1.1823 representation_loss=1.0538 clustering_loss=0.2569 instance_nce=3.4568 cluster_nce=2.3653 
Train: loss=1.0699 mstm=0.9367 instance_nce=3.4647 cluster_nce=2.3825 dec=0.2662
save checkpoint:  /root/trajectory-clustering/con-dtc/runs/condtc_qd_ema_staged_s5_m08/20260816_222412_seed2026/checkpoints/condtc_best.pt
epoch=3 / num_epochs=6
batch=0050 loss=1.0552 representation_loss=0.9104 clustering_loss=0.2896 instance_nce=3.4692 cluster_nce=2.3823 
batch=0100 loss=1.0894 representation_loss=0.9616 clustering_loss=0.2554 instance_nce=3.4453 cluster_nce=2.3684 
batch=0150 loss=1.1240 representation_loss=1.0032 clustering_loss=0.2417 instance_nce=3.4524 cluster_nce=2.3738 
batch=0200 loss=0.9556 representation_loss=0.8383 clustering_loss=0.2347 instance_nce=3.4895 cluster_nce=2.3741 
batch=0250 loss=1.0355 representation_loss=0.9109 clustering_loss=0.2491 instance_nce=3.4349 cluster_nce=2.3713 
batch=0300 loss=1.0772 representation_loss=0.9525 clustering_loss=0.2494 instance_nce=3.4692 cluster_nce=2.3975 
batch=0350 loss=1.0807 representation_loss=0.9695 clustering_loss=0.2225 instance_nce=3.4279 cluster_nce=2.3468 
Train: loss=1.0583 mstm=0.9330 instance_nce=3.4534 cluster_nce=2.3713 dec=0.2505
save checkpoint:  /root/trajectory-clustering/con-dtc/runs/condtc_qd_ema_staged_s5_m08/20260816_222412_seed2026/checkpoints/condtc_best.pt
epoch=4 / num_epochs=6
batch=0050 loss=0.9875 representation_loss=0.8666 clustering_loss=0.2417 instance_nce=3.4632 cluster_nce=2.3421 
batch=0100 loss=0.8983 representation_loss=0.7787 clustering_loss=0.2392 instance_nce=3.4440 cluster_nce=2.3837 
batch=0150 loss=1.0022 representation_loss=0.8844 clustering_loss=0.2357 instance_nce=3.4557 cluster_nce=2.3659 
batch=0200 loss=0.9909 representation_loss=0.8747 clustering_loss=0.2323 instance_nce=3.4269 cluster_nce=2.3390 
batch=0250 loss=0.9942 representation_loss=0.8848 clustering_loss=0.2186 instance_nce=3.4433 cluster_nce=2.3715 
batch=0300 loss=1.0434 representation_loss=0.9324 clustering_loss=0.2218 instance_nce=3.4678 cluster_nce=2.3907 
batch=0350 loss=1.0014 representation_loss=0.8942 clustering_loss=0.2144 instance_nce=3.4455 cluster_nce=2.3661 
Train: loss=1.0388 mstm=0.9209 instance_nce=3.4439 cluster_nce=2.3644 dec=0.2358
save checkpoint:  /root/trajectory-clustering/con-dtc/runs/condtc_qd_ema_staged_s5_m08/20260816_222412_seed2026/checkpoints/condtc_best.pt
epoch=5 / num_epochs=6
batch=0050 loss=1.1404 representation_loss=1.0213 clustering_loss=0.2381 instance_nce=3.4277 cluster_nce=2.3452 
batch=0100 loss=1.1158 representation_loss=1.0052 clustering_loss=0.2212 instance_nce=3.4759 cluster_nce=2.4079 
batch=0150 loss=0.9382 representation_loss=0.8255 clustering_loss=0.2255 instance_nce=3.4514 cluster_nce=2.3887 
batch=0200 loss=0.9597 representation_loss=0.8599 clustering_loss=0.1996 instance_nce=3.3990 cluster_nce=2.3544 
batch=0250 loss=0.9591 representation_loss=0.8631 clustering_loss=0.1919 instance_nce=3.4175 cluster_nce=2.3432 
batch=0300 loss=1.0889 representation_loss=0.9837 clustering_loss=0.2105 instance_nce=3.4354 cluster_nce=2.3740 
batch=0350 loss=1.0580 representation_loss=0.9455 clustering_loss=0.2249 instance_nce=3.4147 cluster_nce=2.3429 
Train: loss=1.0259 mstm=0.9191 instance_nce=3.4327 cluster_nce=2.3606 dec=0.2136
save checkpoint:  /root/trajectory-clustering/con-dtc/runs/condtc_qd_ema_staged_s5_m08/20260816_222412_seed2026/checkpoints/condtc_best.pt
epoch=6 / num_epochs=6
batch=0050 loss=1.1194 representation_loss=1.0223 clustering_loss=0.1942 instance_nce=3.4182 cluster_nce=2.3637 
batch=0100 loss=1.0491 representation_loss=0.9568 clustering_loss=0.1846 instance_nce=3.4074 cluster_nce=2.3477 
batch=0150 loss=1.0690 representation_loss=0.9659 clustering_loss=0.2062 instance_nce=3.4029 cluster_nce=2.3614 
batch=0200 loss=1.0197 representation_loss=0.9227 clustering_loss=0.1939 instance_nce=3.4231 cluster_nce=2.3624 
batch=0250 loss=1.0562 representation_loss=0.9392 clustering_loss=0.2340 instance_nce=3.4257 cluster_nce=2.3650 
batch=0300 loss=0.9546 representation_loss=0.8581 clustering_loss=0.1929 instance_nce=3.4025 cluster_nce=2.3590 
batch=0350 loss=0.9626 representation_loss=0.8744 clustering_loss=0.1764 instance_nce=3.4188 cluster_nce=2.3313 
Train: loss=0.9969 mstm=0.8972 instance_nce=3.4261 cluster_nce=2.3576 dec=0.1993
save checkpoint:  /root/trajectory-clustering/con-dtc/runs/condtc_qd_ema_staged_s5_m08/20260816_222412_seed2026/checkpoints/condtc_best.pt
best train_loss:  0.9968558814311101
evaluating: /root/trajectory-clustering/con-dtc/runs/condtc_qd_ema_staged_s5_m08/20260816_222412_seed2026/checkpoints/condtc_best.pt
device: cuda
cluster counts: tensor([ 964, 1003, 1712,    0, 1000, 1045,  974,  215, 1957,  944,  853,  937])
metrics: {'uacc': 0.8161840744570837, 'nmi': 0.9049572706261251, 'ri': 0.9640819484007616, 'ari': 0.790745317240286}
metrics saved: /root/trajectory-clustering/con-dtc/runs/condtc_qd_ema_staged_s5_m08/20260816_222412_seed2026/metrics.json
