experiment initialized
run directory: /root/trajectory-clustering/con-dtc/runs/condtc_qd_ema_staged_s3_m07/20260816_220109_seed2026
config snapshot: /root/trajectory-clustering/con-dtc/runs/condtc_qd_ema_staged_s3_m07/20260816_220109_seed2026/config.yaml
device: cuda
pretrain checkpoint: /root/trajectory-clustering/con-dtc/checkpoints/sttraj2vec_pretrain_paper_15ep.pt
epoch=1 / num_epochs=6
batch=0050 loss=1.1425 representation_loss=0.9502 clustering_loss=0.3846 instance_nce=3.4862 cluster_nce=2.3926 
batch=0100 loss=1.2458 representation_loss=1.0504 clustering_loss=0.3907 instance_nce=3.4718 cluster_nce=2.4177 
batch=0150 loss=1.0822 representation_loss=0.8810 clustering_loss=0.4024 instance_nce=3.4622 cluster_nce=2.4080 
batch=0200 loss=1.1439 representation_loss=0.9759 clustering_loss=0.3359 instance_nce=3.4991 cluster_nce=2.3710 
batch=0250 loss=1.1726 representation_loss=1.0075 clustering_loss=0.3303 instance_nce=3.4743 cluster_nce=2.3967 
batch=0300 loss=1.0769 representation_loss=0.9114 clustering_loss=0.3309 instance_nce=3.4768 cluster_nce=2.3934 
batch=0350 loss=1.0888 representation_loss=0.8819 clustering_loss=0.4136 instance_nce=3.4754 cluster_nce=2.4027 
Train: loss=1.1455 mstm=0.9570 instance_nce=3.4843 cluster_nce=2.4063 dec=0.3770
save checkpoint:  /root/trajectory-clustering/con-dtc/runs/condtc_qd_ema_staged_s3_m07/20260816_220109_seed2026/checkpoints/condtc_best.pt
epoch=2 / num_epochs=6
batch=0050 loss=0.9607 representation_loss=0.8276 clustering_loss=0.2662 instance_nce=3.4693 cluster_nce=2.3801 
batch=0100 loss=0.9629 representation_loss=0.8236 clustering_loss=0.2787 instance_nce=3.4543 cluster_nce=2.3978 
batch=0150 loss=0.9452 representation_loss=0.8044 clustering_loss=0.2816 instance_nce=3.4644 cluster_nce=2.4020 
batch=0200 loss=0.9457 representation_loss=0.8103 clustering_loss=0.2707 instance_nce=3.4766 cluster_nce=2.4119 
batch=0250 loss=1.1337 representation_loss=1.0107 clustering_loss=0.2461 instance_nce=3.4584 cluster_nce=2.4101 
batch=0300 loss=1.0750 representation_loss=0.9560 clustering_loss=0.2381 instance_nce=3.4974 cluster_nce=2.3848 
batch=0350 loss=1.1823 representation_loss=1.0538 clustering_loss=0.2569 instance_nce=3.4568 cluster_nce=2.3653 
Train: loss=1.0699 mstm=0.9367 instance_nce=3.4647 cluster_nce=2.3825 dec=0.2662
save checkpoint:  /root/trajectory-clustering/con-dtc/runs/condtc_qd_ema_staged_s3_m07/20260816_220109_seed2026/checkpoints/condtc_best.pt
epoch=3 / num_epochs=6
batch=0050 loss=1.0368 representation_loss=0.9102 clustering_loss=0.2530 instance_nce=3.4696 cluster_nce=2.3856 
batch=0100 loss=1.0817 representation_loss=0.9615 clustering_loss=0.2405 instance_nce=3.4462 cluster_nce=2.3706 
batch=0150 loss=1.1203 representation_loss=1.0035 clustering_loss=0.2336 instance_nce=3.4533 cluster_nce=2.3757 
batch=0200 loss=0.9468 representation_loss=0.8382 clustering_loss=0.2172 instance_nce=3.4891 cluster_nce=2.3760 
batch=0250 loss=1.0281 representation_loss=0.9105 clustering_loss=0.2353 instance_nce=3.4353 cluster_nce=2.3739 
batch=0300 loss=1.0663 representation_loss=0.9519 clustering_loss=0.2287 instance_nce=3.4694 cluster_nce=2.4011 
batch=0350 loss=1.0694 representation_loss=0.9696 clustering_loss=0.1997 instance_nce=3.4302 cluster_nce=2.3491 
Train: loss=1.0467 mstm=0.9329 instance_nce=3.4540 cluster_nce=2.3740 dec=0.2277
save checkpoint:  /root/trajectory-clustering/con-dtc/runs/condtc_qd_ema_staged_s3_m07/20260816_220109_seed2026/checkpoints/condtc_best.pt
epoch=4 / num_epochs=6
batch=0050 loss=0.9776 representation_loss=0.8651 clustering_loss=0.2251 instance_nce=3.4635 cluster_nce=2.3442 
batch=0100 loss=0.8833 representation_loss=0.7774 clustering_loss=0.2117 instance_nce=3.4446 cluster_nce=2.3885 
batch=0150 loss=0.9885 representation_loss=0.8850 clustering_loss=0.2072 instance_nce=3.4587 cluster_nce=2.3710 
batch=0200 loss=0.9769 representation_loss=0.8741 clustering_loss=0.2057 instance_nce=3.4288 cluster_nce=2.3418 
batch=0250 loss=0.9797 representation_loss=0.8842 clustering_loss=0.1911 instance_nce=3.4455 cluster_nce=2.3773 
batch=0300 loss=1.0334 representation_loss=0.9323 clustering_loss=0.2021 instance_nce=3.4697 cluster_nce=2.3954 
batch=0350 loss=0.9880 representation_loss=0.8930 clustering_loss=0.1899 instance_nce=3.4459 cluster_nce=2.3682 
Train: loss=1.0248 mstm=0.9206 instance_nce=3.4457 cluster_nce=2.3682 dec=0.2084
save checkpoint:  /root/trajectory-clustering/con-dtc/runs/condtc_qd_ema_staged_s3_m07/20260816_220109_seed2026/checkpoints/condtc_best.pt
epoch=5 / num_epochs=6
batch=0050 loss=1.1315 representation_loss=1.0209 clustering_loss=0.2213 instance_nce=3.4290 cluster_nce=2.3471 
batch=0100 loss=1.1125 representation_loss=1.0064 clustering_loss=0.2122 instance_nce=3.4774 cluster_nce=2.4115 
batch=0150 loss=0.9316 representation_loss=0.8246 clustering_loss=0.2140 instance_nce=3.4550 cluster_nce=2.3935 
batch=0200 loss=0.9531 representation_loss=0.8597 clustering_loss=0.1870 instance_nce=3.4004 cluster_nce=2.3583 
batch=0250 loss=0.9497 representation_loss=0.8615 clustering_loss=0.1765 instance_nce=3.4197 cluster_nce=2.3475 
batch=0300 loss=1.0828 representation_loss=0.9841 clustering_loss=0.1974 instance_nce=3.4381 cluster_nce=2.3790 
batch=0350 loss=1.0527 representation_loss=0.9468 clustering_loss=0.2118 instance_nce=3.4177 cluster_nce=2.3468 
Train: loss=1.0176 mstm=0.9188 instance_nce=3.4350 cluster_nce=2.3641 dec=0.1975
save checkpoint:  /root/trajectory-clustering/con-dtc/runs/condtc_qd_ema_staged_s3_m07/20260816_220109_seed2026/checkpoints/condtc_best.pt
epoch=6 / num_epochs=6
batch=0050 loss=1.1137 representation_loss=1.0218 clustering_loss=0.1839 instance_nce=3.4193 cluster_nce=2.3659 
batch=0100 loss=1.0429 representation_loss=0.9570 clustering_loss=0.1718 instance_nce=3.4101 cluster_nce=2.3510 
batch=0150 loss=1.0661 representation_loss=0.9664 clustering_loss=0.1994 instance_nce=3.4054 cluster_nce=2.3652 
batch=0200 loss=1.0135 representation_loss=0.9216 clustering_loss=0.1838 instance_nce=3.4259 cluster_nce=2.3659 
batch=0250 loss=1.0499 representation_loss=0.9386 clustering_loss=0.2225 instance_nce=3.4284 cluster_nce=2.3690 
batch=0300 loss=0.9501 representation_loss=0.8585 clustering_loss=0.1831 instance_nce=3.4044 cluster_nce=2.3620 
batch=0350 loss=0.9583 representation_loss=0.8749 clustering_loss=0.1669 instance_nce=3.4208 cluster_nce=2.3332 
Train: loss=0.9917 mstm=0.8969 instance_nce=3.4283 cluster_nce=2.3608 dec=0.1896
save checkpoint:  /root/trajectory-clustering/con-dtc/runs/condtc_qd_ema_staged_s3_m07/20260816_220109_seed2026/checkpoints/condtc_best.pt
best train_loss:  0.9917095254224483
evaluating: /root/trajectory-clustering/con-dtc/runs/condtc_qd_ema_staged_s3_m07/20260816_220109_seed2026/checkpoints/condtc_best.pt
device: cuda
cluster counts: tensor([ 951, 1003, 1588,   15, 1000, 1205,  972,  341, 1942,  944,  693,  950])
metrics: {'uacc': 0.8066184074457083, 'nmi': 0.8925272108953685, 'ri': 0.9613288537539308, 'ari': 0.7723334879198746}
metrics saved: /root/trajectory-clustering/con-dtc/runs/condtc_qd_ema_staged_s3_m07/20260816_220109_seed2026/metrics.json
