experiment initialized
run directory: /root/trajectory-clustering/con-dtc/runs/condtc_qd_late_s4_m08_w/20260814_085244_seed19721013
config snapshot: /root/trajectory-clustering/con-dtc/runs/condtc_qd_late_s4_m08_w/20260814_085244_seed19721013/config.yaml
device: cuda
pretrain checkpoint: /root/trajectory-clustering/con-dtc/checkpoints/sttraj2vec_pretrain_paper_15ep.pt
epoch=1 / num_epochs=6
batch=0050 loss=1.1629 representation_loss=0.9304 clustering_loss=0.4650 instance_nce=3.5702 cluster_nce=2.3243 
batch=0100 loss=1.1673 representation_loss=0.9701 clustering_loss=0.3943 instance_nce=3.5546 cluster_nce=2.3284 
batch=0150 loss=1.1958 representation_loss=1.0006 clustering_loss=0.3905 instance_nce=3.5938 cluster_nce=2.3155 
batch=0200 loss=1.1558 representation_loss=0.9846 clustering_loss=0.3425 instance_nce=3.5420 cluster_nce=2.2985 
batch=0250 loss=1.2080 representation_loss=1.0177 clustering_loss=0.3806 instance_nce=3.5584 cluster_nce=2.3128 
batch=0300 loss=1.1944 representation_loss=1.0261 clustering_loss=0.3367 instance_nce=3.5415 cluster_nce=2.3001 
batch=0350 loss=1.0127 representation_loss=0.8208 clustering_loss=0.3838 instance_nce=3.5150 cluster_nce=2.2909 
Train: loss=1.1389 mstm=0.9508 instance_nce=3.5503 cluster_nce=2.3165 dec=0.3762
save checkpoint:  /root/trajectory-clustering/con-dtc/runs/condtc_qd_late_s4_m08_w/20260814_085244_seed19721013/checkpoints/condtc_best.pt
epoch=2 / num_epochs=6
batch=0050 loss=1.0379 representation_loss=0.8879 clustering_loss=0.2999 instance_nce=3.5480 cluster_nce=2.3165 
batch=0100 loss=1.0682 representation_loss=0.9316 clustering_loss=0.2731 instance_nce=3.5515 cluster_nce=2.2992 
batch=0150 loss=1.1133 representation_loss=0.9795 clustering_loss=0.2677 instance_nce=3.5335 cluster_nce=2.2971 
batch=0200 loss=1.1861 representation_loss=1.0490 clustering_loss=0.2743 instance_nce=3.5356 cluster_nce=2.3178 
batch=0250 loss=1.0656 representation_loss=0.9316 clustering_loss=0.2680 instance_nce=3.5151 cluster_nce=2.2852 
batch=0300 loss=1.1050 representation_loss=0.9811 clustering_loss=0.2478 instance_nce=3.5328 cluster_nce=2.3112 
batch=0350 loss=1.0381 representation_loss=0.9247 clustering_loss=0.2268 instance_nce=3.5192 cluster_nce=2.2892 
Train: loss=1.0671 mstm=0.9336 instance_nce=3.5281 cluster_nce=2.3015 dec=0.2670
save checkpoint:  /root/trajectory-clustering/con-dtc/runs/condtc_qd_late_s4_m08_w/20260814_085244_seed19721013/checkpoints/condtc_best.pt
epoch=3 / num_epochs=6
batch=0050 loss=1.0730 representation_loss=0.9375 clustering_loss=0.2709 instance_nce=3.5130 cluster_nce=2.3039 
batch=0100 loss=1.0797 representation_loss=0.9414 clustering_loss=0.2767 instance_nce=3.5391 cluster_nce=2.3185 
batch=0150 loss=1.1257 representation_loss=0.9966 clustering_loss=0.2583 instance_nce=3.5170 cluster_nce=2.3109 
batch=0200 loss=1.0232 representation_loss=0.9062 clustering_loss=0.2339 instance_nce=3.4916 cluster_nce=2.2904 
batch=0250 loss=1.0146 representation_loss=0.9061 clustering_loss=0.2170 instance_nce=3.4797 cluster_nce=2.2852 
batch=0300 loss=0.9540 representation_loss=0.8347 clustering_loss=0.2386 instance_nce=3.5272 cluster_nce=2.2955 
batch=0350 loss=1.0464 representation_loss=0.9387 clustering_loss=0.2154 instance_nce=3.4875 cluster_nce=2.2933 
Train: loss=1.0568 mstm=0.9318 instance_nce=3.5163 cluster_nce=2.2972 dec=0.2501
save checkpoint:  /root/trajectory-clustering/con-dtc/runs/condtc_qd_late_s4_m08_w/20260814_085244_seed19721013/checkpoints/condtc_best.pt
epoch=4 / num_epochs=6
batch=0050 loss=0.9908 representation_loss=0.8760 clustering_loss=0.2296 instance_nce=3.4904 cluster_nce=2.3040 
batch=0100 loss=0.8753 representation_loss=0.7596 clustering_loss=0.2313 instance_nce=3.5097 cluster_nce=2.2880 
batch=0150 loss=1.0263 representation_loss=0.9254 clustering_loss=0.2017 instance_nce=3.5036 cluster_nce=2.2868 
batch=0200 loss=1.0351 representation_loss=0.9273 clustering_loss=0.2155 instance_nce=3.4976 cluster_nce=2.2913 
batch=0250 loss=1.0041 representation_loss=0.9010 clustering_loss=0.2063 instance_nce=3.5358 cluster_nce=2.2946 
batch=0300 loss=1.0449 representation_loss=0.9472 clustering_loss=0.1954 instance_nce=3.4838 cluster_nce=2.2921 
batch=0350 loss=1.0021 representation_loss=0.8956 clustering_loss=0.2129 instance_nce=3.4782 cluster_nce=2.2753 
Train: loss=1.0285 mstm=0.9134 instance_nce=3.5082 cluster_nce=2.2949 dec=0.2304
save checkpoint:  /root/trajectory-clustering/con-dtc/runs/condtc_qd_late_s4_m08_w/20260814_085244_seed19721013/checkpoints/condtc_best.pt
epoch=5 / num_epochs=6
batch=0050 loss=0.9578 representation_loss=0.8498 clustering_loss=0.2161 instance_nce=3.4715 cluster_nce=2.2897 
batch=0100 loss=0.9324 representation_loss=0.8273 clustering_loss=0.2100 instance_nce=3.4961 cluster_nce=2.2885 
batch=0150 loss=1.0287 representation_loss=0.9294 clustering_loss=0.1988 instance_nce=3.4958 cluster_nce=2.2968 
batch=0200 loss=1.0044 representation_loss=0.8968 clustering_loss=0.2151 instance_nce=3.5059 cluster_nce=2.2945 
batch=0250 loss=0.9924 representation_loss=0.8879 clustering_loss=0.2091 instance_nce=3.4989 cluster_nce=2.2782 
batch=0300 loss=0.9490 representation_loss=0.8566 clustering_loss=0.1848 instance_nce=3.4803 cluster_nce=2.2855 
batch=0350 loss=0.9386 representation_loss=0.8168 clustering_loss=0.2436 instance_nce=3.4968 cluster_nce=2.2986 
Train: loss=1.0213 mstm=0.9153 instance_nce=3.4984 cluster_nce=2.2919 dec=0.2121
save checkpoint:  /root/trajectory-clustering/con-dtc/runs/condtc_qd_late_s4_m08_w/20260814_085244_seed19721013/checkpoints/condtc_best.pt
epoch=6 / num_epochs=6
batch=0050 loss=0.9796 representation_loss=0.8835 clustering_loss=0.1921 instance_nce=3.4968 cluster_nce=2.2736 
batch=0100 loss=1.0645 representation_loss=0.9575 clustering_loss=0.2141 instance_nce=3.4658 cluster_nce=2.2844 
batch=0150 loss=0.9498 representation_loss=0.8497 clustering_loss=0.2002 instance_nce=3.4818 cluster_nce=2.2804 
batch=0200 loss=1.0241 representation_loss=0.9257 clustering_loss=0.1968 instance_nce=3.4808 cluster_nce=2.2791 
batch=0250 loss=0.9832 representation_loss=0.8784 clustering_loss=0.2096 instance_nce=3.5315 cluster_nce=2.2877 
batch=0300 loss=1.1177 representation_loss=1.0218 clustering_loss=0.1919 instance_nce=3.4692 cluster_nce=2.2840 
batch=0350 loss=1.0660 representation_loss=0.9725 clustering_loss=0.1869 instance_nce=3.4997 cluster_nce=2.3222 
Train: loss=1.0085 mstm=0.9091 instance_nce=3.4892 cluster_nce=2.2898 dec=0.1988
save checkpoint:  /root/trajectory-clustering/con-dtc/runs/condtc_qd_late_s4_m08_w/20260814_085244_seed19721013/checkpoints/condtc_best.pt
best train_loss:  1.0085274161695819
evaluating: /root/trajectory-clustering/con-dtc/runs/condtc_qd_late_s4_m08_w/20260814_085244_seed19721013/checkpoints/condtc_best.pt
device: cuda
cluster counts: tensor([1003,  968, 1957,  952,  211, 1000,    0,  973, 1687,  933,  976,  944])
metrics: {'uacc': 0.7838676318510859, 'nmi': 0.8879773964124198, 'ri': 0.9574435054847843, 'ari': 0.7516304597445088}
metrics saved: /root/trajectory-clustering/con-dtc/runs/condtc_qd_late_s4_m08_w/20260814_085244_seed19721013/metrics.json
