experiment initialized
run directory: /root/trajectory-clustering/con-dtc/runs/condtc_qd_ema_staged_s3_m07_reverse_stability_w125/20260821_201242_seed123
config snapshot: /root/trajectory-clustering/con-dtc/runs/condtc_qd_ema_staged_s3_m07_reverse_stability_w125/20260821_201242_seed123/config.yaml
device: cuda
dataset: qdTimeNoise0424
pretrain checkpoint: /root/trajectory-clustering/con-dtc/checkpoints/sttraj2vec_pretrain_paper_15ep.pt
epoch=1 / num_epochs=6
batch=0050 loss=1.1286 representation_loss=0.9030 clustering_loss=0.4513 instance_nce=0.0000 cluster_nce=0.0000 
batch=0100 loss=1.0787 representation_loss=0.8455 clustering_loss=0.4665 instance_nce=0.0000 cluster_nce=0.0000 
batch=0150 loss=1.2206 representation_loss=1.0481 clustering_loss=0.3450 instance_nce=0.0000 cluster_nce=0.0000 
batch=0200 loss=1.1053 representation_loss=0.9420 clustering_loss=0.3266 instance_nce=0.0000 cluster_nce=0.0000 
batch=0250 loss=1.0986 representation_loss=0.9124 clustering_loss=0.3724 instance_nce=0.0000 cluster_nce=0.0000 
batch=0300 loss=1.0505 representation_loss=0.8672 clustering_loss=0.3668 instance_nce=0.0000 cluster_nce=0.0000 
batch=0350 loss=1.1928 representation_loss=1.0299 clustering_loss=0.3259 instance_nce=0.0000 cluster_nce=0.0000 
Train: loss=1.1488 mstm=0.9602 instance_nce=0.0000 cluster_nce=0.0000 dec=0.3772
save checkpoint:  /root/trajectory-clustering/con-dtc/runs/condtc_qd_ema_staged_s3_m07_reverse_stability_w125/20260821_201242_seed123/checkpoints/condtc_best.pt
epoch=2 / num_epochs=6
batch=0050 loss=0.9917 representation_loss=0.8540 clustering_loss=0.2754 instance_nce=0.0000 cluster_nce=0.0000 
batch=0100 loss=1.0593 representation_loss=0.9248 clustering_loss=0.2690 instance_nce=0.0000 cluster_nce=0.0000 
batch=0150 loss=1.2753 representation_loss=1.1292 clustering_loss=0.2921 instance_nce=0.0000 cluster_nce=0.0000 
batch=0200 loss=1.1449 representation_loss=1.0074 clustering_loss=0.2751 instance_nce=0.0000 cluster_nce=0.0000 
batch=0250 loss=1.0364 representation_loss=0.9152 clustering_loss=0.2425 instance_nce=0.0000 cluster_nce=0.0000 
batch=0300 loss=1.1206 representation_loss=0.9850 clustering_loss=0.2711 instance_nce=0.0000 cluster_nce=0.0000 
batch=0350 loss=1.0740 representation_loss=0.9572 clustering_loss=0.2336 instance_nce=0.0000 cluster_nce=0.0000 
Train: loss=1.0793 mstm=0.9444 instance_nce=0.0000 cluster_nce=0.0000 dec=0.2699
save checkpoint:  /root/trajectory-clustering/con-dtc/runs/condtc_qd_ema_staged_s3_m07_reverse_stability_w125/20260821_201242_seed123/checkpoints/condtc_best.pt
epoch=3 / num_epochs=6
batch=0050 loss=0.9355 representation_loss=0.8173 clustering_loss=0.2364 instance_nce=0.0000 cluster_nce=0.0000 
batch=0100 loss=0.9962 representation_loss=0.8642 clustering_loss=0.2641 instance_nce=0.0000 cluster_nce=0.0000 
batch=0150 loss=1.1460 representation_loss=1.0326 clustering_loss=0.2269 instance_nce=0.0000 cluster_nce=0.0000 
batch=0200 loss=1.1098 representation_loss=1.0090 clustering_loss=0.2015 instance_nce=0.0000 cluster_nce=0.0000 
batch=0250 loss=1.0181 representation_loss=0.9065 clustering_loss=0.2233 instance_nce=0.0000 cluster_nce=0.0000 
batch=0300 loss=0.9514 representation_loss=0.8526 clustering_loss=0.1976 instance_nce=0.0000 cluster_nce=0.0000 
batch=0350 loss=1.0256 representation_loss=0.9237 clustering_loss=0.2037 instance_nce=0.0000 cluster_nce=0.0000 
Train: loss=1.0457 mstm=0.9318 instance_nce=0.0000 cluster_nce=0.0000 dec=0.2278
save checkpoint:  /root/trajectory-clustering/con-dtc/runs/condtc_qd_ema_staged_s3_m07_reverse_stability_w125/20260821_201242_seed123/checkpoints/condtc_best.pt
epoch=4 / num_epochs=6
batch=0050 loss=1.0131 representation_loss=0.9009 clustering_loss=0.2244 instance_nce=0.0000 cluster_nce=0.0000 
batch=0100 loss=1.0266 representation_loss=0.9178 clustering_loss=0.2176 instance_nce=0.0000 cluster_nce=0.0000 
batch=0150 loss=0.8496 representation_loss=0.7543 clustering_loss=0.1906 instance_nce=0.0000 cluster_nce=0.0000 
batch=0200 loss=0.9240 representation_loss=0.8230 clustering_loss=0.2021 instance_nce=0.0000 cluster_nce=0.0000 
batch=0250 loss=1.1949 representation_loss=1.0963 clustering_loss=0.1972 instance_nce=0.0000 cluster_nce=0.0000 
batch=0300 loss=1.1666 representation_loss=1.0586 clustering_loss=0.2160 instance_nce=0.0000 cluster_nce=0.0000 
batch=0350 loss=1.0584 representation_loss=0.9569 clustering_loss=0.2030 instance_nce=0.0000 cluster_nce=0.0000 
Train: loss=1.0213 mstm=0.9175 instance_nce=0.0000 cluster_nce=0.0000 dec=0.2076
save checkpoint:  /root/trajectory-clustering/con-dtc/runs/condtc_qd_ema_staged_s3_m07_reverse_stability_w125/20260821_201242_seed123/checkpoints/condtc_best.pt
epoch=5 / num_epochs=6
batch=0050 loss=1.0643 representation_loss=0.9659 clustering_loss=0.1968 instance_nce=0.0000 cluster_nce=0.0000 
batch=0100 loss=1.1115 representation_loss=1.0105 clustering_loss=0.2019 instance_nce=0.0000 cluster_nce=0.0000 
batch=0150 loss=1.0613 representation_loss=0.9760 clustering_loss=0.1707 instance_nce=0.0000 cluster_nce=0.0000 
batch=0200 loss=0.9999 representation_loss=0.9025 clustering_loss=0.1948 instance_nce=0.0000 cluster_nce=0.0000 
batch=0250 loss=1.0440 representation_loss=0.9547 clustering_loss=0.1787 instance_nce=0.0000 cluster_nce=0.0000 
batch=0300 loss=1.0242 representation_loss=0.9293 clustering_loss=0.1897 instance_nce=0.0000 cluster_nce=0.0000 
batch=0350 loss=0.9402 representation_loss=0.8443 clustering_loss=0.1919 instance_nce=0.0000 cluster_nce=0.0000 
Train: loss=1.0102 mstm=0.9128 instance_nce=0.0000 cluster_nce=0.0000 dec=0.1947
save checkpoint:  /root/trajectory-clustering/con-dtc/runs/condtc_qd_ema_staged_s3_m07_reverse_stability_w125/20260821_201242_seed123/checkpoints/condtc_best.pt
epoch=6 / num_epochs=6
batch=0050 loss=0.9603 representation_loss=0.8701 clustering_loss=0.1804 instance_nce=0.0000 cluster_nce=0.0000 
batch=0100 loss=1.1575 representation_loss=1.0637 clustering_loss=0.1876 instance_nce=0.0000 cluster_nce=0.0000 
batch=0150 loss=1.0357 representation_loss=0.9505 clustering_loss=0.1704 instance_nce=0.0000 cluster_nce=0.0000 
batch=0200 loss=1.1880 representation_loss=1.0880 clustering_loss=0.2001 instance_nce=0.0000 cluster_nce=0.0000 
batch=0250 loss=0.9917 representation_loss=0.8967 clustering_loss=0.1900 instance_nce=0.0000 cluster_nce=0.0000 
batch=0300 loss=1.0723 representation_loss=0.9676 clustering_loss=0.2094 instance_nce=0.0000 cluster_nce=0.0000 
batch=0350 loss=1.0320 representation_loss=0.9383 clustering_loss=0.1875 instance_nce=0.0000 cluster_nce=0.0000 
Train: loss=0.9922 mstm=0.8997 instance_nce=0.0000 cluster_nce=0.0000 dec=0.1851
save checkpoint:  /root/trajectory-clustering/con-dtc/runs/condtc_qd_ema_staged_s3_m07_reverse_stability_w125/20260821_201242_seed123/checkpoints/condtc_best.pt
best train_loss:  0.9922410841030895
evaluating: /root/trajectory-clustering/con-dtc/runs/condtc_qd_ema_staged_s3_m07_reverse_stability_w125/20260821_201242_seed123/checkpoints/condtc_best.pt
device: cuda
dataset: qdTimeNoise0424
cluster counts: tensor([ 933, 1630,  944, 1221, 1936, 1003,   21, 1000,  708,  968,  268,  972])
metrics: {'uacc': 0.7818855567045846, 'nmi': 0.8853137748840563, 'ri': 0.9573776861129265, 'ari': 0.7502377015668931}
metrics saved: /root/trajectory-clustering/con-dtc/runs/condtc_qd_ema_staged_s3_m07_reverse_stability_w125/20260821_201242_seed123/metrics.json
