experiment initialized
run directory: /root/trajectory-clustering/con-dtc/runs/condtc_qd_s3_m07_entropy_target_mix/20260814_151126_seed42
config snapshot: /root/trajectory-clustering/con-dtc/runs/condtc_qd_s3_m07_entropy_target_mix/20260814_151126_seed42/config.yaml
device: cuda
pretrain checkpoint: /root/trajectory-clustering/con-dtc/checkpoints/sttraj2vec_pretrain_paper_15ep.pt
epoch=1 / num_epochs=6
batch=0050 loss=1.2522 representation_loss=1.0175 clustering_loss=0.4694 instance_nce=3.5261 cluster_nce=2.3788 
batch=0100 loss=1.1484 representation_loss=0.9354 clustering_loss=0.4259 instance_nce=3.5002 cluster_nce=2.3484 
batch=0150 loss=1.2910 representation_loss=1.1073 clustering_loss=0.3676 instance_nce=3.5001 cluster_nce=2.3400 
batch=0200 loss=1.1210 representation_loss=0.9007 clustering_loss=0.4407 instance_nce=3.4968 cluster_nce=2.3422 
batch=0250 loss=1.1561 representation_loss=1.0058 clustering_loss=0.3007 instance_nce=3.4909 cluster_nce=2.3328 
batch=0300 loss=1.2513 representation_loss=1.0743 clustering_loss=0.3540 instance_nce=3.4894 cluster_nce=2.3394 
batch=0350 loss=1.1866 representation_loss=1.0231 clustering_loss=0.3270 instance_nce=3.4739 cluster_nce=2.3411 
Train: loss=1.1424 mstm=0.9538 instance_nce=3.5081 cluster_nce=2.3467 dec=0.3772
save checkpoint:  /root/trajectory-clustering/con-dtc/runs/condtc_qd_s3_m07_entropy_target_mix/20260814_151126_seed42/checkpoints/condtc_best.pt
epoch=2 / num_epochs=6
batch=0050 loss=1.0601 representation_loss=0.9270 clustering_loss=0.2662 instance_nce=3.4772 cluster_nce=2.3288 
batch=0100 loss=1.0675 representation_loss=0.9415 clustering_loss=0.2520 instance_nce=3.4701 cluster_nce=2.3227 
batch=0150 loss=1.2057 representation_loss=1.0739 clustering_loss=0.2635 instance_nce=3.4802 cluster_nce=2.3232 
batch=0200 loss=1.0010 representation_loss=0.8775 clustering_loss=0.2469 instance_nce=3.4659 cluster_nce=2.3335 
batch=0250 loss=1.0316 representation_loss=0.9058 clustering_loss=0.2518 instance_nce=3.5169 cluster_nce=2.3357 
batch=0300 loss=1.0958 representation_loss=0.9792 clustering_loss=0.2333 instance_nce=3.4917 cluster_nce=2.3403 
batch=0350 loss=1.1383 representation_loss=1.0237 clustering_loss=0.2292 instance_nce=3.5074 cluster_nce=2.3250 
Train: loss=1.0664 mstm=0.9354 instance_nce=3.4910 cluster_nce=2.3312 dec=0.2620
save checkpoint:  /root/trajectory-clustering/con-dtc/runs/condtc_qd_s3_m07_entropy_target_mix/20260814_151126_seed42/checkpoints/condtc_best.pt
epoch=3 / num_epochs=6
batch=0050 loss=1.1432 representation_loss=1.0310 clustering_loss=0.2245 instance_nce=3.4378 cluster_nce=2.3069 
batch=0100 loss=0.9903 representation_loss=0.8838 clustering_loss=0.2130 instance_nce=3.4426 cluster_nce=2.3332 
batch=0150 loss=0.9003 representation_loss=0.7878 clustering_loss=0.2250 instance_nce=3.4601 cluster_nce=2.3229 
batch=0200 loss=1.0939 representation_loss=0.9772 clustering_loss=0.2334 instance_nce=3.4487 cluster_nce=2.3374 
batch=0250 loss=1.0332 representation_loss=0.9132 clustering_loss=0.2399 instance_nce=3.4754 cluster_nce=2.3137 
batch=0300 loss=1.0628 representation_loss=0.9516 clustering_loss=0.2224 instance_nce=3.4449 cluster_nce=2.3225 
batch=0350 loss=1.0847 representation_loss=0.9725 clustering_loss=0.2243 instance_nce=3.5013 cluster_nce=2.3188 
Train: loss=1.0428 mstm=0.9291 instance_nce=3.4774 cluster_nce=2.3256 dec=0.2274
save checkpoint:  /root/trajectory-clustering/con-dtc/runs/condtc_qd_s3_m07_entropy_target_mix/20260814_151126_seed42/checkpoints/condtc_best.pt
epoch=4 / num_epochs=6
batch=0050 loss=1.0211 representation_loss=0.9065 clustering_loss=0.2293 instance_nce=3.4544 cluster_nce=2.3198 
batch=0100 loss=1.1218 representation_loss=1.0209 clustering_loss=0.2018 instance_nce=3.4289 cluster_nce=2.3238 
batch=0150 loss=0.9471 representation_loss=0.8372 clustering_loss=0.2197 instance_nce=3.4587 cluster_nce=2.3103 
batch=0200 loss=0.9735 representation_loss=0.8829 clustering_loss=0.1812 instance_nce=3.4531 cluster_nce=2.3333 
batch=0250 loss=1.1140 representation_loss=1.0085 clustering_loss=0.2110 instance_nce=3.4516 cluster_nce=2.3259 
batch=0300 loss=1.0428 representation_loss=0.9418 clustering_loss=0.2020 instance_nce=3.4540 cluster_nce=2.3136 
batch=0350 loss=0.9481 representation_loss=0.8533 clustering_loss=0.1896 instance_nce=3.5286 cluster_nce=2.3197 
Train: loss=1.0263 mstm=0.9214 instance_nce=3.4668 cluster_nce=2.3217 dec=0.2098
save checkpoint:  /root/trajectory-clustering/con-dtc/runs/condtc_qd_s3_m07_entropy_target_mix/20260814_151126_seed42/checkpoints/condtc_best.pt
epoch=5 / num_epochs=6
batch=0050 loss=1.1298 representation_loss=1.0205 clustering_loss=0.2185 instance_nce=3.4519 cluster_nce=2.3111 
batch=0100 loss=0.9600 representation_loss=0.8710 clustering_loss=0.1782 instance_nce=3.5060 cluster_nce=2.3304 
batch=0150 loss=1.0239 representation_loss=0.9163 clustering_loss=0.2152 instance_nce=3.4703 cluster_nce=2.3177 
batch=0200 loss=0.9430 representation_loss=0.8560 clustering_loss=0.1739 instance_nce=3.4442 cluster_nce=2.3282 
batch=0250 loss=0.8727 representation_loss=0.7861 clustering_loss=0.1733 instance_nce=3.4575 cluster_nce=2.3151 
batch=0300 loss=1.1041 representation_loss=1.0045 clustering_loss=0.1993 instance_nce=3.4659 cluster_nce=2.3185 
batch=0350 loss=1.0588 representation_loss=0.9597 clustering_loss=0.1982 instance_nce=3.4598 cluster_nce=2.3338 
Train: loss=1.0149 mstm=0.9164 instance_nce=3.4571 cluster_nce=2.3195 dec=0.1969
save checkpoint:  /root/trajectory-clustering/con-dtc/runs/condtc_qd_s3_m07_entropy_target_mix/20260814_151126_seed42/checkpoints/condtc_best.pt
epoch=6 / num_epochs=6
batch=0050 loss=1.0395 representation_loss=0.9495 clustering_loss=0.1800 instance_nce=3.4858 cluster_nce=2.3186 
batch=0100 loss=0.8975 representation_loss=0.8043 clustering_loss=0.1865 instance_nce=3.4288 cluster_nce=2.3276 
batch=0150 loss=0.8973 representation_loss=0.8046 clustering_loss=0.1854 instance_nce=3.4128 cluster_nce=2.3093 
batch=0200 loss=1.0269 representation_loss=0.9378 clustering_loss=0.1783 instance_nce=3.4667 cluster_nce=2.3335 
batch=0250 loss=0.9621 representation_loss=0.8724 clustering_loss=0.1794 instance_nce=3.4472 cluster_nce=2.3118 
batch=0300 loss=1.0002 representation_loss=0.9072 clustering_loss=0.1860 instance_nce=3.4368 cluster_nce=2.3114 
batch=0350 loss=1.1843 representation_loss=1.0845 clustering_loss=0.1996 instance_nce=3.4335 cluster_nce=2.3116 
Train: loss=0.9939 mstm=0.8986 instance_nce=3.4476 cluster_nce=2.3169 dec=0.1906
save checkpoint:  /root/trajectory-clustering/con-dtc/runs/condtc_qd_s3_m07_entropy_target_mix/20260814_151126_seed42/checkpoints/condtc_best.pt
best train_loss:  0.9939238974572214
evaluating: /root/trajectory-clustering/con-dtc/runs/condtc_qd_s3_m07_entropy_target_mix/20260814_151126_seed42/checkpoints/condtc_best.pt
device: cuda
cluster counts: tensor([ 377,   24,  557,  934,  967,  944, 1000,  979, 1003, 1341, 1933, 1545])
metrics: {'uacc': 0.7994657014822475, 'nmi': 0.8899475266640947, 'ri': 0.9598541641172986, 'ari': 0.7640562285331043}
metrics saved: /root/trajectory-clustering/con-dtc/runs/condtc_qd_s3_m07_entropy_target_mix/20260814_151126_seed42/metrics.json
