experiment initialized
run directory: /root/trajectory-clustering/con-dtc/runs/condtc_qd_ema_m10/20260816_175130_seed123
config snapshot: /root/trajectory-clustering/con-dtc/runs/condtc_qd_ema_m10/20260816_175130_seed123/config.yaml
device: cuda
pretrain checkpoint: /root/trajectory-clustering/con-dtc/checkpoints/sttraj2vec_pretrain_paper_15ep.pt
epoch=1 / num_epochs=6
batch=0050 loss=1.1286 representation_loss=0.9030 clustering_loss=0.4513 instance_nce=3.6067 cluster_nce=2.3595 
batch=0100 loss=1.0787 representation_loss=0.8455 clustering_loss=0.4665 instance_nce=3.6287 cluster_nce=2.3642 
batch=0150 loss=1.2206 representation_loss=1.0481 clustering_loss=0.3450 instance_nce=3.5984 cluster_nce=2.3466 
batch=0200 loss=1.1053 representation_loss=0.9420 clustering_loss=0.3266 instance_nce=3.6288 cluster_nce=2.3677 
batch=0250 loss=1.0986 representation_loss=0.9124 clustering_loss=0.3724 instance_nce=3.6574 cluster_nce=2.3642 
batch=0300 loss=1.0505 representation_loss=0.8672 clustering_loss=0.3668 instance_nce=3.6164 cluster_nce=2.3272 
batch=0350 loss=1.1928 representation_loss=1.0299 clustering_loss=0.3259 instance_nce=3.6750 cluster_nce=2.3679 
Train: loss=1.1488 mstm=0.9602 instance_nce=3.6168 cluster_nce=2.3567 dec=0.3772
save checkpoint:  /root/trajectory-clustering/con-dtc/runs/condtc_qd_ema_m10/20260816_175130_seed123/checkpoints/condtc_best.pt
epoch=2 / num_epochs=6
batch=0050 loss=1.0241 representation_loss=0.8521 clustering_loss=0.3438 instance_nce=3.5896 cluster_nce=2.3374 
batch=0100 loss=1.0856 representation_loss=0.9233 clustering_loss=0.3246 instance_nce=3.6070 cluster_nce=2.3261 
batch=0150 loss=1.2636 representation_loss=1.1244 clustering_loss=0.2785 instance_nce=3.6121 cluster_nce=2.3496 
batch=0200 loss=1.1951 representation_loss=1.0100 clustering_loss=0.3701 instance_nce=3.6125 cluster_nce=2.3632 
batch=0250 loss=1.0682 representation_loss=0.9130 clustering_loss=0.3104 instance_nce=3.6117 cluster_nce=2.3339 
batch=0300 loss=1.1366 representation_loss=0.9858 clustering_loss=0.3016 instance_nce=3.5954 cluster_nce=2.3206 
batch=0350 loss=1.0995 representation_loss=0.9590 clustering_loss=0.2811 instance_nce=3.5588 cluster_nce=2.3432 
Train: loss=1.0954 mstm=0.9437 instance_nce=3.6064 cluster_nce=2.3385 dec=0.3036
save checkpoint:  /root/trajectory-clustering/con-dtc/runs/condtc_qd_ema_m10/20260816_175130_seed123/checkpoints/condtc_best.pt
epoch=3 / num_epochs=6
batch=0050 loss=0.9700 representation_loss=0.8157 clustering_loss=0.3087 instance_nce=3.5834 cluster_nce=2.3393 
batch=0100 loss=1.0188 representation_loss=0.8638 clustering_loss=0.3101 instance_nce=3.6204 cluster_nce=2.3454 
batch=0150 loss=1.1629 representation_loss=1.0307 clustering_loss=0.2644 instance_nce=3.5884 cluster_nce=2.3260 
batch=0200 loss=1.1484 representation_loss=1.0115 clustering_loss=0.2738 instance_nce=3.5973 cluster_nce=2.3373 
batch=0250 loss=1.0342 representation_loss=0.9046 clustering_loss=0.2592 instance_nce=3.6165 cluster_nce=2.3135 
batch=0300 loss=1.0095 representation_loss=0.8516 clustering_loss=0.3158 instance_nce=3.5769 cluster_nce=2.3120 
batch=0350 loss=1.0458 representation_loss=0.9242 clustering_loss=0.2432 instance_nce=3.6011 cluster_nce=2.3296 
Train: loss=1.0691 mstm=0.9301 instance_nce=3.5991 cluster_nce=2.3326 dec=0.2779
save checkpoint:  /root/trajectory-clustering/con-dtc/runs/condtc_qd_ema_m10/20260816_175130_seed123/checkpoints/condtc_best.pt
epoch=4 / num_epochs=6
batch=0050 loss=1.0299 representation_loss=0.8994 clustering_loss=0.2612 instance_nce=3.5937 cluster_nce=2.3138 
batch=0100 loss=1.0613 representation_loss=0.9175 clustering_loss=0.2876 instance_nce=3.5663 cluster_nce=2.3220 
batch=0150 loss=0.8478 representation_loss=0.7460 clustering_loss=0.2037 instance_nce=3.5769 cluster_nce=2.3059 
batch=0200 loss=0.9586 representation_loss=0.8207 clustering_loss=0.2758 instance_nce=3.5847 cluster_nce=2.3298 
batch=0250 loss=1.2261 representation_loss=1.0914 clustering_loss=0.2694 instance_nce=3.5606 cluster_nce=2.3165 
batch=0300 loss=1.1678 representation_loss=1.0592 clustering_loss=0.2172 instance_nce=3.5768 cluster_nce=2.3150 
batch=0350 loss=1.0833 representation_loss=0.9579 clustering_loss=0.2509 instance_nce=3.5990 cluster_nce=2.3200 
Train: loss=1.0470 mstm=0.9154 instance_nce=3.5929 cluster_nce=2.3309 dec=0.2631
save checkpoint:  /root/trajectory-clustering/con-dtc/runs/condtc_qd_ema_m10/20260816_175130_seed123/checkpoints/condtc_best.pt
epoch=5 / num_epochs=6
batch=0050 loss=1.0956 representation_loss=0.9645 clustering_loss=0.2623 instance_nce=3.6112 cluster_nce=2.3273 
batch=0100 loss=1.1370 representation_loss=1.0085 clustering_loss=0.2570 instance_nce=3.5698 cluster_nce=2.3192 
batch=0150 loss=1.1039 representation_loss=0.9761 clustering_loss=0.2557 instance_nce=3.5633 cluster_nce=2.3144 
batch=0200 loss=1.0313 representation_loss=0.9037 clustering_loss=0.2552 instance_nce=3.5885 cluster_nce=2.3366 
batch=0250 loss=1.0722 representation_loss=0.9497 clustering_loss=0.2450 instance_nce=3.5533 cluster_nce=2.3181 
batch=0300 loss=1.0308 representation_loss=0.9304 clustering_loss=0.2008 instance_nce=3.5820 cluster_nce=2.3066 
batch=0350 loss=0.9489 representation_loss=0.8400 clustering_loss=0.2179 instance_nce=3.5622 cluster_nce=2.3176 
Train: loss=1.0371 mstm=0.9103 instance_nce=3.5868 cluster_nce=2.3278 dec=0.2536
save checkpoint:  /root/trajectory-clustering/con-dtc/runs/condtc_qd_ema_m10/20260816_175130_seed123/checkpoints/condtc_best.pt
epoch=6 / num_epochs=6
batch=0050 loss=1.0009 representation_loss=0.8609 clustering_loss=0.2800 instance_nce=3.5630 cluster_nce=2.3234 
batch=0100 loss=1.1885 representation_loss=1.0616 clustering_loss=0.2538 instance_nce=3.5758 cluster_nce=2.3262 
batch=0150 loss=1.0686 representation_loss=0.9445 clustering_loss=0.2483 instance_nce=3.5602 cluster_nce=2.3346 
batch=0200 loss=1.2250 representation_loss=1.0812 clustering_loss=0.2877 instance_nce=3.6371 cluster_nce=2.3452 
batch=0250 loss=1.0083 representation_loss=0.8973 clustering_loss=0.2220 instance_nce=3.5725 cluster_nce=2.3219 
batch=0300 loss=1.1060 representation_loss=0.9678 clustering_loss=0.2765 instance_nce=3.6057 cluster_nce=2.3451 
batch=0350 loss=1.0624 representation_loss=0.9448 clustering_loss=0.2352 instance_nce=3.5572 cluster_nce=2.3186 
Train: loss=1.0213 mstm=0.8970 instance_nce=3.5800 cluster_nce=2.3255 dec=0.2486
save checkpoint:  /root/trajectory-clustering/con-dtc/runs/condtc_qd_ema_m10/20260816_175130_seed123/checkpoints/condtc_best.pt
best train_loss:  1.021322286691965
evaluating: /root/trajectory-clustering/con-dtc/runs/condtc_qd_ema_m10/20260816_175130_seed123/checkpoints/condtc_best.pt
device: cuda
cluster counts: tensor([1550, 1200,  944, 1161, 1474, 1003,  483, 1000,  781,  351,  698,  959])
metrics: {'uacc': 0.7343157531885557, 'nmi': 0.8229531266291398, 'ri': 0.945626737228123, 'ari': 0.663238214692962}
metrics saved: /root/trajectory-clustering/con-dtc/runs/condtc_qd_ema_m10/20260816_175130_seed123/metrics.json
