experiment initialized
run directory: /root/trajectory-clustering/con-dtc/runs/condtc_qd_ema_staged_s3_m07_entropy_p70_a025_reverse_stability_w125/20260823_123811_seed123
config snapshot: /root/trajectory-clustering/con-dtc/runs/condtc_qd_ema_staged_s3_m07_entropy_p70_a025_reverse_stability_w125/20260823_123811_seed123/config.yaml
device: cuda
dataset: qdTimeNoise0424
pretrain checkpoint: /root/trajectory-clustering/con-dtc/checkpoints/sttraj2vec_pretrain_paper_15ep.pt
epoch=1 / num_epochs=6
batch=0050 loss=1.1286 representation_loss=0.9030 clustering_loss=0.4513 instance_nce=0.0000 cluster_nce=0.0000 
batch=0100 loss=1.0787 representation_loss=0.8455 clustering_loss=0.4665 instance_nce=0.0000 cluster_nce=0.0000 
batch=0150 loss=1.2206 representation_loss=1.0481 clustering_loss=0.3450 instance_nce=0.0000 cluster_nce=0.0000 
batch=0200 loss=1.1053 representation_loss=0.9420 clustering_loss=0.3266 instance_nce=0.0000 cluster_nce=0.0000 
batch=0250 loss=1.0986 representation_loss=0.9124 clustering_loss=0.3724 instance_nce=0.0000 cluster_nce=0.0000 
batch=0300 loss=1.0505 representation_loss=0.8672 clustering_loss=0.3668 instance_nce=0.0000 cluster_nce=0.0000 
batch=0350 loss=1.1928 representation_loss=1.0299 clustering_loss=0.3259 instance_nce=0.0000 cluster_nce=0.0000 
Train: loss=1.1488 mstm=0.9602 instance_nce=0.0000 cluster_nce=0.0000 dec=0.3772
save checkpoint:  /root/trajectory-clustering/con-dtc/runs/condtc_qd_ema_staged_s3_m07_entropy_p70_a025_reverse_stability_w125/20260823_123811_seed123/checkpoints/condtc_best.pt
epoch=2 / num_epochs=6
batch=0050 loss=0.9917 representation_loss=0.8540 clustering_loss=0.2754 instance_nce=0.0000 cluster_nce=0.0000 
batch=0100 loss=1.0593 representation_loss=0.9248 clustering_loss=0.2690 instance_nce=0.0000 cluster_nce=0.0000 
batch=0150 loss=1.2753 representation_loss=1.1292 clustering_loss=0.2921 instance_nce=0.0000 cluster_nce=0.0000 
batch=0200 loss=1.1449 representation_loss=1.0074 clustering_loss=0.2751 instance_nce=0.0000 cluster_nce=0.0000 
batch=0250 loss=1.0364 representation_loss=0.9152 clustering_loss=0.2425 instance_nce=0.0000 cluster_nce=0.0000 
batch=0300 loss=1.1206 representation_loss=0.9850 clustering_loss=0.2711 instance_nce=0.0000 cluster_nce=0.0000 
batch=0350 loss=1.0740 representation_loss=0.9572 clustering_loss=0.2336 instance_nce=0.0000 cluster_nce=0.0000 
Train: loss=1.0793 mstm=0.9444 instance_nce=0.0000 cluster_nce=0.0000 dec=0.2699
save checkpoint:  /root/trajectory-clustering/con-dtc/runs/condtc_qd_ema_staged_s3_m07_entropy_p70_a025_reverse_stability_w125/20260823_123811_seed123/checkpoints/condtc_best.pt
epoch=3 / num_epochs=6
batch=0050 loss=0.9394 representation_loss=0.8173 clustering_loss=0.2443 instance_nce=0.0000 cluster_nce=0.0000 
batch=0100 loss=0.9947 representation_loss=0.8640 clustering_loss=0.2615 instance_nce=0.0000 cluster_nce=0.0000 
batch=0150 loss=1.1476 representation_loss=1.0325 clustering_loss=0.2302 instance_nce=0.0000 cluster_nce=0.0000 
batch=0200 loss=1.1111 representation_loss=1.0090 clustering_loss=0.2044 instance_nce=0.0000 cluster_nce=0.0000 
batch=0250 loss=1.0198 representation_loss=0.9065 clustering_loss=0.2265 instance_nce=0.0000 cluster_nce=0.0000 
batch=0300 loss=0.9512 representation_loss=0.8520 clustering_loss=0.1985 instance_nce=0.0000 cluster_nce=0.0000 
batch=0350 loss=1.0260 representation_loss=0.9236 clustering_loss=0.2049 instance_nce=0.0000 cluster_nce=0.0000 
Train: loss=1.0471 mstm=0.9318 instance_nce=0.0000 cluster_nce=0.0000 dec=0.2306
save checkpoint:  /root/trajectory-clustering/con-dtc/runs/condtc_qd_ema_staged_s3_m07_entropy_p70_a025_reverse_stability_w125/20260823_123811_seed123/checkpoints/condtc_best.pt
epoch=4 / num_epochs=6
batch=0050 loss=1.0157 representation_loss=0.9010 clustering_loss=0.2295 instance_nce=0.0000 cluster_nce=0.0000 
batch=0100 loss=1.0261 representation_loss=0.9179 clustering_loss=0.2163 instance_nce=0.0000 cluster_nce=0.0000 
batch=0150 loss=0.8511 representation_loss=0.7549 clustering_loss=0.1924 instance_nce=0.0000 cluster_nce=0.0000 
batch=0200 loss=0.9260 representation_loss=0.8237 clustering_loss=0.2047 instance_nce=0.0000 cluster_nce=0.0000 
batch=0250 loss=1.1960 representation_loss=1.0965 clustering_loss=0.1990 instance_nce=0.0000 cluster_nce=0.0000 
batch=0300 loss=1.1680 representation_loss=1.0589 clustering_loss=0.2182 instance_nce=0.0000 cluster_nce=0.0000 
batch=0350 loss=1.0590 representation_loss=0.9572 clustering_loss=0.2036 instance_nce=0.0000 cluster_nce=0.0000 
Train: loss=1.0232 mstm=0.9176 instance_nce=0.0000 cluster_nce=0.0000 dec=0.2112
save checkpoint:  /root/trajectory-clustering/con-dtc/runs/condtc_qd_ema_staged_s3_m07_entropy_p70_a025_reverse_stability_w125/20260823_123811_seed123/checkpoints/condtc_best.pt
epoch=5 / num_epochs=6
batch=0050 loss=1.0682 representation_loss=0.9667 clustering_loss=0.2032 instance_nce=0.0000 cluster_nce=0.0000 
batch=0100 loss=1.1119 representation_loss=1.0110 clustering_loss=0.2019 instance_nce=0.0000 cluster_nce=0.0000 
batch=0150 loss=1.0627 representation_loss=0.9766 clustering_loss=0.1721 instance_nce=0.0000 cluster_nce=0.0000 
batch=0200 loss=1.0025 representation_loss=0.9020 clustering_loss=0.2011 instance_nce=0.0000 cluster_nce=0.0000 
batch=0250 loss=1.0448 representation_loss=0.9551 clustering_loss=0.1796 instance_nce=0.0000 cluster_nce=0.0000 
batch=0300 loss=1.0248 representation_loss=0.9296 clustering_loss=0.1903 instance_nce=0.0000 cluster_nce=0.0000 
batch=0350 loss=0.9408 representation_loss=0.8449 clustering_loss=0.1918 instance_nce=0.0000 cluster_nce=0.0000 
Train: loss=1.0114 mstm=0.9130 instance_nce=0.0000 cluster_nce=0.0000 dec=0.1968
save checkpoint:  /root/trajectory-clustering/con-dtc/runs/condtc_qd_ema_staged_s3_m07_entropy_p70_a025_reverse_stability_w125/20260823_123811_seed123/checkpoints/condtc_best.pt
epoch=6 / num_epochs=6
batch=0050 loss=0.9640 representation_loss=0.8704 clustering_loss=0.1873 instance_nce=0.0000 cluster_nce=0.0000 
batch=0100 loss=1.1620 representation_loss=1.0639 clustering_loss=0.1961 instance_nce=0.0000 cluster_nce=0.0000 
batch=0150 loss=1.0377 representation_loss=0.9504 clustering_loss=0.1745 instance_nce=0.0000 cluster_nce=0.0000 
batch=0200 loss=1.1888 representation_loss=1.0882 clustering_loss=0.2012 instance_nce=0.0000 cluster_nce=0.0000 
batch=0250 loss=0.9961 representation_loss=0.8962 clustering_loss=0.1997 instance_nce=0.0000 cluster_nce=0.0000 
batch=0300 loss=1.0759 representation_loss=0.9679 clustering_loss=0.2160 instance_nce=0.0000 cluster_nce=0.0000 
batch=0350 loss=1.0330 representation_loss=0.9375 clustering_loss=0.1910 instance_nce=0.0000 cluster_nce=0.0000 
Train: loss=0.9940 mstm=0.8998 instance_nce=0.0000 cluster_nce=0.0000 dec=0.1883
save checkpoint:  /root/trajectory-clustering/con-dtc/runs/condtc_qd_ema_staged_s3_m07_entropy_p70_a025_reverse_stability_w125/20260823_123811_seed123/checkpoints/condtc_best.pt
best train_loss:  0.9939616668310629
evaluating: /root/trajectory-clustering/con-dtc/runs/condtc_qd_ema_staged_s3_m07_entropy_p70_a025_reverse_stability_w125/20260823_123811_seed123/checkpoints/condtc_best.pt
device: cuda
dataset: qdTimeNoise0424
cluster counts: tensor([ 933, 1648,  944, 1309, 1937, 1003,   20, 1000,  620,  968,  250,  972])
metrics: {'uacc': 0.7826611513271285, 'nmi': 0.8869453279301551, 'ri': 0.9574024630734904, 'ari': 0.7518166642607337}
metrics saved: /root/trajectory-clustering/con-dtc/runs/condtc_qd_ema_staged_s3_m07_entropy_p70_a025_reverse_stability_w125/20260823_123811_seed123/metrics.json
