experiment initialized
run directory: /root/trajectory-clustering/con-dtc/runs/condtc_qd_ema_staged_s5_m07/20260816_205120_seed42
config snapshot: /root/trajectory-clustering/con-dtc/runs/condtc_qd_ema_staged_s5_m07/20260816_205120_seed42/config.yaml
device: cuda
pretrain checkpoint: /root/trajectory-clustering/con-dtc/checkpoints/sttraj2vec_pretrain_paper_15ep.pt
epoch=1 / num_epochs=6
batch=0050 loss=1.2522 representation_loss=1.0175 clustering_loss=0.4694 instance_nce=3.5261 cluster_nce=2.3788 
batch=0100 loss=1.1484 representation_loss=0.9354 clustering_loss=0.4259 instance_nce=3.5002 cluster_nce=2.3484 
batch=0150 loss=1.2910 representation_loss=1.1073 clustering_loss=0.3676 instance_nce=3.5001 cluster_nce=2.3400 
batch=0200 loss=1.1210 representation_loss=0.9007 clustering_loss=0.4407 instance_nce=3.4968 cluster_nce=2.3422 
batch=0250 loss=1.1561 representation_loss=1.0058 clustering_loss=0.3007 instance_nce=3.4909 cluster_nce=2.3328 
batch=0300 loss=1.2513 representation_loss=1.0743 clustering_loss=0.3540 instance_nce=3.4894 cluster_nce=2.3394 
batch=0350 loss=1.1866 representation_loss=1.0231 clustering_loss=0.3270 instance_nce=3.4739 cluster_nce=2.3411 
Train: loss=1.1424 mstm=0.9538 instance_nce=3.5081 cluster_nce=2.3467 dec=0.3772
save checkpoint:  /root/trajectory-clustering/con-dtc/runs/condtc_qd_ema_staged_s5_m07/20260816_205120_seed42/checkpoints/condtc_best.pt
epoch=2 / num_epochs=6
batch=0050 loss=1.0601 representation_loss=0.9270 clustering_loss=0.2662 instance_nce=3.4772 cluster_nce=2.3288 
batch=0100 loss=1.0675 representation_loss=0.9415 clustering_loss=0.2520 instance_nce=3.4701 cluster_nce=2.3227 
batch=0150 loss=1.2057 representation_loss=1.0739 clustering_loss=0.2635 instance_nce=3.4802 cluster_nce=2.3232 
batch=0200 loss=1.0010 representation_loss=0.8775 clustering_loss=0.2469 instance_nce=3.4659 cluster_nce=2.3335 
batch=0250 loss=1.0316 representation_loss=0.9058 clustering_loss=0.2518 instance_nce=3.5169 cluster_nce=2.3357 
batch=0300 loss=1.0958 representation_loss=0.9792 clustering_loss=0.2333 instance_nce=3.4917 cluster_nce=2.3403 
batch=0350 loss=1.1383 representation_loss=1.0237 clustering_loss=0.2292 instance_nce=3.5074 cluster_nce=2.3250 
Train: loss=1.0664 mstm=0.9354 instance_nce=3.4910 cluster_nce=2.3312 dec=0.2620
save checkpoint:  /root/trajectory-clustering/con-dtc/runs/condtc_qd_ema_staged_s5_m07/20260816_205120_seed42/checkpoints/condtc_best.pt
epoch=3 / num_epochs=6
batch=0050 loss=1.1562 representation_loss=1.0309 clustering_loss=0.2506 instance_nce=3.4367 cluster_nce=2.3060 
batch=0100 loss=0.9990 representation_loss=0.8839 clustering_loss=0.2302 instance_nce=3.4411 cluster_nce=2.3329 
batch=0150 loss=0.9139 representation_loss=0.7882 clustering_loss=0.2514 instance_nce=3.4586 cluster_nce=2.3227 
batch=0200 loss=1.1053 representation_loss=0.9775 clustering_loss=0.2557 instance_nce=3.4471 cluster_nce=2.3365 
batch=0250 loss=1.0437 representation_loss=0.9140 clustering_loss=0.2594 instance_nce=3.4743 cluster_nce=2.3129 
batch=0300 loss=1.0744 representation_loss=0.9521 clustering_loss=0.2446 instance_nce=3.4428 cluster_nce=2.3215 
batch=0350 loss=1.0972 representation_loss=0.9727 clustering_loss=0.2490 instance_nce=3.4988 cluster_nce=2.3181 
Train: loss=1.0553 mstm=0.9293 instance_nce=3.4758 cluster_nce=2.3250 dec=0.2519
save checkpoint:  /root/trajectory-clustering/con-dtc/runs/condtc_qd_ema_staged_s5_m07/20260816_205120_seed42/checkpoints/condtc_best.pt
epoch=4 / num_epochs=6
batch=0050 loss=1.0420 representation_loss=0.9072 clustering_loss=0.2695 instance_nce=3.4513 cluster_nce=2.3183 
batch=0100 loss=1.1340 representation_loss=1.0210 clustering_loss=0.2259 instance_nce=3.4258 cluster_nce=2.3230 
batch=0150 loss=0.9664 representation_loss=0.8372 clustering_loss=0.2584 instance_nce=3.4553 cluster_nce=2.3088 
batch=0200 loss=0.9894 representation_loss=0.8827 clustering_loss=0.2135 instance_nce=3.4504 cluster_nce=2.3320 
batch=0250 loss=1.1221 representation_loss=1.0092 clustering_loss=0.2258 instance_nce=3.4504 cluster_nce=2.3257 
batch=0300 loss=1.0562 representation_loss=0.9424 clustering_loss=0.2275 instance_nce=3.4509 cluster_nce=2.3123 
batch=0350 loss=0.9602 representation_loss=0.8542 clustering_loss=0.2120 instance_nce=3.5254 cluster_nce=2.3184 
Train: loss=1.0405 mstm=0.9219 instance_nce=3.4646 cluster_nce=2.3206 dec=0.2373
save checkpoint:  /root/trajectory-clustering/con-dtc/runs/condtc_qd_ema_staged_s5_m07/20260816_205120_seed42/checkpoints/condtc_best.pt
epoch=5 / num_epochs=6
batch=0050 loss=1.1355 representation_loss=1.0196 clustering_loss=0.2318 instance_nce=3.4481 cluster_nce=2.3098 
batch=0100 loss=0.9707 representation_loss=0.8727 clustering_loss=0.1961 instance_nce=3.5049 cluster_nce=2.3305 
batch=0150 loss=1.0311 representation_loss=0.9186 clustering_loss=0.2250 instance_nce=3.4682 cluster_nce=2.3169 
batch=0200 loss=0.9502 representation_loss=0.8574 clustering_loss=0.1855 instance_nce=3.4417 cluster_nce=2.3268 
batch=0250 loss=0.8859 representation_loss=0.7866 clustering_loss=0.1986 instance_nce=3.4540 cluster_nce=2.3139 
batch=0300 loss=1.1115 representation_loss=1.0026 clustering_loss=0.2176 instance_nce=3.4634 cluster_nce=2.3172 
batch=0350 loss=1.0656 representation_loss=0.9586 clustering_loss=0.2140 instance_nce=3.4571 cluster_nce=2.3323 
Train: loss=1.0235 mstm=0.9170 instance_nce=3.4545 cluster_nce=2.3184 dec=0.2131
save checkpoint:  /root/trajectory-clustering/con-dtc/runs/condtc_qd_ema_staged_s5_m07/20260816_205120_seed42/checkpoints/condtc_best.pt
epoch=6 / num_epochs=6
batch=0050 loss=1.0465 representation_loss=0.9499 clustering_loss=0.1932 instance_nce=3.4839 cluster_nce=2.3173 
batch=0100 loss=0.9044 representation_loss=0.8069 clustering_loss=0.1949 instance_nce=3.4257 cluster_nce=2.3270 
batch=0150 loss=0.9041 representation_loss=0.8052 clustering_loss=0.1979 instance_nce=3.4098 cluster_nce=2.3085 
batch=0200 loss=1.0330 representation_loss=0.9374 clustering_loss=0.1912 instance_nce=3.4636 cluster_nce=2.3322 
batch=0250 loss=0.9680 representation_loss=0.8732 clustering_loss=0.1896 instance_nce=3.4440 cluster_nce=2.3108 
batch=0300 loss=1.0054 representation_loss=0.9077 clustering_loss=0.1954 instance_nce=3.4336 cluster_nce=2.3104 
batch=0350 loss=1.1904 representation_loss=1.0852 clustering_loss=0.2105 instance_nce=3.4298 cluster_nce=2.3108 
Train: loss=0.9995 mstm=0.8992 instance_nce=3.4447 cluster_nce=2.3158 dec=0.2004
save checkpoint:  /root/trajectory-clustering/con-dtc/runs/condtc_qd_ema_staged_s5_m07/20260816_205120_seed42/checkpoints/condtc_best.pt
best train_loss:  0.9994603531272689
evaluating: /root/trajectory-clustering/con-dtc/runs/condtc_qd_ema_staged_s5_m07/20260816_205120_seed42/checkpoints/condtc_best.pt
device: cuda
cluster counts: tensor([ 193,    0,  312,  933,  968,  944, 1000,  980, 1003, 1586, 1957, 1728])
metrics: {'uacc': 0.7764563943467769, 'nmi': 0.895178581000859, 'ri': 0.9571361553103073, 'ari': 0.7577156232867803}
metrics saved: /root/trajectory-clustering/con-dtc/runs/condtc_qd_ema_staged_s5_m07/20260816_205120_seed42/metrics.json
