experiment initialized
run directory: /root/trajectory-clustering/con-dtc/runs/condtc_qd_ema_staged_s3_m07_entropy_p70_a050/20260817_151035_seed19721013
config snapshot: /root/trajectory-clustering/con-dtc/runs/condtc_qd_ema_staged_s3_m07_entropy_p70_a050/20260817_151035_seed19721013/config.yaml
device: cuda
pretrain checkpoint: /root/trajectory-clustering/con-dtc/checkpoints/sttraj2vec_pretrain_paper_15ep.pt
epoch=1 / num_epochs=6
batch=0050 loss=1.1629 representation_loss=0.9304 clustering_loss=0.4650 instance_nce=3.5702 cluster_nce=2.3243 
batch=0100 loss=1.1673 representation_loss=0.9701 clustering_loss=0.3943 instance_nce=3.5546 cluster_nce=2.3284 
batch=0150 loss=1.1958 representation_loss=1.0006 clustering_loss=0.3905 instance_nce=3.5938 cluster_nce=2.3155 
batch=0200 loss=1.1558 representation_loss=0.9846 clustering_loss=0.3425 instance_nce=3.5420 cluster_nce=2.2985 
batch=0250 loss=1.2080 representation_loss=1.0177 clustering_loss=0.3806 instance_nce=3.5584 cluster_nce=2.3128 
batch=0300 loss=1.1944 representation_loss=1.0261 clustering_loss=0.3367 instance_nce=3.5415 cluster_nce=2.3001 
batch=0350 loss=1.0127 representation_loss=0.8208 clustering_loss=0.3838 instance_nce=3.5150 cluster_nce=2.2909 
Train: loss=1.1389 mstm=0.9508 instance_nce=3.5503 cluster_nce=2.3165 dec=0.3762
save checkpoint:  /root/trajectory-clustering/con-dtc/runs/condtc_qd_ema_staged_s3_m07_entropy_p70_a050/20260817_151035_seed19721013/checkpoints/condtc_best.pt
epoch=2 / num_epochs=6
batch=0050 loss=1.0379 representation_loss=0.8879 clustering_loss=0.2999 instance_nce=3.5480 cluster_nce=2.3165 
batch=0100 loss=1.0682 representation_loss=0.9316 clustering_loss=0.2731 instance_nce=3.5515 cluster_nce=2.2992 
batch=0150 loss=1.1133 representation_loss=0.9795 clustering_loss=0.2677 instance_nce=3.5335 cluster_nce=2.2971 
batch=0200 loss=1.1861 representation_loss=1.0490 clustering_loss=0.2743 instance_nce=3.5356 cluster_nce=2.3178 
batch=0250 loss=1.0656 representation_loss=0.9316 clustering_loss=0.2680 instance_nce=3.5151 cluster_nce=2.2852 
batch=0300 loss=1.1050 representation_loss=0.9811 clustering_loss=0.2478 instance_nce=3.5328 cluster_nce=2.3112 
batch=0350 loss=1.0381 representation_loss=0.9247 clustering_loss=0.2268 instance_nce=3.5192 cluster_nce=2.2892 
Train: loss=1.0671 mstm=0.9336 instance_nce=3.5281 cluster_nce=2.3015 dec=0.2670
save checkpoint:  /root/trajectory-clustering/con-dtc/runs/condtc_qd_ema_staged_s3_m07_entropy_p70_a050/20260817_151035_seed19721013/checkpoints/condtc_best.pt
epoch=3 / num_epochs=6
batch=0050 loss=1.0623 representation_loss=0.9374 clustering_loss=0.2497 instance_nce=3.5142 cluster_nce=2.3039 
batch=0100 loss=1.0676 representation_loss=0.9412 clustering_loss=0.2528 instance_nce=3.5407 cluster_nce=2.3184 
batch=0150 loss=1.1111 representation_loss=0.9967 clustering_loss=0.2288 instance_nce=3.5187 cluster_nce=2.3109 
batch=0200 loss=1.0135 representation_loss=0.9062 clustering_loss=0.2147 instance_nce=3.4934 cluster_nce=2.2907 
batch=0250 loss=1.0054 representation_loss=0.9058 clustering_loss=0.1993 instance_nce=3.4818 cluster_nce=2.2850 
batch=0300 loss=0.9470 representation_loss=0.8351 clustering_loss=0.2238 instance_nce=3.5282 cluster_nce=2.2954 
batch=0350 loss=1.0424 representation_loss=0.9387 clustering_loss=0.2075 instance_nce=3.4883 cluster_nce=2.2938 
Train: loss=1.0460 mstm=0.9316 instance_nce=3.5173 cluster_nce=2.2971 dec=0.2288
save checkpoint:  /root/trajectory-clustering/con-dtc/runs/condtc_qd_ema_staged_s3_m07_entropy_p70_a050/20260817_151035_seed19721013/checkpoints/condtc_best.pt
epoch=4 / num_epochs=6
batch=0050 loss=0.9794 representation_loss=0.8752 clustering_loss=0.2084 instance_nce=3.4889 cluster_nce=2.3043 
batch=0100 loss=0.8729 representation_loss=0.7589 clustering_loss=0.2281 instance_nce=3.5086 cluster_nce=2.2874 
batch=0150 loss=1.0139 representation_loss=0.9247 clustering_loss=0.1785 instance_nce=3.5020 cluster_nce=2.2877 
batch=0200 loss=1.0280 representation_loss=0.9274 clustering_loss=0.2013 instance_nce=3.4952 cluster_nce=2.2911 
batch=0250 loss=0.9925 representation_loss=0.9000 clustering_loss=0.1849 instance_nce=3.5335 cluster_nce=2.2957 
batch=0300 loss=1.0329 representation_loss=0.9456 clustering_loss=0.1746 instance_nce=3.4819 cluster_nce=2.2917 
batch=0350 loss=0.9921 representation_loss=0.8966 clustering_loss=0.1910 instance_nce=3.4766 cluster_nce=2.2753 
Train: loss=1.0172 mstm=0.9129 instance_nce=3.5071 cluster_nce=2.2951 dec=0.2086
save checkpoint:  /root/trajectory-clustering/con-dtc/runs/condtc_qd_ema_staged_s3_m07_entropy_p70_a050/20260817_151035_seed19721013/checkpoints/condtc_best.pt
epoch=5 / num_epochs=6
batch=0050 loss=0.9502 representation_loss=0.8497 clustering_loss=0.2010 instance_nce=3.4694 cluster_nce=2.2898 
batch=0100 loss=0.9228 representation_loss=0.8250 clustering_loss=0.1956 instance_nce=3.4951 cluster_nce=2.2888 
batch=0150 loss=1.0204 representation_loss=0.9278 clustering_loss=0.1852 instance_nce=3.4928 cluster_nce=2.2962 
batch=0200 loss=0.9967 representation_loss=0.8964 clustering_loss=0.2006 instance_nce=3.5059 cluster_nce=2.2958 
batch=0250 loss=0.9798 representation_loss=0.8863 clustering_loss=0.1868 instance_nce=3.4968 cluster_nce=2.2784 
batch=0300 loss=0.9476 representation_loss=0.8588 clustering_loss=0.1776 instance_nce=3.4801 cluster_nce=2.2851 
batch=0350 loss=0.9256 representation_loss=0.8156 clustering_loss=0.2199 instance_nce=3.4990 cluster_nce=2.2991 
Train: loss=1.0135 mstm=0.9146 instance_nce=3.4973 cluster_nce=2.2921 dec=0.1978
save checkpoint:  /root/trajectory-clustering/con-dtc/runs/condtc_qd_ema_staged_s3_m07_entropy_p70_a050/20260817_151035_seed19721013/checkpoints/condtc_best.pt
epoch=6 / num_epochs=6
batch=0050 loss=0.9745 representation_loss=0.8835 clustering_loss=0.1821 instance_nce=3.4979 cluster_nce=2.2740 
batch=0100 loss=1.0593 representation_loss=0.9579 clustering_loss=0.2028 instance_nce=3.4648 cluster_nce=2.2831 
batch=0150 loss=0.9385 representation_loss=0.8481 clustering_loss=0.1809 instance_nce=3.4813 cluster_nce=2.2808 
batch=0200 loss=1.0195 representation_loss=0.9260 clustering_loss=0.1870 instance_nce=3.4804 cluster_nce=2.2790 
batch=0250 loss=0.9758 representation_loss=0.8777 clustering_loss=0.1962 instance_nce=3.5310 cluster_nce=2.2867 
batch=0300 loss=1.1159 representation_loss=1.0196 clustering_loss=0.1925 instance_nce=3.4655 cluster_nce=2.2844 
batch=0350 loss=1.0599 representation_loss=0.9712 clustering_loss=0.1773 instance_nce=3.4980 cluster_nce=2.3218 
Train: loss=1.0032 mstm=0.9084 instance_nce=3.4879 cluster_nce=2.2898 dec=0.1898
save checkpoint:  /root/trajectory-clustering/con-dtc/runs/condtc_qd_ema_staged_s3_m07_entropy_p70_a050/20260817_151035_seed19721013/checkpoints/condtc_best.pt
best train_loss:  1.0032334091826909
evaluating: /root/trajectory-clustering/con-dtc/runs/condtc_qd_ema_staged_s3_m07_entropy_p70_a050/20260817_151035_seed19721013/checkpoints/condtc_best.pt
device: cuda
cluster counts: tensor([1003,  968, 1955, 1110,  421, 1000,    2,  970, 1477,  933,  821,  944])
metrics: {'uacc': 0.8053257497414684, 'nmi': 0.8891476048616967, 'ri': 0.9597953559716916, 'ari': 0.761057233668226}
metrics saved: /root/trajectory-clustering/con-dtc/runs/condtc_qd_ema_staged_s3_m07_entropy_p70_a050/20260817_151035_seed19721013/metrics.json
