experiment initialized
run directory: /root/trajectory-clustering/con-dtc/runs/condtc_qd_late_s3_m08_w/20260814_090608_seed19721013
config snapshot: /root/trajectory-clustering/con-dtc/runs/condtc_qd_late_s3_m08_w/20260814_090608_seed19721013/config.yaml
device: cuda
pretrain checkpoint: /root/trajectory-clustering/con-dtc/checkpoints/sttraj2vec_pretrain_paper_15ep.pt
epoch=1 / num_epochs=6
batch=0050 loss=1.1629 representation_loss=0.9304 clustering_loss=0.4650 instance_nce=3.5702 cluster_nce=2.3243 
batch=0100 loss=1.1673 representation_loss=0.9701 clustering_loss=0.3943 instance_nce=3.5546 cluster_nce=2.3284 
batch=0150 loss=1.1958 representation_loss=1.0006 clustering_loss=0.3905 instance_nce=3.5938 cluster_nce=2.3155 
batch=0200 loss=1.1558 representation_loss=0.9846 clustering_loss=0.3425 instance_nce=3.5420 cluster_nce=2.2985 
batch=0250 loss=1.2080 representation_loss=1.0177 clustering_loss=0.3806 instance_nce=3.5584 cluster_nce=2.3128 
batch=0300 loss=1.1944 representation_loss=1.0261 clustering_loss=0.3367 instance_nce=3.5415 cluster_nce=2.3001 
batch=0350 loss=1.0127 representation_loss=0.8208 clustering_loss=0.3838 instance_nce=3.5150 cluster_nce=2.2909 
Train: loss=1.1389 mstm=0.9508 instance_nce=3.5503 cluster_nce=2.3165 dec=0.3762
save checkpoint:  /root/trajectory-clustering/con-dtc/runs/condtc_qd_late_s3_m08_w/20260814_090608_seed19721013/checkpoints/condtc_best.pt
epoch=2 / num_epochs=6
batch=0050 loss=1.0379 representation_loss=0.8879 clustering_loss=0.2999 instance_nce=3.5480 cluster_nce=2.3165 
batch=0100 loss=1.0682 representation_loss=0.9316 clustering_loss=0.2731 instance_nce=3.5515 cluster_nce=2.2992 
batch=0150 loss=1.1133 representation_loss=0.9795 clustering_loss=0.2677 instance_nce=3.5335 cluster_nce=2.2971 
batch=0200 loss=1.1861 representation_loss=1.0490 clustering_loss=0.2743 instance_nce=3.5356 cluster_nce=2.3178 
batch=0250 loss=1.0656 representation_loss=0.9316 clustering_loss=0.2680 instance_nce=3.5151 cluster_nce=2.2852 
batch=0300 loss=1.1050 representation_loss=0.9811 clustering_loss=0.2478 instance_nce=3.5328 cluster_nce=2.3112 
batch=0350 loss=1.0381 representation_loss=0.9247 clustering_loss=0.2268 instance_nce=3.5192 cluster_nce=2.2892 
Train: loss=1.0671 mstm=0.9336 instance_nce=3.5281 cluster_nce=2.3015 dec=0.2670
save checkpoint:  /root/trajectory-clustering/con-dtc/runs/condtc_qd_late_s3_m08_w/20260814_090608_seed19721013/checkpoints/condtc_best.pt
epoch=3 / num_epochs=6
batch=0050 loss=1.0685 representation_loss=0.9364 clustering_loss=0.2642 instance_nce=3.5162 cluster_nce=2.3034 
batch=0100 loss=1.0682 representation_loss=0.9392 clustering_loss=0.2581 instance_nce=3.5421 cluster_nce=2.3167 
batch=0150 loss=1.1174 representation_loss=0.9980 clustering_loss=0.2388 instance_nce=3.5231 cluster_nce=2.3109 
batch=0200 loss=1.0177 representation_loss=0.9076 clustering_loss=0.2202 instance_nce=3.4969 cluster_nce=2.2898 
batch=0250 loss=1.0116 representation_loss=0.9073 clustering_loss=0.2087 instance_nce=3.4840 cluster_nce=2.2839 
batch=0300 loss=0.9493 representation_loss=0.8350 clustering_loss=0.2287 instance_nce=3.5299 cluster_nce=2.2965 
batch=0350 loss=1.0485 representation_loss=0.9388 clustering_loss=0.2195 instance_nce=3.4912 cluster_nce=2.2933 
Train: loss=1.0496 mstm=0.9319 instance_nce=3.5201 cluster_nce=2.2966 dec=0.2354
save checkpoint:  /root/trajectory-clustering/con-dtc/runs/condtc_qd_late_s3_m08_w/20260814_090608_seed19721013/checkpoints/condtc_best.pt
epoch=4 / num_epochs=6
batch=0050 loss=0.9848 representation_loss=0.8771 clustering_loss=0.2153 instance_nce=3.4914 cluster_nce=2.3036 
batch=0100 loss=0.8742 representation_loss=0.7593 clustering_loss=0.2297 instance_nce=3.5113 cluster_nce=2.2884 
batch=0150 loss=1.0184 representation_loss=0.9256 clustering_loss=0.1857 instance_nce=3.5055 cluster_nce=2.2864 
batch=0200 loss=1.0266 representation_loss=0.9261 clustering_loss=0.2010 instance_nce=3.5001 cluster_nce=2.2901 
batch=0250 loss=0.9952 representation_loss=0.9003 clustering_loss=0.1899 instance_nce=3.5375 cluster_nce=2.2939 
batch=0300 loss=1.0361 representation_loss=0.9463 clustering_loss=0.1796 instance_nce=3.4858 cluster_nce=2.2914 
batch=0350 loss=0.9978 representation_loss=0.8978 clustering_loss=0.2001 instance_nce=3.4792 cluster_nce=2.2755 
Train: loss=1.0203 mstm=0.9133 instance_nce=3.5101 cluster_nce=2.2946 dec=0.2139
save checkpoint:  /root/trajectory-clustering/con-dtc/runs/condtc_qd_late_s3_m08_w/20260814_090608_seed19721013/checkpoints/condtc_best.pt
epoch=5 / num_epochs=6
batch=0050 loss=0.9531 representation_loss=0.8497 clustering_loss=0.2068 instance_nce=3.4732 cluster_nce=2.2899 
batch=0100 loss=0.9240 representation_loss=0.8270 clustering_loss=0.1940 instance_nce=3.4987 cluster_nce=2.2887 
batch=0150 loss=1.0237 representation_loss=0.9303 clustering_loss=0.1868 instance_nce=3.4984 cluster_nce=2.2964 
batch=0200 loss=0.9990 representation_loss=0.8972 clustering_loss=0.2035 instance_nce=3.5080 cluster_nce=2.2947 
batch=0250 loss=0.9868 representation_loss=0.8883 clustering_loss=0.1969 instance_nce=3.5007 cluster_nce=2.2776 
batch=0300 loss=0.9467 representation_loss=0.8571 clustering_loss=0.1793 instance_nce=3.4817 cluster_nce=2.2851 
batch=0350 loss=0.9391 representation_loss=0.8175 clustering_loss=0.2433 instance_nce=3.5004 cluster_nce=2.2985 
Train: loss=1.0153 mstm=0.9150 instance_nce=3.5002 cluster_nce=2.2918 dec=0.2005
save checkpoint:  /root/trajectory-clustering/con-dtc/runs/condtc_qd_late_s3_m08_w/20260814_090608_seed19721013/checkpoints/condtc_best.pt
epoch=6 / num_epochs=6
batch=0050 loss=0.9768 representation_loss=0.8837 clustering_loss=0.1862 instance_nce=3.4977 cluster_nce=2.2738 
batch=0100 loss=1.0576 representation_loss=0.9565 clustering_loss=0.2021 instance_nce=3.4673 cluster_nce=2.2842 
batch=0150 loss=0.9420 representation_loss=0.8489 clustering_loss=0.1862 instance_nce=3.4836 cluster_nce=2.2813 
batch=0200 loss=1.0188 representation_loss=0.9263 clustering_loss=0.1850 instance_nce=3.4829 cluster_nce=2.2788 
batch=0250 loss=0.9793 representation_loss=0.8779 clustering_loss=0.2027 instance_nce=3.5339 cluster_nce=2.2880 
batch=0300 loss=1.1129 representation_loss=1.0209 clustering_loss=0.1840 instance_nce=3.4721 cluster_nce=2.2840 
batch=0350 loss=1.0622 representation_loss=0.9720 clustering_loss=0.1802 instance_nce=3.5034 cluster_nce=2.3228 
Train: loss=1.0043 mstm=0.9089 instance_nce=3.4914 cluster_nce=2.2900 dec=0.1910
save checkpoint:  /root/trajectory-clustering/con-dtc/runs/condtc_qd_late_s3_m08_w/20260814_090608_seed19721013/checkpoints/condtc_best.pt
best train_loss:  1.0043483379174003
evaluating: /root/trajectory-clustering/con-dtc/runs/condtc_qd_late_s3_m08_w/20260814_090608_seed19721013/checkpoints/condtc_best.pt
device: cuda
cluster counts: tensor([1003,  968, 1957,  930,  128, 1000,    0,  970, 1770,  933, 1001,  944])
metrics: {'uacc': 0.7736987245777318, 'nmi': 0.8881957653572202, 'ri': 0.9567308410741282, 'ari': 0.7498296007076415}
metrics saved: /root/trajectory-clustering/con-dtc/runs/condtc_qd_late_s3_m08_w/20260814_090608_seed19721013/metrics.json
