experiment initialized
run directory: /root/trajectory-clustering/con-dtc/runs/condtc_qd_ema_staged_s3_m07_weighted_mw08/20260817_123124_seed42
config snapshot: /root/trajectory-clustering/con-dtc/runs/condtc_qd_ema_staged_s3_m07_weighted_mw08/20260817_123124_seed42/config.yaml
device: cuda
pretrain checkpoint: /root/trajectory-clustering/con-dtc/checkpoints/sttraj2vec_pretrain_paper_15ep.pt
epoch=1 / num_epochs=6
batch=0050 loss=1.2522 representation_loss=1.0175 clustering_loss=0.4694 instance_nce=3.5261 cluster_nce=2.3788 
batch=0100 loss=1.1484 representation_loss=0.9354 clustering_loss=0.4259 instance_nce=3.5002 cluster_nce=2.3484 
batch=0150 loss=1.2910 representation_loss=1.1073 clustering_loss=0.3676 instance_nce=3.5001 cluster_nce=2.3400 
batch=0200 loss=1.1210 representation_loss=0.9007 clustering_loss=0.4407 instance_nce=3.4968 cluster_nce=2.3422 
batch=0250 loss=1.1561 representation_loss=1.0058 clustering_loss=0.3007 instance_nce=3.4909 cluster_nce=2.3328 
batch=0300 loss=1.2513 representation_loss=1.0743 clustering_loss=0.3540 instance_nce=3.4894 cluster_nce=2.3394 
batch=0350 loss=1.1866 representation_loss=1.0231 clustering_loss=0.3270 instance_nce=3.4739 cluster_nce=2.3411 
Train: loss=1.1424 mstm=0.9538 instance_nce=3.5081 cluster_nce=2.3467 dec=0.3772
save checkpoint:  /root/trajectory-clustering/con-dtc/runs/condtc_qd_ema_staged_s3_m07_weighted_mw08/20260817_123124_seed42/checkpoints/condtc_best.pt
epoch=2 / num_epochs=6
batch=0050 loss=1.0601 representation_loss=0.9270 clustering_loss=0.2662 instance_nce=3.4772 cluster_nce=2.3288 
batch=0100 loss=1.0675 representation_loss=0.9415 clustering_loss=0.2520 instance_nce=3.4701 cluster_nce=2.3227 
batch=0150 loss=1.2057 representation_loss=1.0739 clustering_loss=0.2635 instance_nce=3.4802 cluster_nce=2.3232 
batch=0200 loss=1.0010 representation_loss=0.8775 clustering_loss=0.2469 instance_nce=3.4659 cluster_nce=2.3335 
batch=0250 loss=1.0316 representation_loss=0.9058 clustering_loss=0.2518 instance_nce=3.5169 cluster_nce=2.3357 
batch=0300 loss=1.0958 representation_loss=0.9792 clustering_loss=0.2333 instance_nce=3.4917 cluster_nce=2.3403 
batch=0350 loss=1.1383 representation_loss=1.0237 clustering_loss=0.2292 instance_nce=3.5074 cluster_nce=2.3250 
Train: loss=1.0664 mstm=0.9354 instance_nce=3.4910 cluster_nce=2.3312 dec=0.2620
save checkpoint:  /root/trajectory-clustering/con-dtc/runs/condtc_qd_ema_staged_s3_m07_weighted_mw08/20260817_123124_seed42/checkpoints/condtc_best.pt
epoch=3 / num_epochs=6
batch=0050 loss=1.1441 representation_loss=1.0310 clustering_loss=0.2262 instance_nce=3.4376 cluster_nce=2.3069 
batch=0100 loss=0.9916 representation_loss=0.8838 clustering_loss=0.2155 instance_nce=3.4428 cluster_nce=2.3331 
batch=0150 loss=0.9007 representation_loss=0.7877 clustering_loss=0.2261 instance_nce=3.4602 cluster_nce=2.3227 
batch=0200 loss=1.0915 representation_loss=0.9770 clustering_loss=0.2290 instance_nce=3.4481 cluster_nce=2.3372 
batch=0250 loss=1.0322 representation_loss=0.9138 clustering_loss=0.2367 instance_nce=3.4754 cluster_nce=2.3134 
batch=0300 loss=1.0628 representation_loss=0.9517 clustering_loss=0.2222 instance_nce=3.4447 cluster_nce=2.3222 
batch=0350 loss=1.0867 representation_loss=0.9729 clustering_loss=0.2277 instance_nce=3.5014 cluster_nce=2.3186 
Train: loss=1.0423 mstm=0.9291 instance_nce=3.4773 cluster_nce=2.3254 dec=0.2263
save checkpoint:  /root/trajectory-clustering/con-dtc/runs/condtc_qd_ema_staged_s3_m07_weighted_mw08/20260817_123124_seed42/checkpoints/condtc_best.pt
epoch=4 / num_epochs=6
batch=0050 loss=1.0161 representation_loss=0.9067 clustering_loss=0.2189 instance_nce=3.4538 cluster_nce=2.3194 
batch=0100 loss=1.1225 representation_loss=1.0211 clustering_loss=0.2030 instance_nce=3.4290 cluster_nce=2.3235 
batch=0150 loss=0.9476 representation_loss=0.8371 clustering_loss=0.2208 instance_nce=3.4581 cluster_nce=2.3101 
batch=0200 loss=0.9737 representation_loss=0.8829 clustering_loss=0.1816 instance_nce=3.4528 cluster_nce=2.3330 
batch=0250 loss=1.1141 representation_loss=1.0083 clustering_loss=0.2116 instance_nce=3.4514 cluster_nce=2.3256 
batch=0300 loss=1.0431 representation_loss=0.9415 clustering_loss=0.2032 instance_nce=3.4539 cluster_nce=2.3133 
batch=0350 loss=0.9491 representation_loss=0.8534 clustering_loss=0.1914 instance_nce=3.5286 cluster_nce=2.3195 
Train: loss=1.0260 mstm=0.9215 instance_nce=3.4666 cluster_nce=2.3215 dec=0.2090
save checkpoint:  /root/trajectory-clustering/con-dtc/runs/condtc_qd_ema_staged_s3_m07_weighted_mw08/20260817_123124_seed42/checkpoints/condtc_best.pt
epoch=5 / num_epochs=6
batch=0050 loss=1.1312 representation_loss=1.0211 clustering_loss=0.2200 instance_nce=3.4520 cluster_nce=2.3110 
batch=0100 loss=0.9612 representation_loss=0.8710 clustering_loss=0.1803 instance_nce=3.5056 cluster_nce=2.3301 
batch=0150 loss=1.0223 representation_loss=0.9162 clustering_loss=0.2122 instance_nce=3.4696 cluster_nce=2.3172 
batch=0200 loss=0.9423 representation_loss=0.8558 clustering_loss=0.1728 instance_nce=3.4443 cluster_nce=2.3278 
batch=0250 loss=0.8720 representation_loss=0.7860 clustering_loss=0.1720 instance_nce=3.4574 cluster_nce=2.3149 
batch=0300 loss=1.1037 representation_loss=1.0044 clustering_loss=0.1986 instance_nce=3.4651 cluster_nce=2.3181 
batch=0350 loss=1.0598 representation_loss=0.9603 clustering_loss=0.1990 instance_nce=3.4594 cluster_nce=2.3332 
Train: loss=1.0149 mstm=0.9164 instance_nce=3.4566 cluster_nce=2.3192 dec=0.1969
save checkpoint:  /root/trajectory-clustering/con-dtc/runs/condtc_qd_ema_staged_s3_m07_weighted_mw08/20260817_123124_seed42/checkpoints/condtc_best.pt
epoch=6 / num_epochs=6
batch=0050 loss=1.0404 representation_loss=0.9492 clustering_loss=0.1824 instance_nce=3.4849 cluster_nce=2.3187 
batch=0100 loss=0.8948 representation_loss=0.8040 clustering_loss=0.1816 instance_nce=3.4286 cluster_nce=2.3271 
batch=0150 loss=0.8978 representation_loss=0.8046 clustering_loss=0.1864 instance_nce=3.4121 cluster_nce=2.3087 
batch=0200 loss=1.0276 representation_loss=0.9384 clustering_loss=0.1784 instance_nce=3.4663 cluster_nce=2.3331 
batch=0250 loss=0.9619 representation_loss=0.8723 clustering_loss=0.1793 instance_nce=3.4469 cluster_nce=2.3114 
batch=0300 loss=1.0005 representation_loss=0.9069 clustering_loss=0.1872 instance_nce=3.4366 cluster_nce=2.3114 
batch=0350 loss=1.1860 representation_loss=1.0839 clustering_loss=0.2042 instance_nce=3.4335 cluster_nce=2.3111 
Train: loss=0.9938 mstm=0.8987 instance_nce=3.4471 cluster_nce=2.3166 dec=0.1903
save checkpoint:  /root/trajectory-clustering/con-dtc/runs/condtc_qd_ema_staged_s3_m07_weighted_mw08/20260817_123124_seed42/checkpoints/condtc_best.pt
best train_loss:  0.9937986442032702
evaluating: /root/trajectory-clustering/con-dtc/runs/condtc_qd_ema_staged_s3_m07_weighted_mw08/20260817_123124_seed42/checkpoints/condtc_best.pt
device: cuda
cluster counts: tensor([ 466,   23,  522,  935,  966,  944, 1000,  979, 1003, 1376, 1934, 1456])
metrics: {'uacc': 0.795501551189245, 'nmi': 0.8870970294170402, 'ri': 0.9593762718059906, 'ari': 0.760104654752974}
metrics saved: /root/trajectory-clustering/con-dtc/runs/condtc_qd_ema_staged_s3_m07_weighted_mw08/20260817_123124_seed42/metrics.json
