experiment initialized
run directory: /root/trajectory-clustering/con-dtc/runs/condtc_qd_ema_staged_s3_m07_entropy_p60_a050/20260817_145029_seed2026
config snapshot: /root/trajectory-clustering/con-dtc/runs/condtc_qd_ema_staged_s3_m07_entropy_p60_a050/20260817_145029_seed2026/config.yaml
device: cuda
pretrain checkpoint: /root/trajectory-clustering/con-dtc/checkpoints/sttraj2vec_pretrain_paper_15ep.pt
epoch=1 / num_epochs=6
batch=0050 loss=1.1425 representation_loss=0.9502 clustering_loss=0.3846 instance_nce=3.4862 cluster_nce=2.3926 
batch=0100 loss=1.2458 representation_loss=1.0504 clustering_loss=0.3907 instance_nce=3.4718 cluster_nce=2.4177 
batch=0150 loss=1.0822 representation_loss=0.8810 clustering_loss=0.4024 instance_nce=3.4622 cluster_nce=2.4080 
batch=0200 loss=1.1439 representation_loss=0.9759 clustering_loss=0.3359 instance_nce=3.4991 cluster_nce=2.3710 
batch=0250 loss=1.1726 representation_loss=1.0075 clustering_loss=0.3303 instance_nce=3.4743 cluster_nce=2.3967 
batch=0300 loss=1.0769 representation_loss=0.9114 clustering_loss=0.3309 instance_nce=3.4768 cluster_nce=2.3934 
batch=0350 loss=1.0888 representation_loss=0.8819 clustering_loss=0.4136 instance_nce=3.4754 cluster_nce=2.4027 
Train: loss=1.1455 mstm=0.9570 instance_nce=3.4843 cluster_nce=2.4063 dec=0.3770
save checkpoint:  /root/trajectory-clustering/con-dtc/runs/condtc_qd_ema_staged_s3_m07_entropy_p60_a050/20260817_145029_seed2026/checkpoints/condtc_best.pt
epoch=2 / num_epochs=6
batch=0050 loss=0.9607 representation_loss=0.8276 clustering_loss=0.2662 instance_nce=3.4693 cluster_nce=2.3801 
batch=0100 loss=0.9629 representation_loss=0.8236 clustering_loss=0.2787 instance_nce=3.4543 cluster_nce=2.3978 
batch=0150 loss=0.9452 representation_loss=0.8044 clustering_loss=0.2816 instance_nce=3.4644 cluster_nce=2.4020 
batch=0200 loss=0.9457 representation_loss=0.8103 clustering_loss=0.2707 instance_nce=3.4766 cluster_nce=2.4119 
batch=0250 loss=1.1337 representation_loss=1.0107 clustering_loss=0.2461 instance_nce=3.4584 cluster_nce=2.4101 
batch=0300 loss=1.0750 representation_loss=0.9560 clustering_loss=0.2381 instance_nce=3.4974 cluster_nce=2.3848 
batch=0350 loss=1.1823 representation_loss=1.0538 clustering_loss=0.2569 instance_nce=3.4568 cluster_nce=2.3653 
Train: loss=1.0699 mstm=0.9367 instance_nce=3.4647 cluster_nce=2.3825 dec=0.2662
save checkpoint:  /root/trajectory-clustering/con-dtc/runs/condtc_qd_ema_staged_s3_m07_entropy_p60_a050/20260817_145029_seed2026/checkpoints/condtc_best.pt
epoch=3 / num_epochs=6
batch=0050 loss=1.0402 representation_loss=0.9103 clustering_loss=0.2597 instance_nce=3.4697 cluster_nce=2.3842 
batch=0100 loss=1.0829 representation_loss=0.9615 clustering_loss=0.2427 instance_nce=3.4464 cluster_nce=2.3699 
batch=0150 loss=1.1183 representation_loss=1.0032 clustering_loss=0.2301 instance_nce=3.4532 cluster_nce=2.3750 
batch=0200 loss=0.9492 representation_loss=0.8383 clustering_loss=0.2217 instance_nce=3.4892 cluster_nce=2.3752 
batch=0250 loss=1.0290 representation_loss=0.9106 clustering_loss=0.2367 instance_nce=3.4353 cluster_nce=2.3729 
batch=0300 loss=1.0684 representation_loss=0.9522 clustering_loss=0.2324 instance_nce=3.4694 cluster_nce=2.3996 
batch=0350 loss=1.0709 representation_loss=0.9695 clustering_loss=0.2027 instance_nce=3.4297 cluster_nce=2.3480 
Train: loss=1.0481 mstm=0.9329 instance_nce=3.4540 cluster_nce=2.3730 dec=0.2305
save checkpoint:  /root/trajectory-clustering/con-dtc/runs/condtc_qd_ema_staged_s3_m07_entropy_p60_a050/20260817_145029_seed2026/checkpoints/condtc_best.pt
epoch=4 / num_epochs=6
batch=0050 loss=0.9789 representation_loss=0.8654 clustering_loss=0.2271 instance_nce=3.4638 cluster_nce=2.3435 
batch=0100 loss=0.8846 representation_loss=0.7776 clustering_loss=0.2139 instance_nce=3.4447 cluster_nce=2.3873 
batch=0150 loss=0.9886 representation_loss=0.8846 clustering_loss=0.2080 instance_nce=3.4580 cluster_nce=2.3696 
batch=0200 loss=0.9793 representation_loss=0.8741 clustering_loss=0.2103 instance_nce=3.4285 cluster_nce=2.3409 
batch=0250 loss=0.9819 representation_loss=0.8842 clustering_loss=0.1953 instance_nce=3.4452 cluster_nce=2.3756 
batch=0300 loss=1.0340 representation_loss=0.9323 clustering_loss=0.2034 instance_nce=3.4694 cluster_nce=2.3940 
batch=0350 loss=0.9904 representation_loss=0.8933 clustering_loss=0.1942 instance_nce=3.4459 cluster_nce=2.3677 
Train: loss=1.0264 mstm=0.9207 instance_nce=3.4455 cluster_nce=2.3671 dec=0.2114
save checkpoint:  /root/trajectory-clustering/con-dtc/runs/condtc_qd_ema_staged_s3_m07_entropy_p60_a050/20260817_145029_seed2026/checkpoints/condtc_best.pt
epoch=5 / num_epochs=6
batch=0050 loss=1.1320 representation_loss=1.0216 clustering_loss=0.2208 instance_nce=3.4292 cluster_nce=2.3461 
batch=0100 loss=1.1124 representation_loss=1.0060 clustering_loss=0.2127 instance_nce=3.4774 cluster_nce=2.4101 
batch=0150 loss=0.9328 representation_loss=0.8247 clustering_loss=0.2161 instance_nce=3.4546 cluster_nce=2.3919 
batch=0200 loss=0.9540 representation_loss=0.8596 clustering_loss=0.1887 instance_nce=3.4005 cluster_nce=2.3568 
batch=0250 loss=0.9516 representation_loss=0.8620 clustering_loss=0.1792 instance_nce=3.4194 cluster_nce=2.3460 
batch=0300 loss=1.0839 representation_loss=0.9841 clustering_loss=0.1996 instance_nce=3.4378 cluster_nce=2.3773 
batch=0350 loss=1.0543 representation_loss=0.9459 clustering_loss=0.2168 instance_nce=3.4174 cluster_nce=2.3452 
Train: loss=1.0191 mstm=0.9189 instance_nce=3.4349 cluster_nce=2.3627 dec=0.2004
save checkpoint:  /root/trajectory-clustering/con-dtc/runs/condtc_qd_ema_staged_s3_m07_entropy_p60_a050/20260817_145029_seed2026/checkpoints/condtc_best.pt
epoch=6 / num_epochs=6
batch=0050 loss=1.1157 representation_loss=1.0218 clustering_loss=0.1877 instance_nce=3.4201 cluster_nce=2.3650 
batch=0100 loss=1.0461 representation_loss=0.9567 clustering_loss=0.1788 instance_nce=3.4097 cluster_nce=2.3490 
batch=0150 loss=1.0670 representation_loss=0.9662 clustering_loss=0.2017 instance_nce=3.4050 cluster_nce=2.3636 
batch=0200 loss=1.0159 representation_loss=0.9221 clustering_loss=0.1876 instance_nce=3.4255 cluster_nce=2.3647 
batch=0250 loss=1.0477 representation_loss=0.9388 clustering_loss=0.2177 instance_nce=3.4283 cluster_nce=2.3671 
batch=0300 loss=0.9509 representation_loss=0.8583 clustering_loss=0.1853 instance_nce=3.4040 cluster_nce=2.3609 
batch=0350 loss=0.9584 representation_loss=0.8741 clustering_loss=0.1686 instance_nce=3.4208 cluster_nce=2.3322 
Train: loss=0.9932 mstm=0.8969 instance_nce=3.4281 cluster_nce=2.3594 dec=0.1925
save checkpoint:  /root/trajectory-clustering/con-dtc/runs/condtc_qd_ema_staged_s3_m07_entropy_p60_a050/20260817_145029_seed2026/checkpoints/condtc_best.pt
best train_loss:  0.993199994156419
evaluating: /root/trajectory-clustering/con-dtc/runs/condtc_qd_ema_staged_s3_m07_entropy_p60_a050/20260817_145029_seed2026/checkpoints/condtc_best.pt
device: cuda
cluster counts: tensor([ 965, 1003, 1674,    3, 1000, 1158,  971,  256, 1954,  944,  740,  936])
metrics: {'uacc': 0.8117028610823854, 'nmi': 0.9003004802099878, 'ri': 0.9624704210178976, 'ari': 0.7808990710981524}
metrics saved: /root/trajectory-clustering/con-dtc/runs/condtc_qd_ema_staged_s3_m07_entropy_p60_a050/20260817_145029_seed2026/metrics.json
