experiment initialized
run directory: /root/trajectory-clustering/con-dtc/runs/condtc_porto_finegrained_s3_m07_entropy_p70_a025_reverse_stability_w125/20260823_134220_seed123
config snapshot: /root/trajectory-clustering/con-dtc/runs/condtc_porto_finegrained_s3_m07_entropy_p70_a025_reverse_stability_w125/20260823_134220_seed123/config.yaml
device: cuda
dataset: portoTimeNoiseFineGrained
pretrain checkpoint: /root/trajectory-clustering/con-dtc/checkpoints/sttraj2vec_porto_finegrained_pre15.pt
epoch=1 / num_epochs=6
batch=0050 loss=0.9442 representation_loss=0.6368 clustering_loss=0.6149 instance_nce=0.0000 cluster_nce=0.0000 
batch=0100 loss=0.9199 representation_loss=0.6562 clustering_loss=0.5273 instance_nce=0.0000 cluster_nce=0.0000 
batch=0150 loss=0.8014 representation_loss=0.5625 clustering_loss=0.4777 instance_nce=0.0000 cluster_nce=0.0000 
batch=0200 loss=0.8871 representation_loss=0.6785 clustering_loss=0.4173 instance_nce=0.0000 cluster_nce=0.0000 
batch=0250 loss=0.8017 representation_loss=0.5954 clustering_loss=0.4126 instance_nce=0.0000 cluster_nce=0.0000 
batch=0300 loss=0.9092 representation_loss=0.6988 clustering_loss=0.4209 instance_nce=0.0000 cluster_nce=0.0000 
batch=0350 loss=0.7691 representation_loss=0.5845 clustering_loss=0.3693 instance_nce=0.0000 cluster_nce=0.0000 
batch=0400 loss=0.8199 representation_loss=0.6121 clustering_loss=0.4156 instance_nce=0.0000 cluster_nce=0.0000 
batch=0450 loss=0.8247 representation_loss=0.5995 clustering_loss=0.4504 instance_nce=0.0000 cluster_nce=0.0000 
batch=0500 loss=0.8268 representation_loss=0.6133 clustering_loss=0.4271 instance_nce=0.0000 cluster_nce=0.0000 
batch=0550 loss=0.8216 representation_loss=0.6180 clustering_loss=0.4073 instance_nce=0.0000 cluster_nce=0.0000 
batch=0600 loss=0.7449 representation_loss=0.5861 clustering_loss=0.3175 instance_nce=0.0000 cluster_nce=0.0000 
batch=0650 loss=0.8468 representation_loss=0.6948 clustering_loss=0.3040 instance_nce=0.0000 cluster_nce=0.0000 
batch=0700 loss=0.8306 representation_loss=0.6443 clustering_loss=0.3726 instance_nce=0.0000 cluster_nce=0.0000 
batch=0750 loss=0.7399 representation_loss=0.5718 clustering_loss=0.3362 instance_nce=0.0000 cluster_nce=0.0000 
batch=0800 loss=0.8802 representation_loss=0.7055 clustering_loss=0.3493 instance_nce=0.0000 cluster_nce=0.0000 
batch=0850 loss=0.7867 representation_loss=0.6369 clustering_loss=0.2995 instance_nce=0.0000 cluster_nce=0.0000 
Train: loss=0.8794 mstm=0.6778 instance_nce=0.0000 cluster_nce=0.0000 dec=0.4032
save checkpoint:  /root/trajectory-clustering/con-dtc/runs/condtc_porto_finegrained_s3_m07_entropy_p70_a025_reverse_stability_w125/20260823_134220_seed123/checkpoints/condtc_best.pt
epoch=2 / num_epochs=6
batch=0050 loss=0.8641 representation_loss=0.6894 clustering_loss=0.3495 instance_nce=0.0000 cluster_nce=0.0000 
batch=0100 loss=0.8341 representation_loss=0.6541 clustering_loss=0.3599 instance_nce=0.0000 cluster_nce=0.0000 
batch=0150 loss=0.8778 representation_loss=0.7003 clustering_loss=0.3550 instance_nce=0.0000 cluster_nce=0.0000 
batch=0200 loss=0.8349 representation_loss=0.6474 clustering_loss=0.3750 instance_nce=0.0000 cluster_nce=0.0000 
batch=0250 loss=0.8006 representation_loss=0.6331 clustering_loss=0.3349 instance_nce=0.0000 cluster_nce=0.0000 
batch=0300 loss=0.7946 representation_loss=0.6381 clustering_loss=0.3129 instance_nce=0.0000 cluster_nce=0.0000 
batch=0350 loss=0.8316 representation_loss=0.6763 clustering_loss=0.3105 instance_nce=0.0000 cluster_nce=0.0000 
batch=0400 loss=0.7015 representation_loss=0.5451 clustering_loss=0.3128 instance_nce=0.0000 cluster_nce=0.0000 
batch=0450 loss=0.9211 representation_loss=0.7591 clustering_loss=0.3240 instance_nce=0.0000 cluster_nce=0.0000 
batch=0500 loss=0.8859 representation_loss=0.7280 clustering_loss=0.3159 instance_nce=0.0000 cluster_nce=0.0000 
batch=0550 loss=0.8681 representation_loss=0.7113 clustering_loss=0.3138 instance_nce=0.0000 cluster_nce=0.0000 
batch=0600 loss=0.7143 representation_loss=0.5564 clustering_loss=0.3157 instance_nce=0.0000 cluster_nce=0.0000 
batch=0650 loss=0.7779 representation_loss=0.6278 clustering_loss=0.3003 instance_nce=0.0000 cluster_nce=0.0000 
batch=0700 loss=0.7357 representation_loss=0.5816 clustering_loss=0.3083 instance_nce=0.0000 cluster_nce=0.0000 
batch=0750 loss=0.7344 representation_loss=0.5928 clustering_loss=0.2832 instance_nce=0.0000 cluster_nce=0.0000 
batch=0800 loss=0.8127 representation_loss=0.6608 clustering_loss=0.3039 instance_nce=0.0000 cluster_nce=0.0000 
batch=0850 loss=0.8360 representation_loss=0.6892 clustering_loss=0.2937 instance_nce=0.0000 cluster_nce=0.0000 
Train: loss=0.8231 mstm=0.6637 instance_nce=0.0000 cluster_nce=0.0000 dec=0.3188
save checkpoint:  /root/trajectory-clustering/con-dtc/runs/condtc_porto_finegrained_s3_m07_entropy_p70_a025_reverse_stability_w125/20260823_134220_seed123/checkpoints/condtc_best.pt
epoch=3 / num_epochs=6
batch=0050 loss=0.8303 representation_loss=0.7019 clustering_loss=0.2568 instance_nce=0.0000 cluster_nce=0.0000 
batch=0100 loss=0.7117 representation_loss=0.5669 clustering_loss=0.2895 instance_nce=0.0000 cluster_nce=0.0000 
batch=0150 loss=0.8833 representation_loss=0.7363 clustering_loss=0.2940 instance_nce=0.0000 cluster_nce=0.0000 
batch=0200 loss=0.7014 representation_loss=0.5631 clustering_loss=0.2766 instance_nce=0.0000 cluster_nce=0.0000 
batch=0250 loss=0.7046 representation_loss=0.5745 clustering_loss=0.2603 instance_nce=0.0000 cluster_nce=0.0000 
batch=0300 loss=0.8640 representation_loss=0.7285 clustering_loss=0.2709 instance_nce=0.0000 cluster_nce=0.0000 
batch=0350 loss=0.7647 representation_loss=0.6335 clustering_loss=0.2624 instance_nce=0.0000 cluster_nce=0.0000 
batch=0400 loss=0.8117 representation_loss=0.6696 clustering_loss=0.2843 instance_nce=0.0000 cluster_nce=0.0000 
batch=0450 loss=0.7482 representation_loss=0.6050 clustering_loss=0.2864 instance_nce=0.0000 cluster_nce=0.0000 
batch=0500 loss=0.8592 representation_loss=0.7157 clustering_loss=0.2870 instance_nce=0.0000 cluster_nce=0.0000 
batch=0550 loss=0.7039 representation_loss=0.5710 clustering_loss=0.2657 instance_nce=0.0000 cluster_nce=0.0000 
batch=0600 loss=0.6492 representation_loss=0.5261 clustering_loss=0.2461 instance_nce=0.0000 cluster_nce=0.0000 
batch=0650 loss=0.7984 representation_loss=0.6586 clustering_loss=0.2795 instance_nce=0.0000 cluster_nce=0.0000 
batch=0700 loss=0.8560 representation_loss=0.7152 clustering_loss=0.2816 instance_nce=0.0000 cluster_nce=0.0000 
batch=0750 loss=0.7726 representation_loss=0.6375 clustering_loss=0.2701 instance_nce=0.0000 cluster_nce=0.0000 
batch=0800 loss=0.7188 representation_loss=0.5908 clustering_loss=0.2559 instance_nce=0.0000 cluster_nce=0.0000 
batch=0850 loss=0.8216 representation_loss=0.7016 clustering_loss=0.2400 instance_nce=0.0000 cluster_nce=0.0000 
Train: loss=0.7835 mstm=0.6491 instance_nce=0.0000 cluster_nce=0.0000 dec=0.2688
save checkpoint:  /root/trajectory-clustering/con-dtc/runs/condtc_porto_finegrained_s3_m07_entropy_p70_a025_reverse_stability_w125/20260823_134220_seed123/checkpoints/condtc_best.pt
epoch=4 / num_epochs=6
batch=0050 loss=0.8104 representation_loss=0.6859 clustering_loss=0.2489 instance_nce=0.0000 cluster_nce=0.0000 
batch=0100 loss=0.8620 representation_loss=0.7402 clustering_loss=0.2437 instance_nce=0.0000 cluster_nce=0.0000 
batch=0150 loss=0.8427 representation_loss=0.7099 clustering_loss=0.2657 instance_nce=0.0000 cluster_nce=0.0000 
batch=0200 loss=0.7493 representation_loss=0.6134 clustering_loss=0.2718 instance_nce=0.0000 cluster_nce=0.0000 
batch=0250 loss=0.7061 representation_loss=0.5843 clustering_loss=0.2437 instance_nce=0.0000 cluster_nce=0.0000 
batch=0300 loss=0.8185 representation_loss=0.6881 clustering_loss=0.2608 instance_nce=0.0000 cluster_nce=0.0000 
batch=0350 loss=0.6735 representation_loss=0.5496 clustering_loss=0.2479 instance_nce=0.0000 cluster_nce=0.0000 
batch=0400 loss=0.7398 representation_loss=0.6237 clustering_loss=0.2322 instance_nce=0.0000 cluster_nce=0.0000 
batch=0450 loss=0.7665 representation_loss=0.6559 clustering_loss=0.2214 instance_nce=0.0000 cluster_nce=0.0000 
batch=0500 loss=0.8185 representation_loss=0.6944 clustering_loss=0.2483 instance_nce=0.0000 cluster_nce=0.0000 
batch=0550 loss=0.7240 representation_loss=0.6142 clustering_loss=0.2196 instance_nce=0.0000 cluster_nce=0.0000 
batch=0600 loss=0.7608 representation_loss=0.6401 clustering_loss=0.2414 instance_nce=0.0000 cluster_nce=0.0000 
batch=0650 loss=0.7828 representation_loss=0.6672 clustering_loss=0.2312 instance_nce=0.0000 cluster_nce=0.0000 
batch=0700 loss=0.8662 representation_loss=0.7524 clustering_loss=0.2276 instance_nce=0.0000 cluster_nce=0.0000 
batch=0750 loss=0.7243 representation_loss=0.6029 clustering_loss=0.2428 instance_nce=0.0000 cluster_nce=0.0000 
batch=0800 loss=0.7390 representation_loss=0.6153 clustering_loss=0.2474 instance_nce=0.0000 cluster_nce=0.0000 
batch=0850 loss=0.7101 representation_loss=0.5873 clustering_loss=0.2456 instance_nce=0.0000 cluster_nce=0.0000 
Train: loss=0.7616 mstm=0.6394 instance_nce=0.0000 cluster_nce=0.0000 dec=0.2443
save checkpoint:  /root/trajectory-clustering/con-dtc/runs/condtc_porto_finegrained_s3_m07_entropy_p70_a025_reverse_stability_w125/20260823_134220_seed123/checkpoints/condtc_best.pt
epoch=5 / num_epochs=6
batch=0050 loss=0.7696 representation_loss=0.6435 clustering_loss=0.2523 instance_nce=0.0000 cluster_nce=0.0000 
batch=0100 loss=0.7226 representation_loss=0.6062 clustering_loss=0.2328 instance_nce=0.0000 cluster_nce=0.0000 
batch=0150 loss=0.7494 representation_loss=0.6324 clustering_loss=0.2341 instance_nce=0.0000 cluster_nce=0.0000 
batch=0200 loss=0.7726 representation_loss=0.6540 clustering_loss=0.2371 instance_nce=0.0000 cluster_nce=0.0000 
batch=0250 loss=0.7107 representation_loss=0.5970 clustering_loss=0.2273 instance_nce=0.0000 cluster_nce=0.0000 
batch=0300 loss=0.8222 representation_loss=0.7071 clustering_loss=0.2301 instance_nce=0.0000 cluster_nce=0.0000 
batch=0350 loss=0.7103 representation_loss=0.5973 clustering_loss=0.2260 instance_nce=0.0000 cluster_nce=0.0000 
batch=0400 loss=0.8028 representation_loss=0.6911 clustering_loss=0.2233 instance_nce=0.0000 cluster_nce=0.0000 
batch=0450 loss=0.8419 representation_loss=0.7299 clustering_loss=0.2240 instance_nce=0.0000 cluster_nce=0.0000 
batch=0500 loss=0.7633 representation_loss=0.6514 clustering_loss=0.2240 instance_nce=0.0000 cluster_nce=0.0000 
batch=0550 loss=0.6907 representation_loss=0.5757 clustering_loss=0.2299 instance_nce=0.0000 cluster_nce=0.0000 
batch=0600 loss=0.7077 representation_loss=0.5962 clustering_loss=0.2229 instance_nce=0.0000 cluster_nce=0.0000 
batch=0650 loss=0.7046 representation_loss=0.6027 clustering_loss=0.2038 instance_nce=0.0000 cluster_nce=0.0000 
batch=0700 loss=0.8571 representation_loss=0.7359 clustering_loss=0.2424 instance_nce=0.0000 cluster_nce=0.0000 
batch=0750 loss=0.8778 representation_loss=0.7556 clustering_loss=0.2444 instance_nce=0.0000 cluster_nce=0.0000 
batch=0800 loss=0.7157 representation_loss=0.6107 clustering_loss=0.2102 instance_nce=0.0000 cluster_nce=0.0000 
batch=0850 loss=0.7201 representation_loss=0.6109 clustering_loss=0.2185 instance_nce=0.0000 cluster_nce=0.0000 
Train: loss=0.7416 mstm=0.6273 instance_nce=0.0000 cluster_nce=0.0000 dec=0.2287
save checkpoint:  /root/trajectory-clustering/con-dtc/runs/condtc_porto_finegrained_s3_m07_entropy_p70_a025_reverse_stability_w125/20260823_134220_seed123/checkpoints/condtc_best.pt
epoch=6 / num_epochs=6
batch=0050 loss=0.7170 representation_loss=0.6103 clustering_loss=0.2135 instance_nce=0.0000 cluster_nce=0.0000 
batch=0100 loss=0.6814 representation_loss=0.5655 clustering_loss=0.2318 instance_nce=0.0000 cluster_nce=0.0000 
batch=0150 loss=0.7364 representation_loss=0.6242 clustering_loss=0.2244 instance_nce=0.0000 cluster_nce=0.0000 
batch=0200 loss=0.7809 representation_loss=0.6771 clustering_loss=0.2076 instance_nce=0.0000 cluster_nce=0.0000 
batch=0250 loss=0.7980 representation_loss=0.6820 clustering_loss=0.2320 instance_nce=0.0000 cluster_nce=0.0000 
batch=0300 loss=0.7326 representation_loss=0.6221 clustering_loss=0.2211 instance_nce=0.0000 cluster_nce=0.0000 
batch=0350 loss=0.7265 representation_loss=0.6187 clustering_loss=0.2157 instance_nce=0.0000 cluster_nce=0.0000 
batch=0400 loss=0.7219 representation_loss=0.6167 clustering_loss=0.2104 instance_nce=0.0000 cluster_nce=0.0000 
batch=0450 loss=0.8357 representation_loss=0.7186 clustering_loss=0.2343 instance_nce=0.0000 cluster_nce=0.0000 
batch=0500 loss=0.6291 representation_loss=0.5259 clustering_loss=0.2065 instance_nce=0.0000 cluster_nce=0.0000 
batch=0550 loss=0.6844 representation_loss=0.5760 clustering_loss=0.2169 instance_nce=0.0000 cluster_nce=0.0000 
batch=0600 loss=0.7306 representation_loss=0.6283 clustering_loss=0.2046 instance_nce=0.0000 cluster_nce=0.0000 
batch=0650 loss=0.7224 representation_loss=0.6215 clustering_loss=0.2017 instance_nce=0.0000 cluster_nce=0.0000 
batch=0700 loss=0.7419 representation_loss=0.6363 clustering_loss=0.2111 instance_nce=0.0000 cluster_nce=0.0000 
batch=0750 loss=0.7685 representation_loss=0.6623 clustering_loss=0.2124 instance_nce=0.0000 cluster_nce=0.0000 
batch=0800 loss=0.7028 representation_loss=0.6012 clustering_loss=0.2033 instance_nce=0.0000 cluster_nce=0.0000 
batch=0850 loss=0.6953 representation_loss=0.5879 clustering_loss=0.2149 instance_nce=0.0000 cluster_nce=0.0000 
Train: loss=0.7258 mstm=0.6173 instance_nce=0.0000 cluster_nce=0.0000 dec=0.2169
save checkpoint:  /root/trajectory-clustering/con-dtc/runs/condtc_porto_finegrained_s3_m07_entropy_p70_a025_reverse_stability_w125/20260823_134220_seed123/checkpoints/condtc_best.pt
best train_loss:  0.7257759053592301
evaluating: /root/trajectory-clustering/con-dtc/runs/condtc_porto_finegrained_s3_m07_entropy_p70_a025_reverse_stability_w125/20260823_134220_seed123/checkpoints/condtc_best.pt
device: cuda
dataset: portoTimeNoiseFineGrained
cluster counts: tensor([1017, 1035, 1339,  893, 1125, 1108,  597,  593, 1006,  523, 1046,  921,
        1057, 1088, 1038, 1097,  814,  914,  964,  903,  757, 1271,  921, 1374,
        1553, 1439,  912])
metrics: {'uacc': 0.8882988463651346, 'nmi': 0.9216768524253999, 'ri': 0.9864628914091467, 'ari': 0.8154351293291963}
metrics saved: /root/trajectory-clustering/con-dtc/runs/condtc_porto_finegrained_s3_m07_entropy_p70_a025_reverse_stability_w125/20260823_134220_seed123/metrics.json
