experiment initialized
run directory: /root/trajectory-clustering/con-dtc/runs/condtc_qd_ema_staged_s3_m07_weighted_warmup_mw06/20260817_134255_seed777
config snapshot: /root/trajectory-clustering/con-dtc/runs/condtc_qd_ema_staged_s3_m07_weighted_warmup_mw06/20260817_134255_seed777/config.yaml
device: cuda
pretrain checkpoint: /root/trajectory-clustering/con-dtc/checkpoints/sttraj2vec_pretrain_paper_15ep.pt
epoch=1 / num_epochs=6
batch=0050 loss=1.1041 representation_loss=0.8910 clustering_loss=0.4262 instance_nce=3.5183 cluster_nce=2.3541 
batch=0100 loss=1.1255 representation_loss=0.9189 clustering_loss=0.4131 instance_nce=3.5500 cluster_nce=2.3527 
batch=0150 loss=1.0998 representation_loss=0.9010 clustering_loss=0.3976 instance_nce=3.5374 cluster_nce=2.3381 
batch=0200 loss=1.0455 representation_loss=0.8774 clustering_loss=0.3362 instance_nce=3.5043 cluster_nce=2.3492 
batch=0250 loss=1.0576 representation_loss=0.8807 clustering_loss=0.3538 instance_nce=3.5087 cluster_nce=2.3190 
batch=0300 loss=1.0648 representation_loss=0.8901 clustering_loss=0.3494 instance_nce=3.5232 cluster_nce=2.3238 
batch=0350 loss=1.2181 representation_loss=1.0338 clustering_loss=0.3685 instance_nce=3.4997 cluster_nce=2.3173 
Train: loss=1.1377 mstm=0.9503 instance_nce=3.5230 cluster_nce=2.3400 dec=0.3747
save checkpoint:  /root/trajectory-clustering/con-dtc/runs/condtc_qd_ema_staged_s3_m07_weighted_warmup_mw06/20260817_134255_seed777/checkpoints/condtc_best.pt
epoch=2 / num_epochs=6
batch=0050 loss=1.1027 representation_loss=0.9530 clustering_loss=0.2994 instance_nce=3.4978 cluster_nce=2.3306 
batch=0100 loss=1.0955 representation_loss=0.9477 clustering_loss=0.2954 instance_nce=3.5180 cluster_nce=2.3085 
batch=0150 loss=1.1029 representation_loss=0.9744 clustering_loss=0.2570 instance_nce=3.5031 cluster_nce=2.3156 
batch=0200 loss=1.0753 representation_loss=0.9499 clustering_loss=0.2507 instance_nce=3.5658 cluster_nce=2.3358 
batch=0250 loss=1.0711 representation_loss=0.9385 clustering_loss=0.2652 instance_nce=3.4802 cluster_nce=2.3046 
batch=0300 loss=1.0171 representation_loss=0.9069 clustering_loss=0.2203 instance_nce=3.4612 cluster_nce=2.3082 
batch=0350 loss=1.0363 representation_loss=0.9243 clustering_loss=0.2239 instance_nce=3.5195 cluster_nce=2.3021 
Train: loss=1.0692 mstm=0.9393 instance_nce=3.5033 cluster_nce=2.3218 dec=0.2599
save checkpoint:  /root/trajectory-clustering/con-dtc/runs/condtc_qd_ema_staged_s3_m07_weighted_warmup_mw06/20260817_134255_seed777/checkpoints/condtc_best.pt
epoch=3 / num_epochs=6
batch=0050 loss=1.0419 representation_loss=0.9212 clustering_loss=0.2416 instance_nce=3.5021 cluster_nce=2.3132 
batch=0100 loss=1.1387 representation_loss=1.0085 clustering_loss=0.2605 instance_nce=3.4813 cluster_nce=2.3102 
batch=0150 loss=1.0440 representation_loss=0.9372 clustering_loss=0.2135 instance_nce=3.4611 cluster_nce=2.3196 
batch=0200 loss=0.9590 representation_loss=0.8445 clustering_loss=0.2289 instance_nce=3.4902 cluster_nce=2.3251 
batch=0250 loss=1.1128 representation_loss=1.0120 clustering_loss=0.2016 instance_nce=3.4838 cluster_nce=2.3114 
batch=0300 loss=0.9697 representation_loss=0.8664 clustering_loss=0.2066 instance_nce=3.4941 cluster_nce=2.3185 
batch=0350 loss=1.1079 representation_loss=1.0065 clustering_loss=0.2028 instance_nce=3.4620 cluster_nce=2.3113 
Train: loss=1.0444 mstm=0.9330 instance_nce=3.4928 cluster_nce=2.3169 dec=0.2229
save checkpoint:  /root/trajectory-clustering/con-dtc/runs/condtc_qd_ema_staged_s3_m07_weighted_warmup_mw06/20260817_134255_seed777/checkpoints/condtc_best.pt
epoch=4 / num_epochs=6
batch=0050 loss=1.0428 representation_loss=0.9427 clustering_loss=0.2001 instance_nce=3.5000 cluster_nce=2.3249 
batch=0100 loss=1.2017 representation_loss=1.0823 clustering_loss=0.2388 instance_nce=3.5347 cluster_nce=2.3280 
batch=0150 loss=1.1007 representation_loss=0.9978 clustering_loss=0.2059 instance_nce=3.4728 cluster_nce=2.3144 
batch=0200 loss=1.1339 representation_loss=1.0298 clustering_loss=0.2082 instance_nce=3.4690 cluster_nce=2.3036 
batch=0250 loss=1.0814 representation_loss=0.9641 clustering_loss=0.2346 instance_nce=3.5028 cluster_nce=2.3180 
batch=0300 loss=0.8571 representation_loss=0.7555 clustering_loss=0.2032 instance_nce=3.5050 cluster_nce=2.3232 
batch=0350 loss=1.1223 representation_loss=1.0179 clustering_loss=0.2089 instance_nce=3.4522 cluster_nce=2.3092 
Train: loss=1.0272 mstm=0.9242 instance_nce=3.4830 cluster_nce=2.3120 dec=0.2059
save checkpoint:  /root/trajectory-clustering/con-dtc/runs/condtc_qd_ema_staged_s3_m07_weighted_warmup_mw06/20260817_134255_seed777/checkpoints/condtc_best.pt
epoch=5 / num_epochs=6
batch=0050 loss=1.0288 representation_loss=0.9352 clustering_loss=0.1872 instance_nce=3.4534 cluster_nce=2.2970 
batch=0100 loss=0.9956 representation_loss=0.9018 clustering_loss=0.1878 instance_nce=3.4523 cluster_nce=2.3063 
batch=0150 loss=0.9409 representation_loss=0.8432 clustering_loss=0.1954 instance_nce=3.4668 cluster_nce=2.3065 
batch=0200 loss=0.9771 representation_loss=0.8778 clustering_loss=0.1986 instance_nce=3.4740 cluster_nce=2.3067 
batch=0250 loss=1.1103 representation_loss=1.0178 clustering_loss=0.1850 instance_nce=3.4629 cluster_nce=2.3100 
batch=0300 loss=1.0280 representation_loss=0.9410 clustering_loss=0.1739 instance_nce=3.4705 cluster_nce=2.3124 
batch=0350 loss=0.9841 representation_loss=0.8779 clustering_loss=0.2123 instance_nce=3.4708 cluster_nce=2.3153 
Train: loss=1.0091 mstm=0.9111 instance_nce=3.4747 cluster_nce=2.3090 dec=0.1960
save checkpoint:  /root/trajectory-clustering/con-dtc/runs/condtc_qd_ema_staged_s3_m07_weighted_warmup_mw06/20260817_134255_seed777/checkpoints/condtc_best.pt
epoch=6 / num_epochs=6
batch=0050 loss=0.9756 representation_loss=0.8784 clustering_loss=0.1944 instance_nce=3.5800 cluster_nce=2.3227 
batch=0100 loss=0.9348 representation_loss=0.8417 clustering_loss=0.1863 instance_nce=3.4784 cluster_nce=2.2934 
batch=0150 loss=0.9587 representation_loss=0.8603 clustering_loss=0.1969 instance_nce=3.4700 cluster_nce=2.3103 
batch=0200 loss=0.9639 representation_loss=0.8710 clustering_loss=0.1860 instance_nce=3.4884 cluster_nce=2.2947 
batch=0250 loss=0.9387 representation_loss=0.8451 clustering_loss=0.1870 instance_nce=3.4855 cluster_nce=2.3173 
batch=0300 loss=1.0540 representation_loss=0.9655 clustering_loss=0.1770 instance_nce=3.4630 cluster_nce=2.2934 
batch=0350 loss=1.0160 representation_loss=0.9162 clustering_loss=0.1997 instance_nce=3.4404 cluster_nce=2.2876 
Train: loss=1.0002 mstm=0.9045 instance_nce=3.4663 cluster_nce=2.3053 dec=0.1914
save checkpoint:  /root/trajectory-clustering/con-dtc/runs/condtc_qd_ema_staged_s3_m07_weighted_warmup_mw06/20260817_134255_seed777/checkpoints/condtc_best.pt
best train_loss:  1.0002042154573811
evaluating: /root/trajectory-clustering/con-dtc/runs/condtc_qd_ema_staged_s3_m07_weighted_warmup_mw06/20260817_134255_seed777/checkpoints/condtc_best.pt
device: cuda
cluster counts: tensor([ 973,  756, 1922,  963, 1003, 1142, 1000,  938,  944,  629, 1299,   35])
metrics: {'uacc': 0.8260082730093071, 'nmi': 0.8920289845535008, 'ri': 0.9635982034980494, 'ari': 0.7802030196951977}
metrics saved: /root/trajectory-clustering/con-dtc/runs/condtc_qd_ema_staged_s3_m07_weighted_warmup_mw06/20260817_134255_seed777/metrics.json
