experiment initialized
run directory: /root/trajectory-clustering/con-dtc/runs/condtc_qd_late_s2_m06_w/20260814_091250_seed19721013
config snapshot: /root/trajectory-clustering/con-dtc/runs/condtc_qd_late_s2_m06_w/20260814_091250_seed19721013/config.yaml
device: cuda
pretrain checkpoint: /root/trajectory-clustering/con-dtc/checkpoints/sttraj2vec_pretrain_paper_15ep.pt
epoch=1 / num_epochs=6
batch=0050 loss=1.1629 representation_loss=0.9304 clustering_loss=0.4650 instance_nce=3.5702 cluster_nce=2.3243 
batch=0100 loss=1.1673 representation_loss=0.9701 clustering_loss=0.3943 instance_nce=3.5546 cluster_nce=2.3284 
batch=0150 loss=1.1958 representation_loss=1.0006 clustering_loss=0.3905 instance_nce=3.5938 cluster_nce=2.3155 
batch=0200 loss=1.1558 representation_loss=0.9846 clustering_loss=0.3425 instance_nce=3.5420 cluster_nce=2.2985 
batch=0250 loss=1.2080 representation_loss=1.0177 clustering_loss=0.3806 instance_nce=3.5584 cluster_nce=2.3128 
batch=0300 loss=1.1944 representation_loss=1.0261 clustering_loss=0.3367 instance_nce=3.5415 cluster_nce=2.3001 
batch=0350 loss=1.0127 representation_loss=0.8208 clustering_loss=0.3838 instance_nce=3.5150 cluster_nce=2.2909 
Train: loss=1.1389 mstm=0.9508 instance_nce=3.5503 cluster_nce=2.3165 dec=0.3762
save checkpoint:  /root/trajectory-clustering/con-dtc/runs/condtc_qd_late_s2_m06_w/20260814_091250_seed19721013/checkpoints/condtc_best.pt
epoch=2 / num_epochs=6
batch=0050 loss=1.0372 representation_loss=0.8877 clustering_loss=0.2991 instance_nce=3.5532 cluster_nce=2.3170 
batch=0100 loss=1.0713 representation_loss=0.9328 clustering_loss=0.2770 instance_nce=3.5584 cluster_nce=2.2980 
batch=0150 loss=1.0978 representation_loss=0.9799 clustering_loss=0.2358 instance_nce=3.5394 cluster_nce=2.2969 
batch=0200 loss=1.1715 representation_loss=1.0487 clustering_loss=0.2456 instance_nce=3.5432 cluster_nce=2.3183 
batch=0250 loss=1.0622 representation_loss=0.9321 clustering_loss=0.2602 instance_nce=3.5209 cluster_nce=2.2854 
batch=0300 loss=1.0931 representation_loss=0.9794 clustering_loss=0.2272 instance_nce=3.5377 cluster_nce=2.3112 
batch=0350 loss=1.0345 representation_loss=0.9244 clustering_loss=0.2204 instance_nce=3.5258 cluster_nce=2.2903 
Train: loss=1.0625 mstm=0.9333 instance_nce=3.5333 cluster_nce=2.3014 dec=0.2583
save checkpoint:  /root/trajectory-clustering/con-dtc/runs/condtc_qd_late_s2_m06_w/20260814_091250_seed19721013/checkpoints/condtc_best.pt
epoch=3 / num_epochs=6
batch=0050 loss=1.0671 representation_loss=0.9368 clustering_loss=0.2605 instance_nce=3.5210 cluster_nce=2.3045 
batch=0100 loss=1.0602 representation_loss=0.9387 clustering_loss=0.2430 instance_nce=3.5443 cluster_nce=2.3175 
batch=0150 loss=1.1156 representation_loss=0.9968 clustering_loss=0.2375 instance_nce=3.5259 cluster_nce=2.3103 
batch=0200 loss=1.0134 representation_loss=0.9066 clustering_loss=0.2136 instance_nce=3.4993 cluster_nce=2.2901 
batch=0250 loss=1.0128 representation_loss=0.9078 clustering_loss=0.2101 instance_nce=3.4863 cluster_nce=2.2839 
batch=0300 loss=0.9569 representation_loss=0.8340 clustering_loss=0.2459 instance_nce=3.5333 cluster_nce=2.2969 
batch=0350 loss=1.0485 representation_loss=0.9379 clustering_loss=0.2211 instance_nce=3.4936 cluster_nce=2.2943 
Train: loss=1.0486 mstm=0.9315 instance_nce=3.5228 cluster_nce=2.2967 dec=0.2342
save checkpoint:  /root/trajectory-clustering/con-dtc/runs/condtc_qd_late_s2_m06_w/20260814_091250_seed19721013/checkpoints/condtc_best.pt
epoch=4 / num_epochs=6
batch=0050 loss=0.9823 representation_loss=0.8759 clustering_loss=0.2129 instance_nce=3.4928 cluster_nce=2.3046 
batch=0100 loss=0.8797 representation_loss=0.7591 clustering_loss=0.2412 instance_nce=3.5131 cluster_nce=2.2888 
batch=0150 loss=1.0239 representation_loss=0.9250 clustering_loss=0.1979 instance_nce=3.5076 cluster_nce=2.2867 
batch=0200 loss=1.0293 representation_loss=0.9256 clustering_loss=0.2075 instance_nce=3.5023 cluster_nce=2.2903 
batch=0250 loss=1.0002 representation_loss=0.9009 clustering_loss=0.1987 instance_nce=3.5401 cluster_nce=2.2936 
batch=0300 loss=1.0420 representation_loss=0.9461 clustering_loss=0.1919 instance_nce=3.4881 cluster_nce=2.2914 
batch=0350 loss=1.0000 representation_loss=0.8975 clustering_loss=0.2050 instance_nce=3.4813 cluster_nce=2.2755 
Train: loss=1.0247 mstm=0.9131 instance_nce=3.5123 cluster_nce=2.2948 dec=0.2232
save checkpoint:  /root/trajectory-clustering/con-dtc/runs/condtc_qd_late_s2_m06_w/20260814_091250_seed19721013/checkpoints/condtc_best.pt
epoch=5 / num_epochs=6
batch=0050 loss=0.9616 representation_loss=0.8503 clustering_loss=0.2226 instance_nce=3.4747 cluster_nce=2.2903 
batch=0100 loss=0.9301 representation_loss=0.8271 clustering_loss=0.2061 instance_nce=3.5010 cluster_nce=2.2897 
batch=0150 loss=1.0354 representation_loss=0.9300 clustering_loss=0.2108 instance_nce=3.4996 cluster_nce=2.2972 
batch=0200 loss=1.0043 representation_loss=0.8965 clustering_loss=0.2157 instance_nce=3.5097 cluster_nce=2.2949 
batch=0250 loss=0.9925 representation_loss=0.8880 clustering_loss=0.2090 instance_nce=3.5020 cluster_nce=2.2778 
batch=0300 loss=0.9553 representation_loss=0.8573 clustering_loss=0.1959 instance_nce=3.4823 cluster_nce=2.2854 
batch=0350 loss=0.9406 representation_loss=0.8184 clustering_loss=0.2444 instance_nce=3.5007 cluster_nce=2.2985 
Train: loss=1.0222 mstm=0.9151 instance_nce=3.5016 cluster_nce=2.2921 dec=0.2143
save checkpoint:  /root/trajectory-clustering/con-dtc/runs/condtc_qd_late_s2_m06_w/20260814_091250_seed19721013/checkpoints/condtc_best.pt
epoch=6 / num_epochs=6
batch=0050 loss=0.9857 representation_loss=0.8836 clustering_loss=0.2043 instance_nce=3.4982 cluster_nce=2.2740 
batch=0100 loss=1.0685 representation_loss=0.9566 clustering_loss=0.2238 instance_nce=3.4677 cluster_nce=2.2849 
batch=0150 loss=0.9506 representation_loss=0.8489 clustering_loss=0.2034 instance_nce=3.4851 cluster_nce=2.2812 
batch=0200 loss=1.0273 representation_loss=0.9266 clustering_loss=0.2014 instance_nce=3.4838 cluster_nce=2.2795 
batch=0250 loss=0.9880 representation_loss=0.8786 clustering_loss=0.2188 instance_nce=3.5339 cluster_nce=2.2883 
batch=0300 loss=1.1218 representation_loss=1.0215 clustering_loss=0.2007 instance_nce=3.4725 cluster_nce=2.2841 
batch=0350 loss=1.0684 representation_loss=0.9721 clustering_loss=0.1928 instance_nce=3.5037 cluster_nce=2.3228 
Train: loss=1.0125 mstm=0.9091 instance_nce=3.4921 cluster_nce=2.2902 dec=0.2068
save checkpoint:  /root/trajectory-clustering/con-dtc/runs/condtc_qd_late_s2_m06_w/20260814_091250_seed19721013/checkpoints/condtc_best.pt
best train_loss:  1.012522150302336
evaluating: /root/trajectory-clustering/con-dtc/runs/condtc_qd_late_s2_m06_w/20260814_091250_seed19721013/checkpoints/condtc_best.pt
device: cuda
cluster counts: tensor([1003,  968, 1957,  755,    1, 1000,    0,  970, 1897,  933, 1176,  944])
metrics: {'uacc': 0.7543950361944157, 'nmi': 0.8920726718556129, 'ri': 0.955940666963099, 'ari': 0.7500500290030748}
metrics saved: /root/trajectory-clustering/con-dtc/runs/condtc_qd_late_s2_m06_w/20260814_091250_seed19721013/metrics.json
