experiment initialized
run directory: /root/trajectory-clustering/con-dtc/runs/condtc_qd_s3_m07_w08_direct/20260814_100605_seed19721013
config snapshot: /root/trajectory-clustering/con-dtc/runs/condtc_qd_s3_m07_w08_direct/20260814_100605_seed19721013/config.yaml
device: cuda
pretrain checkpoint: /root/trajectory-clustering/con-dtc/checkpoints/sttraj2vec_pretrain_paper_15ep.pt
epoch=1 / num_epochs=6
batch=0050 loss=1.1629 representation_loss=0.9304 clustering_loss=0.4650 instance_nce=3.5702 cluster_nce=2.3243 
batch=0100 loss=1.1673 representation_loss=0.9701 clustering_loss=0.3943 instance_nce=3.5546 cluster_nce=2.3284 
batch=0150 loss=1.1958 representation_loss=1.0006 clustering_loss=0.3905 instance_nce=3.5938 cluster_nce=2.3155 
batch=0200 loss=1.1558 representation_loss=0.9846 clustering_loss=0.3425 instance_nce=3.5420 cluster_nce=2.2985 
batch=0250 loss=1.2080 representation_loss=1.0177 clustering_loss=0.3806 instance_nce=3.5584 cluster_nce=2.3128 
batch=0300 loss=1.1944 representation_loss=1.0261 clustering_loss=0.3367 instance_nce=3.5415 cluster_nce=2.3001 
batch=0350 loss=1.0127 representation_loss=0.8208 clustering_loss=0.3838 instance_nce=3.5150 cluster_nce=2.2909 
Train: loss=1.1389 mstm=0.9508 instance_nce=3.5503 cluster_nce=2.3165 dec=0.3762
save checkpoint:  /root/trajectory-clustering/con-dtc/runs/condtc_qd_s3_m07_w08_direct/20260814_100605_seed19721013/checkpoints/condtc_best.pt
epoch=2 / num_epochs=6
batch=0050 loss=1.0379 representation_loss=0.8879 clustering_loss=0.2999 instance_nce=3.5480 cluster_nce=2.3165 
batch=0100 loss=1.0682 representation_loss=0.9316 clustering_loss=0.2731 instance_nce=3.5515 cluster_nce=2.2992 
batch=0150 loss=1.1133 representation_loss=0.9795 clustering_loss=0.2677 instance_nce=3.5335 cluster_nce=2.2971 
batch=0200 loss=1.1861 representation_loss=1.0490 clustering_loss=0.2743 instance_nce=3.5356 cluster_nce=2.3178 
batch=0250 loss=1.0656 representation_loss=0.9316 clustering_loss=0.2680 instance_nce=3.5151 cluster_nce=2.2852 
batch=0300 loss=1.1050 representation_loss=0.9811 clustering_loss=0.2478 instance_nce=3.5328 cluster_nce=2.3112 
batch=0350 loss=1.0381 representation_loss=0.9247 clustering_loss=0.2268 instance_nce=3.5192 cluster_nce=2.2892 
Train: loss=1.0671 mstm=0.9336 instance_nce=3.5281 cluster_nce=2.3015 dec=0.2670
save checkpoint:  /root/trajectory-clustering/con-dtc/runs/condtc_qd_s3_m07_w08_direct/20260814_100605_seed19721013/checkpoints/condtc_best.pt
epoch=3 / num_epochs=6
batch=0050 loss=1.0629 representation_loss=0.9373 clustering_loss=0.2513 instance_nce=3.5146 cluster_nce=2.3038 
batch=0100 loss=1.0675 representation_loss=0.9408 clustering_loss=0.2533 instance_nce=3.5408 cluster_nce=2.3180 
batch=0150 loss=1.1106 representation_loss=0.9969 clustering_loss=0.2273 instance_nce=3.5194 cluster_nce=2.3109 
batch=0200 loss=1.0132 representation_loss=0.9063 clustering_loss=0.2137 instance_nce=3.4940 cluster_nce=2.2906 
batch=0250 loss=1.0060 representation_loss=0.9059 clustering_loss=0.2001 instance_nce=3.4823 cluster_nce=2.2848 
batch=0300 loss=0.9471 representation_loss=0.8351 clustering_loss=0.2241 instance_nce=3.5284 cluster_nce=2.2957 
batch=0350 loss=1.0431 representation_loss=0.9389 clustering_loss=0.2084 instance_nce=3.4888 cluster_nce=2.2937 
Train: loss=1.0460 mstm=0.9317 instance_nce=3.5177 cluster_nce=2.2970 dec=0.2287
save checkpoint:  /root/trajectory-clustering/con-dtc/runs/condtc_qd_s3_m07_w08_direct/20260814_100605_seed19721013/checkpoints/condtc_best.pt
epoch=4 / num_epochs=6
batch=0050 loss=0.9801 representation_loss=0.8753 clustering_loss=0.2097 instance_nce=3.4890 cluster_nce=2.3044 
batch=0100 loss=0.8721 representation_loss=0.7589 clustering_loss=0.2265 instance_nce=3.5089 cluster_nce=2.2877 
batch=0150 loss=1.0148 representation_loss=0.9245 clustering_loss=0.1806 instance_nce=3.5026 cluster_nce=2.2874 
batch=0200 loss=1.0272 representation_loss=0.9268 clustering_loss=0.2008 instance_nce=3.4962 cluster_nce=2.2908 
batch=0250 loss=0.9930 representation_loss=0.9002 clustering_loss=0.1856 instance_nce=3.5342 cluster_nce=2.2952 
batch=0300 loss=1.0334 representation_loss=0.9456 clustering_loss=0.1756 instance_nce=3.4824 cluster_nce=2.2917 
batch=0350 loss=0.9934 representation_loss=0.8968 clustering_loss=0.1932 instance_nce=3.4768 cluster_nce=2.2754 
Train: loss=1.0173 mstm=0.9129 instance_nce=3.5076 cluster_nce=2.2950 dec=0.2088
save checkpoint:  /root/trajectory-clustering/con-dtc/runs/condtc_qd_s3_m07_w08_direct/20260814_100605_seed19721013/checkpoints/condtc_best.pt
epoch=5 / num_epochs=6
batch=0050 loss=0.9506 representation_loss=0.8498 clustering_loss=0.2015 instance_nce=3.4700 cluster_nce=2.2900 
batch=0100 loss=0.9206 representation_loss=0.8252 clustering_loss=0.1908 instance_nce=3.4956 cluster_nce=2.2890 
batch=0150 loss=1.0202 representation_loss=0.9281 clustering_loss=0.1842 instance_nce=3.4935 cluster_nce=2.2963 
batch=0200 loss=0.9964 representation_loss=0.8965 clustering_loss=0.1998 instance_nce=3.5064 cluster_nce=2.2959 
batch=0250 loss=0.9814 representation_loss=0.8866 clustering_loss=0.1896 instance_nce=3.4970 cluster_nce=2.2782 
batch=0300 loss=0.9468 representation_loss=0.8586 clustering_loss=0.1763 instance_nce=3.4802 cluster_nce=2.2850 
batch=0350 loss=0.9283 representation_loss=0.8158 clustering_loss=0.2250 instance_nce=3.4993 cluster_nce=2.2990 
Train: loss=1.0134 mstm=0.9146 instance_nce=3.4977 cluster_nce=2.2922 dec=0.1977
save checkpoint:  /root/trajectory-clustering/con-dtc/runs/condtc_qd_s3_m07_w08_direct/20260814_100605_seed19721013/checkpoints/condtc_best.pt
epoch=6 / num_epochs=6
batch=0050 loss=0.9756 representation_loss=0.8836 clustering_loss=0.1840 instance_nce=3.4975 cluster_nce=2.2741 
batch=0100 loss=1.0584 representation_loss=0.9577 clustering_loss=0.2015 instance_nce=3.4650 cluster_nce=2.2834 
batch=0150 loss=0.9396 representation_loss=0.8481 clustering_loss=0.1830 instance_nce=3.4812 cluster_nce=2.2810 
batch=0200 loss=1.0202 representation_loss=0.9259 clustering_loss=0.1886 instance_nce=3.4805 cluster_nce=2.2792 
batch=0250 loss=0.9786 representation_loss=0.8780 clustering_loss=0.2012 instance_nce=3.5313 cluster_nce=2.2871 
batch=0300 loss=1.1149 representation_loss=1.0194 clustering_loss=0.1910 instance_nce=3.4664 cluster_nce=2.2845 
batch=0350 loss=1.0608 representation_loss=0.9715 clustering_loss=0.1787 instance_nce=3.4989 cluster_nce=2.3222 
Train: loss=1.0035 mstm=0.9084 instance_nce=3.4884 cluster_nce=2.2900 dec=0.1903
save checkpoint:  /root/trajectory-clustering/con-dtc/runs/condtc_qd_s3_m07_w08_direct/20260814_100605_seed19721013/checkpoints/condtc_best.pt
best train_loss:  1.0035467701342877
evaluating: /root/trajectory-clustering/con-dtc/runs/condtc_qd_s3_m07_w08_direct/20260814_100605_seed19721013/checkpoints/condtc_best.pt
device: cuda
cluster counts: tensor([1003,  968, 1956, 1096,  390, 1000,    1,  969, 1508,  933,  836,  944])
metrics: {'uacc': 0.8012754222681834, 'nmi': 0.8891862459186453, 'ri': 0.9593306097096036, 'ari': 0.7588569477642191}
metrics saved: /root/trajectory-clustering/con-dtc/runs/condtc_qd_s3_m07_w08_direct/20260814_100605_seed19721013/metrics.json
