experiment initialized
run directory: /root/trajectory-clustering/con-dtc/runs/condtc_porto_finegrained_s3_m07_entropy_p70_a025_reverse_stability_w125/20260823_135513_seed2026
config snapshot: /root/trajectory-clustering/con-dtc/runs/condtc_porto_finegrained_s3_m07_entropy_p70_a025_reverse_stability_w125/20260823_135513_seed2026/config.yaml
device: cuda
dataset: portoTimeNoiseFineGrained
pretrain checkpoint: /root/trajectory-clustering/con-dtc/checkpoints/sttraj2vec_porto_finegrained_pre15.pt
epoch=1 / num_epochs=6
batch=0050 loss=0.9140 representation_loss=0.6448 clustering_loss=0.5386 instance_nce=0.0000 cluster_nce=0.0000 
batch=0100 loss=0.9079 representation_loss=0.6539 clustering_loss=0.5081 instance_nce=0.0000 cluster_nce=0.0000 
batch=0150 loss=0.9780 representation_loss=0.7662 clustering_loss=0.4236 instance_nce=0.0000 cluster_nce=0.0000 
batch=0200 loss=0.9005 representation_loss=0.6594 clustering_loss=0.4821 instance_nce=0.0000 cluster_nce=0.0000 
batch=0250 loss=0.9964 representation_loss=0.8002 clustering_loss=0.3925 instance_nce=0.0000 cluster_nce=0.0000 
batch=0300 loss=0.8881 representation_loss=0.7160 clustering_loss=0.3441 instance_nce=0.0000 cluster_nce=0.0000 
batch=0350 loss=0.9372 representation_loss=0.7183 clustering_loss=0.4379 instance_nce=0.0000 cluster_nce=0.0000 
batch=0400 loss=0.9096 representation_loss=0.6880 clustering_loss=0.4433 instance_nce=0.0000 cluster_nce=0.0000 
batch=0450 loss=0.8694 representation_loss=0.6735 clustering_loss=0.3918 instance_nce=0.0000 cluster_nce=0.0000 
batch=0500 loss=0.7690 representation_loss=0.5877 clustering_loss=0.3626 instance_nce=0.0000 cluster_nce=0.0000 
batch=0550 loss=0.8707 representation_loss=0.7012 clustering_loss=0.3390 instance_nce=0.0000 cluster_nce=0.0000 
batch=0600 loss=0.8967 representation_loss=0.7073 clustering_loss=0.3789 instance_nce=0.0000 cluster_nce=0.0000 
batch=0650 loss=0.8490 representation_loss=0.6514 clustering_loss=0.3951 instance_nce=0.0000 cluster_nce=0.0000 
batch=0700 loss=0.8818 representation_loss=0.6981 clustering_loss=0.3675 instance_nce=0.0000 cluster_nce=0.0000 
batch=0750 loss=0.7756 representation_loss=0.5944 clustering_loss=0.3624 instance_nce=0.0000 cluster_nce=0.0000 
batch=0800 loss=0.7988 representation_loss=0.6300 clustering_loss=0.3376 instance_nce=0.0000 cluster_nce=0.0000 
batch=0850 loss=0.8520 representation_loss=0.6880 clustering_loss=0.3281 instance_nce=0.0000 cluster_nce=0.0000 
Train: loss=0.8833 mstm=0.6763 instance_nce=0.0000 cluster_nce=0.0000 dec=0.4139
save checkpoint:  /root/trajectory-clustering/con-dtc/runs/condtc_porto_finegrained_s3_m07_entropy_p70_a025_reverse_stability_w125/20260823_135513_seed2026/checkpoints/condtc_best.pt
epoch=2 / num_epochs=6
batch=0050 loss=0.8565 representation_loss=0.6836 clustering_loss=0.3459 instance_nce=0.0000 cluster_nce=0.0000 
batch=0100 loss=0.8871 representation_loss=0.6986 clustering_loss=0.3770 instance_nce=0.0000 cluster_nce=0.0000 
batch=0150 loss=0.7922 representation_loss=0.6310 clustering_loss=0.3224 instance_nce=0.0000 cluster_nce=0.0000 
batch=0200 loss=0.7396 representation_loss=0.5838 clustering_loss=0.3115 instance_nce=0.0000 cluster_nce=0.0000 
batch=0250 loss=0.9042 representation_loss=0.7489 clustering_loss=0.3106 instance_nce=0.0000 cluster_nce=0.0000 
batch=0300 loss=0.8987 representation_loss=0.7421 clustering_loss=0.3133 instance_nce=0.0000 cluster_nce=0.0000 
batch=0350 loss=0.8000 representation_loss=0.6384 clustering_loss=0.3232 instance_nce=0.0000 cluster_nce=0.0000 
batch=0400 loss=0.8170 representation_loss=0.6547 clustering_loss=0.3247 instance_nce=0.0000 cluster_nce=0.0000 
batch=0450 loss=0.8858 representation_loss=0.7358 clustering_loss=0.3001 instance_nce=0.0000 cluster_nce=0.0000 
batch=0500 loss=0.8151 representation_loss=0.6668 clustering_loss=0.2965 instance_nce=0.0000 cluster_nce=0.0000 
batch=0550 loss=0.6571 representation_loss=0.5087 clustering_loss=0.2970 instance_nce=0.0000 cluster_nce=0.0000 
batch=0600 loss=0.8005 representation_loss=0.6425 clustering_loss=0.3161 instance_nce=0.0000 cluster_nce=0.0000 
batch=0650 loss=0.7987 representation_loss=0.6536 clustering_loss=0.2904 instance_nce=0.0000 cluster_nce=0.0000 
batch=0700 loss=0.8137 representation_loss=0.6621 clustering_loss=0.3032 instance_nce=0.0000 cluster_nce=0.0000 
batch=0750 loss=0.7849 representation_loss=0.6392 clustering_loss=0.2913 instance_nce=0.0000 cluster_nce=0.0000 
batch=0800 loss=0.7338 representation_loss=0.6006 clustering_loss=0.2665 instance_nce=0.0000 cluster_nce=0.0000 
batch=0850 loss=0.8108 representation_loss=0.6722 clustering_loss=0.2771 instance_nce=0.0000 cluster_nce=0.0000 
Train: loss=0.8214 mstm=0.6633 instance_nce=0.0000 cluster_nce=0.0000 dec=0.3164
save checkpoint:  /root/trajectory-clustering/con-dtc/runs/condtc_porto_finegrained_s3_m07_entropy_p70_a025_reverse_stability_w125/20260823_135513_seed2026/checkpoints/condtc_best.pt
epoch=3 / num_epochs=6
batch=0050 loss=0.7702 representation_loss=0.6192 clustering_loss=0.3021 instance_nce=0.0000 cluster_nce=0.0000 
batch=0100 loss=0.8396 representation_loss=0.6992 clustering_loss=0.2808 instance_nce=0.0000 cluster_nce=0.0000 
batch=0150 loss=0.7921 representation_loss=0.6547 clustering_loss=0.2748 instance_nce=0.0000 cluster_nce=0.0000 
batch=0200 loss=0.8349 representation_loss=0.6860 clustering_loss=0.2978 instance_nce=0.0000 cluster_nce=0.0000 
batch=0250 loss=0.7972 representation_loss=0.6591 clustering_loss=0.2763 instance_nce=0.0000 cluster_nce=0.0000 
batch=0300 loss=0.7935 representation_loss=0.6634 clustering_loss=0.2603 instance_nce=0.0000 cluster_nce=0.0000 
batch=0350 loss=0.7045 representation_loss=0.5687 clustering_loss=0.2717 instance_nce=0.0000 cluster_nce=0.0000 
batch=0400 loss=0.7072 representation_loss=0.5809 clustering_loss=0.2526 instance_nce=0.0000 cluster_nce=0.0000 
batch=0450 loss=0.7440 representation_loss=0.6154 clustering_loss=0.2571 instance_nce=0.0000 cluster_nce=0.0000 
batch=0500 loss=0.8015 representation_loss=0.6721 clustering_loss=0.2588 instance_nce=0.0000 cluster_nce=0.0000 
batch=0550 loss=0.9039 representation_loss=0.7710 clustering_loss=0.2659 instance_nce=0.0000 cluster_nce=0.0000 
batch=0600 loss=0.9547 representation_loss=0.8282 clustering_loss=0.2530 instance_nce=0.0000 cluster_nce=0.0000 
batch=0650 loss=0.7576 representation_loss=0.6344 clustering_loss=0.2463 instance_nce=0.0000 cluster_nce=0.0000 
batch=0700 loss=0.9225 representation_loss=0.7891 clustering_loss=0.2667 instance_nce=0.0000 cluster_nce=0.0000 
batch=0750 loss=0.7598 representation_loss=0.6315 clustering_loss=0.2566 instance_nce=0.0000 cluster_nce=0.0000 
batch=0800 loss=0.7907 representation_loss=0.6621 clustering_loss=0.2573 instance_nce=0.0000 cluster_nce=0.0000 
batch=0850 loss=0.6839 representation_loss=0.5517 clustering_loss=0.2643 instance_nce=0.0000 cluster_nce=0.0000 
Train: loss=0.7868 mstm=0.6541 instance_nce=0.0000 cluster_nce=0.0000 dec=0.2654
save checkpoint:  /root/trajectory-clustering/con-dtc/runs/condtc_porto_finegrained_s3_m07_entropy_p70_a025_reverse_stability_w125/20260823_135513_seed2026/checkpoints/condtc_best.pt
epoch=4 / num_epochs=6
batch=0050 loss=0.7825 representation_loss=0.6510 clustering_loss=0.2629 instance_nce=0.0000 cluster_nce=0.0000 
batch=0100 loss=0.9084 representation_loss=0.7891 clustering_loss=0.2386 instance_nce=0.0000 cluster_nce=0.0000 
batch=0150 loss=0.7750 representation_loss=0.6521 clustering_loss=0.2459 instance_nce=0.0000 cluster_nce=0.0000 
batch=0200 loss=0.7271 representation_loss=0.6071 clustering_loss=0.2399 instance_nce=0.0000 cluster_nce=0.0000 
batch=0250 loss=0.7617 representation_loss=0.6348 clustering_loss=0.2538 instance_nce=0.0000 cluster_nce=0.0000 
batch=0300 loss=0.8354 representation_loss=0.7186 clustering_loss=0.2336 instance_nce=0.0000 cluster_nce=0.0000 
batch=0350 loss=0.6892 representation_loss=0.5780 clustering_loss=0.2225 instance_nce=0.0000 cluster_nce=0.0000 
batch=0400 loss=0.8844 representation_loss=0.7676 clustering_loss=0.2336 instance_nce=0.0000 cluster_nce=0.0000 
batch=0450 loss=0.7100 representation_loss=0.5832 clustering_loss=0.2536 instance_nce=0.0000 cluster_nce=0.0000 
batch=0500 loss=0.7141 representation_loss=0.5956 clustering_loss=0.2370 instance_nce=0.0000 cluster_nce=0.0000 
batch=0550 loss=0.7744 representation_loss=0.6590 clustering_loss=0.2308 instance_nce=0.0000 cluster_nce=0.0000 
batch=0600 loss=0.7151 representation_loss=0.6050 clustering_loss=0.2202 instance_nce=0.0000 cluster_nce=0.0000 
batch=0650 loss=0.8302 representation_loss=0.7115 clustering_loss=0.2374 instance_nce=0.0000 cluster_nce=0.0000 
batch=0700 loss=0.7752 representation_loss=0.6546 clustering_loss=0.2412 instance_nce=0.0000 cluster_nce=0.0000 
batch=0750 loss=0.6637 representation_loss=0.5518 clustering_loss=0.2240 instance_nce=0.0000 cluster_nce=0.0000 
batch=0800 loss=0.7784 representation_loss=0.6570 clustering_loss=0.2428 instance_nce=0.0000 cluster_nce=0.0000 
batch=0850 loss=0.7860 representation_loss=0.6594 clustering_loss=0.2531 instance_nce=0.0000 cluster_nce=0.0000 
Train: loss=0.7634 mstm=0.6436 instance_nce=0.0000 cluster_nce=0.0000 dec=0.2396
save checkpoint:  /root/trajectory-clustering/con-dtc/runs/condtc_porto_finegrained_s3_m07_entropy_p70_a025_reverse_stability_w125/20260823_135513_seed2026/checkpoints/condtc_best.pt
epoch=5 / num_epochs=6
batch=0050 loss=0.6751 representation_loss=0.5588 clustering_loss=0.2325 instance_nce=0.0000 cluster_nce=0.0000 
batch=0100 loss=0.7762 representation_loss=0.6529 clustering_loss=0.2466 instance_nce=0.0000 cluster_nce=0.0000 
batch=0150 loss=0.7269 representation_loss=0.6199 clustering_loss=0.2139 instance_nce=0.0000 cluster_nce=0.0000 
batch=0200 loss=0.6992 representation_loss=0.5855 clustering_loss=0.2274 instance_nce=0.0000 cluster_nce=0.0000 
batch=0250 loss=0.8015 representation_loss=0.6931 clustering_loss=0.2168 instance_nce=0.0000 cluster_nce=0.0000 
batch=0300 loss=0.7279 representation_loss=0.6143 clustering_loss=0.2273 instance_nce=0.0000 cluster_nce=0.0000 
batch=0350 loss=0.6819 representation_loss=0.5790 clustering_loss=0.2058 instance_nce=0.0000 cluster_nce=0.0000 
batch=0400 loss=0.7457 representation_loss=0.6214 clustering_loss=0.2486 instance_nce=0.0000 cluster_nce=0.0000 
batch=0450 loss=0.7097 representation_loss=0.6035 clustering_loss=0.2123 instance_nce=0.0000 cluster_nce=0.0000 
batch=0500 loss=0.7361 representation_loss=0.6271 clustering_loss=0.2180 instance_nce=0.0000 cluster_nce=0.0000 
batch=0550 loss=0.8155 representation_loss=0.7143 clustering_loss=0.2024 instance_nce=0.0000 cluster_nce=0.0000 
batch=0600 loss=0.6956 representation_loss=0.5865 clustering_loss=0.2183 instance_nce=0.0000 cluster_nce=0.0000 
batch=0650 loss=0.6709 representation_loss=0.5652 clustering_loss=0.2114 instance_nce=0.0000 cluster_nce=0.0000 
batch=0700 loss=0.7874 representation_loss=0.6700 clustering_loss=0.2348 instance_nce=0.0000 cluster_nce=0.0000 
batch=0750 loss=0.7817 representation_loss=0.6774 clustering_loss=0.2085 instance_nce=0.0000 cluster_nce=0.0000 
batch=0800 loss=0.7016 representation_loss=0.6113 clustering_loss=0.1808 instance_nce=0.0000 cluster_nce=0.0000 
batch=0850 loss=0.7662 representation_loss=0.6487 clustering_loss=0.2349 instance_nce=0.0000 cluster_nce=0.0000 
Train: loss=0.7405 mstm=0.6289 instance_nce=0.0000 cluster_nce=0.0000 dec=0.2232
save checkpoint:  /root/trajectory-clustering/con-dtc/runs/condtc_porto_finegrained_s3_m07_entropy_p70_a025_reverse_stability_w125/20260823_135513_seed2026/checkpoints/condtc_best.pt
epoch=6 / num_epochs=6
batch=0050 loss=0.6862 representation_loss=0.5867 clustering_loss=0.1989 instance_nce=0.0000 cluster_nce=0.0000 
batch=0100 loss=0.6716 representation_loss=0.5632 clustering_loss=0.2168 instance_nce=0.0000 cluster_nce=0.0000 
batch=0150 loss=0.7100 representation_loss=0.5984 clustering_loss=0.2231 instance_nce=0.0000 cluster_nce=0.0000 
batch=0200 loss=0.6587 representation_loss=0.5535 clustering_loss=0.2104 instance_nce=0.0000 cluster_nce=0.0000 
batch=0250 loss=0.7116 representation_loss=0.6115 clustering_loss=0.2004 instance_nce=0.0000 cluster_nce=0.0000 
batch=0300 loss=0.6882 representation_loss=0.5732 clustering_loss=0.2300 instance_nce=0.0000 cluster_nce=0.0000 
batch=0350 loss=0.7125 representation_loss=0.6087 clustering_loss=0.2076 instance_nce=0.0000 cluster_nce=0.0000 
batch=0400 loss=0.7061 representation_loss=0.6022 clustering_loss=0.2077 instance_nce=0.0000 cluster_nce=0.0000 
batch=0450 loss=0.7608 representation_loss=0.6602 clustering_loss=0.2011 instance_nce=0.0000 cluster_nce=0.0000 
batch=0500 loss=0.7389 representation_loss=0.6290 clustering_loss=0.2197 instance_nce=0.0000 cluster_nce=0.0000 
batch=0550 loss=0.6411 representation_loss=0.5381 clustering_loss=0.2060 instance_nce=0.0000 cluster_nce=0.0000 
batch=0600 loss=0.6454 representation_loss=0.5346 clustering_loss=0.2216 instance_nce=0.0000 cluster_nce=0.0000 
batch=0650 loss=0.6928 representation_loss=0.5821 clustering_loss=0.2213 instance_nce=0.0000 cluster_nce=0.0000 
batch=0700 loss=0.7081 representation_loss=0.5998 clustering_loss=0.2166 instance_nce=0.0000 cluster_nce=0.0000 
batch=0750 loss=0.6329 representation_loss=0.5389 clustering_loss=0.1880 instance_nce=0.0000 cluster_nce=0.0000 
batch=0800 loss=0.7732 representation_loss=0.6713 clustering_loss=0.2040 instance_nce=0.0000 cluster_nce=0.0000 
batch=0850 loss=0.8248 representation_loss=0.7279 clustering_loss=0.1938 instance_nce=0.0000 cluster_nce=0.0000 
Train: loss=0.7237 mstm=0.6186 instance_nce=0.0000 cluster_nce=0.0000 dec=0.2102
save checkpoint:  /root/trajectory-clustering/con-dtc/runs/condtc_porto_finegrained_s3_m07_entropy_p70_a025_reverse_stability_w125/20260823_135513_seed2026/checkpoints/condtc_best.pt
best train_loss:  0.7236937789597413
evaluating: /root/trajectory-clustering/con-dtc/runs/condtc_porto_finegrained_s3_m07_entropy_p70_a025_reverse_stability_w125/20260823_135513_seed2026/checkpoints/condtc_best.pt
device: cuda
dataset: portoTimeNoiseFineGrained
cluster counts: tensor([1046, 1003,  351, 1140,  555,  799,  507, 1151,  914,  964,  921, 1195,
        1088, 1344, 1034, 1017, 1072, 1660, 1097, 1038, 1006,  901,  820,  881,
         816, 1464, 1521])
metrics: {'uacc': 0.8774217176341329, 'nmi': 0.919524977911045, 'ri': 0.9855804279907608, 'ari': 0.8053078394704725}
metrics saved: /root/trajectory-clustering/con-dtc/runs/condtc_porto_finegrained_s3_m07_entropy_p70_a025_reverse_stability_w125/20260823_135513_seed2026/metrics.json
