experiment initialized
run directory: /root/trajectory-clustering/con-dtc/runs/condtc_porto_finegrained_s3_m07_entropy_p70_a025_reverse_stability_w125/20260823_133558_seed19721013
config snapshot: /root/trajectory-clustering/con-dtc/runs/condtc_porto_finegrained_s3_m07_entropy_p70_a025_reverse_stability_w125/20260823_133558_seed19721013/config.yaml
device: cuda
dataset: portoTimeNoiseFineGrained
pretrain checkpoint: /root/trajectory-clustering/con-dtc/checkpoints/sttraj2vec_porto_finegrained_pre15.pt
epoch=1 / num_epochs=6
batch=0050 loss=0.9933 representation_loss=0.6956 clustering_loss=0.5954 instance_nce=0.0000 cluster_nce=0.0000 
batch=0100 loss=0.9855 representation_loss=0.7154 clustering_loss=0.5402 instance_nce=0.0000 cluster_nce=0.0000 
batch=0150 loss=0.8866 representation_loss=0.6536 clustering_loss=0.4659 instance_nce=0.0000 cluster_nce=0.0000 
batch=0200 loss=0.8152 representation_loss=0.6287 clustering_loss=0.3730 instance_nce=0.0000 cluster_nce=0.0000 
batch=0250 loss=0.9373 representation_loss=0.7379 clustering_loss=0.3987 instance_nce=0.0000 cluster_nce=0.0000 
batch=0300 loss=0.8762 representation_loss=0.6543 clustering_loss=0.4438 instance_nce=0.0000 cluster_nce=0.0000 
batch=0350 loss=0.9102 representation_loss=0.7217 clustering_loss=0.3771 instance_nce=0.0000 cluster_nce=0.0000 
batch=0400 loss=0.8959 representation_loss=0.6792 clustering_loss=0.4334 instance_nce=0.0000 cluster_nce=0.0000 
batch=0450 loss=0.9163 representation_loss=0.7086 clustering_loss=0.4154 instance_nce=0.0000 cluster_nce=0.0000 
batch=0500 loss=0.8080 representation_loss=0.6091 clustering_loss=0.3980 instance_nce=0.0000 cluster_nce=0.0000 
batch=0550 loss=0.8387 representation_loss=0.6356 clustering_loss=0.4062 instance_nce=0.0000 cluster_nce=0.0000 
batch=0600 loss=0.9432 representation_loss=0.7647 clustering_loss=0.3570 instance_nce=0.0000 cluster_nce=0.0000 
batch=0650 loss=0.8315 representation_loss=0.6331 clustering_loss=0.3969 instance_nce=0.0000 cluster_nce=0.0000 
batch=0700 loss=0.8201 representation_loss=0.6354 clustering_loss=0.3694 instance_nce=0.0000 cluster_nce=0.0000 
batch=0750 loss=0.9114 representation_loss=0.7529 clustering_loss=0.3171 instance_nce=0.0000 cluster_nce=0.0000 
batch=0800 loss=0.8585 representation_loss=0.6829 clustering_loss=0.3512 instance_nce=0.0000 cluster_nce=0.0000 
batch=0850 loss=0.8338 representation_loss=0.7025 clustering_loss=0.2625 instance_nce=0.0000 cluster_nce=0.0000 
Train: loss=0.8819 mstm=0.6804 instance_nce=0.0000 cluster_nce=0.0000 dec=0.4030
save checkpoint:  /root/trajectory-clustering/con-dtc/runs/condtc_porto_finegrained_s3_m07_entropy_p70_a025_reverse_stability_w125/20260823_133558_seed19721013/checkpoints/condtc_best.pt
epoch=2 / num_epochs=6
batch=0050 loss=0.8307 representation_loss=0.6473 clustering_loss=0.3668 instance_nce=0.0000 cluster_nce=0.0000 
batch=0100 loss=0.7994 representation_loss=0.6292 clustering_loss=0.3405 instance_nce=0.0000 cluster_nce=0.0000 
batch=0150 loss=0.8030 representation_loss=0.6276 clustering_loss=0.3508 instance_nce=0.0000 cluster_nce=0.0000 
batch=0200 loss=0.8728 representation_loss=0.7053 clustering_loss=0.3350 instance_nce=0.0000 cluster_nce=0.0000 
batch=0250 loss=0.8413 representation_loss=0.6842 clustering_loss=0.3142 instance_nce=0.0000 cluster_nce=0.0000 
batch=0300 loss=0.8527 representation_loss=0.7002 clustering_loss=0.3049 instance_nce=0.0000 cluster_nce=0.0000 
batch=0350 loss=0.7723 representation_loss=0.6186 clustering_loss=0.3073 instance_nce=0.0000 cluster_nce=0.0000 
batch=0400 loss=0.8644 representation_loss=0.7073 clustering_loss=0.3143 instance_nce=0.0000 cluster_nce=0.0000 
batch=0450 loss=0.8338 representation_loss=0.6678 clustering_loss=0.3320 instance_nce=0.0000 cluster_nce=0.0000 
batch=0500 loss=0.8769 representation_loss=0.7350 clustering_loss=0.2837 instance_nce=0.0000 cluster_nce=0.0000 
batch=0550 loss=0.8253 representation_loss=0.6633 clustering_loss=0.3240 instance_nce=0.0000 cluster_nce=0.0000 
batch=0600 loss=0.7747 representation_loss=0.6200 clustering_loss=0.3094 instance_nce=0.0000 cluster_nce=0.0000 
batch=0650 loss=0.8560 representation_loss=0.7159 clustering_loss=0.2800 instance_nce=0.0000 cluster_nce=0.0000 
batch=0700 loss=0.8750 representation_loss=0.7320 clustering_loss=0.2860 instance_nce=0.0000 cluster_nce=0.0000 
batch=0750 loss=0.7567 representation_loss=0.6144 clustering_loss=0.2846 instance_nce=0.0000 cluster_nce=0.0000 
batch=0800 loss=0.8754 representation_loss=0.7311 clustering_loss=0.2886 instance_nce=0.0000 cluster_nce=0.0000 
batch=0850 loss=0.7609 representation_loss=0.6174 clustering_loss=0.2869 instance_nce=0.0000 cluster_nce=0.0000 
Train: loss=0.8197 mstm=0.6612 instance_nce=0.0000 cluster_nce=0.0000 dec=0.3170
save checkpoint:  /root/trajectory-clustering/con-dtc/runs/condtc_porto_finegrained_s3_m07_entropy_p70_a025_reverse_stability_w125/20260823_133558_seed19721013/checkpoints/condtc_best.pt
epoch=3 / num_epochs=6
batch=0050 loss=0.8017 representation_loss=0.6481 clustering_loss=0.3073 instance_nce=0.0000 cluster_nce=0.0000 
batch=0100 loss=0.8461 representation_loss=0.7033 clustering_loss=0.2857 instance_nce=0.0000 cluster_nce=0.0000 
batch=0150 loss=0.7991 representation_loss=0.6531 clustering_loss=0.2920 instance_nce=0.0000 cluster_nce=0.0000 
batch=0200 loss=0.7174 representation_loss=0.5796 clustering_loss=0.2755 instance_nce=0.0000 cluster_nce=0.0000 
batch=0250 loss=0.8483 representation_loss=0.7195 clustering_loss=0.2575 instance_nce=0.0000 cluster_nce=0.0000 
batch=0300 loss=0.7900 representation_loss=0.6616 clustering_loss=0.2569 instance_nce=0.0000 cluster_nce=0.0000 
batch=0350 loss=0.8805 representation_loss=0.7529 clustering_loss=0.2553 instance_nce=0.0000 cluster_nce=0.0000 
batch=0400 loss=0.7131 representation_loss=0.5752 clustering_loss=0.2757 instance_nce=0.0000 cluster_nce=0.0000 
batch=0450 loss=0.8461 representation_loss=0.7147 clustering_loss=0.2629 instance_nce=0.0000 cluster_nce=0.0000 
batch=0500 loss=0.7940 representation_loss=0.6549 clustering_loss=0.2782 instance_nce=0.0000 cluster_nce=0.0000 
batch=0550 loss=0.7895 representation_loss=0.6671 clustering_loss=0.2448 instance_nce=0.0000 cluster_nce=0.0000 
batch=0600 loss=0.7829 representation_loss=0.6440 clustering_loss=0.2779 instance_nce=0.0000 cluster_nce=0.0000 
batch=0650 loss=0.9691 representation_loss=0.8328 clustering_loss=0.2726 instance_nce=0.0000 cluster_nce=0.0000 
batch=0700 loss=0.8032 representation_loss=0.6806 clustering_loss=0.2452 instance_nce=0.0000 cluster_nce=0.0000 
batch=0750 loss=0.7577 representation_loss=0.6384 clustering_loss=0.2386 instance_nce=0.0000 cluster_nce=0.0000 
batch=0800 loss=0.8634 representation_loss=0.7334 clustering_loss=0.2599 instance_nce=0.0000 cluster_nce=0.0000 
batch=0850 loss=0.8589 representation_loss=0.7276 clustering_loss=0.2625 instance_nce=0.0000 cluster_nce=0.0000 
Train: loss=0.7857 mstm=0.6515 instance_nce=0.0000 cluster_nce=0.0000 dec=0.2683
save checkpoint:  /root/trajectory-clustering/con-dtc/runs/condtc_porto_finegrained_s3_m07_entropy_p70_a025_reverse_stability_w125/20260823_133558_seed19721013/checkpoints/condtc_best.pt
epoch=4 / num_epochs=6
batch=0050 loss=0.7612 representation_loss=0.6299 clustering_loss=0.2626 instance_nce=0.0000 cluster_nce=0.0000 
batch=0100 loss=0.6484 representation_loss=0.5142 clustering_loss=0.2683 instance_nce=0.0000 cluster_nce=0.0000 
batch=0150 loss=0.7203 representation_loss=0.6045 clustering_loss=0.2317 instance_nce=0.0000 cluster_nce=0.0000 
batch=0200 loss=0.7522 representation_loss=0.6217 clustering_loss=0.2611 instance_nce=0.0000 cluster_nce=0.0000 
batch=0250 loss=0.8593 representation_loss=0.7340 clustering_loss=0.2506 instance_nce=0.0000 cluster_nce=0.0000 
batch=0300 loss=0.8037 representation_loss=0.6859 clustering_loss=0.2356 instance_nce=0.0000 cluster_nce=0.0000 
batch=0350 loss=0.6626 representation_loss=0.5469 clustering_loss=0.2315 instance_nce=0.0000 cluster_nce=0.0000 
batch=0400 loss=0.7538 representation_loss=0.6361 clustering_loss=0.2354 instance_nce=0.0000 cluster_nce=0.0000 
batch=0450 loss=0.7656 representation_loss=0.6513 clustering_loss=0.2287 instance_nce=0.0000 cluster_nce=0.0000 
batch=0500 loss=0.6346 representation_loss=0.5116 clustering_loss=0.2461 instance_nce=0.0000 cluster_nce=0.0000 
batch=0550 loss=0.6621 representation_loss=0.5431 clustering_loss=0.2381 instance_nce=0.0000 cluster_nce=0.0000 
batch=0600 loss=0.7431 representation_loss=0.6287 clustering_loss=0.2288 instance_nce=0.0000 cluster_nce=0.0000 
batch=0650 loss=0.8360 representation_loss=0.7300 clustering_loss=0.2121 instance_nce=0.0000 cluster_nce=0.0000 
batch=0700 loss=0.7531 representation_loss=0.6422 clustering_loss=0.2218 instance_nce=0.0000 cluster_nce=0.0000 
batch=0750 loss=0.7069 representation_loss=0.5971 clustering_loss=0.2197 instance_nce=0.0000 cluster_nce=0.0000 
batch=0800 loss=0.7577 representation_loss=0.6425 clustering_loss=0.2302 instance_nce=0.0000 cluster_nce=0.0000 
batch=0850 loss=0.6936 representation_loss=0.5858 clustering_loss=0.2157 instance_nce=0.0000 cluster_nce=0.0000 
Train: loss=0.7596 mstm=0.6387 instance_nce=0.0000 cluster_nce=0.0000 dec=0.2418
save checkpoint:  /root/trajectory-clustering/con-dtc/runs/condtc_porto_finegrained_s3_m07_entropy_p70_a025_reverse_stability_w125/20260823_133558_seed19721013/checkpoints/condtc_best.pt
epoch=5 / num_epochs=6
batch=0050 loss=0.7413 representation_loss=0.6228 clustering_loss=0.2370 instance_nce=0.0000 cluster_nce=0.0000 
batch=0100 loss=0.7247 representation_loss=0.6068 clustering_loss=0.2359 instance_nce=0.0000 cluster_nce=0.0000 
batch=0150 loss=0.7296 representation_loss=0.6172 clustering_loss=0.2249 instance_nce=0.0000 cluster_nce=0.0000 
batch=0200 loss=0.7557 representation_loss=0.6355 clustering_loss=0.2404 instance_nce=0.0000 cluster_nce=0.0000 
batch=0250 loss=0.7145 representation_loss=0.6101 clustering_loss=0.2089 instance_nce=0.0000 cluster_nce=0.0000 
batch=0300 loss=0.7150 representation_loss=0.6036 clustering_loss=0.2228 instance_nce=0.0000 cluster_nce=0.0000 
batch=0350 loss=0.7492 representation_loss=0.6356 clustering_loss=0.2270 instance_nce=0.0000 cluster_nce=0.0000 
batch=0400 loss=0.6716 representation_loss=0.5531 clustering_loss=0.2370 instance_nce=0.0000 cluster_nce=0.0000 
batch=0450 loss=0.6572 representation_loss=0.5375 clustering_loss=0.2395 instance_nce=0.0000 cluster_nce=0.0000 
batch=0500 loss=0.6827 representation_loss=0.5675 clustering_loss=0.2304 instance_nce=0.0000 cluster_nce=0.0000 
batch=0550 loss=0.6766 representation_loss=0.5653 clustering_loss=0.2226 instance_nce=0.0000 cluster_nce=0.0000 
batch=0600 loss=0.7534 representation_loss=0.6371 clustering_loss=0.2326 instance_nce=0.0000 cluster_nce=0.0000 
batch=0650 loss=0.7423 representation_loss=0.6353 clustering_loss=0.2139 instance_nce=0.0000 cluster_nce=0.0000 
batch=0700 loss=0.7583 representation_loss=0.6513 clustering_loss=0.2142 instance_nce=0.0000 cluster_nce=0.0000 
batch=0750 loss=0.8733 representation_loss=0.7657 clustering_loss=0.2152 instance_nce=0.0000 cluster_nce=0.0000 
batch=0800 loss=0.7959 representation_loss=0.6817 clustering_loss=0.2282 instance_nce=0.0000 cluster_nce=0.0000 
batch=0850 loss=0.7046 representation_loss=0.5958 clustering_loss=0.2176 instance_nce=0.0000 cluster_nce=0.0000 
Train: loss=0.7432 mstm=0.6303 instance_nce=0.0000 cluster_nce=0.0000 dec=0.2258
save checkpoint:  /root/trajectory-clustering/con-dtc/runs/condtc_porto_finegrained_s3_m07_entropy_p70_a025_reverse_stability_w125/20260823_133558_seed19721013/checkpoints/condtc_best.pt
epoch=6 / num_epochs=6
batch=0050 loss=0.7299 representation_loss=0.6177 clustering_loss=0.2245 instance_nce=0.0000 cluster_nce=0.0000 
batch=0100 loss=0.6635 representation_loss=0.5543 clustering_loss=0.2184 instance_nce=0.0000 cluster_nce=0.0000 
batch=0150 loss=0.7455 representation_loss=0.6317 clustering_loss=0.2276 instance_nce=0.0000 cluster_nce=0.0000 
batch=0200 loss=0.7286 representation_loss=0.6155 clustering_loss=0.2262 instance_nce=0.0000 cluster_nce=0.0000 
batch=0250 loss=0.8050 representation_loss=0.6958 clustering_loss=0.2184 instance_nce=0.0000 cluster_nce=0.0000 
batch=0300 loss=0.6224 representation_loss=0.5247 clustering_loss=0.1954 instance_nce=0.0000 cluster_nce=0.0000 
batch=0350 loss=0.7407 representation_loss=0.6356 clustering_loss=0.2103 instance_nce=0.0000 cluster_nce=0.0000 
batch=0400 loss=0.7414 representation_loss=0.6307 clustering_loss=0.2213 instance_nce=0.0000 cluster_nce=0.0000 
batch=0450 loss=0.6608 representation_loss=0.5635 clustering_loss=0.1947 instance_nce=0.0000 cluster_nce=0.0000 
batch=0500 loss=0.7450 representation_loss=0.6386 clustering_loss=0.2129 instance_nce=0.0000 cluster_nce=0.0000 
batch=0550 loss=0.7423 representation_loss=0.6406 clustering_loss=0.2036 instance_nce=0.0000 cluster_nce=0.0000 
batch=0600 loss=0.7808 representation_loss=0.6671 clustering_loss=0.2275 instance_nce=0.0000 cluster_nce=0.0000 
batch=0650 loss=0.6408 representation_loss=0.5445 clustering_loss=0.1926 instance_nce=0.0000 cluster_nce=0.0000 
batch=0700 loss=0.7336 representation_loss=0.6276 clustering_loss=0.2120 instance_nce=0.0000 cluster_nce=0.0000 
batch=0750 loss=0.7688 representation_loss=0.6582 clustering_loss=0.2212 instance_nce=0.0000 cluster_nce=0.0000 
batch=0800 loss=0.6200 representation_loss=0.5182 clustering_loss=0.2035 instance_nce=0.0000 cluster_nce=0.0000 
batch=0850 loss=0.6143 representation_loss=0.5127 clustering_loss=0.2031 instance_nce=0.0000 cluster_nce=0.0000 
Train: loss=0.7266 mstm=0.6193 instance_nce=0.0000 cluster_nce=0.0000 dec=0.2146
save checkpoint:  /root/trajectory-clustering/con-dtc/runs/condtc_porto_finegrained_s3_m07_entropy_p70_a025_reverse_stability_w125/20260823_133558_seed19721013/checkpoints/condtc_best.pt
best train_loss:  0.7266019463822904
evaluating: /root/trajectory-clustering/con-dtc/runs/condtc_porto_finegrained_s3_m07_entropy_p70_a025_reverse_stability_w125/20260823_133558_seed19721013/checkpoints/condtc_best.pt
device: cuda
dataset: portoTimeNoiseFineGrained
cluster counts: tensor([1581,  730, 1871, 1132,  738,  374,  991, 1097,  673, 2037, 1088, 1038,
         964, 1046,  914,  824,    0, 1017, 1020,  390,  921, 1366, 1359,    0,
        1702, 1426, 1006])
metrics: {'uacc': 0.8219373741073064, 'nmi': 0.917983519022036, 'ri': 0.9822788450699586, 'ari': 0.7759422251054682}
metrics saved: /root/trajectory-clustering/con-dtc/runs/condtc_porto_finegrained_s3_m07_entropy_p70_a025_reverse_stability_w125/20260823_133558_seed19721013/metrics.json
