experiment initialized
run directory: /root/trajectory-clustering/con-dtc/runs/condtc_qd_ema_staged_s3_m07_entropy_p70_a025/20260817_150715_seed2026
config snapshot: /root/trajectory-clustering/con-dtc/runs/condtc_qd_ema_staged_s3_m07_entropy_p70_a025/20260817_150715_seed2026/config.yaml
device: cuda
pretrain checkpoint: /root/trajectory-clustering/con-dtc/checkpoints/sttraj2vec_pretrain_paper_15ep.pt
epoch=1 / num_epochs=6
batch=0050 loss=1.1425 representation_loss=0.9502 clustering_loss=0.3846 instance_nce=3.4862 cluster_nce=2.3926 
batch=0100 loss=1.2458 representation_loss=1.0504 clustering_loss=0.3907 instance_nce=3.4718 cluster_nce=2.4177 
batch=0150 loss=1.0822 representation_loss=0.8810 clustering_loss=0.4024 instance_nce=3.4622 cluster_nce=2.4080 
batch=0200 loss=1.1439 representation_loss=0.9759 clustering_loss=0.3359 instance_nce=3.4991 cluster_nce=2.3710 
batch=0250 loss=1.1726 representation_loss=1.0075 clustering_loss=0.3303 instance_nce=3.4743 cluster_nce=2.3967 
batch=0300 loss=1.0769 representation_loss=0.9114 clustering_loss=0.3309 instance_nce=3.4768 cluster_nce=2.3934 
batch=0350 loss=1.0888 representation_loss=0.8819 clustering_loss=0.4136 instance_nce=3.4754 cluster_nce=2.4027 
Train: loss=1.1455 mstm=0.9570 instance_nce=3.4843 cluster_nce=2.4063 dec=0.3770
save checkpoint:  /root/trajectory-clustering/con-dtc/runs/condtc_qd_ema_staged_s3_m07_entropy_p70_a025/20260817_150715_seed2026/checkpoints/condtc_best.pt
epoch=2 / num_epochs=6
batch=0050 loss=0.9607 representation_loss=0.8276 clustering_loss=0.2662 instance_nce=3.4693 cluster_nce=2.3801 
batch=0100 loss=0.9629 representation_loss=0.8236 clustering_loss=0.2787 instance_nce=3.4543 cluster_nce=2.3978 
batch=0150 loss=0.9452 representation_loss=0.8044 clustering_loss=0.2816 instance_nce=3.4644 cluster_nce=2.4020 
batch=0200 loss=0.9457 representation_loss=0.8103 clustering_loss=0.2707 instance_nce=3.4766 cluster_nce=2.4119 
batch=0250 loss=1.1337 representation_loss=1.0107 clustering_loss=0.2461 instance_nce=3.4584 cluster_nce=2.4101 
batch=0300 loss=1.0750 representation_loss=0.9560 clustering_loss=0.2381 instance_nce=3.4974 cluster_nce=2.3848 
batch=0350 loss=1.1823 representation_loss=1.0538 clustering_loss=0.2569 instance_nce=3.4568 cluster_nce=2.3653 
Train: loss=1.0699 mstm=0.9367 instance_nce=3.4647 cluster_nce=2.3825 dec=0.2662
save checkpoint:  /root/trajectory-clustering/con-dtc/runs/condtc_qd_ema_staged_s3_m07_entropy_p70_a025/20260817_150715_seed2026/checkpoints/condtc_best.pt
epoch=3 / num_epochs=6
batch=0050 loss=1.0421 representation_loss=0.9103 clustering_loss=0.2635 instance_nce=3.4698 cluster_nce=2.3839 
batch=0100 loss=1.0829 representation_loss=0.9615 clustering_loss=0.2427 instance_nce=3.4464 cluster_nce=2.3696 
batch=0150 loss=1.1182 representation_loss=1.0031 clustering_loss=0.2301 instance_nce=3.4533 cluster_nce=2.3747 
batch=0200 loss=0.9504 representation_loss=0.8385 clustering_loss=0.2239 instance_nce=3.4893 cluster_nce=2.3748 
batch=0250 loss=1.0297 representation_loss=0.9106 clustering_loss=0.2381 instance_nce=3.4353 cluster_nce=2.3727 
batch=0300 loss=1.0684 representation_loss=0.9523 clustering_loss=0.2322 instance_nce=3.4695 cluster_nce=2.3992 
batch=0350 loss=1.0719 representation_loss=0.9696 clustering_loss=0.2045 instance_nce=3.4296 cluster_nce=2.3475 
Train: loss=1.0488 mstm=0.9329 instance_nce=3.4540 cluster_nce=2.3727 dec=0.2319
save checkpoint:  /root/trajectory-clustering/con-dtc/runs/condtc_qd_ema_staged_s3_m07_entropy_p70_a025/20260817_150715_seed2026/checkpoints/condtc_best.pt
epoch=4 / num_epochs=6
batch=0050 loss=0.9792 representation_loss=0.8655 clustering_loss=0.2275 instance_nce=3.4639 cluster_nce=2.3432 
batch=0100 loss=0.8855 representation_loss=0.7776 clustering_loss=0.2157 instance_nce=3.4447 cluster_nce=2.3866 
batch=0150 loss=0.9868 representation_loss=0.8845 clustering_loss=0.2046 instance_nce=3.4577 cluster_nce=2.3689 
batch=0200 loss=0.9805 representation_loss=0.8742 clustering_loss=0.2126 instance_nce=3.4285 cluster_nce=2.3405 
batch=0250 loss=0.9832 representation_loss=0.8842 clustering_loss=0.1980 instance_nce=3.4452 cluster_nce=2.3746 
batch=0300 loss=1.0366 representation_loss=0.9324 clustering_loss=0.2084 instance_nce=3.4693 cluster_nce=2.3933 
batch=0350 loss=0.9917 representation_loss=0.8934 clustering_loss=0.1967 instance_nce=3.4461 cluster_nce=2.3675 
Train: loss=1.0273 mstm=0.9207 instance_nce=3.4455 cluster_nce=2.3666 dec=0.2133
save checkpoint:  /root/trajectory-clustering/con-dtc/runs/condtc_qd_ema_staged_s3_m07_entropy_p70_a025/20260817_150715_seed2026/checkpoints/condtc_best.pt
epoch=5 / num_epochs=6
batch=0050 loss=1.1308 representation_loss=1.0213 clustering_loss=0.2189 instance_nce=3.4293 cluster_nce=2.3456 
batch=0100 loss=1.1134 representation_loss=1.0056 clustering_loss=0.2156 instance_nce=3.4777 cluster_nce=2.4092 
batch=0150 loss=0.9330 representation_loss=0.8248 clustering_loss=0.2163 instance_nce=3.4545 cluster_nce=2.3910 
batch=0200 loss=0.9537 representation_loss=0.8597 clustering_loss=0.1880 instance_nce=3.4005 cluster_nce=2.3562 
batch=0250 loss=0.9522 representation_loss=0.8621 clustering_loss=0.1802 instance_nce=3.4193 cluster_nce=2.3453 
batch=0300 loss=1.0851 representation_loss=0.9841 clustering_loss=0.2019 instance_nce=3.4378 cluster_nce=2.3765 
batch=0350 loss=1.0553 representation_loss=0.9459 clustering_loss=0.2189 instance_nce=3.4176 cluster_nce=2.3447 
Train: loss=1.0200 mstm=0.9189 instance_nce=3.4350 cluster_nce=2.3621 dec=0.2022
save checkpoint:  /root/trajectory-clustering/con-dtc/runs/condtc_qd_ema_staged_s3_m07_entropy_p70_a025/20260817_150715_seed2026/checkpoints/condtc_best.pt
epoch=6 / num_epochs=6
batch=0050 loss=1.1178 representation_loss=1.0218 clustering_loss=0.1921 instance_nce=3.4202 cluster_nce=2.3644 
batch=0100 loss=1.0452 representation_loss=0.9568 clustering_loss=0.1767 instance_nce=3.4097 cluster_nce=2.3480 
batch=0150 loss=1.0691 representation_loss=0.9661 clustering_loss=0.2059 instance_nce=3.4049 cluster_nce=2.3627 
batch=0200 loss=1.0162 representation_loss=0.9222 clustering_loss=0.1880 instance_nce=3.4254 cluster_nce=2.3639 
batch=0250 loss=1.0472 representation_loss=0.9388 clustering_loss=0.2167 instance_nce=3.4281 cluster_nce=2.3659 
batch=0300 loss=0.9524 representation_loss=0.8581 clustering_loss=0.1886 instance_nce=3.4042 cluster_nce=2.3600 
batch=0350 loss=0.9579 representation_loss=0.8741 clustering_loss=0.1676 instance_nce=3.4209 cluster_nce=2.3317 
Train: loss=0.9938 mstm=0.8970 instance_nce=3.4282 cluster_nce=2.3586 dec=0.1937
save checkpoint:  /root/trajectory-clustering/con-dtc/runs/condtc_qd_ema_staged_s3_m07_entropy_p70_a025/20260817_150715_seed2026/checkpoints/condtc_best.pt
best train_loss:  0.9938309478661144
evaluating: /root/trajectory-clustering/con-dtc/runs/condtc_qd_ema_staged_s3_m07_entropy_p70_a025/20260817_150715_seed2026/checkpoints/condtc_best.pt
device: cuda
cluster counts: tensor([ 965, 1003, 1711,    3, 1000, 1152,  972,  218, 1954,  944,  746,  936])
metrics: {'uacc': 0.8113581523612547, 'nmi': 0.9017545625039652, 'ri': 0.9625344727288997, 'ari': 0.7820936946741522}
metrics saved: /root/trajectory-clustering/con-dtc/runs/condtc_qd_ema_staged_s3_m07_entropy_p70_a025/20260817_150715_seed2026/metrics.json
