experiment initialized
run directory: /root/trajectory-clustering/con-dtc/runs/condtc_qd_ema_staged_s3_m07_entropy_linear_p70_p90_a025/20260817_165331_seed2026
config snapshot: /root/trajectory-clustering/con-dtc/runs/condtc_qd_ema_staged_s3_m07_entropy_linear_p70_p90_a025/20260817_165331_seed2026/config.yaml
device: cuda
pretrain checkpoint: /root/trajectory-clustering/con-dtc/checkpoints/sttraj2vec_pretrain_paper_15ep.pt
epoch=1 / num_epochs=6
batch=0050 loss=1.1425 representation_loss=0.9502 clustering_loss=0.3846 instance_nce=3.4862 cluster_nce=2.3926 
batch=0100 loss=1.2458 representation_loss=1.0504 clustering_loss=0.3907 instance_nce=3.4718 cluster_nce=2.4177 
batch=0150 loss=1.0822 representation_loss=0.8810 clustering_loss=0.4024 instance_nce=3.4622 cluster_nce=2.4080 
batch=0200 loss=1.1439 representation_loss=0.9759 clustering_loss=0.3359 instance_nce=3.4991 cluster_nce=2.3710 
batch=0250 loss=1.1726 representation_loss=1.0075 clustering_loss=0.3303 instance_nce=3.4743 cluster_nce=2.3967 
batch=0300 loss=1.0769 representation_loss=0.9114 clustering_loss=0.3309 instance_nce=3.4768 cluster_nce=2.3934 
batch=0350 loss=1.0888 representation_loss=0.8819 clustering_loss=0.4136 instance_nce=3.4754 cluster_nce=2.4027 
Train: loss=1.1455 mstm=0.9570 instance_nce=3.4843 cluster_nce=2.4063 dec=0.3770
save checkpoint:  /root/trajectory-clustering/con-dtc/runs/condtc_qd_ema_staged_s3_m07_entropy_linear_p70_p90_a025/20260817_165331_seed2026/checkpoints/condtc_best.pt
epoch=2 / num_epochs=6
batch=0050 loss=0.9607 representation_loss=0.8276 clustering_loss=0.2662 instance_nce=3.4693 cluster_nce=2.3801 
batch=0100 loss=0.9629 representation_loss=0.8236 clustering_loss=0.2787 instance_nce=3.4543 cluster_nce=2.3978 
batch=0150 loss=0.9452 representation_loss=0.8044 clustering_loss=0.2816 instance_nce=3.4644 cluster_nce=2.4020 
batch=0200 loss=0.9457 representation_loss=0.8103 clustering_loss=0.2707 instance_nce=3.4766 cluster_nce=2.4119 
batch=0250 loss=1.1337 representation_loss=1.0107 clustering_loss=0.2461 instance_nce=3.4584 cluster_nce=2.4101 
batch=0300 loss=1.0750 representation_loss=0.9560 clustering_loss=0.2381 instance_nce=3.4974 cluster_nce=2.3848 
batch=0350 loss=1.1823 representation_loss=1.0538 clustering_loss=0.2569 instance_nce=3.4568 cluster_nce=2.3653 
Train: loss=1.0699 mstm=0.9367 instance_nce=3.4647 cluster_nce=2.3825 dec=0.2662
save checkpoint:  /root/trajectory-clustering/con-dtc/runs/condtc_qd_ema_staged_s3_m07_entropy_linear_p70_p90_a025/20260817_165331_seed2026/checkpoints/condtc_best.pt
epoch=3 / num_epochs=6
batch=0050 loss=1.0391 representation_loss=0.9103 clustering_loss=0.2575 instance_nce=3.4697 cluster_nce=2.3843 
batch=0100 loss=1.0821 representation_loss=0.9615 clustering_loss=0.2411 instance_nce=3.4463 cluster_nce=2.3700 
batch=0150 loss=1.1184 representation_loss=1.0033 clustering_loss=0.2302 instance_nce=3.4532 cluster_nce=2.3750 
batch=0200 loss=0.9476 representation_loss=0.8382 clustering_loss=0.2187 instance_nce=3.4894 cluster_nce=2.3752 
batch=0250 loss=1.0293 representation_loss=0.9105 clustering_loss=0.2375 instance_nce=3.4352 cluster_nce=2.3729 
batch=0300 loss=1.0683 representation_loss=0.9521 clustering_loss=0.2323 instance_nce=3.4696 cluster_nce=2.3995 
batch=0350 loss=1.0699 representation_loss=0.9697 clustering_loss=0.2004 instance_nce=3.4298 cluster_nce=2.3480 
Train: loss=1.0477 mstm=0.9329 instance_nce=3.4540 cluster_nce=2.3730 dec=0.2297
save checkpoint:  /root/trajectory-clustering/con-dtc/runs/condtc_qd_ema_staged_s3_m07_entropy_linear_p70_p90_a025/20260817_165331_seed2026/checkpoints/condtc_best.pt
epoch=4 / num_epochs=6
batch=0050 loss=0.9786 representation_loss=0.8654 clustering_loss=0.2264 instance_nce=3.4638 cluster_nce=2.3434 
batch=0100 loss=0.8841 representation_loss=0.7774 clustering_loss=0.2133 instance_nce=3.4446 cluster_nce=2.3872 
batch=0150 loss=0.9873 representation_loss=0.8846 clustering_loss=0.2054 instance_nce=3.4580 cluster_nce=2.3695 
batch=0200 loss=0.9785 representation_loss=0.8742 clustering_loss=0.2086 instance_nce=3.4284 cluster_nce=2.3409 
batch=0250 loss=0.9809 representation_loss=0.8842 clustering_loss=0.1934 instance_nce=3.4453 cluster_nce=2.3755 
batch=0300 loss=1.0350 representation_loss=0.9323 clustering_loss=0.2053 instance_nce=3.4696 cluster_nce=2.3941 
batch=0350 loss=0.9906 representation_loss=0.8933 clustering_loss=0.1946 instance_nce=3.4460 cluster_nce=2.3679 
Train: loss=1.0262 mstm=0.9207 instance_nce=3.4456 cluster_nce=2.3671 dec=0.2110
save checkpoint:  /root/trajectory-clustering/con-dtc/runs/condtc_qd_ema_staged_s3_m07_entropy_linear_p70_p90_a025/20260817_165331_seed2026/checkpoints/condtc_best.pt
epoch=5 / num_epochs=6
batch=0050 loss=1.1305 representation_loss=1.0211 clustering_loss=0.2187 instance_nce=3.4292 cluster_nce=2.3461 
batch=0100 loss=1.1110 representation_loss=1.0058 clustering_loss=0.2103 instance_nce=3.4776 cluster_nce=2.4101 
batch=0150 loss=0.9316 representation_loss=0.8247 clustering_loss=0.2137 instance_nce=3.4545 cluster_nce=2.3920 
batch=0200 loss=0.9535 representation_loss=0.8597 clustering_loss=0.1875 instance_nce=3.4005 cluster_nce=2.3568 
batch=0250 loss=0.9507 representation_loss=0.8619 clustering_loss=0.1777 instance_nce=3.4193 cluster_nce=2.3461 
batch=0300 loss=1.0845 representation_loss=0.9841 clustering_loss=0.2008 instance_nce=3.4379 cluster_nce=2.3777 
batch=0350 loss=1.0543 representation_loss=0.9462 clustering_loss=0.2162 instance_nce=3.4175 cluster_nce=2.3455 
Train: loss=1.0189 mstm=0.9189 instance_nce=3.4349 cluster_nce=2.3628 dec=0.2000
save checkpoint:  /root/trajectory-clustering/con-dtc/runs/condtc_qd_ema_staged_s3_m07_entropy_linear_p70_p90_a025/20260817_165331_seed2026/checkpoints/condtc_best.pt
epoch=6 / num_epochs=6
batch=0050 loss=1.1155 representation_loss=1.0218 clustering_loss=0.1875 instance_nce=3.4198 cluster_nce=2.3652 
batch=0100 loss=1.0440 representation_loss=0.9569 clustering_loss=0.1741 instance_nce=3.4098 cluster_nce=2.3490 
batch=0150 loss=1.0663 representation_loss=0.9662 clustering_loss=0.2001 instance_nce=3.4048 cluster_nce=2.3635 
batch=0200 loss=1.0151 representation_loss=0.9220 clustering_loss=0.1862 instance_nce=3.4254 cluster_nce=2.3648 
batch=0250 loss=1.0469 representation_loss=0.9387 clustering_loss=0.2164 instance_nce=3.4281 cluster_nce=2.3674 
batch=0300 loss=0.9516 representation_loss=0.8584 clustering_loss=0.1864 instance_nce=3.4042 cluster_nce=2.3610 
batch=0350 loss=0.9578 representation_loss=0.8744 clustering_loss=0.1669 instance_nce=3.4209 cluster_nce=2.3324 
Train: loss=0.9928 mstm=0.8970 instance_nce=3.4282 cluster_nce=2.3596 dec=0.1916
save checkpoint:  /root/trajectory-clustering/con-dtc/runs/condtc_qd_ema_staged_s3_m07_entropy_linear_p70_p90_a025/20260817_165331_seed2026/checkpoints/condtc_best.pt
best train_loss:  0.9927501034342145
evaluating: /root/trajectory-clustering/con-dtc/runs/condtc_qd_ema_staged_s3_m07_entropy_linear_p70_p90_a025/20260817_165331_seed2026/checkpoints/condtc_best.pt
device: cuda
cluster counts: tensor([ 963, 1003, 1670,   10, 1000, 1169,  971,  260, 1947,  944,  729,  938])
metrics: {'uacc': 0.8104963805584281, 'nmi': 0.8990729983651713, 'ri': 0.9622852325482631, 'ari': 0.7795853842552563}
metrics saved: /root/trajectory-clustering/con-dtc/runs/condtc_qd_ema_staged_s3_m07_entropy_linear_p70_p90_a025/20260817_165331_seed2026/metrics.json
