experiment initialized
run directory: /root/trajectory-clustering/con-dtc/runs/condtc_qd_ema_staged_s4_m09/20260816_214747_seed777
config snapshot: /root/trajectory-clustering/con-dtc/runs/condtc_qd_ema_staged_s4_m09/20260816_214747_seed777/config.yaml
device: cuda
pretrain checkpoint: /root/trajectory-clustering/con-dtc/checkpoints/sttraj2vec_pretrain_paper_15ep.pt
epoch=1 / num_epochs=6
batch=0050 loss=1.1041 representation_loss=0.8910 clustering_loss=0.4262 instance_nce=3.5183 cluster_nce=2.3541 
batch=0100 loss=1.1255 representation_loss=0.9189 clustering_loss=0.4131 instance_nce=3.5500 cluster_nce=2.3527 
batch=0150 loss=1.0998 representation_loss=0.9010 clustering_loss=0.3976 instance_nce=3.5374 cluster_nce=2.3381 
batch=0200 loss=1.0455 representation_loss=0.8774 clustering_loss=0.3362 instance_nce=3.5043 cluster_nce=2.3492 
batch=0250 loss=1.0576 representation_loss=0.8807 clustering_loss=0.3538 instance_nce=3.5087 cluster_nce=2.3190 
batch=0300 loss=1.0648 representation_loss=0.8901 clustering_loss=0.3494 instance_nce=3.5232 cluster_nce=2.3238 
batch=0350 loss=1.2181 representation_loss=1.0338 clustering_loss=0.3685 instance_nce=3.4997 cluster_nce=2.3173 
Train: loss=1.1377 mstm=0.9503 instance_nce=3.5230 cluster_nce=2.3400 dec=0.3747
save checkpoint:  /root/trajectory-clustering/con-dtc/runs/condtc_qd_ema_staged_s4_m09/20260816_214747_seed777/checkpoints/condtc_best.pt
epoch=2 / num_epochs=6
batch=0050 loss=1.1027 representation_loss=0.9530 clustering_loss=0.2994 instance_nce=3.4978 cluster_nce=2.3306 
batch=0100 loss=1.0955 representation_loss=0.9477 clustering_loss=0.2954 instance_nce=3.5180 cluster_nce=2.3085 
batch=0150 loss=1.1029 representation_loss=0.9744 clustering_loss=0.2570 instance_nce=3.5031 cluster_nce=2.3156 
batch=0200 loss=1.0753 representation_loss=0.9499 clustering_loss=0.2507 instance_nce=3.5658 cluster_nce=2.3358 
batch=0250 loss=1.0711 representation_loss=0.9385 clustering_loss=0.2652 instance_nce=3.4802 cluster_nce=2.3046 
batch=0300 loss=1.0171 representation_loss=0.9069 clustering_loss=0.2203 instance_nce=3.4612 cluster_nce=2.3082 
batch=0350 loss=1.0363 representation_loss=0.9243 clustering_loss=0.2239 instance_nce=3.5195 cluster_nce=2.3021 
Train: loss=1.0692 mstm=0.9393 instance_nce=3.5033 cluster_nce=2.3218 dec=0.2599
save checkpoint:  /root/trajectory-clustering/con-dtc/runs/condtc_qd_ema_staged_s4_m09/20260816_214747_seed777/checkpoints/condtc_best.pt
epoch=3 / num_epochs=6
batch=0050 loss=1.0529 representation_loss=0.9208 clustering_loss=0.2643 instance_nce=3.5023 cluster_nce=2.3127 
batch=0100 loss=1.1508 representation_loss=1.0091 clustering_loss=0.2833 instance_nce=3.4805 cluster_nce=2.3092 
batch=0150 loss=1.0526 representation_loss=0.9373 clustering_loss=0.2306 instance_nce=3.4609 cluster_nce=2.3193 
batch=0200 loss=0.9713 representation_loss=0.8451 clustering_loss=0.2524 instance_nce=3.4895 cluster_nce=2.3255 
batch=0250 loss=1.1273 representation_loss=1.0124 clustering_loss=0.2298 instance_nce=3.4835 cluster_nce=2.3114 
batch=0300 loss=0.9811 representation_loss=0.8669 clustering_loss=0.2283 instance_nce=3.4932 cluster_nce=2.3181 
batch=0350 loss=1.1131 representation_loss=1.0065 clustering_loss=0.2131 instance_nce=3.4607 cluster_nce=2.3102 
Train: loss=1.0574 mstm=0.9331 instance_nce=3.4922 cluster_nce=2.3165 dec=0.2485
save checkpoint:  /root/trajectory-clustering/con-dtc/runs/condtc_qd_ema_staged_s4_m09/20260816_214747_seed777/checkpoints/condtc_best.pt
epoch=4 / num_epochs=6
batch=0050 loss=1.0502 representation_loss=0.9432 clustering_loss=0.2141 instance_nce=3.4988 cluster_nce=2.3243 
batch=0100 loss=1.2102 representation_loss=1.0828 clustering_loss=0.2548 instance_nce=3.5333 cluster_nce=2.3272 
batch=0150 loss=1.1052 representation_loss=0.9976 clustering_loss=0.2152 instance_nce=3.4718 cluster_nce=2.3141 
batch=0200 loss=1.1392 representation_loss=1.0299 clustering_loss=0.2185 instance_nce=3.4677 cluster_nce=2.3035 
batch=0250 loss=1.0875 representation_loss=0.9646 clustering_loss=0.2458 instance_nce=3.5017 cluster_nce=2.3182 
batch=0300 loss=0.8673 representation_loss=0.7559 clustering_loss=0.2228 instance_nce=3.5045 cluster_nce=2.3223 
batch=0350 loss=1.1255 representation_loss=1.0179 clustering_loss=0.2152 instance_nce=3.4515 cluster_nce=2.3090 
Train: loss=1.0333 mstm=0.9245 instance_nce=3.4822 cluster_nce=2.3116 dec=0.2176
save checkpoint:  /root/trajectory-clustering/con-dtc/runs/condtc_qd_ema_staged_s4_m09/20260816_214747_seed777/checkpoints/condtc_best.pt
epoch=5 / num_epochs=6
batch=0050 loss=1.0320 representation_loss=0.9362 clustering_loss=0.1916 instance_nce=3.4531 cluster_nce=2.2973 
batch=0100 loss=0.9983 representation_loss=0.9020 clustering_loss=0.1925 instance_nce=3.4516 cluster_nce=2.3064 
batch=0150 loss=0.9411 representation_loss=0.8431 clustering_loss=0.1959 instance_nce=3.4660 cluster_nce=2.3062 
batch=0200 loss=0.9781 representation_loss=0.8772 clustering_loss=0.2017 instance_nce=3.4730 cluster_nce=2.3063 
batch=0250 loss=1.1084 representation_loss=1.0177 clustering_loss=0.1814 instance_nce=3.4626 cluster_nce=2.3097 
batch=0300 loss=1.0286 representation_loss=0.9414 clustering_loss=0.1744 instance_nce=3.4700 cluster_nce=2.3128 
batch=0350 loss=0.9812 representation_loss=0.8775 clustering_loss=0.2074 instance_nce=3.4701 cluster_nce=2.3154 
Train: loss=1.0104 mstm=0.9113 instance_nce=3.4742 cluster_nce=2.3090 dec=0.1983
save checkpoint:  /root/trajectory-clustering/con-dtc/runs/condtc_qd_ema_staged_s4_m09/20260816_214747_seed777/checkpoints/condtc_best.pt
epoch=6 / num_epochs=6
batch=0050 loss=0.9755 representation_loss=0.8776 clustering_loss=0.1958 instance_nce=3.5796 cluster_nce=2.3226 
batch=0100 loss=0.9324 representation_loss=0.8419 clustering_loss=0.1811 instance_nce=3.4784 cluster_nce=2.2936 
batch=0150 loss=0.9525 representation_loss=0.8597 clustering_loss=0.1855 instance_nce=3.4696 cluster_nce=2.3109 
batch=0200 loss=0.9633 representation_loss=0.8709 clustering_loss=0.1847 instance_nce=3.4890 cluster_nce=2.2951 
batch=0250 loss=0.9348 representation_loss=0.8456 clustering_loss=0.1784 instance_nce=3.4854 cluster_nce=2.3178 
batch=0300 loss=1.0527 representation_loss=0.9646 clustering_loss=0.1762 instance_nce=3.4624 cluster_nce=2.2941 
batch=0350 loss=1.0147 representation_loss=0.9163 clustering_loss=0.1969 instance_nce=3.4404 cluster_nce=2.2879 
Train: loss=0.9978 mstm=0.9046 instance_nce=3.4663 cluster_nce=2.3059 dec=0.1865
save checkpoint:  /root/trajectory-clustering/con-dtc/runs/condtc_qd_ema_staged_s4_m09/20260816_214747_seed777/checkpoints/condtc_best.pt
best train_loss:  0.9978287492444374
evaluating: /root/trajectory-clustering/con-dtc/runs/condtc_qd_ema_staged_s4_m09/20260816_214747_seed777/checkpoints/condtc_best.pt
device: cuda
cluster counts: tensor([ 974,  645, 1920,  964, 1003, 1253, 1000,  937,  944,  782, 1145,   37])
metrics: {'uacc': 0.8149775939331265, 'nmi': 0.8862020783681127, 'ri': 0.9615811093560269, 'ari': 0.767539763016707}
metrics saved: /root/trajectory-clustering/con-dtc/runs/condtc_qd_ema_staged_s4_m09/20260816_214747_seed777/metrics.json
