experiment initialized
run directory: /root/trajectory-clustering/con-dtc/runs/condtc_qd_ema_staged_s3_m07_entropy_linear_p70_p90_a025/20260817_164316_seed42
config snapshot: /root/trajectory-clustering/con-dtc/runs/condtc_qd_ema_staged_s3_m07_entropy_linear_p70_p90_a025/20260817_164316_seed42/config.yaml
device: cuda
pretrain checkpoint: /root/trajectory-clustering/con-dtc/checkpoints/sttraj2vec_pretrain_paper_15ep.pt
epoch=1 / num_epochs=6
batch=0050 loss=1.2522 representation_loss=1.0175 clustering_loss=0.4694 instance_nce=3.5261 cluster_nce=2.3788 
batch=0100 loss=1.1484 representation_loss=0.9354 clustering_loss=0.4259 instance_nce=3.5002 cluster_nce=2.3484 
batch=0150 loss=1.2910 representation_loss=1.1073 clustering_loss=0.3676 instance_nce=3.5001 cluster_nce=2.3400 
batch=0200 loss=1.1210 representation_loss=0.9007 clustering_loss=0.4407 instance_nce=3.4968 cluster_nce=2.3422 
batch=0250 loss=1.1561 representation_loss=1.0058 clustering_loss=0.3007 instance_nce=3.4909 cluster_nce=2.3328 
batch=0300 loss=1.2513 representation_loss=1.0743 clustering_loss=0.3540 instance_nce=3.4894 cluster_nce=2.3394 
batch=0350 loss=1.1866 representation_loss=1.0231 clustering_loss=0.3270 instance_nce=3.4739 cluster_nce=2.3411 
Train: loss=1.1424 mstm=0.9538 instance_nce=3.5081 cluster_nce=2.3467 dec=0.3772
save checkpoint:  /root/trajectory-clustering/con-dtc/runs/condtc_qd_ema_staged_s3_m07_entropy_linear_p70_p90_a025/20260817_164316_seed42/checkpoints/condtc_best.pt
epoch=2 / num_epochs=6
batch=0050 loss=1.0601 representation_loss=0.9270 clustering_loss=0.2662 instance_nce=3.4772 cluster_nce=2.3288 
batch=0100 loss=1.0675 representation_loss=0.9415 clustering_loss=0.2520 instance_nce=3.4701 cluster_nce=2.3227 
batch=0150 loss=1.2057 representation_loss=1.0739 clustering_loss=0.2635 instance_nce=3.4802 cluster_nce=2.3232 
batch=0200 loss=1.0010 representation_loss=0.8775 clustering_loss=0.2469 instance_nce=3.4659 cluster_nce=2.3335 
batch=0250 loss=1.0316 representation_loss=0.9058 clustering_loss=0.2518 instance_nce=3.5169 cluster_nce=2.3357 
batch=0300 loss=1.0958 representation_loss=0.9792 clustering_loss=0.2333 instance_nce=3.4917 cluster_nce=2.3403 
batch=0350 loss=1.1383 representation_loss=1.0237 clustering_loss=0.2292 instance_nce=3.5074 cluster_nce=2.3250 
Train: loss=1.0664 mstm=0.9354 instance_nce=3.4910 cluster_nce=2.3312 dec=0.2620
save checkpoint:  /root/trajectory-clustering/con-dtc/runs/condtc_qd_ema_staged_s3_m07_entropy_linear_p70_p90_a025/20260817_164316_seed42/checkpoints/condtc_best.pt
epoch=3 / num_epochs=6
batch=0050 loss=1.1432 representation_loss=1.0310 clustering_loss=0.2245 instance_nce=3.4378 cluster_nce=2.3068 
batch=0100 loss=0.9896 representation_loss=0.8838 clustering_loss=0.2117 instance_nce=3.4426 cluster_nce=2.3333 
batch=0150 loss=0.9014 representation_loss=0.7878 clustering_loss=0.2271 instance_nce=3.4599 cluster_nce=2.3229 
batch=0200 loss=1.0919 representation_loss=0.9772 clustering_loss=0.2294 instance_nce=3.4487 cluster_nce=2.3373 
batch=0250 loss=1.0339 representation_loss=0.9133 clustering_loss=0.2412 instance_nce=3.4755 cluster_nce=2.3137 
batch=0300 loss=1.0632 representation_loss=0.9516 clustering_loss=0.2232 instance_nce=3.4448 cluster_nce=2.3225 
batch=0350 loss=1.0841 representation_loss=0.9723 clustering_loss=0.2235 instance_nce=3.5010 cluster_nce=2.3188 
Train: loss=1.0427 mstm=0.9291 instance_nce=3.4773 cluster_nce=2.3256 dec=0.2272
save checkpoint:  /root/trajectory-clustering/con-dtc/runs/condtc_qd_ema_staged_s3_m07_entropy_linear_p70_p90_a025/20260817_164316_seed42/checkpoints/condtc_best.pt
epoch=4 / num_epochs=6
batch=0050 loss=1.0231 representation_loss=0.9065 clustering_loss=0.2332 instance_nce=3.4544 cluster_nce=2.3197 
batch=0100 loss=1.1215 representation_loss=1.0209 clustering_loss=0.2013 instance_nce=3.4288 cluster_nce=2.3238 
batch=0150 loss=0.9475 representation_loss=0.8372 clustering_loss=0.2205 instance_nce=3.4589 cluster_nce=2.3102 
batch=0200 loss=0.9730 representation_loss=0.8828 clustering_loss=0.1804 instance_nce=3.4532 cluster_nce=2.3333 
batch=0250 loss=1.1142 representation_loss=1.0086 clustering_loss=0.2111 instance_nce=3.4516 cluster_nce=2.3258 
batch=0300 loss=1.0428 representation_loss=0.9418 clustering_loss=0.2020 instance_nce=3.4540 cluster_nce=2.3136 
batch=0350 loss=0.9476 representation_loss=0.8533 clustering_loss=0.1887 instance_nce=3.5285 cluster_nce=2.3197 
Train: loss=1.0264 mstm=0.9214 instance_nce=3.4668 cluster_nce=2.3217 dec=0.2099
save checkpoint:  /root/trajectory-clustering/con-dtc/runs/condtc_qd_ema_staged_s3_m07_entropy_linear_p70_p90_a025/20260817_164316_seed42/checkpoints/condtc_best.pt
epoch=5 / num_epochs=6
batch=0050 loss=1.1300 representation_loss=1.0206 clustering_loss=0.2189 instance_nce=3.4518 cluster_nce=2.3111 
batch=0100 loss=0.9599 representation_loss=0.8709 clustering_loss=0.1779 instance_nce=3.5059 cluster_nce=2.3305 
batch=0150 loss=1.0241 representation_loss=0.9163 clustering_loss=0.2156 instance_nce=3.4704 cluster_nce=2.3177 
batch=0200 loss=0.9429 representation_loss=0.8560 clustering_loss=0.1739 instance_nce=3.4442 cluster_nce=2.3282 
batch=0250 loss=0.8731 representation_loss=0.7861 clustering_loss=0.1738 instance_nce=3.4574 cluster_nce=2.3151 
batch=0300 loss=1.1051 representation_loss=1.0045 clustering_loss=0.2011 instance_nce=3.4661 cluster_nce=2.3184 
batch=0350 loss=1.0593 representation_loss=0.9596 clustering_loss=0.1995 instance_nce=3.4597 cluster_nce=2.3338 
Train: loss=1.0150 mstm=0.9164 instance_nce=3.4571 cluster_nce=2.3194 dec=0.1971
save checkpoint:  /root/trajectory-clustering/con-dtc/runs/condtc_qd_ema_staged_s3_m07_entropy_linear_p70_p90_a025/20260817_164316_seed42/checkpoints/condtc_best.pt
epoch=6 / num_epochs=6
batch=0050 loss=1.0394 representation_loss=0.9495 clustering_loss=0.1798 instance_nce=3.4856 cluster_nce=2.3186 
batch=0100 loss=0.8971 representation_loss=0.8042 clustering_loss=0.1858 instance_nce=3.4289 cluster_nce=2.3275 
batch=0150 loss=0.8975 representation_loss=0.8047 clustering_loss=0.1856 instance_nce=3.4128 cluster_nce=2.3093 
batch=0200 loss=1.0270 representation_loss=0.9380 clustering_loss=0.1779 instance_nce=3.4666 cluster_nce=2.3336 
batch=0250 loss=0.9621 representation_loss=0.8723 clustering_loss=0.1794 instance_nce=3.4471 cluster_nce=2.3118 
batch=0300 loss=0.9996 representation_loss=0.9073 clustering_loss=0.1847 instance_nce=3.4368 cluster_nce=2.3115 
batch=0350 loss=1.1848 representation_loss=1.0846 clustering_loss=0.2003 instance_nce=3.4336 cluster_nce=2.3116 
Train: loss=0.9938 mstm=0.8986 instance_nce=3.4476 cluster_nce=2.3169 dec=0.1904
save checkpoint:  /root/trajectory-clustering/con-dtc/runs/condtc_qd_ema_staged_s3_m07_entropy_linear_p70_p90_a025/20260817_164316_seed42/checkpoints/condtc_best.pt
best train_loss:  0.9938403690572197
evaluating: /root/trajectory-clustering/con-dtc/runs/condtc_qd_ema_staged_s3_m07_entropy_linear_p70_p90_a025/20260817_164316_seed42/checkpoints/condtc_best.pt
device: cuda
cluster counts: tensor([ 392,   26,  555,  934,  967,  944, 1000,  979, 1003, 1343, 1931, 1530])
metrics: {'uacc': 0.7997242330230955, 'nmi': 0.8894642508204835, 'ri': 0.9598382551695984, 'ari': 0.7636267680244172}
metrics saved: /root/trajectory-clustering/con-dtc/runs/condtc_qd_ema_staged_s3_m07_entropy_linear_p70_p90_a025/20260817_164316_seed42/metrics.json
