experiment initialized
run directory: /root/trajectory-clustering/con-dtc/runs/porto/entropy_target_mix/condtc_porto_finegrained_s3_m07_p70_a015/20260821_134422_seed19721013
config snapshot: /root/trajectory-clustering/con-dtc/runs/porto/entropy_target_mix/condtc_porto_finegrained_s3_m07_p70_a015/20260821_134422_seed19721013/config.yaml
device: cuda
dataset: portoTimeNoiseFineGrained
pretrain checkpoint: /root/trajectory-clustering/con-dtc/checkpoints/sttraj2vec_porto_finegrained_pre15.pt
epoch=1 / num_epochs=6
batch=0050 loss=0.9933 representation_loss=0.6956 clustering_loss=0.5954 instance_nce=0.0000 cluster_nce=0.0000 
batch=0100 loss=0.9855 representation_loss=0.7154 clustering_loss=0.5402 instance_nce=0.0000 cluster_nce=0.0000 
batch=0150 loss=0.8866 representation_loss=0.6536 clustering_loss=0.4659 instance_nce=0.0000 cluster_nce=0.0000 
batch=0200 loss=0.8152 representation_loss=0.6287 clustering_loss=0.3730 instance_nce=0.0000 cluster_nce=0.0000 
batch=0250 loss=0.9373 representation_loss=0.7379 clustering_loss=0.3987 instance_nce=0.0000 cluster_nce=0.0000 
batch=0300 loss=0.8762 representation_loss=0.6543 clustering_loss=0.4438 instance_nce=0.0000 cluster_nce=0.0000 
batch=0350 loss=0.9102 representation_loss=0.7217 clustering_loss=0.3771 instance_nce=0.0000 cluster_nce=0.0000 
batch=0400 loss=0.8959 representation_loss=0.6792 clustering_loss=0.4334 instance_nce=0.0000 cluster_nce=0.0000 
batch=0450 loss=0.9163 representation_loss=0.7086 clustering_loss=0.4154 instance_nce=0.0000 cluster_nce=0.0000 
batch=0500 loss=0.8080 representation_loss=0.6091 clustering_loss=0.3980 instance_nce=0.0000 cluster_nce=0.0000 
batch=0550 loss=0.8387 representation_loss=0.6356 clustering_loss=0.4062 instance_nce=0.0000 cluster_nce=0.0000 
batch=0600 loss=0.9432 representation_loss=0.7647 clustering_loss=0.3570 instance_nce=0.0000 cluster_nce=0.0000 
batch=0650 loss=0.8315 representation_loss=0.6331 clustering_loss=0.3969 instance_nce=0.0000 cluster_nce=0.0000 
batch=0700 loss=0.8201 representation_loss=0.6354 clustering_loss=0.3694 instance_nce=0.0000 cluster_nce=0.0000 
batch=0750 loss=0.9114 representation_loss=0.7529 clustering_loss=0.3171 instance_nce=0.0000 cluster_nce=0.0000 
batch=0800 loss=0.8585 representation_loss=0.6829 clustering_loss=0.3512 instance_nce=0.0000 cluster_nce=0.0000 
batch=0850 loss=0.8338 representation_loss=0.7025 clustering_loss=0.2625 instance_nce=0.0000 cluster_nce=0.0000 
Train: loss=0.8819 mstm=0.6804 instance_nce=0.0000 cluster_nce=0.0000 dec=0.4030
save checkpoint:  /root/trajectory-clustering/con-dtc/runs/porto/entropy_target_mix/condtc_porto_finegrained_s3_m07_p70_a015/20260821_134422_seed19721013/checkpoints/condtc_best.pt
epoch=2 / num_epochs=6
batch=0050 loss=0.8307 representation_loss=0.6473 clustering_loss=0.3668 instance_nce=0.0000 cluster_nce=0.0000 
batch=0100 loss=0.7994 representation_loss=0.6292 clustering_loss=0.3405 instance_nce=0.0000 cluster_nce=0.0000 
batch=0150 loss=0.8030 representation_loss=0.6276 clustering_loss=0.3508 instance_nce=0.0000 cluster_nce=0.0000 
batch=0200 loss=0.8728 representation_loss=0.7053 clustering_loss=0.3350 instance_nce=0.0000 cluster_nce=0.0000 
batch=0250 loss=0.8413 representation_loss=0.6842 clustering_loss=0.3142 instance_nce=0.0000 cluster_nce=0.0000 
batch=0300 loss=0.8527 representation_loss=0.7002 clustering_loss=0.3049 instance_nce=0.0000 cluster_nce=0.0000 
batch=0350 loss=0.7723 representation_loss=0.6186 clustering_loss=0.3073 instance_nce=0.0000 cluster_nce=0.0000 
batch=0400 loss=0.8644 representation_loss=0.7073 clustering_loss=0.3143 instance_nce=0.0000 cluster_nce=0.0000 
batch=0450 loss=0.8338 representation_loss=0.6678 clustering_loss=0.3320 instance_nce=0.0000 cluster_nce=0.0000 
batch=0500 loss=0.8769 representation_loss=0.7350 clustering_loss=0.2837 instance_nce=0.0000 cluster_nce=0.0000 
batch=0550 loss=0.8253 representation_loss=0.6633 clustering_loss=0.3240 instance_nce=0.0000 cluster_nce=0.0000 
batch=0600 loss=0.7747 representation_loss=0.6200 clustering_loss=0.3094 instance_nce=0.0000 cluster_nce=0.0000 
batch=0650 loss=0.8560 representation_loss=0.7159 clustering_loss=0.2800 instance_nce=0.0000 cluster_nce=0.0000 
batch=0700 loss=0.8750 representation_loss=0.7320 clustering_loss=0.2860 instance_nce=0.0000 cluster_nce=0.0000 
batch=0750 loss=0.7567 representation_loss=0.6144 clustering_loss=0.2846 instance_nce=0.0000 cluster_nce=0.0000 
batch=0800 loss=0.8754 representation_loss=0.7311 clustering_loss=0.2886 instance_nce=0.0000 cluster_nce=0.0000 
batch=0850 loss=0.7609 representation_loss=0.6174 clustering_loss=0.2869 instance_nce=0.0000 cluster_nce=0.0000 
Train: loss=0.8197 mstm=0.6612 instance_nce=0.0000 cluster_nce=0.0000 dec=0.3170
save checkpoint:  /root/trajectory-clustering/con-dtc/runs/porto/entropy_target_mix/condtc_porto_finegrained_s3_m07_p70_a015/20260821_134422_seed19721013/checkpoints/condtc_best.pt
epoch=3 / num_epochs=6
batch=0050 loss=0.8028 representation_loss=0.6481 clustering_loss=0.3094 instance_nce=0.0000 cluster_nce=0.0000 
batch=0100 loss=0.8475 representation_loss=0.7034 clustering_loss=0.2882 instance_nce=0.0000 cluster_nce=0.0000 
batch=0150 loss=0.8008 representation_loss=0.6532 clustering_loss=0.2952 instance_nce=0.0000 cluster_nce=0.0000 
batch=0200 loss=0.7189 representation_loss=0.5796 clustering_loss=0.2785 instance_nce=0.0000 cluster_nce=0.0000 
batch=0250 loss=0.8500 representation_loss=0.7197 clustering_loss=0.2607 instance_nce=0.0000 cluster_nce=0.0000 
batch=0300 loss=0.7913 representation_loss=0.6616 clustering_loss=0.2593 instance_nce=0.0000 cluster_nce=0.0000 
batch=0350 loss=0.8820 representation_loss=0.7528 clustering_loss=0.2582 instance_nce=0.0000 cluster_nce=0.0000 
batch=0400 loss=0.7138 representation_loss=0.5755 clustering_loss=0.2767 instance_nce=0.0000 cluster_nce=0.0000 
batch=0450 loss=0.8484 representation_loss=0.7147 clustering_loss=0.2675 instance_nce=0.0000 cluster_nce=0.0000 
batch=0500 loss=0.7953 representation_loss=0.6549 clustering_loss=0.2808 instance_nce=0.0000 cluster_nce=0.0000 
batch=0550 loss=0.7906 representation_loss=0.6672 clustering_loss=0.2467 instance_nce=0.0000 cluster_nce=0.0000 
batch=0600 loss=0.7849 representation_loss=0.6441 clustering_loss=0.2815 instance_nce=0.0000 cluster_nce=0.0000 
batch=0650 loss=0.9695 representation_loss=0.8328 clustering_loss=0.2735 instance_nce=0.0000 cluster_nce=0.0000 
batch=0700 loss=0.8043 representation_loss=0.6806 clustering_loss=0.2473 instance_nce=0.0000 cluster_nce=0.0000 
batch=0750 loss=0.7588 representation_loss=0.6383 clustering_loss=0.2410 instance_nce=0.0000 cluster_nce=0.0000 
batch=0800 loss=0.8644 representation_loss=0.7334 clustering_loss=0.2620 instance_nce=0.0000 cluster_nce=0.0000 
batch=0850 loss=0.8599 representation_loss=0.7276 clustering_loss=0.2646 instance_nce=0.0000 cluster_nce=0.0000 
Train: loss=0.7871 mstm=0.6515 instance_nce=0.0000 cluster_nce=0.0000 dec=0.2711
save checkpoint:  /root/trajectory-clustering/con-dtc/runs/porto/entropy_target_mix/condtc_porto_finegrained_s3_m07_p70_a015/20260821_134422_seed19721013/checkpoints/condtc_best.pt
epoch=4 / num_epochs=6
batch=0050 loss=0.7620 representation_loss=0.6298 clustering_loss=0.2644 instance_nce=0.0000 cluster_nce=0.0000 
batch=0100 loss=0.6494 representation_loss=0.5143 clustering_loss=0.2703 instance_nce=0.0000 cluster_nce=0.0000 
batch=0150 loss=0.7220 representation_loss=0.6047 clustering_loss=0.2348 instance_nce=0.0000 cluster_nce=0.0000 
batch=0200 loss=0.7537 representation_loss=0.6218 clustering_loss=0.2638 instance_nce=0.0000 cluster_nce=0.0000 
batch=0250 loss=0.8607 representation_loss=0.7341 clustering_loss=0.2531 instance_nce=0.0000 cluster_nce=0.0000 
batch=0300 loss=0.8045 representation_loss=0.6858 clustering_loss=0.2374 instance_nce=0.0000 cluster_nce=0.0000 
batch=0350 loss=0.6644 representation_loss=0.5470 clustering_loss=0.2348 instance_nce=0.0000 cluster_nce=0.0000 
batch=0400 loss=0.7548 representation_loss=0.6363 clustering_loss=0.2372 instance_nce=0.0000 cluster_nce=0.0000 
batch=0450 loss=0.7668 representation_loss=0.6513 clustering_loss=0.2309 instance_nce=0.0000 cluster_nce=0.0000 
batch=0500 loss=0.6358 representation_loss=0.5117 clustering_loss=0.2483 instance_nce=0.0000 cluster_nce=0.0000 
batch=0550 loss=0.6629 representation_loss=0.5432 clustering_loss=0.2393 instance_nce=0.0000 cluster_nce=0.0000 
batch=0600 loss=0.7441 representation_loss=0.6289 clustering_loss=0.2305 instance_nce=0.0000 cluster_nce=0.0000 
batch=0650 loss=0.8370 representation_loss=0.7301 clustering_loss=0.2138 instance_nce=0.0000 cluster_nce=0.0000 
batch=0700 loss=0.7543 representation_loss=0.6423 clustering_loss=0.2240 instance_nce=0.0000 cluster_nce=0.0000 
batch=0750 loss=0.7079 representation_loss=0.5974 clustering_loss=0.2211 instance_nce=0.0000 cluster_nce=0.0000 
batch=0800 loss=0.7598 representation_loss=0.6427 clustering_loss=0.2342 instance_nce=0.0000 cluster_nce=0.0000 
batch=0850 loss=0.6949 representation_loss=0.5857 clustering_loss=0.2183 instance_nce=0.0000 cluster_nce=0.0000 
Train: loss=0.7610 mstm=0.6388 instance_nce=0.0000 cluster_nce=0.0000 dec=0.2444
save checkpoint:  /root/trajectory-clustering/con-dtc/runs/porto/entropy_target_mix/condtc_porto_finegrained_s3_m07_p70_a015/20260821_134422_seed19721013/checkpoints/condtc_best.pt
epoch=5 / num_epochs=6
batch=0050 loss=0.7422 representation_loss=0.6229 clustering_loss=0.2386 instance_nce=0.0000 cluster_nce=0.0000 
batch=0100 loss=0.7266 representation_loss=0.6069 clustering_loss=0.2395 instance_nce=0.0000 cluster_nce=0.0000 
batch=0150 loss=0.7311 representation_loss=0.6173 clustering_loss=0.2277 instance_nce=0.0000 cluster_nce=0.0000 
batch=0200 loss=0.7578 representation_loss=0.6358 clustering_loss=0.2439 instance_nce=0.0000 cluster_nce=0.0000 
batch=0250 loss=0.7164 representation_loss=0.6101 clustering_loss=0.2127 instance_nce=0.0000 cluster_nce=0.0000 
batch=0300 loss=0.7177 representation_loss=0.6035 clustering_loss=0.2283 instance_nce=0.0000 cluster_nce=0.0000 
batch=0350 loss=0.7509 representation_loss=0.6355 clustering_loss=0.2308 instance_nce=0.0000 cluster_nce=0.0000 
batch=0400 loss=0.6734 representation_loss=0.5530 clustering_loss=0.2407 instance_nce=0.0000 cluster_nce=0.0000 
batch=0450 loss=0.6594 representation_loss=0.5378 clustering_loss=0.2433 instance_nce=0.0000 cluster_nce=0.0000 
batch=0500 loss=0.6846 representation_loss=0.5675 clustering_loss=0.2343 instance_nce=0.0000 cluster_nce=0.0000 
batch=0550 loss=0.6783 representation_loss=0.5654 clustering_loss=0.2257 instance_nce=0.0000 cluster_nce=0.0000 
batch=0600 loss=0.7558 representation_loss=0.6372 clustering_loss=0.2372 instance_nce=0.0000 cluster_nce=0.0000 
batch=0650 loss=0.7444 representation_loss=0.6354 clustering_loss=0.2178 instance_nce=0.0000 cluster_nce=0.0000 
batch=0700 loss=0.7599 representation_loss=0.6512 clustering_loss=0.2174 instance_nce=0.0000 cluster_nce=0.0000 
batch=0750 loss=0.8745 representation_loss=0.7658 clustering_loss=0.2176 instance_nce=0.0000 cluster_nce=0.0000 
batch=0800 loss=0.7984 representation_loss=0.6819 clustering_loss=0.2330 instance_nce=0.0000 cluster_nce=0.0000 
batch=0850 loss=0.7058 representation_loss=0.5958 clustering_loss=0.2199 instance_nce=0.0000 cluster_nce=0.0000 
Train: loss=0.7448 mstm=0.6304 instance_nce=0.0000 cluster_nce=0.0000 dec=0.2289
save checkpoint:  /root/trajectory-clustering/con-dtc/runs/porto/entropy_target_mix/condtc_porto_finegrained_s3_m07_p70_a015/20260821_134422_seed19721013/checkpoints/condtc_best.pt
epoch=6 / num_epochs=6
batch=0050 loss=0.7318 representation_loss=0.6178 clustering_loss=0.2281 instance_nce=0.0000 cluster_nce=0.0000 
batch=0100 loss=0.6651 representation_loss=0.5542 clustering_loss=0.2217 instance_nce=0.0000 cluster_nce=0.0000 
batch=0150 loss=0.7479 representation_loss=0.6319 clustering_loss=0.2319 instance_nce=0.0000 cluster_nce=0.0000 
batch=0200 loss=0.7297 representation_loss=0.6157 clustering_loss=0.2279 instance_nce=0.0000 cluster_nce=0.0000 
batch=0250 loss=0.8076 representation_loss=0.6958 clustering_loss=0.2234 instance_nce=0.0000 cluster_nce=0.0000 
batch=0300 loss=0.6245 representation_loss=0.5247 clustering_loss=0.1995 instance_nce=0.0000 cluster_nce=0.0000 
batch=0350 loss=0.7425 representation_loss=0.6356 clustering_loss=0.2139 instance_nce=0.0000 cluster_nce=0.0000 
batch=0400 loss=0.7430 representation_loss=0.6308 clustering_loss=0.2244 instance_nce=0.0000 cluster_nce=0.0000 
batch=0450 loss=0.6620 representation_loss=0.5635 clustering_loss=0.1969 instance_nce=0.0000 cluster_nce=0.0000 
batch=0500 loss=0.7479 representation_loss=0.6387 clustering_loss=0.2184 instance_nce=0.0000 cluster_nce=0.0000 
batch=0550 loss=0.7447 representation_loss=0.6408 clustering_loss=0.2079 instance_nce=0.0000 cluster_nce=0.0000 
batch=0600 loss=0.7826 representation_loss=0.6673 clustering_loss=0.2306 instance_nce=0.0000 cluster_nce=0.0000 
batch=0650 loss=0.6429 representation_loss=0.5446 clustering_loss=0.1964 instance_nce=0.0000 cluster_nce=0.0000 
batch=0700 loss=0.7350 representation_loss=0.6277 clustering_loss=0.2147 instance_nce=0.0000 cluster_nce=0.0000 
batch=0750 loss=0.7701 representation_loss=0.6581 clustering_loss=0.2241 instance_nce=0.0000 cluster_nce=0.0000 
batch=0800 loss=0.6205 representation_loss=0.5184 clustering_loss=0.2042 instance_nce=0.0000 cluster_nce=0.0000 
batch=0850 loss=0.6158 representation_loss=0.5130 clustering_loss=0.2057 instance_nce=0.0000 cluster_nce=0.0000 
Train: loss=0.7283 mstm=0.6194 instance_nce=0.0000 cluster_nce=0.0000 dec=0.2179
save checkpoint:  /root/trajectory-clustering/con-dtc/runs/porto/entropy_target_mix/condtc_porto_finegrained_s3_m07_p70_a015/20260821_134422_seed19721013/checkpoints/condtc_best.pt
best train_loss:  0.7283297206494992
evaluating: /root/trajectory-clustering/con-dtc/runs/porto/entropy_target_mix/condtc_porto_finegrained_s3_m07_p70_a015/20260821_134422_seed19721013/checkpoints/condtc_best.pt
device: cuda
dataset: portoTimeNoiseFineGrained
cluster counts: tensor([1579,  731, 1871, 1154,  729,  354,  963, 1097,  663, 2037, 1088, 1038,
         964, 1046,  914,  802,    0, 1017, 1048,  392,  921, 1365, 1369,    0,
        1722, 1435, 1006])
metrics: {'uacc': 0.820838674235488, 'nmi': 0.9180840373803784, 'ri': 0.98220612957351, 'ari': 0.7753475741863294}
metrics saved: /root/trajectory-clustering/con-dtc/runs/porto/entropy_target_mix/condtc_porto_finegrained_s3_m07_p70_a015/20260821_134422_seed19721013/metrics.json
