experiment initialized
run directory: /root/trajectory-clustering/con-dtc/runs/condtc_qd_ema_staged_s3_m07_entropy_linear_p70_p90_a025/20260817_165010_seed777
config snapshot: /root/trajectory-clustering/con-dtc/runs/condtc_qd_ema_staged_s3_m07_entropy_linear_p70_p90_a025/20260817_165010_seed777/config.yaml
device: cuda
pretrain checkpoint: /root/trajectory-clustering/con-dtc/checkpoints/sttraj2vec_pretrain_paper_15ep.pt
epoch=1 / num_epochs=6
batch=0050 loss=1.1041 representation_loss=0.8910 clustering_loss=0.4262 instance_nce=3.5183 cluster_nce=2.3541 
batch=0100 loss=1.1255 representation_loss=0.9189 clustering_loss=0.4131 instance_nce=3.5500 cluster_nce=2.3527 
batch=0150 loss=1.0998 representation_loss=0.9010 clustering_loss=0.3976 instance_nce=3.5374 cluster_nce=2.3381 
batch=0200 loss=1.0455 representation_loss=0.8774 clustering_loss=0.3362 instance_nce=3.5043 cluster_nce=2.3492 
batch=0250 loss=1.0576 representation_loss=0.8807 clustering_loss=0.3538 instance_nce=3.5087 cluster_nce=2.3190 
batch=0300 loss=1.0648 representation_loss=0.8901 clustering_loss=0.3494 instance_nce=3.5232 cluster_nce=2.3238 
batch=0350 loss=1.2181 representation_loss=1.0338 clustering_loss=0.3685 instance_nce=3.4997 cluster_nce=2.3173 
Train: loss=1.1377 mstm=0.9503 instance_nce=3.5230 cluster_nce=2.3400 dec=0.3747
save checkpoint:  /root/trajectory-clustering/con-dtc/runs/condtc_qd_ema_staged_s3_m07_entropy_linear_p70_p90_a025/20260817_165010_seed777/checkpoints/condtc_best.pt
epoch=2 / num_epochs=6
batch=0050 loss=1.1027 representation_loss=0.9530 clustering_loss=0.2994 instance_nce=3.4978 cluster_nce=2.3306 
batch=0100 loss=1.0955 representation_loss=0.9477 clustering_loss=0.2954 instance_nce=3.5180 cluster_nce=2.3085 
batch=0150 loss=1.1029 representation_loss=0.9744 clustering_loss=0.2570 instance_nce=3.5031 cluster_nce=2.3156 
batch=0200 loss=1.0753 representation_loss=0.9499 clustering_loss=0.2507 instance_nce=3.5658 cluster_nce=2.3358 
batch=0250 loss=1.0711 representation_loss=0.9385 clustering_loss=0.2652 instance_nce=3.4802 cluster_nce=2.3046 
batch=0300 loss=1.0171 representation_loss=0.9069 clustering_loss=0.2203 instance_nce=3.4612 cluster_nce=2.3082 
batch=0350 loss=1.0363 representation_loss=0.9243 clustering_loss=0.2239 instance_nce=3.5195 cluster_nce=2.3021 
Train: loss=1.0692 mstm=0.9393 instance_nce=3.5033 cluster_nce=2.3218 dec=0.2599
save checkpoint:  /root/trajectory-clustering/con-dtc/runs/condtc_qd_ema_staged_s3_m07_entropy_linear_p70_p90_a025/20260817_165010_seed777/checkpoints/condtc_best.pt
epoch=3 / num_epochs=6
batch=0050 loss=1.0434 representation_loss=0.9211 clustering_loss=0.2446 instance_nce=3.5027 cluster_nce=2.3136 
batch=0100 loss=1.1380 representation_loss=1.0086 clustering_loss=0.2588 instance_nce=3.4812 cluster_nce=2.3103 
batch=0150 loss=1.0434 representation_loss=0.9371 clustering_loss=0.2125 instance_nce=3.4614 cluster_nce=2.3198 
batch=0200 loss=0.9596 representation_loss=0.8446 clustering_loss=0.2299 instance_nce=3.4903 cluster_nce=2.3257 
batch=0250 loss=1.1117 representation_loss=1.0122 clustering_loss=0.1990 instance_nce=3.4839 cluster_nce=2.3120 
batch=0300 loss=0.9703 representation_loss=0.8663 clustering_loss=0.2079 instance_nce=3.4939 cluster_nce=2.3187 
batch=0350 loss=1.1067 representation_loss=1.0063 clustering_loss=0.2008 instance_nce=3.4619 cluster_nce=2.3113 
Train: loss=1.0453 mstm=0.9330 instance_nce=3.4929 cluster_nce=2.3171 dec=0.2246
save checkpoint:  /root/trajectory-clustering/con-dtc/runs/condtc_qd_ema_staged_s3_m07_entropy_linear_p70_p90_a025/20260817_165010_seed777/checkpoints/condtc_best.pt
epoch=4 / num_epochs=6
batch=0050 loss=1.0451 representation_loss=0.9433 clustering_loss=0.2036 instance_nce=3.4998 cluster_nce=2.3251 
batch=0100 loss=1.2042 representation_loss=1.0827 clustering_loss=0.2430 instance_nce=3.5346 cluster_nce=2.3281 
batch=0150 loss=1.1016 representation_loss=0.9977 clustering_loss=0.2078 instance_nce=3.4726 cluster_nce=2.3149 
batch=0200 loss=1.1327 representation_loss=1.0297 clustering_loss=0.2061 instance_nce=3.4689 cluster_nce=2.3042 
batch=0250 loss=1.0801 representation_loss=0.9641 clustering_loss=0.2318 instance_nce=3.5025 cluster_nce=2.3182 
batch=0300 loss=0.8563 representation_loss=0.7552 clustering_loss=0.2022 instance_nce=3.5051 cluster_nce=2.3232 
batch=0350 loss=1.1237 representation_loss=1.0181 clustering_loss=0.2112 instance_nce=3.4521 cluster_nce=2.3093 
Train: loss=1.0279 mstm=0.9242 instance_nce=3.4829 cluster_nce=2.3123 dec=0.2074
save checkpoint:  /root/trajectory-clustering/con-dtc/runs/condtc_qd_ema_staged_s3_m07_entropy_linear_p70_p90_a025/20260817_165010_seed777/checkpoints/condtc_best.pt
epoch=5 / num_epochs=6
batch=0050 loss=1.0289 representation_loss=0.9358 clustering_loss=0.1861 instance_nce=3.4530 cluster_nce=2.2971 
batch=0100 loss=0.9966 representation_loss=0.9021 clustering_loss=0.1888 instance_nce=3.4523 cluster_nce=2.3065 
batch=0150 loss=0.9426 representation_loss=0.8430 clustering_loss=0.1992 instance_nce=3.4668 cluster_nce=2.3067 
batch=0200 loss=0.9785 representation_loss=0.8775 clustering_loss=0.2022 instance_nce=3.4738 cluster_nce=2.3071 
batch=0250 loss=1.1071 representation_loss=1.0175 clustering_loss=0.1792 instance_nce=3.4628 cluster_nce=2.3101 
batch=0300 loss=1.0299 representation_loss=0.9406 clustering_loss=0.1786 instance_nce=3.4702 cluster_nce=2.3126 
batch=0350 loss=0.9832 representation_loss=0.8781 clustering_loss=0.2103 instance_nce=3.4704 cluster_nce=2.3159 
Train: loss=1.0089 mstm=0.9111 instance_nce=3.4745 cluster_nce=2.3094 dec=0.1957
save checkpoint:  /root/trajectory-clustering/con-dtc/runs/condtc_qd_ema_staged_s3_m07_entropy_linear_p70_p90_a025/20260817_165010_seed777/checkpoints/condtc_best.pt
epoch=6 / num_epochs=6
batch=0050 loss=0.9827 representation_loss=0.8782 clustering_loss=0.2090 instance_nce=3.5790 cluster_nce=2.3230 
batch=0100 loss=0.9341 representation_loss=0.8414 clustering_loss=0.1855 instance_nce=3.4790 cluster_nce=2.2937 
batch=0150 loss=0.9548 representation_loss=0.8588 clustering_loss=0.1920 instance_nce=3.4693 cluster_nce=2.3103 
batch=0200 loss=0.9619 representation_loss=0.8708 clustering_loss=0.1822 instance_nce=3.4885 cluster_nce=2.2951 
batch=0250 loss=0.9369 representation_loss=0.8458 clustering_loss=0.1822 instance_nce=3.4852 cluster_nce=2.3182 
batch=0300 loss=1.0541 representation_loss=0.9659 clustering_loss=0.1764 instance_nce=3.4629 cluster_nce=2.2942 
batch=0350 loss=1.0163 representation_loss=0.9167 clustering_loss=0.1992 instance_nce=3.4405 cluster_nce=2.2881 
Train: loss=0.9992 mstm=0.9044 instance_nce=3.4662 cluster_nce=2.3059 dec=0.1895
save checkpoint:  /root/trajectory-clustering/con-dtc/runs/condtc_qd_ema_staged_s3_m07_entropy_linear_p70_p90_a025/20260817_165010_seed777/checkpoints/condtc_best.pt
best train_loss:  0.9991872397754489
evaluating: /root/trajectory-clustering/con-dtc/runs/condtc_qd_ema_staged_s3_m07_entropy_linear_p70_p90_a025/20260817_165010_seed777/checkpoints/condtc_best.pt
device: cuda
cluster counts: tensor([ 973,  779, 1894,  964, 1003, 1119, 1000,  937,  944,  687, 1241,   63])
metrics: {'uacc': 0.8351430541192693, 'nmi': 0.8929924775000697, 'ri': 0.9646034083531572, 'ari': 0.7847299950896979}
metrics saved: /root/trajectory-clustering/con-dtc/runs/condtc_qd_ema_staged_s3_m07_entropy_linear_p70_p90_a025/20260817_165010_seed777/metrics.json
