experiment initialized
run directory: /root/trajectory-clustering/con-dtc/runs/condtc_porto_finegrained_s3_m07_reverse_stability_w125/20260823_125825_seed42
config snapshot: /root/trajectory-clustering/con-dtc/runs/condtc_porto_finegrained_s3_m07_reverse_stability_w125/20260823_125825_seed42/config.yaml
device: cuda
dataset: portoTimeNoiseFineGrained
pretrain checkpoint: /root/trajectory-clustering/con-dtc/checkpoints/sttraj2vec_porto_finegrained_pre15.pt
epoch=1 / num_epochs=6
batch=0050 loss=1.0030 representation_loss=0.7049 clustering_loss=0.5961 instance_nce=0.0000 cluster_nce=0.0000 
batch=0100 loss=0.8711 representation_loss=0.6124 clustering_loss=0.5174 instance_nce=0.0000 cluster_nce=0.0000 
batch=0150 loss=0.8907 representation_loss=0.6467 clustering_loss=0.4880 instance_nce=0.0000 cluster_nce=0.0000 
batch=0200 loss=0.9374 representation_loss=0.7097 clustering_loss=0.4553 instance_nce=0.0000 cluster_nce=0.0000 
batch=0250 loss=0.9777 representation_loss=0.7859 clustering_loss=0.3836 instance_nce=0.0000 cluster_nce=0.0000 
batch=0300 loss=0.8629 representation_loss=0.6514 clustering_loss=0.4230 instance_nce=0.0000 cluster_nce=0.0000 
batch=0350 loss=0.8423 representation_loss=0.6387 clustering_loss=0.4073 instance_nce=0.0000 cluster_nce=0.0000 
batch=0400 loss=0.8425 representation_loss=0.6573 clustering_loss=0.3703 instance_nce=0.0000 cluster_nce=0.0000 
batch=0450 loss=0.7787 representation_loss=0.5979 clustering_loss=0.3615 instance_nce=0.0000 cluster_nce=0.0000 
batch=0500 loss=0.8804 representation_loss=0.7086 clustering_loss=0.3435 instance_nce=0.0000 cluster_nce=0.0000 
batch=0550 loss=0.8606 representation_loss=0.6961 clustering_loss=0.3289 instance_nce=0.0000 cluster_nce=0.0000 
batch=0600 loss=0.7876 representation_loss=0.6380 clustering_loss=0.2991 instance_nce=0.0000 cluster_nce=0.0000 
batch=0650 loss=0.8843 representation_loss=0.7182 clustering_loss=0.3324 instance_nce=0.0000 cluster_nce=0.0000 
batch=0700 loss=0.9374 representation_loss=0.7518 clustering_loss=0.3714 instance_nce=0.0000 cluster_nce=0.0000 
batch=0750 loss=0.8607 representation_loss=0.6762 clustering_loss=0.3690 instance_nce=0.0000 cluster_nce=0.0000 
batch=0800 loss=0.7913 representation_loss=0.6154 clustering_loss=0.3520 instance_nce=0.0000 cluster_nce=0.0000 
batch=0850 loss=0.8536 representation_loss=0.7006 clustering_loss=0.3059 instance_nce=0.0000 cluster_nce=0.0000 
Train: loss=0.8873 mstm=0.6821 instance_nce=0.0000 cluster_nce=0.0000 dec=0.4105
save checkpoint:  /root/trajectory-clustering/con-dtc/runs/condtc_porto_finegrained_s3_m07_reverse_stability_w125/20260823_125825_seed42/checkpoints/condtc_best.pt
epoch=2 / num_epochs=6
batch=0050 loss=0.7993 representation_loss=0.6133 clustering_loss=0.3721 instance_nce=0.0000 cluster_nce=0.0000 
batch=0100 loss=0.7543 representation_loss=0.5887 clustering_loss=0.3311 instance_nce=0.0000 cluster_nce=0.0000 
batch=0150 loss=0.8878 representation_loss=0.7167 clustering_loss=0.3423 instance_nce=0.0000 cluster_nce=0.0000 
batch=0200 loss=0.8691 representation_loss=0.6992 clustering_loss=0.3399 instance_nce=0.0000 cluster_nce=0.0000 
batch=0250 loss=0.8058 representation_loss=0.6457 clustering_loss=0.3201 instance_nce=0.0000 cluster_nce=0.0000 
batch=0300 loss=0.8976 representation_loss=0.7295 clustering_loss=0.3362 instance_nce=0.0000 cluster_nce=0.0000 
batch=0350 loss=0.8103 representation_loss=0.6449 clustering_loss=0.3309 instance_nce=0.0000 cluster_nce=0.0000 
batch=0400 loss=0.7056 representation_loss=0.5457 clustering_loss=0.3197 instance_nce=0.0000 cluster_nce=0.0000 
batch=0450 loss=0.9194 representation_loss=0.7678 clustering_loss=0.3033 instance_nce=0.0000 cluster_nce=0.0000 
batch=0500 loss=0.8562 representation_loss=0.6955 clustering_loss=0.3213 instance_nce=0.0000 cluster_nce=0.0000 
batch=0550 loss=0.8768 representation_loss=0.7371 clustering_loss=0.2795 instance_nce=0.0000 cluster_nce=0.0000 
batch=0600 loss=0.9121 representation_loss=0.7638 clustering_loss=0.2966 instance_nce=0.0000 cluster_nce=0.0000 
batch=0650 loss=0.9480 representation_loss=0.8095 clustering_loss=0.2770 instance_nce=0.0000 cluster_nce=0.0000 
batch=0700 loss=0.8831 representation_loss=0.7360 clustering_loss=0.2942 instance_nce=0.0000 cluster_nce=0.0000 
batch=0750 loss=0.8496 representation_loss=0.6960 clustering_loss=0.3073 instance_nce=0.0000 cluster_nce=0.0000 
batch=0800 loss=0.9214 representation_loss=0.7775 clustering_loss=0.2879 instance_nce=0.0000 cluster_nce=0.0000 
batch=0850 loss=0.9155 representation_loss=0.7615 clustering_loss=0.3081 instance_nce=0.0000 cluster_nce=0.0000 
Train: loss=0.8207 mstm=0.6634 instance_nce=0.0000 cluster_nce=0.0000 dec=0.3145
save checkpoint:  /root/trajectory-clustering/con-dtc/runs/condtc_porto_finegrained_s3_m07_reverse_stability_w125/20260823_125825_seed42/checkpoints/condtc_best.pt
epoch=3 / num_epochs=6
batch=0050 loss=0.7830 representation_loss=0.6449 clustering_loss=0.2762 instance_nce=0.0000 cluster_nce=0.0000 
batch=0100 loss=0.8325 representation_loss=0.6888 clustering_loss=0.2872 instance_nce=0.0000 cluster_nce=0.0000 
batch=0150 loss=0.7999 representation_loss=0.6681 clustering_loss=0.2637 instance_nce=0.0000 cluster_nce=0.0000 
batch=0200 loss=0.8737 representation_loss=0.7295 clustering_loss=0.2884 instance_nce=0.0000 cluster_nce=0.0000 
batch=0250 loss=0.7352 representation_loss=0.6006 clustering_loss=0.2691 instance_nce=0.0000 cluster_nce=0.0000 
batch=0300 loss=0.7641 representation_loss=0.6224 clustering_loss=0.2834 instance_nce=0.0000 cluster_nce=0.0000 
batch=0350 loss=0.8216 representation_loss=0.6859 clustering_loss=0.2714 instance_nce=0.0000 cluster_nce=0.0000 
batch=0400 loss=0.7368 representation_loss=0.5996 clustering_loss=0.2742 instance_nce=0.0000 cluster_nce=0.0000 
batch=0450 loss=0.7700 representation_loss=0.6437 clustering_loss=0.2528 instance_nce=0.0000 cluster_nce=0.0000 
batch=0500 loss=0.8163 representation_loss=0.6874 clustering_loss=0.2577 instance_nce=0.0000 cluster_nce=0.0000 
batch=0550 loss=0.8051 representation_loss=0.6765 clustering_loss=0.2572 instance_nce=0.0000 cluster_nce=0.0000 
batch=0600 loss=0.7803 representation_loss=0.6581 clustering_loss=0.2444 instance_nce=0.0000 cluster_nce=0.0000 
batch=0650 loss=0.7457 representation_loss=0.6177 clustering_loss=0.2560 instance_nce=0.0000 cluster_nce=0.0000 
batch=0700 loss=0.7961 representation_loss=0.6736 clustering_loss=0.2451 instance_nce=0.0000 cluster_nce=0.0000 
batch=0750 loss=0.8150 representation_loss=0.6926 clustering_loss=0.2448 instance_nce=0.0000 cluster_nce=0.0000 
batch=0800 loss=0.8168 representation_loss=0.6926 clustering_loss=0.2484 instance_nce=0.0000 cluster_nce=0.0000 
batch=0850 loss=0.8031 representation_loss=0.6802 clustering_loss=0.2458 instance_nce=0.0000 cluster_nce=0.0000 
Train: loss=0.7846 mstm=0.6535 instance_nce=0.0000 cluster_nce=0.0000 dec=0.2623
save checkpoint:  /root/trajectory-clustering/con-dtc/runs/condtc_porto_finegrained_s3_m07_reverse_stability_w125/20260823_125825_seed42/checkpoints/condtc_best.pt
epoch=4 / num_epochs=6
batch=0050 loss=0.8018 representation_loss=0.6732 clustering_loss=0.2571 instance_nce=0.0000 cluster_nce=0.0000 
batch=0100 loss=0.7788 representation_loss=0.6600 clustering_loss=0.2376 instance_nce=0.0000 cluster_nce=0.0000 
batch=0150 loss=0.8340 representation_loss=0.7105 clustering_loss=0.2470 instance_nce=0.0000 cluster_nce=0.0000 
batch=0200 loss=0.7493 representation_loss=0.6189 clustering_loss=0.2610 instance_nce=0.0000 cluster_nce=0.0000 
batch=0250 loss=0.7007 representation_loss=0.5709 clustering_loss=0.2596 instance_nce=0.0000 cluster_nce=0.0000 
batch=0300 loss=0.7333 representation_loss=0.6162 clustering_loss=0.2342 instance_nce=0.0000 cluster_nce=0.0000 
batch=0350 loss=0.8236 representation_loss=0.7072 clustering_loss=0.2329 instance_nce=0.0000 cluster_nce=0.0000 
batch=0400 loss=0.6810 representation_loss=0.5657 clustering_loss=0.2307 instance_nce=0.0000 cluster_nce=0.0000 
batch=0450 loss=0.8033 representation_loss=0.6907 clustering_loss=0.2252 instance_nce=0.0000 cluster_nce=0.0000 
batch=0500 loss=0.7395 representation_loss=0.6238 clustering_loss=0.2313 instance_nce=0.0000 cluster_nce=0.0000 
batch=0550 loss=0.7968 representation_loss=0.6774 clustering_loss=0.2387 instance_nce=0.0000 cluster_nce=0.0000 
batch=0600 loss=0.7105 representation_loss=0.6051 clustering_loss=0.2108 instance_nce=0.0000 cluster_nce=0.0000 
batch=0650 loss=0.7281 representation_loss=0.6106 clustering_loss=0.2349 instance_nce=0.0000 cluster_nce=0.0000 
batch=0700 loss=0.7468 representation_loss=0.6430 clustering_loss=0.2075 instance_nce=0.0000 cluster_nce=0.0000 
batch=0750 loss=0.8513 representation_loss=0.7371 clustering_loss=0.2285 instance_nce=0.0000 cluster_nce=0.0000 
batch=0800 loss=0.7229 representation_loss=0.6066 clustering_loss=0.2325 instance_nce=0.0000 cluster_nce=0.0000 
batch=0850 loss=0.7596 representation_loss=0.6487 clustering_loss=0.2217 instance_nce=0.0000 cluster_nce=0.0000 
Train: loss=0.7621 mstm=0.6438 instance_nce=0.0000 cluster_nce=0.0000 dec=0.2365
save checkpoint:  /root/trajectory-clustering/con-dtc/runs/condtc_porto_finegrained_s3_m07_reverse_stability_w125/20260823_125825_seed42/checkpoints/condtc_best.pt
epoch=5 / num_epochs=6
batch=0050 loss=0.7708 representation_loss=0.6449 clustering_loss=0.2517 instance_nce=0.0000 cluster_nce=0.0000 
batch=0100 loss=0.6877 representation_loss=0.5731 clustering_loss=0.2292 instance_nce=0.0000 cluster_nce=0.0000 
batch=0150 loss=0.8478 representation_loss=0.7201 clustering_loss=0.2555 instance_nce=0.0000 cluster_nce=0.0000 
batch=0200 loss=0.6837 representation_loss=0.5723 clustering_loss=0.2228 instance_nce=0.0000 cluster_nce=0.0000 
batch=0250 loss=0.7501 representation_loss=0.6341 clustering_loss=0.2321 instance_nce=0.0000 cluster_nce=0.0000 
batch=0300 loss=0.7978 representation_loss=0.6857 clustering_loss=0.2243 instance_nce=0.0000 cluster_nce=0.0000 
batch=0350 loss=0.7976 representation_loss=0.6811 clustering_loss=0.2330 instance_nce=0.0000 cluster_nce=0.0000 
batch=0400 loss=0.7975 representation_loss=0.6896 clustering_loss=0.2158 instance_nce=0.0000 cluster_nce=0.0000 
batch=0450 loss=0.7016 representation_loss=0.5894 clustering_loss=0.2244 instance_nce=0.0000 cluster_nce=0.0000 
batch=0500 loss=0.7597 representation_loss=0.6574 clustering_loss=0.2045 instance_nce=0.0000 cluster_nce=0.0000 
batch=0550 loss=0.6961 representation_loss=0.5813 clustering_loss=0.2295 instance_nce=0.0000 cluster_nce=0.0000 
batch=0600 loss=0.6490 representation_loss=0.5422 clustering_loss=0.2135 instance_nce=0.0000 cluster_nce=0.0000 
batch=0650 loss=0.8140 representation_loss=0.7143 clustering_loss=0.1995 instance_nce=0.0000 cluster_nce=0.0000 
batch=0700 loss=0.6838 representation_loss=0.5767 clustering_loss=0.2142 instance_nce=0.0000 cluster_nce=0.0000 
batch=0750 loss=0.6269 representation_loss=0.5195 clustering_loss=0.2149 instance_nce=0.0000 cluster_nce=0.0000 
batch=0800 loss=0.7182 representation_loss=0.6167 clustering_loss=0.2031 instance_nce=0.0000 cluster_nce=0.0000 
batch=0850 loss=0.7335 representation_loss=0.6311 clustering_loss=0.2048 instance_nce=0.0000 cluster_nce=0.0000 
Train: loss=0.7384 mstm=0.6281 instance_nce=0.0000 cluster_nce=0.0000 dec=0.2204
save checkpoint:  /root/trajectory-clustering/con-dtc/runs/condtc_porto_finegrained_s3_m07_reverse_stability_w125/20260823_125825_seed42/checkpoints/condtc_best.pt
epoch=6 / num_epochs=6
batch=0050 loss=0.6865 representation_loss=0.5714 clustering_loss=0.2302 instance_nce=0.0000 cluster_nce=0.0000 
batch=0100 loss=0.7363 representation_loss=0.6328 clustering_loss=0.2071 instance_nce=0.0000 cluster_nce=0.0000 
batch=0150 loss=0.6748 representation_loss=0.5587 clustering_loss=0.2321 instance_nce=0.0000 cluster_nce=0.0000 
batch=0200 loss=0.7368 representation_loss=0.6316 clustering_loss=0.2106 instance_nce=0.0000 cluster_nce=0.0000 
batch=0250 loss=0.7610 representation_loss=0.6611 clustering_loss=0.1998 instance_nce=0.0000 cluster_nce=0.0000 
batch=0300 loss=0.8517 representation_loss=0.7505 clustering_loss=0.2024 instance_nce=0.0000 cluster_nce=0.0000 
batch=0350 loss=0.6977 representation_loss=0.5864 clustering_loss=0.2226 instance_nce=0.0000 cluster_nce=0.0000 
batch=0400 loss=0.6885 representation_loss=0.5817 clustering_loss=0.2136 instance_nce=0.0000 cluster_nce=0.0000 
batch=0450 loss=0.7418 representation_loss=0.6434 clustering_loss=0.1968 instance_nce=0.0000 cluster_nce=0.0000 
batch=0500 loss=0.7139 representation_loss=0.6110 clustering_loss=0.2059 instance_nce=0.0000 cluster_nce=0.0000 
batch=0550 loss=0.7355 representation_loss=0.6315 clustering_loss=0.2081 instance_nce=0.0000 cluster_nce=0.0000 
batch=0600 loss=0.7699 representation_loss=0.6693 clustering_loss=0.2011 instance_nce=0.0000 cluster_nce=0.0000 
batch=0650 loss=0.7843 representation_loss=0.6732 clustering_loss=0.2222 instance_nce=0.0000 cluster_nce=0.0000 
batch=0700 loss=0.7004 representation_loss=0.6010 clustering_loss=0.1989 instance_nce=0.0000 cluster_nce=0.0000 
batch=0750 loss=0.7157 representation_loss=0.6148 clustering_loss=0.2019 instance_nce=0.0000 cluster_nce=0.0000 
batch=0800 loss=0.7513 representation_loss=0.6505 clustering_loss=0.2017 instance_nce=0.0000 cluster_nce=0.0000 
batch=0850 loss=0.7125 representation_loss=0.6121 clustering_loss=0.2008 instance_nce=0.0000 cluster_nce=0.0000 
Train: loss=0.7242 mstm=0.6199 instance_nce=0.0000 cluster_nce=0.0000 dec=0.2087
save checkpoint:  /root/trajectory-clustering/con-dtc/runs/condtc_porto_finegrained_s3_m07_reverse_stability_w125/20260823_125825_seed42/checkpoints/condtc_best.pt
best train_loss:  0.7242489668808235
evaluating: /root/trajectory-clustering/con-dtc/runs/condtc_porto_finegrained_s3_m07_reverse_stability_w125/20260823_125825_seed42/checkpoints/condtc_best.pt
device: cuda
dataset: portoTimeNoiseFineGrained
cluster counts: tensor([ 947, 1088, 1594, 1263,  740,    0, 1177, 1871, 1302,  964, 1628, 1097,
         921, 1006, 1017,  448, 1046, 1085, 1038,  914,  901,  343, 1216,  794,
         482,  860, 1563])
metrics: {'uacc': 0.8409082585607032, 'nmi': 0.914399886197886, 'ri': 0.9832717230503725, 'ari': 0.7817997249970476}
metrics saved: /root/trajectory-clustering/con-dtc/runs/condtc_porto_finegrained_s3_m07_reverse_stability_w125/20260823_125825_seed42/metrics.json
