experiment initialized
run directory: /root/trajectory-clustering/con-dtc/runs/condtc_qd_late_s4_m09/20260813_093214_seed19721013
config snapshot: /root/trajectory-clustering/con-dtc/runs/condtc_qd_late_s4_m09/20260813_093214_seed19721013/config.yaml
device: cuda
pretrain checkpoint: /root/trajectory-clustering/con-dtc/checkpoints/sttraj2vec_pretrain_paper_15ep.pt
epoch=1 / num_epochs=6
batch=0050 loss=1.1629 representation_loss=0.9304 clustering_loss=0.4650 instance_nce=3.5702 cluster_nce=2.3243 
batch=0100 loss=1.1673 representation_loss=0.9701 clustering_loss=0.3943 instance_nce=3.5546 cluster_nce=2.3284 
batch=0150 loss=1.1958 representation_loss=1.0006 clustering_loss=0.3905 instance_nce=3.5938 cluster_nce=2.3155 
batch=0200 loss=1.1558 representation_loss=0.9846 clustering_loss=0.3425 instance_nce=3.5420 cluster_nce=2.2985 
batch=0250 loss=1.2080 representation_loss=1.0177 clustering_loss=0.3806 instance_nce=3.5584 cluster_nce=2.3128 
batch=0300 loss=1.1944 representation_loss=1.0261 clustering_loss=0.3367 instance_nce=3.5415 cluster_nce=2.3001 
batch=0350 loss=1.0127 representation_loss=0.8208 clustering_loss=0.3838 instance_nce=3.5150 cluster_nce=2.2909 
Train: loss=1.1389 mstm=0.9508 instance_nce=3.5503 cluster_nce=2.3165 dec=0.3762
save checkpoint:  /root/trajectory-clustering/con-dtc/runs/condtc_qd_late_s4_m09/20260813_093214_seed19721013/checkpoints/condtc_best.pt
epoch=2 / num_epochs=6
batch=0050 loss=1.0379 representation_loss=0.8879 clustering_loss=0.2999 instance_nce=3.5480 cluster_nce=2.3165 
batch=0100 loss=1.0682 representation_loss=0.9316 clustering_loss=0.2731 instance_nce=3.5515 cluster_nce=2.2992 
batch=0150 loss=1.1133 representation_loss=0.9795 clustering_loss=0.2677 instance_nce=3.5335 cluster_nce=2.2971 
batch=0200 loss=1.1861 representation_loss=1.0490 clustering_loss=0.2743 instance_nce=3.5356 cluster_nce=2.3178 
batch=0250 loss=1.0656 representation_loss=0.9316 clustering_loss=0.2680 instance_nce=3.5151 cluster_nce=2.2852 
batch=0300 loss=1.1050 representation_loss=0.9811 clustering_loss=0.2478 instance_nce=3.5328 cluster_nce=2.3112 
batch=0350 loss=1.0381 representation_loss=0.9247 clustering_loss=0.2268 instance_nce=3.5192 cluster_nce=2.2892 
Train: loss=1.0671 mstm=0.9336 instance_nce=3.5281 cluster_nce=2.3015 dec=0.2670
save checkpoint:  /root/trajectory-clustering/con-dtc/runs/condtc_qd_late_s4_m09/20260813_093214_seed19721013/checkpoints/condtc_best.pt
epoch=3 / num_epochs=6
batch=0050 loss=1.0730 representation_loss=0.9375 clustering_loss=0.2709 instance_nce=3.5130 cluster_nce=2.3039 
batch=0100 loss=1.0797 representation_loss=0.9414 clustering_loss=0.2767 instance_nce=3.5391 cluster_nce=2.3185 
batch=0150 loss=1.1257 representation_loss=0.9966 clustering_loss=0.2583 instance_nce=3.5170 cluster_nce=2.3109 
batch=0200 loss=1.0232 representation_loss=0.9062 clustering_loss=0.2339 instance_nce=3.4916 cluster_nce=2.2904 
batch=0250 loss=1.0146 representation_loss=0.9061 clustering_loss=0.2170 instance_nce=3.4797 cluster_nce=2.2852 
batch=0300 loss=0.9540 representation_loss=0.8347 clustering_loss=0.2386 instance_nce=3.5272 cluster_nce=2.2955 
batch=0350 loss=1.0464 representation_loss=0.9387 clustering_loss=0.2154 instance_nce=3.4875 cluster_nce=2.2933 
Train: loss=1.0568 mstm=0.9318 instance_nce=3.5163 cluster_nce=2.2972 dec=0.2501
save checkpoint:  /root/trajectory-clustering/con-dtc/runs/condtc_qd_late_s4_m09/20260813_093214_seed19721013/checkpoints/condtc_best.pt
epoch=4 / num_epochs=6
batch=0050 loss=0.9832 representation_loss=0.8752 clustering_loss=0.2159 instance_nce=3.4883 cluster_nce=2.3040 
batch=0100 loss=0.8722 representation_loss=0.7596 clustering_loss=0.2251 instance_nce=3.5082 cluster_nce=2.2871 
batch=0150 loss=1.0179 representation_loss=0.9246 clustering_loss=0.1866 instance_nce=3.5011 cluster_nce=2.2874 
batch=0200 loss=1.0322 representation_loss=0.9278 clustering_loss=0.2088 instance_nce=3.4942 cluster_nce=2.2912 
batch=0250 loss=1.0007 representation_loss=0.9002 clustering_loss=0.2010 instance_nce=3.5326 cluster_nce=2.2954 
batch=0300 loss=1.0376 representation_loss=0.9461 clustering_loss=0.1832 instance_nce=3.4806 cluster_nce=2.2916 
batch=0350 loss=0.9931 representation_loss=0.8962 clustering_loss=0.1937 instance_nce=3.4761 cluster_nce=2.2752 
Train: loss=1.0223 mstm=0.9131 instance_nce=3.5061 cluster_nce=2.2950 dec=0.2183
save checkpoint:  /root/trajectory-clustering/con-dtc/runs/condtc_qd_late_s4_m09/20260813_093214_seed19721013/checkpoints/condtc_best.pt
epoch=5 / num_epochs=6
batch=0050 loss=0.9532 representation_loss=0.8503 clustering_loss=0.2057 instance_nce=3.4687 cluster_nce=2.2897 
batch=0100 loss=0.9237 representation_loss=0.8251 clustering_loss=0.1971 instance_nce=3.4940 cluster_nce=2.2888 
batch=0150 loss=1.0209 representation_loss=0.9280 clustering_loss=0.1857 instance_nce=3.4918 cluster_nce=2.2962 
batch=0200 loss=0.9998 representation_loss=0.8968 clustering_loss=0.2060 instance_nce=3.5053 cluster_nce=2.2958 
batch=0250 loss=0.9868 representation_loss=0.8867 clustering_loss=0.2003 instance_nce=3.4957 cluster_nce=2.2783 
batch=0300 loss=0.9478 representation_loss=0.8588 clustering_loss=0.1779 instance_nce=3.4795 cluster_nce=2.2851 
batch=0350 loss=0.9286 representation_loss=0.8148 clustering_loss=0.2275 instance_nce=3.4977 cluster_nce=2.2992 
Train: loss=1.0150 mstm=0.9147 instance_nce=3.4966 cluster_nce=2.2921 dec=0.2006
save checkpoint:  /root/trajectory-clustering/con-dtc/runs/condtc_qd_late_s4_m09/20260813_093214_seed19721013/checkpoints/condtc_best.pt
epoch=6 / num_epochs=6
batch=0050 loss=0.9740 representation_loss=0.8841 clustering_loss=0.1798 instance_nce=3.4967 cluster_nce=2.2743 
batch=0100 loss=1.0564 representation_loss=0.9588 clustering_loss=0.1952 instance_nce=3.4641 cluster_nce=2.2831 
batch=0150 loss=0.9368 representation_loss=0.8480 clustering_loss=0.1777 instance_nce=3.4795 cluster_nce=2.2812 
batch=0200 loss=1.0191 representation_loss=0.9259 clustering_loss=0.1864 instance_nce=3.4801 cluster_nce=2.2792 
batch=0250 loss=0.9774 representation_loss=0.8779 clustering_loss=0.1989 instance_nce=3.5309 cluster_nce=2.2870 
batch=0300 loss=1.1122 representation_loss=1.0189 clustering_loss=0.1866 instance_nce=3.4650 cluster_nce=2.2847 
batch=0350 loss=1.0582 representation_loss=0.9718 clustering_loss=0.1729 instance_nce=3.4982 cluster_nce=2.3225 
Train: loss=1.0021 mstm=0.9084 instance_nce=3.4876 cluster_nce=2.2900 dec=0.1874
save checkpoint:  /root/trajectory-clustering/con-dtc/runs/condtc_qd_late_s4_m09/20260813_093214_seed19721013/checkpoints/condtc_best.pt
best train_loss:  1.0021330153518855
evaluating: /root/trajectory-clustering/con-dtc/runs/condtc_qd_late_s4_m09/20260813_093214_seed19721013/checkpoints/condtc_best.pt
device: cuda
cluster counts: tensor([1003,  968, 1938, 1177,  435, 1000,   19,  970, 1463,  933,  754,  944])
metrics: {'uacc': 0.7971389176146156, 'nmi': 0.8865513017608602, 'ri': 0.9591583741833816, 'ari': 0.7568485339499389}
metrics saved: /root/trajectory-clustering/con-dtc/runs/condtc_qd_late_s4_m09/20260813_093214_seed19721013/metrics.json
