experiment initialized
run directory: /root/trajectory-clustering/con-dtc/runs/condtc_qd_ema_staged_s5_m07/20260816_212104_seed123
config snapshot: /root/trajectory-clustering/con-dtc/runs/condtc_qd_ema_staged_s5_m07/20260816_212104_seed123/config.yaml
device: cuda
pretrain checkpoint: /root/trajectory-clustering/con-dtc/checkpoints/sttraj2vec_pretrain_paper_15ep.pt
epoch=1 / num_epochs=6
batch=0050 loss=1.1286 representation_loss=0.9030 clustering_loss=0.4513 instance_nce=3.6067 cluster_nce=2.3595 
batch=0100 loss=1.0787 representation_loss=0.8455 clustering_loss=0.4665 instance_nce=3.6287 cluster_nce=2.3642 
batch=0150 loss=1.2206 representation_loss=1.0481 clustering_loss=0.3450 instance_nce=3.5984 cluster_nce=2.3466 
batch=0200 loss=1.1053 representation_loss=0.9420 clustering_loss=0.3266 instance_nce=3.6288 cluster_nce=2.3677 
batch=0250 loss=1.0986 representation_loss=0.9124 clustering_loss=0.3724 instance_nce=3.6574 cluster_nce=2.3642 
batch=0300 loss=1.0505 representation_loss=0.8672 clustering_loss=0.3668 instance_nce=3.6164 cluster_nce=2.3272 
batch=0350 loss=1.1928 representation_loss=1.0299 clustering_loss=0.3259 instance_nce=3.6750 cluster_nce=2.3679 
Train: loss=1.1488 mstm=0.9602 instance_nce=3.6168 cluster_nce=2.3567 dec=0.3772
save checkpoint:  /root/trajectory-clustering/con-dtc/runs/condtc_qd_ema_staged_s5_m07/20260816_212104_seed123/checkpoints/condtc_best.pt
epoch=2 / num_epochs=6
batch=0050 loss=0.9917 representation_loss=0.8540 clustering_loss=0.2754 instance_nce=3.5850 cluster_nce=2.3391 
batch=0100 loss=1.0593 representation_loss=0.9248 clustering_loss=0.2690 instance_nce=3.6031 cluster_nce=2.3264 
batch=0150 loss=1.2753 representation_loss=1.1292 clustering_loss=0.2921 instance_nce=3.6081 cluster_nce=2.3502 
batch=0200 loss=1.1449 representation_loss=1.0074 clustering_loss=0.2751 instance_nce=3.6071 cluster_nce=2.3566 
batch=0250 loss=1.0364 representation_loss=0.9152 clustering_loss=0.2425 instance_nce=3.6055 cluster_nce=2.3333 
batch=0300 loss=1.1206 representation_loss=0.9850 clustering_loss=0.2711 instance_nce=3.5871 cluster_nce=2.3208 
batch=0350 loss=1.0740 representation_loss=0.9572 clustering_loss=0.2336 instance_nce=3.5513 cluster_nce=2.3408 
Train: loss=1.0793 mstm=0.9444 instance_nce=3.6005 cluster_nce=2.3371 dec=0.2699
save checkpoint:  /root/trajectory-clustering/con-dtc/runs/condtc_qd_ema_staged_s5_m07/20260816_212104_seed123/checkpoints/condtc_best.pt
epoch=3 / num_epochs=6
batch=0050 loss=0.9515 representation_loss=0.8177 clustering_loss=0.2676 instance_nce=3.5744 cluster_nce=2.3368 
batch=0100 loss=1.0031 representation_loss=0.8638 clustering_loss=0.2786 instance_nce=3.6113 cluster_nce=2.3432 
batch=0150 loss=1.1566 representation_loss=1.0329 clustering_loss=0.2473 instance_nce=3.5773 cluster_nce=2.3247 
batch=0200 loss=1.1219 representation_loss=1.0080 clustering_loss=0.2278 instance_nce=3.5828 cluster_nce=2.3308 
batch=0250 loss=1.0310 representation_loss=0.9068 clustering_loss=0.2484 instance_nce=3.6047 cluster_nce=2.3128 
batch=0300 loss=0.9628 representation_loss=0.8519 clustering_loss=0.2216 instance_nce=3.5608 cluster_nce=2.3096 
batch=0350 loss=1.0375 representation_loss=0.9234 clustering_loss=0.2282 instance_nce=3.5793 cluster_nce=2.3188 
Train: loss=1.0573 mstm=0.9320 instance_nce=3.5875 cluster_nce=2.3292 dec=0.2507
save checkpoint:  /root/trajectory-clustering/con-dtc/runs/condtc_qd_ema_staged_s5_m07/20260816_212104_seed123/checkpoints/condtc_best.pt
epoch=4 / num_epochs=6
batch=0050 loss=1.0288 representation_loss=0.9012 clustering_loss=0.2551 instance_nce=3.5816 cluster_nce=2.3095 
batch=0100 loss=1.0362 representation_loss=0.9181 clustering_loss=0.2362 instance_nce=3.5487 cluster_nce=2.3171 
batch=0150 loss=0.8627 representation_loss=0.7560 clustering_loss=0.2132 instance_nce=3.5571 cluster_nce=2.3040 
batch=0200 loss=0.9434 representation_loss=0.8241 clustering_loss=0.2386 instance_nce=3.5634 cluster_nce=2.3227 
batch=0250 loss=1.2088 representation_loss=1.0971 clustering_loss=0.2233 instance_nce=3.5445 cluster_nce=2.3140 
batch=0300 loss=1.1768 representation_loss=1.0590 clustering_loss=0.2357 instance_nce=3.5592 cluster_nce=2.3145 
batch=0350 loss=1.0702 representation_loss=0.9583 clustering_loss=0.2238 instance_nce=3.5818 cluster_nce=2.3115 
Train: loss=1.0364 mstm=0.9180 instance_nce=3.5764 cluster_nce=2.3257 dec=0.2367
save checkpoint:  /root/trajectory-clustering/con-dtc/runs/condtc_qd_ema_staged_s5_m07/20260816_212104_seed123/checkpoints/condtc_best.pt
epoch=5 / num_epochs=6
batch=0050 loss=1.0724 representation_loss=0.9682 clustering_loss=0.2085 instance_nce=3.5913 cluster_nce=2.3188 
batch=0100 loss=1.1214 representation_loss=1.0122 clustering_loss=0.2185 instance_nce=3.5467 cluster_nce=2.3099 
batch=0150 loss=1.0730 representation_loss=0.9776 clustering_loss=0.1909 instance_nce=3.5379 cluster_nce=2.3096 
batch=0200 loss=1.0078 representation_loss=0.9006 clustering_loss=0.2142 instance_nce=3.5597 cluster_nce=2.3242 
batch=0250 loss=1.0545 representation_loss=0.9556 clustering_loss=0.1977 instance_nce=3.5301 cluster_nce=2.3135 
batch=0300 loss=1.0338 representation_loss=0.9303 clustering_loss=0.2068 instance_nce=3.5570 cluster_nce=2.2998 
batch=0350 loss=0.9500 representation_loss=0.8452 clustering_loss=0.2095 instance_nce=3.5400 cluster_nce=2.3082 
Train: loss=1.0202 mstm=0.9136 instance_nce=3.5654 cluster_nce=2.3211 dec=0.2132
save checkpoint:  /root/trajectory-clustering/con-dtc/runs/condtc_qd_ema_staged_s5_m07/20260816_212104_seed123/checkpoints/condtc_best.pt
epoch=6 / num_epochs=6
batch=0050 loss=0.9725 representation_loss=0.8715 clustering_loss=0.2020 instance_nce=3.5392 cluster_nce=2.3269 
batch=0100 loss=1.1637 representation_loss=1.0640 clustering_loss=0.1995 instance_nce=3.5519 cluster_nce=2.3106 
batch=0150 loss=1.0419 representation_loss=0.9504 clustering_loss=0.1829 instance_nce=3.5290 cluster_nce=2.3244 
batch=0200 loss=1.1937 representation_loss=1.0890 clustering_loss=0.2094 instance_nce=3.6078 cluster_nce=2.3388 
batch=0250 loss=0.9999 representation_loss=0.8960 clustering_loss=0.2077 instance_nce=3.5451 cluster_nce=2.3177 
batch=0300 loss=1.0831 representation_loss=0.9673 clustering_loss=0.2317 instance_nce=3.5787 cluster_nce=2.3369 
batch=0350 loss=1.0380 representation_loss=0.9377 clustering_loss=0.2007 instance_nce=3.5333 cluster_nce=2.3227 
Train: loss=0.9998 mstm=0.9005 instance_nce=3.5541 cluster_nce=2.3169 dec=0.1986
save checkpoint:  /root/trajectory-clustering/con-dtc/runs/condtc_qd_ema_staged_s5_m07/20260816_212104_seed123/checkpoints/condtc_best.pt
best train_loss:  0.999766950687841
evaluating: /root/trajectory-clustering/con-dtc/runs/condtc_qd_ema_staged_s5_m07/20260816_212104_seed123/checkpoints/condtc_best.pt
device: cuda
cluster counts: tensor([ 933, 1819,  944, 1378, 1957, 1003,    0, 1000,  548,  968,   79,  975])
metrics: {'uacc': 0.7624956911409859, 'nmi': 0.890413140017305, 'ri': 0.9561390311905392, 'ari': 0.7509331506248182}
metrics saved: /root/trajectory-clustering/con-dtc/runs/condtc_qd_ema_staged_s5_m07/20260816_212104_seed123/metrics.json
