experiment initialized
run directory: /root/trajectory-clustering/con-dtc/runs/condtc_qd_pre30_s3_m07_unweighted/20260815_161625_seed2026
config snapshot: /root/trajectory-clustering/con-dtc/runs/condtc_qd_pre30_s3_m07_unweighted/20260815_161625_seed2026/config.yaml
device: cuda
pretrain checkpoint: /root/trajectory-clustering/con-dtc/checkpoints/sttraj2vec_pretrain_paper_crossview.pt
epoch=1 / num_epochs=6
batch=0050 loss=0.8291 representation_loss=0.7061 clustering_loss=0.2460 instance_nce=3.4758 cluster_nce=2.4051 
batch=0100 loss=0.8474 representation_loss=0.7249 clustering_loss=0.2450 instance_nce=3.4556 cluster_nce=2.4209 
batch=0150 loss=0.8129 representation_loss=0.7014 clustering_loss=0.2230 instance_nce=3.4506 cluster_nce=2.3953 
batch=0200 loss=0.8628 representation_loss=0.7514 clustering_loss=0.2228 instance_nce=3.4864 cluster_nce=2.3854 
batch=0250 loss=0.8352 representation_loss=0.7338 clustering_loss=0.2028 instance_nce=3.4742 cluster_nce=2.3677 
batch=0300 loss=0.7363 representation_loss=0.6434 clustering_loss=0.1858 instance_nce=3.4651 cluster_nce=2.3786 
batch=0350 loss=0.7425 representation_loss=0.6497 clustering_loss=0.1855 instance_nce=3.4625 cluster_nce=2.3793 
Train: loss=0.8125 mstm=0.6969 instance_nce=3.4674 cluster_nce=2.3987 dec=0.2314
save checkpoint:  /root/trajectory-clustering/con-dtc/runs/condtc_qd_pre30_s3_m07_unweighted/20260815_161625_seed2026/checkpoints/condtc_best.pt
epoch=2 / num_epochs=6
batch=0050 loss=0.7978 representation_loss=0.6298 clustering_loss=0.3361 instance_nce=3.4578 cluster_nce=2.3719 
batch=0100 loss=0.7974 representation_loss=0.6338 clustering_loss=0.3273 instance_nce=3.4303 cluster_nce=2.3745 
batch=0150 loss=0.7459 representation_loss=0.5955 clustering_loss=0.3010 instance_nce=3.4561 cluster_nce=2.3914 
batch=0200 loss=0.7260 representation_loss=0.5739 clustering_loss=0.3041 instance_nce=3.4344 cluster_nce=2.3799 
batch=0250 loss=0.8941 representation_loss=0.7642 clustering_loss=0.2597 instance_nce=3.4014 cluster_nce=2.3665 
batch=0300 loss=0.8374 representation_loss=0.6975 clustering_loss=0.2797 instance_nce=3.4682 cluster_nce=2.3800 
batch=0350 loss=0.8980 representation_loss=0.7601 clustering_loss=0.2758 instance_nce=3.4380 cluster_nce=2.3483 
Train: loss=0.8400 mstm=0.6880 instance_nce=3.4412 cluster_nce=2.3635 dec=0.3041
epoch=3 / num_epochs=6
batch=0050 loss=0.8192 representation_loss=0.6737 clustering_loss=0.2910 instance_nce=3.4202 cluster_nce=2.3858 
batch=0100 loss=0.8784 representation_loss=0.7416 clustering_loss=0.2735 instance_nce=3.4061 cluster_nce=2.3432 
batch=0150 loss=0.8205 representation_loss=0.6873 clustering_loss=0.2665 instance_nce=3.4130 cluster_nce=2.3530 
batch=0200 loss=0.7135 representation_loss=0.5854 clustering_loss=0.2562 instance_nce=3.4427 cluster_nce=2.3419 
batch=0250 loss=0.8615 representation_loss=0.7255 clustering_loss=0.2719 instance_nce=3.4179 cluster_nce=2.3564 
batch=0300 loss=0.8318 representation_loss=0.7052 clustering_loss=0.2531 instance_nce=3.4503 cluster_nce=2.3635 
batch=0350 loss=0.8879 representation_loss=0.7660 clustering_loss=0.2438 instance_nce=3.4003 cluster_nce=2.3341 
Train: loss=0.8173 mstm=0.6853 instance_nce=3.4249 cluster_nce=2.3543 dec=0.2640
epoch=4 / num_epochs=6
batch=0050 loss=0.8049 representation_loss=0.6793 clustering_loss=0.2512 instance_nce=3.4582 cluster_nce=2.3160 
batch=0100 loss=0.6821 representation_loss=0.5574 clustering_loss=0.2495 instance_nce=3.4193 cluster_nce=2.3504 
batch=0150 loss=0.7707 representation_loss=0.6525 clustering_loss=0.2363 instance_nce=3.4196 cluster_nce=2.3697 
batch=0200 loss=0.7154 representation_loss=0.5996 clustering_loss=0.2315 instance_nce=3.4103 cluster_nce=2.3396 
batch=0250 loss=0.7719 representation_loss=0.6602 clustering_loss=0.2235 instance_nce=3.3882 cluster_nce=2.3453 
batch=0300 loss=0.8619 representation_loss=0.7382 clustering_loss=0.2473 instance_nce=3.4321 cluster_nce=2.3909 
batch=0350 loss=0.7707 representation_loss=0.6492 clustering_loss=0.2431 instance_nce=3.4124 cluster_nce=2.3536 
Train: loss=0.8063 mstm=0.6829 instance_nce=3.4121 cluster_nce=2.3499 dec=0.2468
save checkpoint:  /root/trajectory-clustering/con-dtc/runs/condtc_qd_pre30_s3_m07_unweighted/20260815_161625_seed2026/checkpoints/condtc_best.pt
epoch=5 / num_epochs=6
batch=0050 loss=0.8854 representation_loss=0.7659 clustering_loss=0.2390 instance_nce=3.3849 cluster_nce=2.3249 
batch=0100 loss=0.8808 representation_loss=0.7501 clustering_loss=0.2615 instance_nce=3.4408 cluster_nce=2.3722 
batch=0150 loss=0.7581 representation_loss=0.6361 clustering_loss=0.2440 instance_nce=3.4012 cluster_nce=2.3758 
batch=0200 loss=0.7709 representation_loss=0.6585 clustering_loss=0.2248 instance_nce=3.3694 cluster_nce=2.3321 
batch=0250 loss=0.7684 representation_loss=0.6566 clustering_loss=0.2235 instance_nce=3.4033 cluster_nce=2.3385 
batch=0300 loss=0.8105 representation_loss=0.6982 clustering_loss=0.2245 instance_nce=3.4050 cluster_nce=2.3597 
batch=0350 loss=0.8150 representation_loss=0.6963 clustering_loss=0.2374 instance_nce=3.3889 cluster_nce=2.3329 
Train: loss=0.8050 mstm=0.6859 instance_nce=3.3999 cluster_nce=2.3467 dec=0.2381
save checkpoint:  /root/trajectory-clustering/con-dtc/runs/condtc_qd_pre30_s3_m07_unweighted/20260815_161625_seed2026/checkpoints/condtc_best.pt
epoch=6 / num_epochs=6
batch=0050 loss=0.8623 representation_loss=0.7527 clustering_loss=0.2192 instance_nce=3.3870 cluster_nce=2.3273 
batch=0100 loss=0.9135 representation_loss=0.8021 clustering_loss=0.2228 instance_nce=3.3587 cluster_nce=2.3263 
batch=0150 loss=0.8741 representation_loss=0.7633 clustering_loss=0.2216 instance_nce=3.3527 cluster_nce=2.3338 
batch=0200 loss=0.7578 representation_loss=0.6439 clustering_loss=0.2277 instance_nce=3.3604 cluster_nce=2.3571 
batch=0250 loss=0.8457 representation_loss=0.7282 clustering_loss=0.2349 instance_nce=3.3655 cluster_nce=2.3547 
batch=0300 loss=0.7735 representation_loss=0.6524 clustering_loss=0.2423 instance_nce=3.3783 cluster_nce=2.3332 
batch=0350 loss=0.7829 representation_loss=0.6694 clustering_loss=0.2271 instance_nce=3.3922 cluster_nce=2.3281 
Train: loss=0.7857 mstm=0.6702 instance_nce=3.3914 cluster_nce=2.3438 dec=0.2310
save checkpoint:  /root/trajectory-clustering/con-dtc/runs/condtc_qd_pre30_s3_m07_unweighted/20260815_161625_seed2026/checkpoints/condtc_best.pt
best train_loss:  0.7857438714616836
evaluating: /root/trajectory-clustering/con-dtc/runs/condtc_qd_pre30_s3_m07_unweighted/20260815_161625_seed2026/checkpoints/condtc_best.pt
device: cuda
cluster counts: tensor([1027,  944,  968,  860,  991, 1003,  943, 1000,  871, 1041,  966,  990])
metrics: {'uacc': 0.9761289210617029, 'nmi': 0.9680670579351782, 'ri': 0.9925359703387102, 'ari': 0.9511929515354586}
metrics saved: /root/trajectory-clustering/con-dtc/runs/condtc_qd_pre30_s3_m07_unweighted/20260815_161625_seed2026/metrics.json
