experiment initialized
run directory: /root/trajectory-clustering/con-dtc/runs/condtc_qd_late_s2_m09_w/20260814_092251_seed19721013
config snapshot: /root/trajectory-clustering/con-dtc/runs/condtc_qd_late_s2_m09_w/20260814_092251_seed19721013/config.yaml
device: cuda
pretrain checkpoint: /root/trajectory-clustering/con-dtc/checkpoints/sttraj2vec_pretrain_paper_15ep.pt
epoch=1 / num_epochs=6
batch=0050 loss=1.1629 representation_loss=0.9304 clustering_loss=0.4650 instance_nce=3.5702 cluster_nce=2.3243 
batch=0100 loss=1.1673 representation_loss=0.9701 clustering_loss=0.3943 instance_nce=3.5546 cluster_nce=2.3284 
batch=0150 loss=1.1958 representation_loss=1.0006 clustering_loss=0.3905 instance_nce=3.5938 cluster_nce=2.3155 
batch=0200 loss=1.1558 representation_loss=0.9846 clustering_loss=0.3425 instance_nce=3.5420 cluster_nce=2.2985 
batch=0250 loss=1.2080 representation_loss=1.0177 clustering_loss=0.3806 instance_nce=3.5584 cluster_nce=2.3128 
batch=0300 loss=1.1944 representation_loss=1.0261 clustering_loss=0.3367 instance_nce=3.5415 cluster_nce=2.3002 
batch=0350 loss=1.0127 representation_loss=0.8208 clustering_loss=0.3838 instance_nce=3.5150 cluster_nce=2.2909 
Train: loss=1.1389 mstm=0.9508 instance_nce=3.5503 cluster_nce=2.3165 dec=0.3762
save checkpoint:  /root/trajectory-clustering/con-dtc/runs/condtc_qd_late_s2_m09_w/20260814_092251_seed19721013/checkpoints/condtc_best.pt
epoch=2 / num_epochs=6
batch=0050 loss=1.0397 representation_loss=0.8870 clustering_loss=0.3053 instance_nce=3.5538 cluster_nce=2.3163 
batch=0100 loss=1.0744 representation_loss=0.9329 clustering_loss=0.2830 instance_nce=3.5611 cluster_nce=2.2985 
batch=0150 loss=1.0984 representation_loss=0.9795 clustering_loss=0.2379 instance_nce=3.5421 cluster_nce=2.2974 
batch=0200 loss=1.1704 representation_loss=1.0471 clustering_loss=0.2467 instance_nce=3.5461 cluster_nce=2.3188 
batch=0250 loss=1.0657 representation_loss=0.9305 clustering_loss=0.2705 instance_nce=3.5235 cluster_nce=2.2864 
batch=0300 loss=1.0906 representation_loss=0.9774 clustering_loss=0.2264 instance_nce=3.5398 cluster_nce=2.3109 
batch=0350 loss=1.0356 representation_loss=0.9240 clustering_loss=0.2232 instance_nce=3.5289 cluster_nce=2.2911 
Train: loss=1.0654 mstm=0.9329 instance_nce=3.5355 cluster_nce=2.3017 dec=0.2650
save checkpoint:  /root/trajectory-clustering/con-dtc/runs/condtc_qd_late_s2_m09_w/20260814_092251_seed19721013/checkpoints/condtc_best.pt
epoch=3 / num_epochs=6
batch=0050 loss=1.0650 representation_loss=0.9370 clustering_loss=0.2562 instance_nce=3.5266 cluster_nce=2.3064 
batch=0100 loss=1.0499 representation_loss=0.9389 clustering_loss=0.2219 instance_nce=3.5496 cluster_nce=2.3198 
batch=0150 loss=1.1044 representation_loss=0.9954 clustering_loss=0.2180 instance_nce=3.5312 cluster_nce=2.3107 
batch=0200 loss=1.0105 representation_loss=0.9059 clustering_loss=0.2093 instance_nce=3.5047 cluster_nce=2.2912 
batch=0250 loss=1.0168 representation_loss=0.9071 clustering_loss=0.2195 instance_nce=3.4929 cluster_nce=2.2853 
batch=0300 loss=0.9664 representation_loss=0.8335 clustering_loss=0.2658 instance_nce=3.5377 cluster_nce=2.2970 
batch=0350 loss=1.0553 representation_loss=0.9368 clustering_loss=0.2369 instance_nce=3.4988 cluster_nce=2.2955 
Train: loss=1.0462 mstm=0.9306 instance_nce=3.5274 cluster_nce=2.2977 dec=0.2312
save checkpoint:  /root/trajectory-clustering/con-dtc/runs/condtc_qd_late_s2_m09_w/20260814_092251_seed19721013/checkpoints/condtc_best.pt
epoch=4 / num_epochs=6
batch=0050 loss=0.9627 representation_loss=0.8729 clustering_loss=0.1795 instance_nce=3.4958 cluster_nce=2.3074 
batch=0100 loss=0.8812 representation_loss=0.7572 clustering_loss=0.2480 instance_nce=3.5180 cluster_nce=2.2895 
batch=0150 loss=1.0152 representation_loss=0.9213 clustering_loss=0.1879 instance_nce=3.5118 cluster_nce=2.2879 
batch=0200 loss=1.0173 representation_loss=0.9229 clustering_loss=0.1888 instance_nce=3.5088 cluster_nce=2.2902 
batch=0250 loss=0.9954 representation_loss=0.8987 clustering_loss=0.1934 instance_nce=3.5464 cluster_nce=2.2940 
batch=0300 loss=1.0411 representation_loss=0.9432 clustering_loss=0.1958 instance_nce=3.4938 cluster_nce=2.2921 
batch=0350 loss=1.0001 representation_loss=0.8976 clustering_loss=0.2050 instance_nce=3.4886 cluster_nce=2.2770 
Train: loss=1.0160 mstm=0.9116 instance_nce=3.5180 cluster_nce=2.2962 dec=0.2087
save checkpoint:  /root/trajectory-clustering/con-dtc/runs/condtc_qd_late_s2_m09_w/20260814_092251_seed19721013/checkpoints/condtc_best.pt
epoch=5 / num_epochs=6
batch=0050 loss=0.9558 representation_loss=0.8506 clustering_loss=0.2105 instance_nce=3.4810 cluster_nce=2.2921 
batch=0100 loss=0.9057 representation_loss=0.8227 clustering_loss=0.1660 instance_nce=3.5103 cluster_nce=2.2913 
batch=0150 loss=1.0383 representation_loss=0.9278 clustering_loss=0.2209 instance_nce=3.5074 cluster_nce=2.2975 
batch=0200 loss=0.9938 representation_loss=0.8957 clustering_loss=0.1961 instance_nce=3.5190 cluster_nce=2.2969 
batch=0250 loss=0.9826 representation_loss=0.8854 clustering_loss=0.1944 instance_nce=3.5101 cluster_nce=2.2786 
batch=0300 loss=0.9594 representation_loss=0.8585 clustering_loss=0.2018 instance_nce=3.4910 cluster_nce=2.2855 
batch=0350 loss=0.9211 representation_loss=0.8179 clustering_loss=0.2065 instance_nce=3.5121 cluster_nce=2.2995 
Train: loss=1.0102 mstm=0.9132 instance_nce=3.5097 cluster_nce=2.2932 dec=0.1939
save checkpoint:  /root/trajectory-clustering/con-dtc/runs/condtc_qd_late_s2_m09_w/20260814_092251_seed19721013/checkpoints/condtc_best.pt
epoch=6 / num_epochs=6
batch=0050 loss=0.9704 representation_loss=0.8816 clustering_loss=0.1775 instance_nce=3.5022 cluster_nce=2.2762 
batch=0100 loss=1.0474 representation_loss=0.9555 clustering_loss=0.1838 instance_nce=3.4740 cluster_nce=2.2831 
batch=0150 loss=0.9294 representation_loss=0.8471 clustering_loss=0.1645 instance_nce=3.4954 cluster_nce=2.2850 
batch=0200 loss=1.0051 representation_loss=0.9262 clustering_loss=0.1578 instance_nce=3.4957 cluster_nce=2.2810 
batch=0250 loss=0.9736 representation_loss=0.8758 clustering_loss=0.1956 instance_nce=3.5423 cluster_nce=2.2874 
batch=0300 loss=1.0990 representation_loss=1.0171 clustering_loss=0.1640 instance_nce=3.4820 cluster_nce=2.2841 
batch=0350 loss=1.0588 representation_loss=0.9722 clustering_loss=0.1731 instance_nce=3.5168 cluster_nce=2.3254 
Train: loss=0.9986 mstm=0.9071 instance_nce=3.5013 cluster_nce=2.2913 dec=0.1831
save checkpoint:  /root/trajectory-clustering/con-dtc/runs/condtc_qd_late_s2_m09_w/20260814_092251_seed19721013/checkpoints/condtc_best.pt
best train_loss:  0.9986051648536742
evaluating: /root/trajectory-clustering/con-dtc/runs/condtc_qd_late_s2_m09_w/20260814_092251_seed19721013/checkpoints/condtc_best.pt
device: cuda
cluster counts: tensor([1003,  408, 1928,  873,  277, 1000,   29,  967, 1621, 1493, 1061,  944])
metrics: {'uacc': 0.7289727680110307, 'nmi': 0.8521774638716466, 'ri': 0.9459569630136723, 'ari': 0.6880559440274434}
metrics saved: /root/trajectory-clustering/con-dtc/runs/condtc_qd_late_s2_m09_w/20260814_092251_seed19721013/metrics.json
