experiment initialized
run directory: /root/trajectory-clustering/con-dtc/runs/condtc_qd_ema_m06/20260816_170438_seed19721013
config snapshot: /root/trajectory-clustering/con-dtc/runs/condtc_qd_ema_m06/20260816_170438_seed19721013/config.yaml
device: cuda
pretrain checkpoint: /root/trajectory-clustering/con-dtc/checkpoints/sttraj2vec_pretrain_paper_15ep.pt
epoch=1 / num_epochs=6
batch=0050 loss=1.1629 representation_loss=0.9304 clustering_loss=0.4650 instance_nce=3.5702 cluster_nce=2.3243 
batch=0100 loss=1.1673 representation_loss=0.9701 clustering_loss=0.3943 instance_nce=3.5546 cluster_nce=2.3284 
batch=0150 loss=1.1958 representation_loss=1.0006 clustering_loss=0.3905 instance_nce=3.5938 cluster_nce=2.3155 
batch=0200 loss=1.1558 representation_loss=0.9846 clustering_loss=0.3425 instance_nce=3.5420 cluster_nce=2.2985 
batch=0250 loss=1.2080 representation_loss=1.0177 clustering_loss=0.3806 instance_nce=3.5584 cluster_nce=2.3128 
batch=0300 loss=1.1944 representation_loss=1.0261 clustering_loss=0.3367 instance_nce=3.5415 cluster_nce=2.3002 
batch=0350 loss=1.0127 representation_loss=0.8208 clustering_loss=0.3838 instance_nce=3.5150 cluster_nce=2.2909 
Train: loss=1.1389 mstm=0.9508 instance_nce=3.5503 cluster_nce=2.3165 dec=0.3762
save checkpoint:  /root/trajectory-clustering/con-dtc/runs/condtc_qd_ema_m06/20260816_170438_seed19721013/checkpoints/condtc_best.pt
epoch=2 / num_epochs=6
batch=0050 loss=1.0400 representation_loss=0.8871 clustering_loss=0.3059 instance_nce=3.5496 cluster_nce=2.3156 
batch=0100 loss=1.0755 representation_loss=0.9324 clustering_loss=0.2862 instance_nce=3.5554 cluster_nce=2.2990 
batch=0150 loss=1.1011 representation_loss=0.9788 clustering_loss=0.2445 instance_nce=3.5378 cluster_nce=2.2971 
batch=0200 loss=1.1712 representation_loss=1.0474 clustering_loss=0.2476 instance_nce=3.5401 cluster_nce=2.3182 
batch=0250 loss=1.0611 representation_loss=0.9301 clustering_loss=0.2620 instance_nce=3.5190 cluster_nce=2.2867 
batch=0300 loss=1.0996 representation_loss=0.9793 clustering_loss=0.2406 instance_nce=3.5361 cluster_nce=2.3111 
batch=0350 loss=1.0305 representation_loss=0.9246 clustering_loss=0.2118 instance_nce=3.5238 cluster_nce=2.2902 
Train: loss=1.0652 mstm=0.9333 instance_nce=3.5315 cluster_nce=2.3016 dec=0.2638
save checkpoint:  /root/trajectory-clustering/con-dtc/runs/condtc_qd_ema_m06/20260816_170438_seed19721013/checkpoints/condtc_best.pt
epoch=3 / num_epochs=6
batch=0050 loss=1.0631 representation_loss=0.9370 clustering_loss=0.2521 instance_nce=3.5193 cluster_nce=2.3060 
batch=0100 loss=1.0646 representation_loss=0.9406 clustering_loss=0.2479 instance_nce=3.5448 cluster_nce=2.3190 
batch=0150 loss=1.1075 representation_loss=0.9958 clustering_loss=0.2232 instance_nce=3.5228 cluster_nce=2.3114 
batch=0200 loss=1.0117 representation_loss=0.9056 clustering_loss=0.2122 instance_nce=3.4969 cluster_nce=2.2914 
batch=0250 loss=1.0060 representation_loss=0.9063 clustering_loss=0.1994 instance_nce=3.4860 cluster_nce=2.2858 
batch=0300 loss=0.9505 representation_loss=0.8346 clustering_loss=0.2318 instance_nce=3.5325 cluster_nce=2.2961 
batch=0350 loss=1.0426 representation_loss=0.9377 clustering_loss=0.2098 instance_nce=3.4917 cluster_nce=2.2945 
Train: loss=1.0446 mstm=0.9311 instance_nce=3.5209 cluster_nce=2.2977 dec=0.2270
save checkpoint:  /root/trajectory-clustering/con-dtc/runs/condtc_qd_ema_m06/20260816_170438_seed19721013/checkpoints/condtc_best.pt
epoch=4 / num_epochs=6
batch=0050 loss=0.9781 representation_loss=0.8739 clustering_loss=0.2084 instance_nce=3.4909 cluster_nce=2.3060 
batch=0100 loss=0.8755 representation_loss=0.7580 clustering_loss=0.2350 instance_nce=3.5101 cluster_nce=2.2882 
batch=0150 loss=1.0118 representation_loss=0.9230 clustering_loss=0.1775 instance_nce=3.5042 cluster_nce=2.2886 
batch=0200 loss=1.0267 representation_loss=0.9259 clustering_loss=0.2015 instance_nce=3.4985 cluster_nce=2.2910 
batch=0250 loss=0.9950 representation_loss=0.9000 clustering_loss=0.1900 instance_nce=3.5370 cluster_nce=2.2958 
batch=0300 loss=1.0320 representation_loss=0.9454 clustering_loss=0.1731 instance_nce=3.4841 cluster_nce=2.2922 
batch=0350 loss=0.9924 representation_loss=0.8959 clustering_loss=0.1930 instance_nce=3.4787 cluster_nce=2.2759 
Train: loss=1.0176 mstm=0.9124 instance_nce=3.5100 cluster_nce=2.2957 dec=0.2104
save checkpoint:  /root/trajectory-clustering/con-dtc/runs/condtc_qd_ema_m06/20260816_170438_seed19721013/checkpoints/condtc_best.pt
epoch=5 / num_epochs=6
batch=0050 loss=0.9525 representation_loss=0.8502 clustering_loss=0.2046 instance_nce=3.4722 cluster_nce=2.2906 
batch=0100 loss=0.9213 representation_loss=0.8243 clustering_loss=0.1941 instance_nce=3.4981 cluster_nce=2.2899 
batch=0150 loss=1.0212 representation_loss=0.9272 clustering_loss=0.1881 instance_nce=3.4956 cluster_nce=2.2967 
batch=0200 loss=0.9970 representation_loss=0.8962 clustering_loss=0.2015 instance_nce=3.5091 cluster_nce=2.2971 
batch=0250 loss=0.9825 representation_loss=0.8858 clustering_loss=0.1934 instance_nce=3.4987 cluster_nce=2.2787 
batch=0300 loss=0.9516 representation_loss=0.8592 clustering_loss=0.1849 instance_nce=3.4820 cluster_nce=2.2853 
batch=0350 loss=0.9277 representation_loss=0.8149 clustering_loss=0.2255 instance_nce=3.5022 cluster_nce=2.2992 
Train: loss=1.0148 mstm=0.9142 instance_nce=3.4998 cluster_nce=2.2927 dec=0.2013
save checkpoint:  /root/trajectory-clustering/con-dtc/runs/condtc_qd_ema_m06/20260816_170438_seed19721013/checkpoints/condtc_best.pt
epoch=6 / num_epochs=6
batch=0050 loss=0.9779 representation_loss=0.8830 clustering_loss=0.1899 instance_nce=3.4989 cluster_nce=2.2749 
batch=0100 loss=1.0613 representation_loss=0.9576 clustering_loss=0.2074 instance_nce=3.4670 cluster_nce=2.2841 
batch=0150 loss=0.9403 representation_loss=0.8480 clustering_loss=0.1845 instance_nce=3.4826 cluster_nce=2.2816 
batch=0200 loss=1.0223 representation_loss=0.9262 clustering_loss=0.1923 instance_nce=3.4825 cluster_nce=2.2796 
batch=0250 loss=0.9810 representation_loss=0.8777 clustering_loss=0.2067 instance_nce=3.5328 cluster_nce=2.2875 
batch=0300 loss=1.1170 representation_loss=1.0180 clustering_loss=0.1981 instance_nce=3.4679 cluster_nce=2.2848 
batch=0350 loss=1.0628 representation_loss=0.9717 clustering_loss=0.1822 instance_nce=3.5008 cluster_nce=2.3226 
Train: loss=1.0056 mstm=0.9081 instance_nce=3.4902 cluster_nce=2.2905 dec=0.1951
save checkpoint:  /root/trajectory-clustering/con-dtc/runs/condtc_qd_ema_m06/20260816_170438_seed19721013/checkpoints/condtc_best.pt
best train_loss:  1.0056229994979984
evaluating: /root/trajectory-clustering/con-dtc/runs/condtc_qd_ema_m06/20260816_170438_seed19721013/checkpoints/condtc_best.pt
device: cuda
cluster counts: tensor([1003,  968, 1931, 1091,  410, 1000,   26,  969, 1488,  933,  841,  944])
metrics: {'uacc': 0.8003274732850741, 'nmi': 0.8869338303270005, 'ri': 0.9592888542922504, 'ari': 0.7573361797632867}
metrics saved: /root/trajectory-clustering/con-dtc/runs/condtc_qd_ema_m06/20260816_170438_seed19721013/metrics.json
