experiment initialized
run directory: /root/trajectory-clustering/con-dtc/runs/condtc_qd_ema_staged_s4_m08/20260816_211422_seed123
config snapshot: /root/trajectory-clustering/con-dtc/runs/condtc_qd_ema_staged_s4_m08/20260816_211422_seed123/config.yaml
device: cuda
pretrain checkpoint: /root/trajectory-clustering/con-dtc/checkpoints/sttraj2vec_pretrain_paper_15ep.pt
epoch=1 / num_epochs=6
batch=0050 loss=1.1286 representation_loss=0.9030 clustering_loss=0.4513 instance_nce=3.6067 cluster_nce=2.3595 
batch=0100 loss=1.0787 representation_loss=0.8455 clustering_loss=0.4665 instance_nce=3.6287 cluster_nce=2.3642 
batch=0150 loss=1.2206 representation_loss=1.0481 clustering_loss=0.3450 instance_nce=3.5984 cluster_nce=2.3466 
batch=0200 loss=1.1053 representation_loss=0.9420 clustering_loss=0.3266 instance_nce=3.6288 cluster_nce=2.3677 
batch=0250 loss=1.0986 representation_loss=0.9124 clustering_loss=0.3724 instance_nce=3.6574 cluster_nce=2.3642 
batch=0300 loss=1.0505 representation_loss=0.8671 clustering_loss=0.3668 instance_nce=3.6164 cluster_nce=2.3272 
batch=0350 loss=1.1928 representation_loss=1.0299 clustering_loss=0.3259 instance_nce=3.6750 cluster_nce=2.3679 
Train: loss=1.1488 mstm=0.9602 instance_nce=3.6168 cluster_nce=2.3567 dec=0.3772
save checkpoint:  /root/trajectory-clustering/con-dtc/runs/condtc_qd_ema_staged_s4_m08/20260816_211422_seed123/checkpoints/condtc_best.pt
epoch=2 / num_epochs=6
batch=0050 loss=0.9917 representation_loss=0.8540 clustering_loss=0.2754 instance_nce=3.5850 cluster_nce=2.3391 
batch=0100 loss=1.0593 representation_loss=0.9248 clustering_loss=0.2690 instance_nce=3.6031 cluster_nce=2.3264 
batch=0150 loss=1.2753 representation_loss=1.1292 clustering_loss=0.2921 instance_nce=3.6081 cluster_nce=2.3502 
batch=0200 loss=1.1449 representation_loss=1.0074 clustering_loss=0.2751 instance_nce=3.6071 cluster_nce=2.3566 
batch=0250 loss=1.0364 representation_loss=0.9152 clustering_loss=0.2425 instance_nce=3.6055 cluster_nce=2.3333 
batch=0300 loss=1.1206 representation_loss=0.9850 clustering_loss=0.2711 instance_nce=3.5871 cluster_nce=2.3208 
batch=0350 loss=1.0740 representation_loss=0.9572 clustering_loss=0.2336 instance_nce=3.5513 cluster_nce=2.3408 
Train: loss=1.0793 mstm=0.9444 instance_nce=3.6005 cluster_nce=2.3371 dec=0.2699
save checkpoint:  /root/trajectory-clustering/con-dtc/runs/condtc_qd_ema_staged_s4_m08/20260816_211422_seed123/checkpoints/condtc_best.pt
epoch=3 / num_epochs=6
batch=0050 loss=0.9515 representation_loss=0.8177 clustering_loss=0.2676 instance_nce=3.5744 cluster_nce=2.3368 
batch=0100 loss=1.0031 representation_loss=0.8638 clustering_loss=0.2786 instance_nce=3.6113 cluster_nce=2.3432 
batch=0150 loss=1.1566 representation_loss=1.0329 clustering_loss=0.2473 instance_nce=3.5773 cluster_nce=2.3247 
batch=0200 loss=1.1219 representation_loss=1.0080 clustering_loss=0.2278 instance_nce=3.5828 cluster_nce=2.3308 
batch=0250 loss=1.0310 representation_loss=0.9068 clustering_loss=0.2484 instance_nce=3.6047 cluster_nce=2.3128 
batch=0300 loss=0.9628 representation_loss=0.8519 clustering_loss=0.2216 instance_nce=3.5608 cluster_nce=2.3096 
batch=0350 loss=1.0375 representation_loss=0.9234 clustering_loss=0.2282 instance_nce=3.5793 cluster_nce=2.3188 
Train: loss=1.0573 mstm=0.9320 instance_nce=3.5875 cluster_nce=2.3292 dec=0.2507
save checkpoint:  /root/trajectory-clustering/con-dtc/runs/condtc_qd_ema_staged_s4_m08/20260816_211422_seed123/checkpoints/condtc_best.pt
epoch=4 / num_epochs=6
batch=0050 loss=1.0175 representation_loss=0.9011 clustering_loss=0.2328 instance_nce=3.5808 cluster_nce=2.3087 
batch=0100 loss=1.0346 representation_loss=0.9182 clustering_loss=0.2327 instance_nce=3.5488 cluster_nce=2.3162 
batch=0150 loss=0.8530 representation_loss=0.7553 clustering_loss=0.1953 instance_nce=3.5579 cluster_nce=2.3027 
batch=0200 loss=0.9349 representation_loss=0.8232 clustering_loss=0.2232 instance_nce=3.5640 cluster_nce=2.3224 
batch=0250 loss=1.1996 representation_loss=1.0971 clustering_loss=0.2051 instance_nce=3.5446 cluster_nce=2.3131 
batch=0300 loss=1.1728 representation_loss=1.0589 clustering_loss=0.2277 instance_nce=3.5598 cluster_nce=2.3139 
batch=0350 loss=1.0671 representation_loss=0.9575 clustering_loss=0.2191 instance_nce=3.5819 cluster_nce=2.3121 
Train: loss=1.0280 mstm=0.9179 instance_nce=3.5768 cluster_nce=2.3252 dec=0.2202
save checkpoint:  /root/trajectory-clustering/con-dtc/runs/condtc_qd_ema_staged_s4_m08/20260816_211422_seed123/checkpoints/condtc_best.pt
epoch=5 / num_epochs=6
batch=0050 loss=1.0676 representation_loss=0.9669 clustering_loss=0.2013 instance_nce=3.5913 cluster_nce=2.3187 
batch=0100 loss=1.1151 representation_loss=1.0114 clustering_loss=0.2075 instance_nce=3.5469 cluster_nce=2.3093 
batch=0150 loss=1.0654 representation_loss=0.9762 clustering_loss=0.1785 instance_nce=3.5386 cluster_nce=2.3095 
batch=0200 loss=1.0031 representation_loss=0.9020 clustering_loss=0.2023 instance_nce=3.5612 cluster_nce=2.3250 
batch=0250 loss=1.0492 representation_loss=0.9551 clustering_loss=0.1882 instance_nce=3.5309 cluster_nce=2.3131 
batch=0300 loss=1.0274 representation_loss=0.9298 clustering_loss=0.1952 instance_nce=3.5568 cluster_nce=2.2996 
batch=0350 loss=0.9435 representation_loss=0.8444 clustering_loss=0.1983 instance_nce=3.5409 cluster_nce=2.3085 
Train: loss=1.0142 mstm=0.9132 instance_nce=3.5662 cluster_nce=2.3210 dec=0.2021
save checkpoint:  /root/trajectory-clustering/con-dtc/runs/condtc_qd_ema_staged_s4_m08/20260816_211422_seed123/checkpoints/condtc_best.pt
epoch=6 / num_epochs=6
batch=0050 loss=0.9630 representation_loss=0.8706 clustering_loss=0.1849 instance_nce=3.5409 cluster_nce=2.3249 
batch=0100 loss=1.1576 representation_loss=1.0637 clustering_loss=0.1878 instance_nce=3.5527 cluster_nce=2.3116 
batch=0150 loss=1.0384 representation_loss=0.9509 clustering_loss=0.1750 instance_nce=3.5301 cluster_nce=2.3238 
batch=0200 loss=1.1922 representation_loss=1.0884 clustering_loss=0.2075 instance_nce=3.6093 cluster_nce=2.3392 
batch=0250 loss=0.9940 representation_loss=0.8969 clustering_loss=0.1942 instance_nce=3.5466 cluster_nce=2.3173 
batch=0300 loss=1.0733 representation_loss=0.9673 clustering_loss=0.2120 instance_nce=3.5802 cluster_nce=2.3375 
batch=0350 loss=1.0337 representation_loss=0.9386 clustering_loss=0.1902 instance_nce=3.5336 cluster_nce=2.3224 
Train: loss=0.9950 mstm=0.9001 instance_nce=3.5552 cluster_nce=2.3173 dec=0.1897
save checkpoint:  /root/trajectory-clustering/con-dtc/runs/condtc_qd_ema_staged_s4_m08/20260816_211422_seed123/checkpoints/condtc_best.pt
best train_loss:  0.9949693800621466
evaluating: /root/trajectory-clustering/con-dtc/runs/condtc_qd_ema_staged_s4_m08/20260816_211422_seed123/checkpoints/condtc_best.pt
device: cuda
cluster counts: tensor([ 933, 1735,  944, 1432, 1956, 1003,    1, 1000,  498,  968,  163,  971])
metrics: {'uacc': 0.7670630816959669, 'nmi': 0.8901960025680656, 'ri': 0.9564313636748902, 'ari': 0.7509258757645201}
metrics saved: /root/trajectory-clustering/con-dtc/runs/condtc_qd_ema_staged_s4_m08/20260816_211422_seed123/metrics.json
