experiment initialized
run directory: /root/trajectory-clustering/con-dtc/runs/condtc_qd_ema_pre30_m09/20260816_192116_seed123
config snapshot: /root/trajectory-clustering/con-dtc/runs/condtc_qd_ema_pre30_m09/20260816_192116_seed123/config.yaml
device: cuda
pretrain checkpoint: /root/trajectory-clustering/con-dtc/checkpoints/sttraj2vec_pretrain_paper_30ep.pt
epoch=1 / num_epochs=6
batch=0050 loss=0.8027 representation_loss=0.6415 clustering_loss=0.3224 instance_nce=3.6084 cluster_nce=2.3881 
batch=0100 loss=0.7213 representation_loss=0.5981 clustering_loss=0.2463 instance_nce=3.6165 cluster_nce=2.3985 
batch=0150 loss=0.8992 representation_loss=0.7988 clustering_loss=0.2007 instance_nce=3.6050 cluster_nce=2.3773 
batch=0200 loss=0.8287 representation_loss=0.7263 clustering_loss=0.2049 instance_nce=3.6062 cluster_nce=2.4152 
batch=0250 loss=0.7594 representation_loss=0.6619 clustering_loss=0.1949 instance_nce=3.6413 cluster_nce=2.4114 
batch=0300 loss=0.7133 representation_loss=0.6112 clustering_loss=0.2041 instance_nce=3.6086 cluster_nce=2.3521 
batch=0350 loss=0.8484 representation_loss=0.7573 clustering_loss=0.1822 instance_nce=3.6913 cluster_nce=2.3988 
Train: loss=0.8170 mstm=0.7012 instance_nce=3.6024 cluster_nce=2.3832 dec=0.2315
save checkpoint:  /root/trajectory-clustering/con-dtc/runs/condtc_qd_ema_pre30_m09/20260816_192116_seed123/checkpoints/condtc_best.pt
epoch=2 / num_epochs=6
batch=0050 loss=0.7451 representation_loss=0.6478 clustering_loss=0.1946 instance_nce=3.5800 cluster_nce=2.3631 
batch=0100 loss=0.7440 representation_loss=0.6465 clustering_loss=0.1951 instance_nce=3.5961 cluster_nce=2.3599 
batch=0150 loss=0.8367 representation_loss=0.7641 clustering_loss=0.1453 instance_nce=3.5989 cluster_nce=2.3967 
batch=0200 loss=0.7910 representation_loss=0.7023 clustering_loss=0.1774 instance_nce=3.6101 cluster_nce=2.3660 
batch=0250 loss=0.8099 representation_loss=0.7265 clustering_loss=0.1669 instance_nce=3.6133 cluster_nce=2.3798 
batch=0300 loss=0.8000 representation_loss=0.7154 clustering_loss=0.1693 instance_nce=3.5723 cluster_nce=2.3355 
batch=0350 loss=0.8179 representation_loss=0.7415 clustering_loss=0.1529 instance_nce=3.5387 cluster_nce=2.3462 
Train: loss=0.7763 mstm=0.6936 instance_nce=3.5893 cluster_nce=2.3643 dec=0.1653
save checkpoint:  /root/trajectory-clustering/con-dtc/runs/condtc_qd_ema_pre30_m09/20260816_192116_seed123/checkpoints/condtc_best.pt
epoch=3 / num_epochs=6
batch=0050 loss=0.7153 representation_loss=0.6393 clustering_loss=0.1520 instance_nce=3.5727 cluster_nce=2.3698 
batch=0100 loss=0.7407 representation_loss=0.6732 clustering_loss=0.1351 instance_nce=3.5846 cluster_nce=2.3597 
batch=0150 loss=0.7739 representation_loss=0.7033 clustering_loss=0.1414 instance_nce=3.5705 cluster_nce=2.3483 
batch=0200 loss=0.7471 representation_loss=0.6780 clustering_loss=0.1382 instance_nce=3.5665 cluster_nce=2.3447 
batch=0250 loss=0.6697 representation_loss=0.6123 clustering_loss=0.1148 instance_nce=3.5860 cluster_nce=2.3545 
batch=0300 loss=0.6391 representation_loss=0.5756 clustering_loss=0.1272 instance_nce=3.5503 cluster_nce=2.3512 
batch=0350 loss=0.6886 representation_loss=0.6127 clustering_loss=0.1518 instance_nce=3.6040 cluster_nce=2.3423 
Train: loss=0.7568 mstm=0.6831 instance_nce=3.5764 cluster_nce=2.3566 dec=0.1474
save checkpoint:  /root/trajectory-clustering/con-dtc/runs/condtc_qd_ema_pre30_m09/20260816_192116_seed123/checkpoints/condtc_best.pt
epoch=4 / num_epochs=6
batch=0050 loss=0.6840 representation_loss=0.6105 clustering_loss=0.1469 instance_nce=3.5638 cluster_nce=2.3446 
batch=0100 loss=0.7515 representation_loss=0.6749 clustering_loss=0.1532 instance_nce=3.5278 cluster_nce=2.3522 
batch=0150 loss=0.6502 representation_loss=0.5822 clustering_loss=0.1360 instance_nce=3.5311 cluster_nce=2.3376 
batch=0200 loss=0.6980 representation_loss=0.6312 clustering_loss=0.1337 instance_nce=3.5352 cluster_nce=2.3392 
batch=0250 loss=0.7317 representation_loss=0.6734 clustering_loss=0.1165 instance_nce=3.5360 cluster_nce=2.3424 
batch=0300 loss=0.9037 representation_loss=0.8372 clustering_loss=0.1331 instance_nce=3.5474 cluster_nce=2.3426 
batch=0350 loss=0.7720 representation_loss=0.6998 clustering_loss=0.1444 instance_nce=3.6000 cluster_nce=2.3533 
Train: loss=0.7447 mstm=0.6743 instance_nce=3.5657 cluster_nce=2.3517 dec=0.1408
save checkpoint:  /root/trajectory-clustering/con-dtc/runs/condtc_qd_ema_pre30_m09/20260816_192116_seed123/checkpoints/condtc_best.pt
epoch=5 / num_epochs=6
batch=0050 loss=0.8066 representation_loss=0.7390 clustering_loss=0.1353 instance_nce=3.5656 cluster_nce=2.3521 
batch=0100 loss=0.8132 representation_loss=0.7436 clustering_loss=0.1391 instance_nce=3.5289 cluster_nce=2.3443 
batch=0150 loss=0.7608 representation_loss=0.6949 clustering_loss=0.1317 instance_nce=3.5216 cluster_nce=2.3251 
batch=0200 loss=0.7480 representation_loss=0.6742 clustering_loss=0.1477 instance_nce=3.5600 cluster_nce=2.3561 
batch=0250 loss=0.7287 representation_loss=0.6638 clustering_loss=0.1298 instance_nce=3.5190 cluster_nce=2.3442 
batch=0300 loss=0.7733 representation_loss=0.7122 clustering_loss=0.1222 instance_nce=3.5264 cluster_nce=2.3207 
batch=0350 loss=0.7051 representation_loss=0.6400 clustering_loss=0.1301 instance_nce=3.5222 cluster_nce=2.3378 
Train: loss=0.7445 mstm=0.6751 instance_nce=3.5538 cluster_nce=2.3459 dec=0.1386
save checkpoint:  /root/trajectory-clustering/con-dtc/runs/condtc_qd_ema_pre30_m09/20260816_192116_seed123/checkpoints/condtc_best.pt
epoch=6 / num_epochs=6
batch=0050 loss=0.7454 representation_loss=0.6682 clustering_loss=0.1543 instance_nce=3.5120 cluster_nce=2.3443 
batch=0100 loss=0.8512 representation_loss=0.7713 clustering_loss=0.1597 instance_nce=3.5502 cluster_nce=2.3393 
batch=0150 loss=0.7753 representation_loss=0.7094 clustering_loss=0.1319 instance_nce=3.5161 cluster_nce=2.3437 
batch=0200 loss=0.8864 representation_loss=0.8161 clustering_loss=0.1405 instance_nce=3.5669 cluster_nce=2.3560 
batch=0250 loss=0.7237 representation_loss=0.6482 clustering_loss=0.1510 instance_nce=3.5294 cluster_nce=2.3429 
batch=0300 loss=0.6577 representation_loss=0.5887 clustering_loss=0.1379 instance_nce=3.5464 cluster_nce=2.3596 
batch=0350 loss=0.7210 representation_loss=0.6482 clustering_loss=0.1456 instance_nce=3.5004 cluster_nce=2.3334 
Train: loss=0.7363 mstm=0.6668 instance_nce=3.5418 cluster_nce=2.3418 dec=0.1390
save checkpoint:  /root/trajectory-clustering/con-dtc/runs/condtc_qd_ema_pre30_m09/20260816_192116_seed123/checkpoints/condtc_best.pt
best train_loss:  0.736299696892387
evaluating: /root/trajectory-clustering/con-dtc/runs/condtc_qd_ema_pre30_m09/20260816_192116_seed123/checkpoints/condtc_best.pt
device: cuda
cluster counts: tensor([ 966,  990,  863, 1116, 1003, 1000,  991, 1035,  944,  968,  785,  943])
metrics: {'uacc': 0.9689762150982419, 'nmi': 0.9618262491999505, 'ri': 0.990464687736174, 'ari': 0.9377522504253724}
metrics saved: /root/trajectory-clustering/con-dtc/runs/condtc_qd_ema_pre30_m09/20260816_192116_seed123/metrics.json
