experiment initialized
run directory: /root/trajectory-clustering/con-dtc/runs/condtc_qd_s3_m07_w08_direct/20260814_112106_seed2026
config snapshot: /root/trajectory-clustering/con-dtc/runs/condtc_qd_s3_m07_w08_direct/20260814_112106_seed2026/config.yaml
device: cuda
pretrain checkpoint: /root/trajectory-clustering/con-dtc/checkpoints/sttraj2vec_pretrain_paper_15ep.pt
epoch=1 / num_epochs=6
batch=0050 loss=1.1425 representation_loss=0.9502 clustering_loss=0.3846 instance_nce=3.4862 cluster_nce=2.3926 
batch=0100 loss=1.2458 representation_loss=1.0504 clustering_loss=0.3907 instance_nce=3.4718 cluster_nce=2.4177 
batch=0150 loss=1.0822 representation_loss=0.8810 clustering_loss=0.4024 instance_nce=3.4622 cluster_nce=2.4080 
batch=0200 loss=1.1439 representation_loss=0.9759 clustering_loss=0.3359 instance_nce=3.4991 cluster_nce=2.3710 
batch=0250 loss=1.1726 representation_loss=1.0075 clustering_loss=0.3303 instance_nce=3.4743 cluster_nce=2.3967 
batch=0300 loss=1.0769 representation_loss=0.9114 clustering_loss=0.3309 instance_nce=3.4768 cluster_nce=2.3934 
batch=0350 loss=1.0888 representation_loss=0.8819 clustering_loss=0.4136 instance_nce=3.4754 cluster_nce=2.4027 
Train: loss=1.1455 mstm=0.9570 instance_nce=3.4843 cluster_nce=2.4063 dec=0.3770
save checkpoint:  /root/trajectory-clustering/con-dtc/runs/condtc_qd_s3_m07_w08_direct/20260814_112106_seed2026/checkpoints/condtc_best.pt
epoch=2 / num_epochs=6
batch=0050 loss=0.9607 representation_loss=0.8276 clustering_loss=0.2662 instance_nce=3.4693 cluster_nce=2.3801 
batch=0100 loss=0.9629 representation_loss=0.8236 clustering_loss=0.2787 instance_nce=3.4543 cluster_nce=2.3978 
batch=0150 loss=0.9452 representation_loss=0.8044 clustering_loss=0.2816 instance_nce=3.4644 cluster_nce=2.4020 
batch=0200 loss=0.9457 representation_loss=0.8103 clustering_loss=0.2707 instance_nce=3.4766 cluster_nce=2.4119 
batch=0250 loss=1.1337 representation_loss=1.0107 clustering_loss=0.2461 instance_nce=3.4584 cluster_nce=2.4101 
batch=0300 loss=1.0750 representation_loss=0.9560 clustering_loss=0.2381 instance_nce=3.4974 cluster_nce=2.3848 
batch=0350 loss=1.1823 representation_loss=1.0538 clustering_loss=0.2569 instance_nce=3.4568 cluster_nce=2.3653 
Train: loss=1.0699 mstm=0.9367 instance_nce=3.4647 cluster_nce=2.3825 dec=0.2662
save checkpoint:  /root/trajectory-clustering/con-dtc/runs/condtc_qd_s3_m07_w08_direct/20260814_112106_seed2026/checkpoints/condtc_best.pt
epoch=3 / num_epochs=6
batch=0050 loss=1.0381 representation_loss=0.9102 clustering_loss=0.2558 instance_nce=3.4695 cluster_nce=2.3852 
batch=0100 loss=1.0825 representation_loss=0.9613 clustering_loss=0.2423 instance_nce=3.4463 cluster_nce=2.3705 
batch=0150 loss=1.1206 representation_loss=1.0034 clustering_loss=0.2344 instance_nce=3.4533 cluster_nce=2.3756 
batch=0200 loss=0.9480 representation_loss=0.8383 clustering_loss=0.2194 instance_nce=3.4896 cluster_nce=2.3758 
batch=0250 loss=1.0288 representation_loss=0.9107 clustering_loss=0.2362 instance_nce=3.4356 cluster_nce=2.3736 
batch=0300 loss=1.0680 representation_loss=0.9520 clustering_loss=0.2321 instance_nce=3.4697 cluster_nce=2.4007 
batch=0350 loss=1.0707 representation_loss=0.9698 clustering_loss=0.2019 instance_nce=3.4306 cluster_nce=2.3491 
Train: loss=1.0477 mstm=0.9329 instance_nce=3.4542 cluster_nce=2.3738 dec=0.2296
save checkpoint:  /root/trajectory-clustering/con-dtc/runs/condtc_qd_s3_m07_w08_direct/20260814_112106_seed2026/checkpoints/condtc_best.pt
epoch=4 / num_epochs=6
batch=0050 loss=0.9783 representation_loss=0.8651 clustering_loss=0.2265 instance_nce=3.4636 cluster_nce=2.3441 
batch=0100 loss=0.8852 representation_loss=0.7777 clustering_loss=0.2150 instance_nce=3.4447 cluster_nce=2.3880 
batch=0150 loss=0.9893 representation_loss=0.8849 clustering_loss=0.2089 instance_nce=3.4589 cluster_nce=2.3710 
batch=0200 loss=0.9777 representation_loss=0.8742 clustering_loss=0.2070 instance_nce=3.4290 cluster_nce=2.3420 
batch=0250 loss=0.9803 representation_loss=0.8839 clustering_loss=0.1927 instance_nce=3.4456 cluster_nce=2.3770 
batch=0300 loss=1.0346 representation_loss=0.9327 clustering_loss=0.2038 instance_nce=3.4696 cluster_nce=2.3950 
batch=0350 loss=0.9888 representation_loss=0.8932 clustering_loss=0.1914 instance_nce=3.4462 cluster_nce=2.3679 
Train: loss=1.0259 mstm=0.9207 instance_nce=3.4458 cluster_nce=2.3680 dec=0.2104
save checkpoint:  /root/trajectory-clustering/con-dtc/runs/condtc_qd_s3_m07_w08_direct/20260814_112106_seed2026/checkpoints/condtc_best.pt
epoch=5 / num_epochs=6
batch=0050 loss=1.1317 representation_loss=1.0208 clustering_loss=0.2217 instance_nce=3.4289 cluster_nce=2.3469 
batch=0100 loss=1.1140 representation_loss=1.0066 clustering_loss=0.2147 instance_nce=3.4778 cluster_nce=2.4110 
batch=0150 loss=0.9327 representation_loss=0.8246 clustering_loss=0.2163 instance_nce=3.4547 cluster_nce=2.3934 
batch=0200 loss=0.9547 representation_loss=0.8597 clustering_loss=0.1899 instance_nce=3.4005 cluster_nce=2.3580 
batch=0250 loss=0.9508 representation_loss=0.8614 clustering_loss=0.1787 instance_nce=3.4196 cluster_nce=2.3471 
batch=0300 loss=1.0842 representation_loss=0.9842 clustering_loss=0.2000 instance_nce=3.4380 cluster_nce=2.3785 
batch=0350 loss=1.0534 representation_loss=0.9467 clustering_loss=0.2134 instance_nce=3.4176 cluster_nce=2.3467 
Train: loss=1.0187 mstm=0.9189 instance_nce=3.4351 cluster_nce=2.3638 dec=0.1995
save checkpoint:  /root/trajectory-clustering/con-dtc/runs/condtc_qd_s3_m07_w08_direct/20260814_112106_seed2026/checkpoints/condtc_best.pt
epoch=6 / num_epochs=6
batch=0050 loss=1.1149 representation_loss=1.0220 clustering_loss=0.1857 instance_nce=3.4193 cluster_nce=2.3653 
batch=0100 loss=1.0444 representation_loss=0.9569 clustering_loss=0.1751 instance_nce=3.4103 cluster_nce=2.3506 
batch=0150 loss=1.0669 representation_loss=0.9666 clustering_loss=0.2005 instance_nce=3.4054 cluster_nce=2.3648 
batch=0200 loss=1.0142 representation_loss=0.9218 clustering_loss=0.1849 instance_nce=3.4256 cluster_nce=2.3655 
batch=0250 loss=1.0494 representation_loss=0.9390 clustering_loss=0.2208 instance_nce=3.4285 cluster_nce=2.3687 
batch=0300 loss=0.9516 representation_loss=0.8588 clustering_loss=0.1856 instance_nce=3.4043 cluster_nce=2.3615 
batch=0350 loss=0.9591 representation_loss=0.8751 clustering_loss=0.1681 instance_nce=3.4210 cluster_nce=2.3330 
Train: loss=0.9928 mstm=0.8970 instance_nce=3.4282 cluster_nce=2.3605 dec=0.1915
save checkpoint:  /root/trajectory-clustering/con-dtc/runs/condtc_qd_s3_m07_w08_direct/20260814_112106_seed2026/checkpoints/condtc_best.pt
best train_loss:  0.9927715821867769
evaluating: /root/trajectory-clustering/con-dtc/runs/condtc_qd_s3_m07_w08_direct/20260814_112106_seed2026/checkpoints/condtc_best.pt
device: cuda
cluster counts: tensor([ 953, 1003, 1595,    7, 1000, 1223,  973,  333, 1950,  944,  675,  948])
metrics: {'uacc': 0.8054981041020338, 'nmi': 0.8926732726985762, 'ri': 0.9610455378253725, 'ari': 0.771239731206546}
metrics saved: /root/trajectory-clustering/con-dtc/runs/condtc_qd_s3_m07_w08_direct/20260814_112106_seed2026/metrics.json
