experiment initialized
run directory: /root/trajectory-clustering/con-dtc/runs/condtc_qd_ema_staged_s3_m07_entropy_p70_a025/20260817_145349_seed19721013
config snapshot: /root/trajectory-clustering/con-dtc/runs/condtc_qd_ema_staged_s3_m07_entropy_p70_a025/20260817_145349_seed19721013/config.yaml
device: cuda
pretrain checkpoint: /root/trajectory-clustering/con-dtc/checkpoints/sttraj2vec_pretrain_paper_15ep.pt
epoch=1 / num_epochs=6
batch=0050 loss=1.1629 representation_loss=0.9304 clustering_loss=0.4650 instance_nce=3.5702 cluster_nce=2.3243 
batch=0100 loss=1.1673 representation_loss=0.9701 clustering_loss=0.3943 instance_nce=3.5546 cluster_nce=2.3284 
batch=0150 loss=1.1958 representation_loss=1.0006 clustering_loss=0.3905 instance_nce=3.5938 cluster_nce=2.3155 
batch=0200 loss=1.1558 representation_loss=0.9846 clustering_loss=0.3425 instance_nce=3.5420 cluster_nce=2.2985 
batch=0250 loss=1.2080 representation_loss=1.0177 clustering_loss=0.3806 instance_nce=3.5584 cluster_nce=2.3128 
batch=0300 loss=1.1944 representation_loss=1.0261 clustering_loss=0.3367 instance_nce=3.5415 cluster_nce=2.3001 
batch=0350 loss=1.0127 representation_loss=0.8208 clustering_loss=0.3838 instance_nce=3.5150 cluster_nce=2.2909 
Train: loss=1.1389 mstm=0.9508 instance_nce=3.5503 cluster_nce=2.3165 dec=0.3762
save checkpoint:  /root/trajectory-clustering/con-dtc/runs/condtc_qd_ema_staged_s3_m07_entropy_p70_a025/20260817_145349_seed19721013/checkpoints/condtc_best.pt
epoch=2 / num_epochs=6
batch=0050 loss=1.0379 representation_loss=0.8879 clustering_loss=0.2999 instance_nce=3.5480 cluster_nce=2.3165 
batch=0100 loss=1.0682 representation_loss=0.9316 clustering_loss=0.2731 instance_nce=3.5515 cluster_nce=2.2992 
batch=0150 loss=1.1133 representation_loss=0.9795 clustering_loss=0.2677 instance_nce=3.5335 cluster_nce=2.2971 
batch=0200 loss=1.1861 representation_loss=1.0490 clustering_loss=0.2743 instance_nce=3.5356 cluster_nce=2.3178 
batch=0250 loss=1.0656 representation_loss=0.9316 clustering_loss=0.2680 instance_nce=3.5151 cluster_nce=2.2852 
batch=0300 loss=1.1050 representation_loss=0.9811 clustering_loss=0.2478 instance_nce=3.5328 cluster_nce=2.3112 
batch=0350 loss=1.0381 representation_loss=0.9247 clustering_loss=0.2268 instance_nce=3.5192 cluster_nce=2.2892 
Train: loss=1.0671 mstm=0.9336 instance_nce=3.5281 cluster_nce=2.3015 dec=0.2670
save checkpoint:  /root/trajectory-clustering/con-dtc/runs/condtc_qd_ema_staged_s3_m07_entropy_p70_a025/20260817_145349_seed19721013/checkpoints/condtc_best.pt
epoch=3 / num_epochs=6
batch=0050 loss=1.0632 representation_loss=0.9375 clustering_loss=0.2515 instance_nce=3.5141 cluster_nce=2.3039 
batch=0100 loss=1.0689 representation_loss=0.9412 clustering_loss=0.2553 instance_nce=3.5407 cluster_nce=2.3184 
batch=0150 loss=1.1125 representation_loss=0.9966 clustering_loss=0.2318 instance_nce=3.5186 cluster_nce=2.3109 
batch=0200 loss=1.0149 representation_loss=0.9062 clustering_loss=0.2173 instance_nce=3.4932 cluster_nce=2.2907 
batch=0250 loss=1.0064 representation_loss=0.9058 clustering_loss=0.2011 instance_nce=3.4816 cluster_nce=2.2850 
batch=0300 loss=0.9481 representation_loss=0.8351 clustering_loss=0.2261 instance_nce=3.5281 cluster_nce=2.2954 
batch=0350 loss=1.0429 representation_loss=0.9386 clustering_loss=0.2087 instance_nce=3.4882 cluster_nce=2.2937 
Train: loss=1.0472 mstm=0.9316 instance_nce=3.5173 cluster_nce=2.2971 dec=0.2310
save checkpoint:  /root/trajectory-clustering/con-dtc/runs/condtc_qd_ema_staged_s3_m07_entropy_p70_a025/20260817_145349_seed19721013/checkpoints/condtc_best.pt
epoch=4 / num_epochs=6
batch=0050 loss=0.9805 representation_loss=0.8753 clustering_loss=0.2103 instance_nce=3.4889 cluster_nce=2.3042 
batch=0100 loss=0.8742 representation_loss=0.7589 clustering_loss=0.2305 instance_nce=3.5086 cluster_nce=2.2872 
batch=0150 loss=1.0142 representation_loss=0.9250 clustering_loss=0.1784 instance_nce=3.5018 cluster_nce=2.2877 
batch=0200 loss=1.0294 representation_loss=0.9276 clustering_loss=0.2035 instance_nce=3.4950 cluster_nce=2.2912 
batch=0250 loss=0.9936 representation_loss=0.8999 clustering_loss=0.1874 instance_nce=3.5333 cluster_nce=2.2957 
batch=0300 loss=1.0337 representation_loss=0.9457 clustering_loss=0.1760 instance_nce=3.4818 cluster_nce=2.2916 
batch=0350 loss=0.9926 representation_loss=0.8965 clustering_loss=0.1921 instance_nce=3.4766 cluster_nce=2.2753 
Train: loss=1.0185 mstm=0.9130 instance_nce=3.5070 cluster_nce=2.2951 dec=0.2111
save checkpoint:  /root/trajectory-clustering/con-dtc/runs/condtc_qd_ema_staged_s3_m07_entropy_p70_a025/20260817_145349_seed19721013/checkpoints/condtc_best.pt
epoch=5 / num_epochs=6
batch=0050 loss=0.9516 representation_loss=0.8497 clustering_loss=0.2038 instance_nce=3.4693 cluster_nce=2.2897 
batch=0100 loss=0.9260 representation_loss=0.8251 clustering_loss=0.2018 instance_nce=3.4950 cluster_nce=2.2887 
batch=0150 loss=1.0215 representation_loss=0.9278 clustering_loss=0.1875 instance_nce=3.4927 cluster_nce=2.2962 
batch=0200 loss=0.9973 representation_loss=0.8965 clustering_loss=0.2016 instance_nce=3.5055 cluster_nce=2.2956 
batch=0250 loss=0.9804 representation_loss=0.8863 clustering_loss=0.1882 instance_nce=3.4969 cluster_nce=2.2784 
batch=0300 loss=0.9491 representation_loss=0.8587 clustering_loss=0.1808 instance_nce=3.4801 cluster_nce=2.2851 
batch=0350 loss=0.9264 representation_loss=0.8157 clustering_loss=0.2214 instance_nce=3.4987 cluster_nce=2.2991 
Train: loss=1.0147 mstm=0.9146 instance_nce=3.4972 cluster_nce=2.2920 dec=0.2001
save checkpoint:  /root/trajectory-clustering/con-dtc/runs/condtc_qd_ema_staged_s3_m07_entropy_p70_a025/20260817_145349_seed19721013/checkpoints/condtc_best.pt
epoch=6 / num_epochs=6
batch=0050 loss=0.9747 representation_loss=0.8834 clustering_loss=0.1826 instance_nce=3.4979 cluster_nce=2.2739 
batch=0100 loss=1.0608 representation_loss=0.9579 clustering_loss=0.2057 instance_nce=3.4646 cluster_nce=2.2829 
batch=0150 loss=0.9390 representation_loss=0.8482 clustering_loss=0.1817 instance_nce=3.4813 cluster_nce=2.2806 
batch=0200 loss=1.0199 representation_loss=0.9261 clustering_loss=0.1877 instance_nce=3.4802 cluster_nce=2.2788 
batch=0250 loss=0.9753 representation_loss=0.8776 clustering_loss=0.1955 instance_nce=3.5310 cluster_nce=2.2866 
batch=0300 loss=1.1172 representation_loss=1.0198 clustering_loss=0.1947 instance_nce=3.4653 cluster_nce=2.2843 
batch=0350 loss=1.0596 representation_loss=0.9711 clustering_loss=0.1769 instance_nce=3.4976 cluster_nce=2.3216 
Train: loss=1.0041 mstm=0.9084 instance_nce=3.4877 cluster_nce=2.2897 dec=0.1914
save checkpoint:  /root/trajectory-clustering/con-dtc/runs/condtc_qd_ema_staged_s3_m07_entropy_p70_a025/20260817_145349_seed19721013/checkpoints/condtc_best.pt
best train_loss:  1.0040861341469207
evaluating: /root/trajectory-clustering/con-dtc/runs/condtc_qd_ema_staged_s3_m07_entropy_p70_a025/20260817_145349_seed19721013/checkpoints/condtc_best.pt
device: cuda
cluster counts: tensor([1003,  968, 1956, 1106,  426, 1000,    1,  970, 1472,  933,  825,  944])
metrics: {'uacc': 0.8070492933471217, 'nmi': 0.8895612599286029, 'ri': 0.959983337048392, 'ari': 0.7620967104099384}
metrics saved: /root/trajectory-clustering/con-dtc/runs/condtc_qd_ema_staged_s3_m07_entropy_p70_a025/20260817_145349_seed19721013/metrics.json
