/root/miniconda3/lib/python3.12/site-packages/torch/cuda/__init__.py:61: FutureWarning: The pynvml package is deprecated. Please install nvidia-ml-py instead. If you did not install pynvml directly, please report this to the maintainers of the package that installed pynvml for you.
  import pynvml  # type: ignore[import]
Epoch 1 of 30
 batch=0050 loss=3.7114
 batch=0100 loss=2.6655
 batch=0150 loss=2.5044
 batch=0200 loss=2.1942
 batch=0250 loss=2.1313
Train: loss=2.8386 loc_loss=2.2682 time_loss=5.7044 loc_acc=0.3453 time_acc=0.0202
Valid: loss=1.8745 loc_loss=1.4170 time_loss=4.5749 loc_acc=0.4711 time_acc=0.0402
saved best checkpoint: /root/trajectory-clustering/con-dtc/checkpoints/sttraj2vec_pretrain_best.pt
Epoch 2 of 30
 batch=0050 loss=1.7361
 batch=0100 loss=1.6905
 batch=0150 loss=1.7494
 batch=0200 loss=1.6523
 batch=0250 loss=1.8056
Train: loss=1.8053 loc_loss=1.3702 time_loss=4.3514 loc_acc=0.4704 time_acc=0.0462
Valid: loss=1.6192 loc_loss=1.2058 time_loss=4.1346 loc_acc=0.5122 time_acc=0.0642
saved best checkpoint: /root/trajectory-clustering/con-dtc/checkpoints/sttraj2vec_pretrain_best.pt
Epoch 3 of 30
 batch=0050 loss=1.6648
 batch=0100 loss=1.6334
 batch=0150 loss=1.5947
 batch=0200 loss=1.5024
 batch=0250 loss=1.5132
Train: loss=1.6264 loc_loss=1.2180 time_loss=4.0845 loc_acc=0.5083 time_acc=0.0617
Valid: loss=1.5030 loc_loss=1.1058 time_loss=3.9720 loc_acc=0.5481 time_acc=0.0717
saved best checkpoint: /root/trajectory-clustering/con-dtc/checkpoints/sttraj2vec_pretrain_best.pt
Epoch 4 of 30
 batch=0050 loss=1.5322
 batch=0100 loss=1.5309
 batch=0150 loss=1.4572
 batch=0200 loss=1.6814
 batch=0250 loss=1.3635
Train: loss=1.5202 loc_loss=1.1233 time_loss=3.9684 loc_acc=0.5416 time_acc=0.0716
Valid: loss=1.3768 loc_loss=0.9886 time_loss=3.8816 loc_acc=0.5972 time_acc=0.0820
saved best checkpoint: /root/trajectory-clustering/con-dtc/checkpoints/sttraj2vec_pretrain_best.pt
Epoch 5 of 30
 batch=0050 loss=1.4299
 batch=0100 loss=1.4496
 batch=0150 loss=1.5480
 batch=0200 loss=1.4637
 batch=0250 loss=1.3865
Train: loss=1.4336 loc_loss=1.0445 time_loss=3.8909 loc_acc=0.5718 time_acc=0.0765
Valid: loss=1.3030 loc_loss=0.9234 time_loss=3.7962 loc_acc=0.6267 time_acc=0.0856
saved best checkpoint: /root/trajectory-clustering/con-dtc/checkpoints/sttraj2vec_pretrain_best.pt
Epoch 6 of 30
 batch=0050 loss=1.3913
 batch=0100 loss=1.3726
 batch=0150 loss=1.2673
 batch=0200 loss=1.2346
 batch=0250 loss=1.3447
Train: loss=1.3667 loc_loss=0.9842 time_loss=3.8251 loc_acc=0.5952 time_acc=0.0817
Valid: loss=1.2296 loc_loss=0.8570 time_loss=3.7257 loc_acc=0.6471 time_acc=0.0883
saved best checkpoint: /root/trajectory-clustering/con-dtc/checkpoints/sttraj2vec_pretrain_best.pt
Epoch 7 of 30
 batch=0050 loss=1.3616
 batch=0100 loss=1.2051
 batch=0150 loss=1.2357
 batch=0200 loss=1.4813
 batch=0250 loss=1.4117
Train: loss=1.2983 loc_loss=0.9236 time_loss=3.7466 loc_acc=0.6183 time_acc=0.0854
Valid: loss=1.1517 loc_loss=0.7876 time_loss=3.6402 loc_acc=0.6830 time_acc=0.0945
saved best checkpoint: /root/trajectory-clustering/con-dtc/checkpoints/sttraj2vec_pretrain_best.pt
Epoch 8 of 30
 batch=0050 loss=1.2127
 batch=0100 loss=1.2692
 batch=0150 loss=1.2490
 batch=0200 loss=1.1645
 batch=0250 loss=1.2970
Train: loss=1.2580 loc_loss=0.8919 time_loss=3.6610 loc_acc=0.6346 time_acc=0.0878
Valid: loss=1.1166 loc_loss=0.7615 time_loss=3.5511 loc_acc=0.6934 time_acc=0.1036
saved best checkpoint: /root/trajectory-clustering/con-dtc/checkpoints/sttraj2vec_pretrain_best.pt
Epoch 9 of 30
 batch=0050 loss=1.2476
 batch=0100 loss=1.2997
 batch=0150 loss=1.1598
 batch=0200 loss=1.1508
 batch=0250 loss=1.1704
Train: loss=1.2138 loc_loss=0.8575 time_loss=3.5623 loc_acc=0.6491 time_acc=0.0934
Valid: loss=1.0775 loc_loss=0.7336 time_loss=3.4394 loc_acc=0.7127 time_acc=0.1065
saved best checkpoint: /root/trajectory-clustering/con-dtc/checkpoints/sttraj2vec_pretrain_best.pt
Epoch 10 of 30
 batch=0050 loss=1.3270
 batch=0100 loss=1.1417
 batch=0150 loss=1.1160
 batch=0200 loss=1.0113
 batch=0250 loss=1.2663
Train: loss=1.1705 loc_loss=0.8236 time_loss=3.4688 loc_acc=0.6650 time_acc=0.1031
Valid: loss=1.0516 loc_loss=0.7157 time_loss=3.3588 loc_acc=0.7137 time_acc=0.1120
saved best checkpoint: /root/trajectory-clustering/con-dtc/checkpoints/sttraj2vec_pretrain_best.pt
Epoch 11 of 30
 batch=0050 loss=1.0992
 batch=0100 loss=1.2770
 batch=0150 loss=1.1314
 batch=0200 loss=1.0419
 batch=0250 loss=1.0872
Train: loss=1.1366 loc_loss=0.7981 time_loss=3.3848 loc_acc=0.6743 time_acc=0.1072
Valid: loss=1.0018 loc_loss=0.6746 time_loss=3.2721 loc_acc=0.7334 time_acc=0.1167
saved best checkpoint: /root/trajectory-clustering/con-dtc/checkpoints/sttraj2vec_pretrain_best.pt
Epoch 12 of 30
 batch=0050 loss=1.1792
 batch=0100 loss=1.0791
 batch=0150 loss=1.0092
 batch=0200 loss=1.1988
 batch=0250 loss=1.1368
Train: loss=1.1009 loc_loss=0.7697 time_loss=3.3130 loc_acc=0.6889 time_acc=0.1099
Valid: loss=0.9569 loc_loss=0.6357 time_loss=3.2122 loc_acc=0.7538 time_acc=0.1210
saved best checkpoint: /root/trajectory-clustering/con-dtc/checkpoints/sttraj2vec_pretrain_best.pt
Epoch 13 of 30
 batch=0050 loss=1.0655
 batch=0100 loss=1.1967
 batch=0150 loss=1.0345
 batch=0200 loss=1.1418
 batch=0250 loss=1.1694
Train: loss=1.0623 loc_loss=0.7358 time_loss=3.2644 loc_acc=0.7049 time_acc=0.1169
Valid: loss=0.9391 loc_loss=0.6219 time_loss=3.1727 loc_acc=0.7614 time_acc=0.1279
saved best checkpoint: /root/trajectory-clustering/con-dtc/checkpoints/sttraj2vec_pretrain_best.pt
Epoch 14 of 30
 batch=0050 loss=0.9753
 batch=0100 loss=0.9742
 batch=0150 loss=1.1357
 batch=0200 loss=0.9927
 batch=0250 loss=1.0422
Train: loss=1.0236 loc_loss=0.7027 time_loss=3.2091 loc_acc=0.7193 time_acc=0.1193
Valid: loss=0.8858 loc_loss=0.5746 time_loss=3.1118 loc_acc=0.7773 time_acc=0.1283
saved best checkpoint: /root/trajectory-clustering/con-dtc/checkpoints/sttraj2vec_pretrain_best.pt
Epoch 15 of 30
 batch=0050 loss=0.9117
 batch=0100 loss=0.9595
 batch=0150 loss=0.8955
 batch=0200 loss=1.0276
 batch=0250 loss=1.0445
Train: loss=0.9940 loc_loss=0.6794 time_loss=3.1461 loc_acc=0.7300 time_acc=0.1279
Valid: loss=0.8605 loc_loss=0.5556 time_loss=3.0483 loc_acc=0.7929 time_acc=0.1388
saved best checkpoint: /root/trajectory-clustering/con-dtc/checkpoints/sttraj2vec_pretrain_best.pt
Epoch 16 of 30
 batch=0050 loss=0.9609
 batch=0100 loss=1.1115
 batch=0150 loss=1.0453
 batch=0200 loss=1.1266
 batch=0250 loss=0.9157
Train: loss=0.9711 loc_loss=0.6604 time_loss=3.1061 loc_acc=0.7401 time_acc=0.1272
Valid: loss=0.8320 loc_loss=0.5326 time_loss=2.9945 loc_acc=0.7963 time_acc=0.1422
saved best checkpoint: /root/trajectory-clustering/con-dtc/checkpoints/sttraj2vec_pretrain_best.pt
Epoch 17 of 30
 batch=0050 loss=0.8659
 batch=0100 loss=0.8670
 batch=0150 loss=0.8324
 batch=0200 loss=0.9337
 batch=0250 loss=0.9065
Train: loss=0.9428 loc_loss=0.6358 time_loss=3.0709 loc_acc=0.7530 time_acc=0.1312
Valid: loss=0.8082 loc_loss=0.5124 time_loss=2.9578 loc_acc=0.8109 time_acc=0.1433
saved best checkpoint: /root/trajectory-clustering/con-dtc/checkpoints/sttraj2vec_pretrain_best.pt
Epoch 18 of 30
 batch=0050 loss=0.9943
 batch=0100 loss=0.7958
 batch=0150 loss=0.8333
 batch=0200 loss=0.9789
 batch=0250 loss=0.7723
Train: loss=0.9231 loc_loss=0.6217 time_loss=3.0133 loc_acc=0.7595 time_acc=0.1349
Valid: loss=0.7807 loc_loss=0.4918 time_loss=2.8884 loc_acc=0.8227 time_acc=0.1499
saved best checkpoint: /root/trajectory-clustering/con-dtc/checkpoints/sttraj2vec_pretrain_best.pt
Epoch 19 of 30
 batch=0050 loss=0.8534
 batch=0100 loss=0.8341
 batch=0150 loss=0.8941
 batch=0200 loss=0.9666
 batch=0250 loss=0.8778
Train: loss=0.8963 loc_loss=0.5995 time_loss=2.9679 loc_acc=0.7652 time_acc=0.1418
Valid: loss=0.7741 loc_loss=0.4882 time_loss=2.8594 loc_acc=0.8195 time_acc=0.1544
saved best checkpoint: /root/trajectory-clustering/con-dtc/checkpoints/sttraj2vec_pretrain_best.pt
Epoch 20 of 30
 batch=0050 loss=0.9541
 batch=0100 loss=0.9375
 batch=0150 loss=0.7545
 batch=0200 loss=0.7698
 batch=0250 loss=0.9009
Train: loss=0.8691 loc_loss=0.5762 time_loss=2.9288 loc_acc=0.7760 time_acc=0.1426
Valid: loss=0.7408 loc_loss=0.4570 time_loss=2.8376 loc_acc=0.8279 time_acc=0.1556
saved best checkpoint: /root/trajectory-clustering/con-dtc/checkpoints/sttraj2vec_pretrain_best.pt
Epoch 21 of 30
 batch=0050 loss=0.8942
 batch=0100 loss=1.0812
 batch=0150 loss=0.7956
 batch=0200 loss=0.7620
 batch=0250 loss=0.8059
Train: loss=0.8467 loc_loss=0.5576 time_loss=2.8910 loc_acc=0.7845 time_acc=0.1469
Valid: loss=0.7282 loc_loss=0.4514 time_loss=2.7687 loc_acc=0.8367 time_acc=0.1617
saved best checkpoint: /root/trajectory-clustering/con-dtc/checkpoints/sttraj2vec_pretrain_best.pt
Epoch 22 of 30
 batch=0050 loss=0.7965
 batch=0100 loss=0.7525
 batch=0150 loss=0.7825
 batch=0200 loss=0.8660
 batch=0250 loss=0.7296
Train: loss=0.8363 loc_loss=0.5508 time_loss=2.8549 loc_acc=0.7885 time_acc=0.1498
Valid: loss=0.7391 loc_loss=0.4656 time_loss=2.7349 loc_acc=0.8317 time_acc=0.1655
Epoch 23 of 30
 batch=0050 loss=0.9043
 batch=0100 loss=0.8797
 batch=0150 loss=0.8231
 batch=0200 loss=0.8634
 batch=0250 loss=0.8396
Train: loss=0.8148 loc_loss=0.5336 time_loss=2.8118 loc_acc=0.7989 time_acc=0.1577
Valid: loss=0.6936 loc_loss=0.4234 time_loss=2.7013 loc_acc=0.8444 time_acc=0.1694
saved best checkpoint: /root/trajectory-clustering/con-dtc/checkpoints/sttraj2vec_pretrain_best.pt
Epoch 24 of 30
 batch=0050 loss=0.8049
 batch=0100 loss=0.7983
 batch=0150 loss=0.9226
 batch=0200 loss=0.8944
 batch=0250 loss=0.9203
Train: loss=0.8143 loc_loss=0.5356 time_loss=2.7869 loc_acc=0.7960 time_acc=0.1567
Valid: loss=0.6967 loc_loss=0.4296 time_loss=2.6703 loc_acc=0.8395 time_acc=0.1678
Epoch 25 of 30
 batch=0050 loss=0.7418
 batch=0100 loss=0.7463
 batch=0150 loss=0.7869
 batch=0200 loss=0.6818
 batch=0250 loss=0.8808
Train: loss=0.7879 loc_loss=0.5134 time_loss=2.7443 loc_acc=0.8049 time_acc=0.1627
Valid: loss=0.6868 loc_loss=0.4235 time_loss=2.6337 loc_acc=0.8436 time_acc=0.1810
saved best checkpoint: /root/trajectory-clustering/con-dtc/checkpoints/sttraj2vec_pretrain_best.pt
Epoch 26 of 30
 batch=0050 loss=0.7474
 batch=0100 loss=0.8189
 batch=0150 loss=0.6189
 batch=0200 loss=0.9509
 batch=0250 loss=0.8078
Train: loss=0.7766 loc_loss=0.5042 time_loss=2.7242 loc_acc=0.8092 time_acc=0.1615
Valid: loss=0.6563 loc_loss=0.3969 time_loss=2.5943 loc_acc=0.8576 time_acc=0.1869
saved best checkpoint: /root/trajectory-clustering/con-dtc/checkpoints/sttraj2vec_pretrain_best.pt
Epoch 27 of 30
 batch=0050 loss=0.8029
 batch=0100 loss=0.6419
 batch=0150 loss=0.7655
 batch=0200 loss=0.7366
 batch=0250 loss=0.8296
Train: loss=0.7515 loc_loss=0.4828 time_loss=2.6878 loc_acc=0.8177 time_acc=0.1702
Valid: loss=0.6333 loc_loss=0.3766 time_loss=2.5671 loc_acc=0.8619 time_acc=0.1853
saved best checkpoint: /root/trajectory-clustering/con-dtc/checkpoints/sttraj2vec_pretrain_best.pt
Epoch 28 of 30
 batch=0050 loss=0.7402
 batch=0100 loss=0.7074
 batch=0150 loss=0.6480
 batch=0200 loss=0.7145
 batch=0250 loss=0.9397
Train: loss=0.7520 loc_loss=0.4859 time_loss=2.6611 loc_acc=0.8181 time_acc=0.1705
Valid: loss=0.6315 loc_loss=0.3775 time_loss=2.5405 loc_acc=0.8626 time_acc=0.1858
saved best checkpoint: /root/trajectory-clustering/con-dtc/checkpoints/sttraj2vec_pretrain_best.pt
Epoch 29 of 30
 batch=0050 loss=0.8976
 batch=0100 loss=0.7210
 batch=0150 loss=0.7602
 batch=0200 loss=0.7723
 batch=0250 loss=0.7086
Train: loss=0.7373 loc_loss=0.4736 time_loss=2.6374 loc_acc=0.8233 time_acc=0.1741
Valid: loss=0.6391 loc_loss=0.3882 time_loss=2.5086 loc_acc=0.8545 time_acc=0.1942
Epoch 30 of 30
 batch=0050 loss=0.7658
 batch=0100 loss=0.7683
 batch=0150 loss=0.6593
 batch=0200 loss=0.7799
 batch=0250 loss=0.5638
Train: loss=0.7211 loc_loss=0.4605 time_loss=2.6054 loc_acc=0.8281 time_acc=0.1785
Valid: loss=0.6027 loc_loss=0.3553 time_loss=2.4736 loc_acc=0.8695 time_acc=0.2053
saved best checkpoint: /root/trajectory-clustering/con-dtc/checkpoints/sttraj2vec_pretrain_best.pt
Best valid loss: 0.6026512114585426
