experiment initialized
run directory: /root/trajectory-clustering/con-dtc/runs/condtc_qd_s3_m07_w06_warmup/20260814_112755_seed2026
config snapshot: /root/trajectory-clustering/con-dtc/runs/condtc_qd_s3_m07_w06_warmup/20260814_112755_seed2026/config.yaml
device: cuda
pretrain checkpoint: /root/trajectory-clustering/con-dtc/checkpoints/sttraj2vec_pretrain_paper_15ep.pt
epoch=1 / num_epochs=6
batch=0050 loss=1.1425 representation_loss=0.9502 clustering_loss=0.3846 instance_nce=3.4862 cluster_nce=2.3926 
batch=0100 loss=1.2458 representation_loss=1.0504 clustering_loss=0.3907 instance_nce=3.4718 cluster_nce=2.4177 
batch=0150 loss=1.0822 representation_loss=0.8810 clustering_loss=0.4024 instance_nce=3.4622 cluster_nce=2.4080 
batch=0200 loss=1.1439 representation_loss=0.9759 clustering_loss=0.3359 instance_nce=3.4991 cluster_nce=2.3710 
batch=0250 loss=1.1726 representation_loss=1.0075 clustering_loss=0.3303 instance_nce=3.4743 cluster_nce=2.3967 
batch=0300 loss=1.0769 representation_loss=0.9114 clustering_loss=0.3309 instance_nce=3.4768 cluster_nce=2.3934 
batch=0350 loss=1.0888 representation_loss=0.8819 clustering_loss=0.4136 instance_nce=3.4754 cluster_nce=2.4027 
Train: loss=1.1455 mstm=0.9570 instance_nce=3.4843 cluster_nce=2.4063 dec=0.3770
save checkpoint:  /root/trajectory-clustering/con-dtc/runs/condtc_qd_s3_m07_w06_warmup/20260814_112755_seed2026/checkpoints/condtc_best.pt
epoch=2 / num_epochs=6
batch=0050 loss=0.9607 representation_loss=0.8276 clustering_loss=0.2662 instance_nce=3.4693 cluster_nce=2.3801 
batch=0100 loss=0.9629 representation_loss=0.8236 clustering_loss=0.2787 instance_nce=3.4543 cluster_nce=2.3978 
batch=0150 loss=0.9452 representation_loss=0.8044 clustering_loss=0.2816 instance_nce=3.4644 cluster_nce=2.4020 
batch=0200 loss=0.9457 representation_loss=0.8103 clustering_loss=0.2707 instance_nce=3.4766 cluster_nce=2.4119 
batch=0250 loss=1.1337 representation_loss=1.0107 clustering_loss=0.2461 instance_nce=3.4584 cluster_nce=2.4101 
batch=0300 loss=1.0750 representation_loss=0.9560 clustering_loss=0.2381 instance_nce=3.4974 cluster_nce=2.3848 
batch=0350 loss=1.1823 representation_loss=1.0538 clustering_loss=0.2569 instance_nce=3.4568 cluster_nce=2.3653 
Train: loss=1.0699 mstm=0.9367 instance_nce=3.4647 cluster_nce=2.3825 dec=0.2662
save checkpoint:  /root/trajectory-clustering/con-dtc/runs/condtc_qd_s3_m07_w06_warmup/20260814_112755_seed2026/checkpoints/condtc_best.pt
epoch=3 / num_epochs=6
batch=0050 loss=1.0368 representation_loss=0.9102 clustering_loss=0.2530 instance_nce=3.4696 cluster_nce=2.3856 
batch=0100 loss=1.0817 representation_loss=0.9615 clustering_loss=0.2405 instance_nce=3.4462 cluster_nce=2.3706 
batch=0150 loss=1.1203 representation_loss=1.0035 clustering_loss=0.2336 instance_nce=3.4533 cluster_nce=2.3757 
batch=0200 loss=0.9468 representation_loss=0.8382 clustering_loss=0.2172 instance_nce=3.4891 cluster_nce=2.3760 
batch=0250 loss=1.0281 representation_loss=0.9105 clustering_loss=0.2353 instance_nce=3.4353 cluster_nce=2.3739 
batch=0300 loss=1.0663 representation_loss=0.9519 clustering_loss=0.2287 instance_nce=3.4694 cluster_nce=2.4011 
batch=0350 loss=1.0694 representation_loss=0.9696 clustering_loss=0.1997 instance_nce=3.4302 cluster_nce=2.3491 
Train: loss=1.0467 mstm=0.9329 instance_nce=3.4540 cluster_nce=2.3740 dec=0.2277
save checkpoint:  /root/trajectory-clustering/con-dtc/runs/condtc_qd_s3_m07_w06_warmup/20260814_112755_seed2026/checkpoints/condtc_best.pt
epoch=4 / num_epochs=6
batch=0050 loss=0.9782 representation_loss=0.8650 clustering_loss=0.2263 instance_nce=3.4637 cluster_nce=2.3442 
batch=0100 loss=0.8844 representation_loss=0.7775 clustering_loss=0.2137 instance_nce=3.4447 cluster_nce=2.3883 
batch=0150 loss=0.9891 representation_loss=0.8849 clustering_loss=0.2084 instance_nce=3.4589 cluster_nce=2.3712 
batch=0200 loss=0.9773 representation_loss=0.8741 clustering_loss=0.2065 instance_nce=3.4290 cluster_nce=2.3419 
batch=0250 loss=0.9801 representation_loss=0.8841 clustering_loss=0.1920 instance_nce=3.4456 cluster_nce=2.3771 
batch=0300 loss=1.0342 representation_loss=0.9325 clustering_loss=0.2033 instance_nce=3.4697 cluster_nce=2.3952 
batch=0350 loss=0.9885 representation_loss=0.8931 clustering_loss=0.1907 instance_nce=3.4461 cluster_nce=2.3681 
Train: loss=1.0255 mstm=0.9206 instance_nce=3.4458 cluster_nce=2.3682 dec=0.2097
save checkpoint:  /root/trajectory-clustering/con-dtc/runs/condtc_qd_s3_m07_w06_warmup/20260814_112755_seed2026/checkpoints/condtc_best.pt
epoch=5 / num_epochs=6
batch=0050 loss=1.1317 representation_loss=1.0208 clustering_loss=0.2218 instance_nce=3.4291 cluster_nce=2.3469 
batch=0100 loss=1.1142 representation_loss=1.0066 clustering_loss=0.2152 instance_nce=3.4781 cluster_nce=2.4110 
batch=0150 loss=0.9331 representation_loss=0.8246 clustering_loss=0.2171 instance_nce=3.4549 cluster_nce=2.3934 
batch=0200 loss=0.9549 representation_loss=0.8596 clustering_loss=0.1906 instance_nce=3.4007 cluster_nce=2.3579 
batch=0250 loss=0.9511 representation_loss=0.8614 clustering_loss=0.1795 instance_nce=3.4199 cluster_nce=2.3471 
batch=0300 loss=1.0848 representation_loss=0.9843 clustering_loss=0.2010 instance_nce=3.4382 cluster_nce=2.3785 
batch=0350 loss=1.0538 representation_loss=0.9467 clustering_loss=0.2142 instance_nce=3.4178 cluster_nce=2.3467 
Train: loss=1.0190 mstm=0.9189 instance_nce=3.4352 cluster_nce=2.3638 dec=0.2002
save checkpoint:  /root/trajectory-clustering/con-dtc/runs/condtc_qd_s3_m07_w06_warmup/20260814_112755_seed2026/checkpoints/condtc_best.pt
epoch=6 / num_epochs=6
batch=0050 loss=1.1156 representation_loss=1.0220 clustering_loss=0.1872 instance_nce=3.4197 cluster_nce=2.3651 
batch=0100 loss=1.0459 representation_loss=0.9567 clustering_loss=0.1785 instance_nce=3.4107 cluster_nce=2.3502 
batch=0150 loss=1.0673 representation_loss=0.9666 clustering_loss=0.2015 instance_nce=3.4059 cluster_nce=2.3645 
batch=0200 loss=1.0147 representation_loss=0.9218 clustering_loss=0.1858 instance_nce=3.4255 cluster_nce=2.3652 
batch=0250 loss=1.0485 representation_loss=0.9393 clustering_loss=0.2184 instance_nce=3.4291 cluster_nce=2.3684 
batch=0300 loss=0.9530 representation_loss=0.8591 clustering_loss=0.1879 instance_nce=3.4048 cluster_nce=2.3611 
batch=0350 loss=0.9596 representation_loss=0.8751 clustering_loss=0.1690 instance_nce=3.4214 cluster_nce=2.3330 
Train: loss=0.9938 mstm=0.8970 instance_nce=3.4285 cluster_nce=2.3603 dec=0.1936
save checkpoint:  /root/trajectory-clustering/con-dtc/runs/condtc_qd_s3_m07_w06_warmup/20260814_112755_seed2026/checkpoints/condtc_best.pt
best train_loss:  0.9937966891668123
evaluating: /root/trajectory-clustering/con-dtc/runs/condtc_qd_s3_m07_w06_warmup/20260814_112755_seed2026/checkpoints/condtc_best.pt
device: cuda
cluster counts: tensor([ 958, 1003, 1605,    3, 1000, 1245,  973,  323, 1954,  944,  653,  943])
metrics: {'uacc': 0.8050672182006204, 'nmi': 0.8934498853600588, 'ri': 0.96083514162068, 'ari': 0.7705562127973571}
metrics saved: /root/trajectory-clustering/con-dtc/runs/condtc_qd_s3_m07_w06_warmup/20260814_112755_seed2026/metrics.json
