experiment initialized
run directory: /root/trajectory-clustering/con-dtc/runs/condtc_qd_ema_staged_s3_m09/20260816_210744_seed123
config snapshot: /root/trajectory-clustering/con-dtc/runs/condtc_qd_ema_staged_s3_m09/20260816_210744_seed123/config.yaml
device: cuda
pretrain checkpoint: /root/trajectory-clustering/con-dtc/checkpoints/sttraj2vec_pretrain_paper_15ep.pt
epoch=1 / num_epochs=6
batch=0050 loss=1.1286 representation_loss=0.9030 clustering_loss=0.4513 instance_nce=3.6067 cluster_nce=2.3595 
batch=0100 loss=1.0787 representation_loss=0.8455 clustering_loss=0.4665 instance_nce=3.6287 cluster_nce=2.3642 
batch=0150 loss=1.2206 representation_loss=1.0481 clustering_loss=0.3450 instance_nce=3.5984 cluster_nce=2.3466 
batch=0200 loss=1.1053 representation_loss=0.9420 clustering_loss=0.3266 instance_nce=3.6288 cluster_nce=2.3677 
batch=0250 loss=1.0986 representation_loss=0.9124 clustering_loss=0.3724 instance_nce=3.6574 cluster_nce=2.3642 
batch=0300 loss=1.0505 representation_loss=0.8672 clustering_loss=0.3668 instance_nce=3.6164 cluster_nce=2.3272 
batch=0350 loss=1.1928 representation_loss=1.0299 clustering_loss=0.3259 instance_nce=3.6750 cluster_nce=2.3679 
Train: loss=1.1488 mstm=0.9602 instance_nce=3.6168 cluster_nce=2.3567 dec=0.3772
save checkpoint:  /root/trajectory-clustering/con-dtc/runs/condtc_qd_ema_staged_s3_m09/20260816_210744_seed123/checkpoints/condtc_best.pt
epoch=2 / num_epochs=6
batch=0050 loss=0.9917 representation_loss=0.8540 clustering_loss=0.2754 instance_nce=3.5850 cluster_nce=2.3391 
batch=0100 loss=1.0593 representation_loss=0.9248 clustering_loss=0.2690 instance_nce=3.6031 cluster_nce=2.3264 
batch=0150 loss=1.2753 representation_loss=1.1292 clustering_loss=0.2921 instance_nce=3.6081 cluster_nce=2.3502 
batch=0200 loss=1.1449 representation_loss=1.0074 clustering_loss=0.2751 instance_nce=3.6071 cluster_nce=2.3566 
batch=0250 loss=1.0364 representation_loss=0.9152 clustering_loss=0.2425 instance_nce=3.6055 cluster_nce=2.3333 
batch=0300 loss=1.1206 representation_loss=0.9850 clustering_loss=0.2711 instance_nce=3.5871 cluster_nce=2.3208 
batch=0350 loss=1.0740 representation_loss=0.9572 clustering_loss=0.2336 instance_nce=3.5513 cluster_nce=2.3408 
Train: loss=1.0793 mstm=0.9444 instance_nce=3.6005 cluster_nce=2.3371 dec=0.2699
save checkpoint:  /root/trajectory-clustering/con-dtc/runs/condtc_qd_ema_staged_s3_m09/20260816_210744_seed123/checkpoints/condtc_best.pt
epoch=3 / num_epochs=6
batch=0050 loss=0.9338 representation_loss=0.8172 clustering_loss=0.2332 instance_nce=3.5744 cluster_nce=2.3360 
batch=0100 loss=0.9945 representation_loss=0.8645 clustering_loss=0.2601 instance_nce=3.6122 cluster_nce=2.3424 
batch=0150 loss=1.1442 representation_loss=1.0326 clustering_loss=0.2233 instance_nce=3.5785 cluster_nce=2.3241 
batch=0200 loss=1.1097 representation_loss=1.0098 clustering_loss=0.1999 instance_nce=3.5827 cluster_nce=2.3295 
batch=0250 loss=1.0164 representation_loss=0.9063 clustering_loss=0.2203 instance_nce=3.6052 cluster_nce=2.3115 
batch=0300 loss=0.9515 representation_loss=0.8527 clustering_loss=0.1976 instance_nce=3.5628 cluster_nce=2.3095 
batch=0350 loss=1.0248 representation_loss=0.9238 clustering_loss=0.2020 instance_nce=3.5823 cluster_nce=2.3182 
Train: loss=1.0445 mstm=0.9318 instance_nce=3.5884 cluster_nce=2.3287 dec=0.2256
save checkpoint:  /root/trajectory-clustering/con-dtc/runs/condtc_qd_ema_staged_s3_m09/20260816_210744_seed123/checkpoints/condtc_best.pt
epoch=4 / num_epochs=6
batch=0050 loss=1.0117 representation_loss=0.9010 clustering_loss=0.2214 instance_nce=3.5809 cluster_nce=2.3084 
batch=0100 loss=1.0227 representation_loss=0.9176 clustering_loss=0.2103 instance_nce=3.5511 cluster_nce=2.3162 
batch=0150 loss=0.8467 representation_loss=0.7535 clustering_loss=0.1865 instance_nce=3.5603 cluster_nce=2.3021 
batch=0200 loss=0.9186 representation_loss=0.8227 clustering_loss=0.1919 instance_nce=3.5670 cluster_nce=2.3222 
batch=0250 loss=1.1938 representation_loss=1.0963 clustering_loss=0.1949 instance_nce=3.5467 cluster_nce=2.3126 
batch=0300 loss=1.1624 representation_loss=1.0582 clustering_loss=0.2083 instance_nce=3.5617 cluster_nce=2.3123 
batch=0350 loss=1.0548 representation_loss=0.9569 clustering_loss=0.1958 instance_nce=3.5833 cluster_nce=2.3138 
Train: loss=1.0185 mstm=0.9174 instance_nce=3.5787 cluster_nce=2.3250 dec=0.2021
save checkpoint:  /root/trajectory-clustering/con-dtc/runs/condtc_qd_ema_staged_s3_m09/20260816_210744_seed123/checkpoints/condtc_best.pt
epoch=5 / num_epochs=6
batch=0050 loss=1.0594 representation_loss=0.9651 clustering_loss=0.1886 instance_nce=3.5932 cluster_nce=2.3188 
batch=0100 loss=1.1071 representation_loss=1.0105 clustering_loss=0.1932 instance_nce=3.5498 cluster_nce=2.3097 
batch=0150 loss=1.0547 representation_loss=0.9758 clustering_loss=0.1578 instance_nce=3.5413 cluster_nce=2.3096 
batch=0200 loss=0.9975 representation_loss=0.9032 clustering_loss=0.1887 instance_nce=3.5650 cluster_nce=2.3258 
batch=0250 loss=1.0390 representation_loss=0.9538 clustering_loss=0.1703 instance_nce=3.5332 cluster_nce=2.3131 
batch=0300 loss=1.0221 representation_loss=0.9291 clustering_loss=0.1861 instance_nce=3.5595 cluster_nce=2.2989 
batch=0350 loss=0.9336 representation_loss=0.8432 clustering_loss=0.1807 instance_nce=3.5436 cluster_nce=2.3096 
Train: loss=1.0060 mstm=0.9126 instance_nce=3.5686 cluster_nce=2.3210 dec=0.1867
save checkpoint:  /root/trajectory-clustering/con-dtc/runs/condtc_qd_ema_staged_s3_m09/20260816_210744_seed123/checkpoints/condtc_best.pt
epoch=6 / num_epochs=6
batch=0050 loss=0.9520 representation_loss=0.8687 clustering_loss=0.1667 instance_nce=3.5436 cluster_nce=2.3226 
batch=0100 loss=1.1527 representation_loss=1.0640 clustering_loss=0.1774 instance_nce=3.5548 cluster_nce=2.3136 
batch=0150 loss=1.0313 representation_loss=0.9505 clustering_loss=0.1616 instance_nce=3.5329 cluster_nce=2.3231 
batch=0200 loss=1.1852 representation_loss=1.0873 clustering_loss=0.1957 instance_nce=3.6128 cluster_nce=2.3387 
batch=0250 loss=0.9893 representation_loss=0.8972 clustering_loss=0.1842 instance_nce=3.5504 cluster_nce=2.3164 
batch=0300 loss=1.0671 representation_loss=0.9672 clustering_loss=0.1999 instance_nce=3.5836 cluster_nce=2.3371 
batch=0350 loss=1.0270 representation_loss=0.9398 clustering_loss=0.1745 instance_nce=3.5367 cluster_nce=2.3207 
Train: loss=0.9874 mstm=0.8994 instance_nce=3.5581 cluster_nce=2.3175 dec=0.1761
save checkpoint:  /root/trajectory-clustering/con-dtc/runs/condtc_qd_ema_staged_s3_m09/20260816_210744_seed123/checkpoints/condtc_best.pt
best train_loss:  0.9874053929272046
evaluating: /root/trajectory-clustering/con-dtc/runs/condtc_qd_ema_staged_s3_m09/20260816_210744_seed123/checkpoints/condtc_best.pt
device: cuda
cluster counts: tensor([ 947, 1508,  944, 1197, 1853, 1003,  104, 1000,  731,  954,  390,  973])
metrics: {'uacc': 0.7973974491554636, 'nmi': 0.8795563493945004, 'ri': 0.9581640278163865, 'ari': 0.7491107669922299}
metrics saved: /root/trajectory-clustering/con-dtc/runs/condtc_qd_ema_staged_s3_m09/20260816_210744_seed123/metrics.json
