experiment initialized
run directory: /root/trajectory-clustering/con-dtc/runs/condtc_qd_ema_staged_s4_m09/20260816_204759_seed42
config snapshot: /root/trajectory-clustering/con-dtc/runs/condtc_qd_ema_staged_s4_m09/20260816_204759_seed42/config.yaml
device: cuda
pretrain checkpoint: /root/trajectory-clustering/con-dtc/checkpoints/sttraj2vec_pretrain_paper_15ep.pt
epoch=1 / num_epochs=6
batch=0050 loss=1.2522 representation_loss=1.0175 clustering_loss=0.4694 instance_nce=3.5261 cluster_nce=2.3788 
batch=0100 loss=1.1484 representation_loss=0.9354 clustering_loss=0.4259 instance_nce=3.5002 cluster_nce=2.3484 
batch=0150 loss=1.2910 representation_loss=1.1073 clustering_loss=0.3676 instance_nce=3.5001 cluster_nce=2.3400 
batch=0200 loss=1.1210 representation_loss=0.9007 clustering_loss=0.4407 instance_nce=3.4968 cluster_nce=2.3422 
batch=0250 loss=1.1561 representation_loss=1.0058 clustering_loss=0.3007 instance_nce=3.4909 cluster_nce=2.3328 
batch=0300 loss=1.2513 representation_loss=1.0743 clustering_loss=0.3540 instance_nce=3.4894 cluster_nce=2.3394 
batch=0350 loss=1.1866 representation_loss=1.0231 clustering_loss=0.3270 instance_nce=3.4739 cluster_nce=2.3411 
Train: loss=1.1424 mstm=0.9538 instance_nce=3.5081 cluster_nce=2.3467 dec=0.3772
save checkpoint:  /root/trajectory-clustering/con-dtc/runs/condtc_qd_ema_staged_s4_m09/20260816_204759_seed42/checkpoints/condtc_best.pt
epoch=2 / num_epochs=6
batch=0050 loss=1.0601 representation_loss=0.9270 clustering_loss=0.2662 instance_nce=3.4772 cluster_nce=2.3288 
batch=0100 loss=1.0675 representation_loss=0.9415 clustering_loss=0.2520 instance_nce=3.4701 cluster_nce=2.3227 
batch=0150 loss=1.2057 representation_loss=1.0739 clustering_loss=0.2635 instance_nce=3.4802 cluster_nce=2.3232 
batch=0200 loss=1.0010 representation_loss=0.8775 clustering_loss=0.2469 instance_nce=3.4659 cluster_nce=2.3335 
batch=0250 loss=1.0316 representation_loss=0.9058 clustering_loss=0.2518 instance_nce=3.5169 cluster_nce=2.3357 
batch=0300 loss=1.0958 representation_loss=0.9792 clustering_loss=0.2333 instance_nce=3.4917 cluster_nce=2.3403 
batch=0350 loss=1.1383 representation_loss=1.0237 clustering_loss=0.2292 instance_nce=3.5074 cluster_nce=2.3250 
Train: loss=1.0664 mstm=0.9354 instance_nce=3.4910 cluster_nce=2.3312 dec=0.2620
save checkpoint:  /root/trajectory-clustering/con-dtc/runs/condtc_qd_ema_staged_s4_m09/20260816_204759_seed42/checkpoints/condtc_best.pt
epoch=3 / num_epochs=6
batch=0050 loss=1.1562 representation_loss=1.0309 clustering_loss=0.2506 instance_nce=3.4367 cluster_nce=2.3060 
batch=0100 loss=0.9990 representation_loss=0.8839 clustering_loss=0.2302 instance_nce=3.4411 cluster_nce=2.3329 
batch=0150 loss=0.9139 representation_loss=0.7882 clustering_loss=0.2514 instance_nce=3.4586 cluster_nce=2.3227 
batch=0200 loss=1.1053 representation_loss=0.9775 clustering_loss=0.2557 instance_nce=3.4471 cluster_nce=2.3365 
batch=0250 loss=1.0437 representation_loss=0.9140 clustering_loss=0.2594 instance_nce=3.4743 cluster_nce=2.3129 
batch=0300 loss=1.0744 representation_loss=0.9521 clustering_loss=0.2446 instance_nce=3.4428 cluster_nce=2.3215 
batch=0350 loss=1.0972 representation_loss=0.9727 clustering_loss=0.2490 instance_nce=3.4988 cluster_nce=2.3181 
Train: loss=1.0553 mstm=0.9293 instance_nce=3.4758 cluster_nce=2.3250 dec=0.2519
save checkpoint:  /root/trajectory-clustering/con-dtc/runs/condtc_qd_ema_staged_s4_m09/20260816_204759_seed42/checkpoints/condtc_best.pt
epoch=4 / num_epochs=6
batch=0050 loss=1.0224 representation_loss=0.9070 clustering_loss=0.2308 instance_nce=3.4519 cluster_nce=2.3191 
batch=0100 loss=1.1235 representation_loss=1.0216 clustering_loss=0.2037 instance_nce=3.4274 cluster_nce=2.3232 
batch=0150 loss=0.9558 representation_loss=0.8375 clustering_loss=0.2365 instance_nce=3.4562 cluster_nce=2.3097 
batch=0200 loss=0.9818 representation_loss=0.8831 clustering_loss=0.1974 instance_nce=3.4516 cluster_nce=2.3334 
batch=0250 loss=1.1183 representation_loss=1.0086 clustering_loss=0.2192 instance_nce=3.4505 cluster_nce=2.3259 
batch=0300 loss=1.0486 representation_loss=0.9422 clustering_loss=0.2127 instance_nce=3.4527 cluster_nce=2.3131 
batch=0350 loss=0.9600 representation_loss=0.8536 clustering_loss=0.2128 instance_nce=3.5268 cluster_nce=2.3190 
Train: loss=1.0326 mstm=0.9218 instance_nce=3.4651 cluster_nce=2.3212 dec=0.2215
save checkpoint:  /root/trajectory-clustering/con-dtc/runs/condtc_qd_ema_staged_s4_m09/20260816_204759_seed42/checkpoints/condtc_best.pt
epoch=5 / num_epochs=6
batch=0050 loss=1.1292 representation_loss=1.0209 clustering_loss=0.2167 instance_nce=3.4500 cluster_nce=2.3108 
batch=0100 loss=0.9622 representation_loss=0.8715 clustering_loss=0.1813 instance_nce=3.5048 cluster_nce=2.3310 
batch=0150 loss=1.0233 representation_loss=0.9162 clustering_loss=0.2143 instance_nce=3.4690 cluster_nce=2.3175 
batch=0200 loss=0.9430 representation_loss=0.8565 clustering_loss=0.1732 instance_nce=3.4426 cluster_nce=2.3278 
batch=0250 loss=0.8733 representation_loss=0.7864 clustering_loss=0.1738 instance_nce=3.4564 cluster_nce=2.3149 
batch=0300 loss=1.1048 representation_loss=1.0048 clustering_loss=0.2000 instance_nce=3.4647 cluster_nce=2.3179 
batch=0350 loss=1.0625 representation_loss=0.9605 clustering_loss=0.2040 instance_nce=3.4589 cluster_nce=2.3331 
Train: loss=1.0177 mstm=0.9167 instance_nce=3.4556 cluster_nce=2.3192 dec=0.2020
save checkpoint:  /root/trajectory-clustering/con-dtc/runs/condtc_qd_ema_staged_s4_m09/20260816_204759_seed42/checkpoints/condtc_best.pt
epoch=6 / num_epochs=6
batch=0050 loss=1.0419 representation_loss=0.9491 clustering_loss=0.1857 instance_nce=3.4846 cluster_nce=2.3190 
batch=0100 loss=0.8926 representation_loss=0.8040 clustering_loss=0.1772 instance_nce=3.4282 cluster_nce=2.3272 
batch=0150 loss=0.8979 representation_loss=0.8053 clustering_loss=0.1854 instance_nce=3.4113 cluster_nce=2.3093 
batch=0200 loss=1.0291 representation_loss=0.9390 clustering_loss=0.1802 instance_nce=3.4662 cluster_nce=2.3332 
batch=0250 loss=0.9596 representation_loss=0.8721 clustering_loss=0.1750 instance_nce=3.4462 cluster_nce=2.3116 
batch=0300 loss=1.0019 representation_loss=0.9063 clustering_loss=0.1912 instance_nce=3.4365 cluster_nce=2.3115 
batch=0350 loss=1.1868 representation_loss=1.0841 clustering_loss=0.2054 instance_nce=3.4329 cluster_nce=2.3111 
Train: loss=0.9935 mstm=0.8988 instance_nce=3.4466 cluster_nce=2.3167 dec=0.1894
save checkpoint:  /root/trajectory-clustering/con-dtc/runs/condtc_qd_ema_staged_s4_m09/20260816_204759_seed42/checkpoints/condtc_best.pt
best train_loss:  0.9935380939942563
evaluating: /root/trajectory-clustering/con-dtc/runs/condtc_qd_ema_staged_s4_m09/20260816_204759_seed42/checkpoints/condtc_best.pt
device: cuda
cluster counts: tensor([ 440,   17,  386,  935,  966,  944, 1000,  980, 1003, 1512, 1940, 1481])
metrics: {'uacc': 0.7842985177524991, 'nmi': 0.8873847522896233, 'ri': 0.9579841868921977, 'ari': 0.7549657658890865}
metrics saved: /root/trajectory-clustering/con-dtc/runs/condtc_qd_ema_staged_s4_m09/20260816_204759_seed42/metrics.json
