experiment initialized
run directory: /root/trajectory-clustering/con-dtc/runs/condtc_qd_s3_m07_w08_boundary_protected/20260814_134510_seed777
config snapshot: /root/trajectory-clustering/con-dtc/runs/condtc_qd_s3_m07_w08_boundary_protected/20260814_134510_seed777/config.yaml
device: cuda
pretrain checkpoint: /root/trajectory-clustering/con-dtc/checkpoints/sttraj2vec_pretrain_paper_15ep.pt
epoch=1 / num_epochs=6
batch=0050 loss=1.1041 representation_loss=0.8910 clustering_loss=0.4262 instance_nce=3.5183 cluster_nce=2.3541 
batch=0100 loss=1.1255 representation_loss=0.9189 clustering_loss=0.4131 instance_nce=3.5500 cluster_nce=2.3527 
batch=0150 loss=1.0998 representation_loss=0.9010 clustering_loss=0.3976 instance_nce=3.5374 cluster_nce=2.3381 
batch=0200 loss=1.0455 representation_loss=0.8774 clustering_loss=0.3362 instance_nce=3.5043 cluster_nce=2.3492 
batch=0250 loss=1.0576 representation_loss=0.8807 clustering_loss=0.3538 instance_nce=3.5087 cluster_nce=2.3190 
batch=0300 loss=1.0648 representation_loss=0.8901 clustering_loss=0.3494 instance_nce=3.5232 cluster_nce=2.3238 
batch=0350 loss=1.2181 representation_loss=1.0338 clustering_loss=0.3685 instance_nce=3.4997 cluster_nce=2.3173 
Train: loss=1.1377 mstm=0.9503 instance_nce=3.5230 cluster_nce=2.3400 dec=0.3747
save checkpoint:  /root/trajectory-clustering/con-dtc/runs/condtc_qd_s3_m07_w08_boundary_protected/20260814_134510_seed777/checkpoints/condtc_best.pt
epoch=2 / num_epochs=6
batch=0050 loss=1.1027 representation_loss=0.9530 clustering_loss=0.2994 instance_nce=3.4978 cluster_nce=2.3306 
batch=0100 loss=1.0955 representation_loss=0.9477 clustering_loss=0.2954 instance_nce=3.5180 cluster_nce=2.3085 
batch=0150 loss=1.1029 representation_loss=0.9744 clustering_loss=0.2570 instance_nce=3.5031 cluster_nce=2.3156 
batch=0200 loss=1.0753 representation_loss=0.9499 clustering_loss=0.2507 instance_nce=3.5658 cluster_nce=2.3358 
batch=0250 loss=1.0711 representation_loss=0.9385 clustering_loss=0.2652 instance_nce=3.4802 cluster_nce=2.3046 
batch=0300 loss=1.0171 representation_loss=0.9069 clustering_loss=0.2203 instance_nce=3.4612 cluster_nce=2.3082 
batch=0350 loss=1.0363 representation_loss=0.9243 clustering_loss=0.2239 instance_nce=3.5195 cluster_nce=2.3021 
Train: loss=1.0692 mstm=0.9393 instance_nce=3.5033 cluster_nce=2.3218 dec=0.2599
save checkpoint:  /root/trajectory-clustering/con-dtc/runs/condtc_qd_s3_m07_w08_boundary_protected/20260814_134510_seed777/checkpoints/condtc_best.pt
epoch=3 / num_epochs=6
batch=0050 loss=1.0419 representation_loss=0.9212 clustering_loss=0.2415 instance_nce=3.5021 cluster_nce=2.3131 
batch=0100 loss=1.1386 representation_loss=1.0085 clustering_loss=0.2603 instance_nce=3.4814 cluster_nce=2.3103 
batch=0150 loss=1.0444 representation_loss=0.9372 clustering_loss=0.2144 instance_nce=3.4610 cluster_nce=2.3196 
batch=0200 loss=0.9592 representation_loss=0.8446 clustering_loss=0.2292 instance_nce=3.4901 cluster_nce=2.3250 
batch=0250 loss=1.1125 representation_loss=1.0119 clustering_loss=0.2013 instance_nce=3.4838 cluster_nce=2.3113 
batch=0300 loss=0.9694 representation_loss=0.8663 clustering_loss=0.2062 instance_nce=3.4941 cluster_nce=2.3184 
batch=0350 loss=1.1082 representation_loss=1.0066 clustering_loss=0.2032 instance_nce=3.4620 cluster_nce=2.3114 
Train: loss=1.0444 mstm=0.9330 instance_nce=3.4928 cluster_nce=2.3169 dec=0.2228
save checkpoint:  /root/trajectory-clustering/con-dtc/runs/condtc_qd_s3_m07_w08_boundary_protected/20260814_134510_seed777/checkpoints/condtc_best.pt
epoch=4 / num_epochs=6
batch=0050 loss=1.0419 representation_loss=0.9430 clustering_loss=0.1977 instance_nce=3.4999 cluster_nce=2.3251 
batch=0100 loss=1.2012 representation_loss=1.0825 clustering_loss=0.2374 instance_nce=3.5347 cluster_nce=2.3280 
batch=0150 loss=1.0999 representation_loss=0.9977 clustering_loss=0.2044 instance_nce=3.4726 cluster_nce=2.3146 
batch=0200 loss=1.1331 representation_loss=1.0297 clustering_loss=0.2067 instance_nce=3.4690 cluster_nce=2.3038 
batch=0250 loss=1.0813 representation_loss=0.9639 clustering_loss=0.2347 instance_nce=3.5028 cluster_nce=2.3179 
batch=0300 loss=0.8556 representation_loss=0.7554 clustering_loss=0.2005 instance_nce=3.5048 cluster_nce=2.3233 
batch=0350 loss=1.1209 representation_loss=1.0178 clustering_loss=0.2063 instance_nce=3.4521 cluster_nce=2.3094 
Train: loss=1.0264 mstm=0.9242 instance_nce=3.4830 cluster_nce=2.3121 dec=0.2044
save checkpoint:  /root/trajectory-clustering/con-dtc/runs/condtc_qd_s3_m07_w08_boundary_protected/20260814_134510_seed777/checkpoints/condtc_best.pt
epoch=5 / num_epochs=6
batch=0050 loss=1.0275 representation_loss=0.9351 clustering_loss=0.1848 instance_nce=3.4530 cluster_nce=2.2972 
batch=0100 loss=0.9951 representation_loss=0.9018 clustering_loss=0.1865 instance_nce=3.4523 cluster_nce=2.3067 
batch=0150 loss=0.9399 representation_loss=0.8433 clustering_loss=0.1933 instance_nce=3.4666 cluster_nce=2.3068 
batch=0200 loss=0.9755 representation_loss=0.8775 clustering_loss=0.1960 instance_nce=3.4740 cluster_nce=2.3070 
batch=0250 loss=1.1078 representation_loss=1.0178 clustering_loss=0.1800 instance_nce=3.4630 cluster_nce=2.3103 
batch=0300 loss=1.0262 representation_loss=0.9406 clustering_loss=0.1713 instance_nce=3.4705 cluster_nce=2.3127 
batch=0350 loss=0.9817 representation_loss=0.8777 clustering_loss=0.2080 instance_nce=3.4708 cluster_nce=2.3159 
Train: loss=1.0075 mstm=0.9110 instance_nce=3.4747 cluster_nce=2.3093 dec=0.1931
save checkpoint:  /root/trajectory-clustering/con-dtc/runs/condtc_qd_s3_m07_w08_boundary_protected/20260814_134510_seed777/checkpoints/condtc_best.pt
epoch=6 / num_epochs=6
batch=0050 loss=0.9761 representation_loss=0.8780 clustering_loss=0.1963 instance_nce=3.5801 cluster_nce=2.3231 
batch=0100 loss=0.9325 representation_loss=0.8415 clustering_loss=0.1821 instance_nce=3.4786 cluster_nce=2.2937 
batch=0150 loss=0.9556 representation_loss=0.8595 clustering_loss=0.1921 instance_nce=3.4701 cluster_nce=2.3107 
batch=0200 loss=0.9615 representation_loss=0.8709 clustering_loss=0.1813 instance_nce=3.4889 cluster_nce=2.2951 
batch=0250 loss=0.9373 representation_loss=0.8452 clustering_loss=0.1842 instance_nce=3.4857 cluster_nce=2.3179 
batch=0300 loss=1.0514 representation_loss=0.9650 clustering_loss=0.1729 instance_nce=3.4629 cluster_nce=2.2941 
batch=0350 loss=1.0136 representation_loss=0.9162 clustering_loss=0.1948 instance_nce=3.4406 cluster_nce=2.2880 
Train: loss=0.9979 mstm=0.9044 instance_nce=3.4664 cluster_nce=2.3060 dec=0.1870
save checkpoint:  /root/trajectory-clustering/con-dtc/runs/condtc_qd_s3_m07_w08_boundary_protected/20260814_134510_seed777/checkpoints/condtc_best.pt
best train_loss:  0.9978561902695465
evaluating: /root/trajectory-clustering/con-dtc/runs/condtc_qd_s3_m07_w08_boundary_protected/20260814_134510_seed777/checkpoints/condtc_best.pt
device: cuda
cluster counts: tensor([ 972,  749, 1896,  963, 1003, 1149, 1000,  938,  944,  722, 1207,   61])
metrics: {'uacc': 0.8276456394346777, 'nmi': 0.8899371160282157, 'ri': 0.9635193569113147, 'ari': 0.7780838545045968}
metrics saved: /root/trajectory-clustering/con-dtc/runs/condtc_qd_s3_m07_w08_boundary_protected/20260814_134510_seed777/metrics.json
