experiment initialized
run directory: /root/trajectory-clustering/con-dtc/runs/condtc_qd_late_s3_m09/20260813_094417_seed19721013
config snapshot: /root/trajectory-clustering/con-dtc/runs/condtc_qd_late_s3_m09/20260813_094417_seed19721013/config.yaml
device: cuda
pretrain checkpoint: /root/trajectory-clustering/con-dtc/checkpoints/sttraj2vec_pretrain_paper_15ep.pt
epoch=1 / num_epochs=6
batch=0050 loss=1.1629 representation_loss=0.9304 clustering_loss=0.4650 instance_nce=3.5702 cluster_nce=2.3243 
batch=0100 loss=1.1673 representation_loss=0.9701 clustering_loss=0.3943 instance_nce=3.5546 cluster_nce=2.3284 
batch=0150 loss=1.1958 representation_loss=1.0006 clustering_loss=0.3905 instance_nce=3.5938 cluster_nce=2.3155 
batch=0200 loss=1.1558 representation_loss=0.9846 clustering_loss=0.3425 instance_nce=3.5420 cluster_nce=2.2985 
batch=0250 loss=1.2080 representation_loss=1.0177 clustering_loss=0.3806 instance_nce=3.5584 cluster_nce=2.3128 
batch=0300 loss=1.1944 representation_loss=1.0261 clustering_loss=0.3367 instance_nce=3.5415 cluster_nce=2.3002 
batch=0350 loss=1.0127 representation_loss=0.8208 clustering_loss=0.3838 instance_nce=3.5150 cluster_nce=2.2909 
Train: loss=1.1389 mstm=0.9508 instance_nce=3.5503 cluster_nce=2.3165 dec=0.3762
save checkpoint:  /root/trajectory-clustering/con-dtc/runs/condtc_qd_late_s3_m09/20260813_094417_seed19721013/checkpoints/condtc_best.pt
epoch=2 / num_epochs=6
batch=0050 loss=1.0379 representation_loss=0.8879 clustering_loss=0.2999 instance_nce=3.5480 cluster_nce=2.3165 
batch=0100 loss=1.0682 representation_loss=0.9316 clustering_loss=0.2731 instance_nce=3.5515 cluster_nce=2.2992 
batch=0150 loss=1.1133 representation_loss=0.9795 clustering_loss=0.2677 instance_nce=3.5335 cluster_nce=2.2971 
batch=0200 loss=1.1861 representation_loss=1.0490 clustering_loss=0.2743 instance_nce=3.5356 cluster_nce=2.3178 
batch=0250 loss=1.0656 representation_loss=0.9316 clustering_loss=0.2680 instance_nce=3.5151 cluster_nce=2.2852 
batch=0300 loss=1.1050 representation_loss=0.9811 clustering_loss=0.2478 instance_nce=3.5328 cluster_nce=2.3112 
batch=0350 loss=1.0381 representation_loss=0.9247 clustering_loss=0.2268 instance_nce=3.5192 cluster_nce=2.2892 
Train: loss=1.0671 mstm=0.9336 instance_nce=3.5281 cluster_nce=2.3015 dec=0.2670
save checkpoint:  /root/trajectory-clustering/con-dtc/runs/condtc_qd_late_s3_m09/20260813_094417_seed19721013/checkpoints/condtc_best.pt
epoch=3 / num_epochs=6
batch=0050 loss=1.0611 representation_loss=0.9374 clustering_loss=0.2475 instance_nce=3.5149 cluster_nce=2.3039 
batch=0100 loss=1.0652 representation_loss=0.9410 clustering_loss=0.2483 instance_nce=3.5415 cluster_nce=2.3182 
batch=0150 loss=1.1062 representation_loss=0.9969 clustering_loss=0.2187 instance_nce=3.5199 cluster_nce=2.3109 
batch=0200 loss=1.0121 representation_loss=0.9061 clustering_loss=0.2119 instance_nce=3.4946 cluster_nce=2.2909 
batch=0250 loss=1.0045 representation_loss=0.9056 clustering_loss=0.1979 instance_nce=3.4831 cluster_nce=2.2849 
batch=0300 loss=0.9477 representation_loss=0.8353 clustering_loss=0.2248 instance_nce=3.5287 cluster_nce=2.2955 
batch=0350 loss=1.0418 representation_loss=0.9389 clustering_loss=0.2059 instance_nce=3.4891 cluster_nce=2.2939 
Train: loss=1.0435 mstm=0.9316 instance_nce=3.5180 cluster_nce=2.2970 dec=0.2239
save checkpoint:  /root/trajectory-clustering/con-dtc/runs/condtc_qd_late_s3_m09/20260813_094417_seed19721013/checkpoints/condtc_best.pt
epoch=4 / num_epochs=6
batch=0050 loss=0.9767 representation_loss=0.8745 clustering_loss=0.2043 instance_nce=3.4890 cluster_nce=2.3049 
batch=0100 loss=0.8722 representation_loss=0.7586 clustering_loss=0.2273 instance_nce=3.5095 cluster_nce=2.2877 
batch=0150 loss=1.0095 representation_loss=0.9239 clustering_loss=0.1712 instance_nce=3.5037 cluster_nce=2.2875 
batch=0200 loss=1.0237 representation_loss=0.9261 clustering_loss=0.1953 instance_nce=3.4977 cluster_nce=2.2905 
batch=0250 loss=0.9876 representation_loss=0.9000 clustering_loss=0.1753 instance_nce=3.5356 cluster_nce=2.2951 
batch=0300 loss=1.0300 representation_loss=0.9449 clustering_loss=0.1701 instance_nce=3.4834 cluster_nce=2.2918 
batch=0350 loss=0.9936 representation_loss=0.8969 clustering_loss=0.1933 instance_nce=3.4780 cluster_nce=2.2757 
Train: loss=1.0130 mstm=0.9127 instance_nce=3.5087 cluster_nce=2.2952 dec=0.2007
save checkpoint:  /root/trajectory-clustering/con-dtc/runs/condtc_qd_late_s3_m09/20260813_094417_seed19721013/checkpoints/condtc_best.pt
epoch=5 / num_epochs=6
batch=0050 loss=0.9480 representation_loss=0.8502 clustering_loss=0.1956 instance_nce=3.4717 cluster_nce=2.2901 
batch=0100 loss=0.9088 representation_loss=0.8238 clustering_loss=0.1700 instance_nce=3.4977 cluster_nce=2.2895 
batch=0150 loss=1.0140 representation_loss=0.9276 clustering_loss=0.1729 instance_nce=3.4949 cluster_nce=2.2961 
batch=0200 loss=0.9889 representation_loss=0.8966 clustering_loss=0.1845 instance_nce=3.5092 cluster_nce=2.2963 
batch=0250 loss=0.9753 representation_loss=0.8862 clustering_loss=0.1782 instance_nce=3.4984 cluster_nce=2.2781 
batch=0300 loss=0.9441 representation_loss=0.8592 clustering_loss=0.1699 instance_nce=3.4824 cluster_nce=2.2848 
batch=0350 loss=0.9232 representation_loss=0.8151 clustering_loss=0.2161 instance_nce=3.5033 cluster_nce=2.2993 
Train: loss=1.0074 mstm=0.9142 instance_nce=3.4996 cluster_nce=2.2924 dec=0.1864
save checkpoint:  /root/trajectory-clustering/con-dtc/runs/condtc_qd_late_s3_m09/20260813_094417_seed19721013/checkpoints/condtc_best.pt
epoch=6 / num_epochs=6
batch=0050 loss=0.9693 representation_loss=0.8843 clustering_loss=0.1701 instance_nce=3.4984 cluster_nce=2.2750 
batch=0100 loss=1.0486 representation_loss=0.9582 clustering_loss=0.1809 instance_nce=3.4672 cluster_nce=2.2832 
batch=0150 loss=0.9261 representation_loss=0.8476 clustering_loss=0.1572 instance_nce=3.4828 cluster_nce=2.2828 
batch=0200 loss=1.0110 representation_loss=0.9258 clustering_loss=0.1704 instance_nce=3.4838 cluster_nce=2.2796 
batch=0250 loss=0.9730 representation_loss=0.8777 clustering_loss=0.1906 instance_nce=3.5339 cluster_nce=2.2870 
batch=0300 loss=1.1035 representation_loss=1.0182 clustering_loss=0.1707 instance_nce=3.4689 cluster_nce=2.2849 
batch=0350 loss=1.0534 representation_loss=0.9721 clustering_loss=0.1627 instance_nce=3.5034 cluster_nce=2.3235 
Train: loss=0.9961 mstm=0.9079 instance_nce=3.4909 cluster_nce=2.2905 dec=0.1763
save checkpoint:  /root/trajectory-clustering/con-dtc/runs/condtc_qd_late_s3_m09/20260813_094417_seed19721013/checkpoints/condtc_best.pt
best train_loss:  0.9960652184420641
evaluating: /root/trajectory-clustering/con-dtc/runs/condtc_qd_late_s3_m09/20260813_094417_seed19721013/checkpoints/condtc_best.pt
device: cuda
cluster counts: tensor([1003,  967, 1881, 1165,  449, 1000,   76,  970, 1449,  934,  766,  944])
metrics: {'uacc': 0.8062736987245778, 'nmi': 0.8844394757071506, 'ri': 0.959574145841765, 'ari': 0.7570807962863279}
metrics saved: /root/trajectory-clustering/con-dtc/runs/condtc_qd_late_s3_m09/20260813_094417_seed19721013/metrics.json
