experiment initialized
run directory: /root/trajectory-clustering/con-dtc/runs/condtc_qd_ema_pre30_m07/20260816_185759_seed42
config snapshot: /root/trajectory-clustering/con-dtc/runs/condtc_qd_ema_pre30_m07/20260816_185759_seed42/config.yaml
device: cuda
pretrain checkpoint: /root/trajectory-clustering/con-dtc/checkpoints/sttraj2vec_pretrain_paper_30ep.pt
epoch=1 / num_epochs=6
batch=0050 loss=0.9362 representation_loss=0.7775 clustering_loss=0.3174 instance_nce=3.5236 cluster_nce=2.4132 
batch=0100 loss=0.7599 representation_loss=0.6319 clustering_loss=0.2560 instance_nce=3.4842 cluster_nce=2.3694 
batch=0150 loss=0.9001 representation_loss=0.7977 clustering_loss=0.2048 instance_nce=3.4595 cluster_nce=2.3733 
batch=0200 loss=0.7853 representation_loss=0.6811 clustering_loss=0.2085 instance_nce=3.4784 cluster_nce=2.3606 
batch=0250 loss=0.8594 representation_loss=0.7461 clustering_loss=0.2266 instance_nce=3.4725 cluster_nce=2.3550 
batch=0300 loss=1.0305 representation_loss=0.9351 clustering_loss=0.1909 instance_nce=3.4781 cluster_nce=2.3537 
batch=0350 loss=0.8474 representation_loss=0.7668 clustering_loss=0.1611 instance_nce=3.4584 cluster_nce=2.3610 
Train: loss=0.8145 mstm=0.6992 instance_nce=3.4943 cluster_nce=2.3727 dec=0.2306
save checkpoint:  /root/trajectory-clustering/con-dtc/runs/condtc_qd_ema_pre30_m07/20260816_185759_seed42/checkpoints/condtc_best.pt
epoch=2 / num_epochs=6
batch=0050 loss=0.7434 representation_loss=0.6470 clustering_loss=0.1928 instance_nce=3.4741 cluster_nce=2.3394 
batch=0100 loss=0.8059 representation_loss=0.7100 clustering_loss=0.1917 instance_nce=3.4687 cluster_nce=2.3336 
batch=0150 loss=0.8180 representation_loss=0.7143 clustering_loss=0.2074 instance_nce=3.4575 cluster_nce=2.3557 
batch=0200 loss=0.7215 representation_loss=0.6378 clustering_loss=0.1674 instance_nce=3.4468 cluster_nce=2.3468 
batch=0250 loss=0.7256 representation_loss=0.6417 clustering_loss=0.1678 instance_nce=3.5003 cluster_nce=2.3633 
batch=0300 loss=0.7154 representation_loss=0.6296 clustering_loss=0.1717 instance_nce=3.4786 cluster_nce=2.3581 
batch=0350 loss=0.8725 representation_loss=0.7876 clustering_loss=0.1698 instance_nce=3.5079 cluster_nce=2.3350 
Train: loss=0.7767 mstm=0.6854 instance_nce=3.4778 cluster_nce=2.3475 dec=0.1827
save checkpoint:  /root/trajectory-clustering/con-dtc/runs/condtc_qd_ema_pre30_m07/20260816_185759_seed42/checkpoints/condtc_best.pt
epoch=3 / num_epochs=6
batch=0050 loss=0.9196 representation_loss=0.8214 clustering_loss=0.1963 instance_nce=3.4069 cluster_nce=2.3211 
batch=0100 loss=0.7437 representation_loss=0.6345 clustering_loss=0.2184 instance_nce=3.4167 cluster_nce=2.3452 
batch=0150 loss=0.7011 representation_loss=0.5986 clustering_loss=0.2050 instance_nce=3.4352 cluster_nce=2.3245 
batch=0200 loss=0.8102 representation_loss=0.7123 clustering_loss=0.1957 instance_nce=3.4209 cluster_nce=2.3473 
batch=0250 loss=0.8035 representation_loss=0.7145 clustering_loss=0.1779 instance_nce=3.4872 cluster_nce=2.3215 
batch=0300 loss=0.6895 representation_loss=0.5968 clustering_loss=0.1854 instance_nce=3.4232 cluster_nce=2.3265 
batch=0350 loss=0.8269 representation_loss=0.7480 clustering_loss=0.1578 instance_nce=3.4843 cluster_nce=2.3302 
Train: loss=0.7790 mstm=0.6812 instance_nce=3.4612 cluster_nce=2.3387 dec=0.1956
epoch=4 / num_epochs=6
batch=0050 loss=0.7927 representation_loss=0.6753 clustering_loss=0.2348 instance_nce=3.4216 cluster_nce=2.3262 
batch=0100 loss=0.8738 representation_loss=0.7761 clustering_loss=0.1955 instance_nce=3.3794 cluster_nce=2.3339 
batch=0150 loss=0.7310 representation_loss=0.6292 clustering_loss=0.2036 instance_nce=3.4403 cluster_nce=2.3171 
batch=0200 loss=0.8330 representation_loss=0.7281 clustering_loss=0.2098 instance_nce=3.4162 cluster_nce=2.3539 
batch=0250 loss=0.7841 representation_loss=0.6785 clustering_loss=0.2112 instance_nce=3.4320 cluster_nce=2.3312 
batch=0300 loss=0.8264 representation_loss=0.7314 clustering_loss=0.1899 instance_nce=3.4618 cluster_nce=2.3135 
batch=0350 loss=0.7547 representation_loss=0.6644 clustering_loss=0.1806 instance_nce=3.5064 cluster_nce=2.3310 
Train: loss=0.7833 mstm=0.6795 instance_nce=3.4473 cluster_nce=2.3334 dec=0.2076
epoch=5 / num_epochs=6
batch=0050 loss=0.8810 representation_loss=0.7651 clustering_loss=0.2318 instance_nce=3.4320 cluster_nce=2.3131 
batch=0100 loss=0.7411 representation_loss=0.6421 clustering_loss=0.1982 instance_nce=3.4908 cluster_nce=2.3482 
batch=0150 loss=0.8797 representation_loss=0.7622 clustering_loss=0.2350 instance_nce=3.4735 cluster_nce=2.3175 
batch=0200 loss=0.7748 representation_loss=0.6670 clustering_loss=0.2156 instance_nce=3.4144 cluster_nce=2.3410 
batch=0250 loss=0.6854 representation_loss=0.5811 clustering_loss=0.2085 instance_nce=3.4573 cluster_nce=2.3133 
batch=0300 loss=0.8216 representation_loss=0.7180 clustering_loss=0.2072 instance_nce=3.4359 cluster_nce=2.3310 
batch=0350 loss=0.8866 representation_loss=0.7840 clustering_loss=0.2052 instance_nce=3.4326 cluster_nce=2.3296 
Train: loss=0.7867 mstm=0.6793 instance_nce=3.4353 cluster_nce=2.3298 dec=0.2147
epoch=6 / num_epochs=6
batch=0050 loss=0.8539 representation_loss=0.7401 clustering_loss=0.2277 instance_nce=3.4750 cluster_nce=2.3396 
batch=0100 loss=0.6881 representation_loss=0.5775 clustering_loss=0.2212 instance_nce=3.4001 cluster_nce=2.3323 
batch=0150 loss=0.7140 representation_loss=0.6042 clustering_loss=0.2195 instance_nce=3.4039 cluster_nce=2.3114 
batch=0200 loss=0.8427 representation_loss=0.7333 clustering_loss=0.2189 instance_nce=3.4365 cluster_nce=2.3543 
batch=0250 loss=0.7302 representation_loss=0.6213 clustering_loss=0.2179 instance_nce=3.4463 cluster_nce=2.3220 
batch=0300 loss=0.7142 representation_loss=0.6124 clustering_loss=0.2036 instance_nce=3.4378 cluster_nce=2.3303 
batch=0350 loss=0.9124 representation_loss=0.8103 clustering_loss=0.2041 instance_nce=3.4200 cluster_nce=2.3092 
Train: loss=0.7789 mstm=0.6700 instance_nce=3.4228 cluster_nce=2.3264 dec=0.2177
best train_loss:  0.7767106444824978
evaluating: /root/trajectory-clustering/con-dtc/runs/condtc_qd_ema_pre30_m07/20260816_185759_seed42/checkpoints/condtc_best.pt
device: cuda
cluster counts: tensor([ 991,  968, 1053,  966, 1003,  769,  943,  990,  944, 1132,  845, 1000])
metrics: {'uacc': 0.9660461909686315, 'nmi': 0.9595463040998412, 'ri': 0.9896447901850438, 'ari': 0.9324488284759774}
metrics saved: /root/trajectory-clustering/con-dtc/runs/condtc_qd_ema_pre30_m07/20260816_185759_seed42/metrics.json
