experiment initialized
run directory: /root/trajectory-clustering/con-dtc/runs/condtc_qd_ema_pre30_m07/20260816_193120_seed777
config snapshot: /root/trajectory-clustering/con-dtc/runs/condtc_qd_ema_pre30_m07/20260816_193120_seed777/config.yaml
device: cuda
pretrain checkpoint: /root/trajectory-clustering/con-dtc/checkpoints/sttraj2vec_pretrain_paper_30ep.pt
epoch=1 / num_epochs=6
batch=0050 loss=0.8050 representation_loss=0.6603 clustering_loss=0.2895 instance_nce=3.5323 cluster_nce=2.3741 
batch=0100 loss=0.8011 representation_loss=0.6826 clustering_loss=0.2369 instance_nce=3.5364 cluster_nce=2.3428 
batch=0150 loss=0.7621 representation_loss=0.6462 clustering_loss=0.2317 instance_nce=3.5240 cluster_nce=2.3353 
batch=0200 loss=0.7098 representation_loss=0.5991 clustering_loss=0.2213 instance_nce=3.5309 cluster_nce=2.3586 
batch=0250 loss=0.7984 representation_loss=0.6966 clustering_loss=0.2036 instance_nce=3.5150 cluster_nce=2.3341 
batch=0300 loss=0.7641 representation_loss=0.6682 clustering_loss=0.1919 instance_nce=3.5613 cluster_nce=2.3264 
batch=0350 loss=0.9362 representation_loss=0.8460 clustering_loss=0.1805 instance_nce=3.5440 cluster_nce=2.3222 
Train: loss=0.8097 mstm=0.6947 instance_nce=3.5294 cluster_nce=2.3390 dec=0.2300
save checkpoint:  /root/trajectory-clustering/con-dtc/runs/condtc_qd_ema_pre30_m07/20260816_193120_seed777/checkpoints/condtc_best.pt
epoch=2 / num_epochs=6
batch=0050 loss=0.8387 representation_loss=0.7405 clustering_loss=0.1963 instance_nce=3.5165 cluster_nce=2.3166 
batch=0100 loss=0.8189 representation_loss=0.7185 clustering_loss=0.2008 instance_nce=3.5094 cluster_nce=2.3171 
batch=0150 loss=0.7868 representation_loss=0.6958 clustering_loss=0.1818 instance_nce=3.5019 cluster_nce=2.3156 
batch=0200 loss=0.7660 representation_loss=0.6691 clustering_loss=0.1939 instance_nce=3.5813 cluster_nce=2.3237 
batch=0250 loss=0.7485 representation_loss=0.6716 clustering_loss=0.1538 instance_nce=3.4877 cluster_nce=2.3082 
batch=0300 loss=0.7423 representation_loss=0.6650 clustering_loss=0.1545 instance_nce=3.4914 cluster_nce=2.3071 
batch=0350 loss=0.7904 representation_loss=0.6984 clustering_loss=0.1841 instance_nce=3.5235 cluster_nce=2.2944 
Train: loss=0.7794 mstm=0.6875 instance_nce=3.5131 cluster_nce=2.3175 dec=0.1839
save checkpoint:  /root/trajectory-clustering/con-dtc/runs/condtc_qd_ema_pre30_m07/20260816_193120_seed777/checkpoints/condtc_best.pt
epoch=3 / num_epochs=6
batch=0050 loss=0.7177 representation_loss=0.6036 clustering_loss=0.2281 instance_nce=3.5003 cluster_nce=2.3152 
batch=0100 loss=0.8227 representation_loss=0.7133 clustering_loss=0.2188 instance_nce=3.4807 cluster_nce=2.3103 
batch=0150 loss=0.8170 representation_loss=0.7208 clustering_loss=0.1924 instance_nce=3.4509 cluster_nce=2.3149 
batch=0200 loss=0.7399 representation_loss=0.6515 clustering_loss=0.1769 instance_nce=3.4934 cluster_nce=2.3189 
batch=0250 loss=0.8163 representation_loss=0.7259 clustering_loss=0.1807 instance_nce=3.4953 cluster_nce=2.3040 
batch=0300 loss=0.7005 representation_loss=0.6133 clustering_loss=0.1744 instance_nce=3.5202 cluster_nce=2.3211 
batch=0350 loss=0.8600 representation_loss=0.7723 clustering_loss=0.1755 instance_nce=3.4566 cluster_nce=2.3138 
Train: loss=0.7848 mstm=0.6871 instance_nce=3.4999 cluster_nce=2.3112 dec=0.1954
epoch=4 / num_epochs=6
batch=0050 loss=0.7638 representation_loss=0.6550 clustering_loss=0.2177 instance_nce=3.4955 cluster_nce=2.3283 
batch=0100 loss=0.9088 representation_loss=0.7987 clustering_loss=0.2203 instance_nce=3.5140 cluster_nce=2.3147 
batch=0150 loss=0.7871 representation_loss=0.6817 clustering_loss=0.2108 instance_nce=3.4972 cluster_nce=2.2933 
batch=0200 loss=0.8576 representation_loss=0.7524 clustering_loss=0.2103 instance_nce=3.4915 cluster_nce=2.2959 
batch=0250 loss=0.8379 representation_loss=0.7333 clustering_loss=0.2091 instance_nce=3.4904 cluster_nce=2.2992 
batch=0300 loss=0.6134 representation_loss=0.5176 clustering_loss=0.1916 instance_nce=3.5122 cluster_nce=2.3274 
batch=0350 loss=0.8902 representation_loss=0.7880 clustering_loss=0.2043 instance_nce=3.4422 cluster_nce=2.3264 
Train: loss=0.7857 mstm=0.6821 instance_nce=3.4876 cluster_nce=2.3065 dec=0.2073
epoch=5 / num_epochs=6
batch=0050 loss=0.7794 representation_loss=0.6706 clustering_loss=0.2177 instance_nce=3.4594 cluster_nce=2.2967 
batch=0100 loss=0.7026 representation_loss=0.5956 clustering_loss=0.2139 instance_nce=3.4439 cluster_nce=2.3139 
batch=0150 loss=0.7321 representation_loss=0.6162 clustering_loss=0.2318 instance_nce=3.4901 cluster_nce=2.3132 
batch=0200 loss=0.7188 representation_loss=0.6121 clustering_loss=0.2134 instance_nce=3.4789 cluster_nce=2.2926 
batch=0250 loss=0.7779 representation_loss=0.6826 clustering_loss=0.1906 instance_nce=3.4523 cluster_nce=2.3181 
batch=0300 loss=0.8248 representation_loss=0.7234 clustering_loss=0.2028 instance_nce=3.4713 cluster_nce=2.3080 
batch=0350 loss=0.7546 representation_loss=0.6484 clustering_loss=0.2123 instance_nce=3.4798 cluster_nce=2.3110 
Train: loss=0.7824 mstm=0.6746 instance_nce=3.4777 cluster_nce=2.3039 dec=0.2157
epoch=6 / num_epochs=6
batch=0050 loss=0.8095 representation_loss=0.7011 clustering_loss=0.2167 instance_nce=3.5540 cluster_nce=2.3192 
batch=0100 loss=0.7096 representation_loss=0.5969 clustering_loss=0.2255 instance_nce=3.4822 cluster_nce=2.2905 
batch=0150 loss=0.8257 representation_loss=0.7125 clustering_loss=0.2263 instance_nce=3.4820 cluster_nce=2.2982 
batch=0200 loss=0.6715 representation_loss=0.5606 clustering_loss=0.2217 instance_nce=3.4742 cluster_nce=2.2974 
batch=0250 loss=0.7603 representation_loss=0.6542 clustering_loss=0.2121 instance_nce=3.4665 cluster_nce=2.2985 
batch=0300 loss=0.7652 representation_loss=0.6597 clustering_loss=0.2111 instance_nce=3.4709 cluster_nce=2.3003 
batch=0350 loss=0.7818 representation_loss=0.6676 clustering_loss=0.2286 instance_nce=3.4346 cluster_nce=2.2843 
Train: loss=0.7857 mstm=0.6765 instance_nce=3.4675 cluster_nce=2.3009 dec=0.2185
best train_loss:  0.7794359707906303
evaluating: /root/trajectory-clustering/con-dtc/runs/condtc_qd_ema_pre30_m07/20260816_193120_seed777/checkpoints/condtc_best.pt
device: cuda
cluster counts: tensor([1003, 1000,  968,  966, 1049,  991,  944,  990,  943,  775,  849, 1126])
metrics: {'uacc': 0.9669079627714581, 'nmi': 0.9601908263237019, 'ri': 0.9898829639174668, 'ari': 0.9339867632248782}
metrics saved: /root/trajectory-clustering/con-dtc/runs/condtc_qd_ema_pre30_m07/20260816_193120_seed777/metrics.json
