experiment initialized
run directory: /root/trajectory-clustering/con-dtc/runs/condtc_qd_ema_staged_s3_m07/20260816_203121_seed42
config snapshot: /root/trajectory-clustering/con-dtc/runs/condtc_qd_ema_staged_s3_m07/20260816_203121_seed42/config.yaml
device: cuda
pretrain checkpoint: /root/trajectory-clustering/con-dtc/checkpoints/sttraj2vec_pretrain_paper_15ep.pt
epoch=1 / num_epochs=6
batch=0050 loss=1.2522 representation_loss=1.0175 clustering_loss=0.4694 instance_nce=3.5261 cluster_nce=2.3788 
batch=0100 loss=1.1484 representation_loss=0.9354 clustering_loss=0.4259 instance_nce=3.5002 cluster_nce=2.3484 
batch=0150 loss=1.2910 representation_loss=1.1073 clustering_loss=0.3676 instance_nce=3.5001 cluster_nce=2.3400 
batch=0200 loss=1.1210 representation_loss=0.9007 clustering_loss=0.4407 instance_nce=3.4968 cluster_nce=2.3422 
batch=0250 loss=1.1561 representation_loss=1.0058 clustering_loss=0.3007 instance_nce=3.4909 cluster_nce=2.3328 
batch=0300 loss=1.2513 representation_loss=1.0743 clustering_loss=0.3540 instance_nce=3.4894 cluster_nce=2.3394 
batch=0350 loss=1.1866 representation_loss=1.0231 clustering_loss=0.3270 instance_nce=3.4739 cluster_nce=2.3411 
Train: loss=1.1424 mstm=0.9538 instance_nce=3.5081 cluster_nce=2.3467 dec=0.3772
save checkpoint:  /root/trajectory-clustering/con-dtc/runs/condtc_qd_ema_staged_s3_m07/20260816_203121_seed42/checkpoints/condtc_best.pt
epoch=2 / num_epochs=6
batch=0050 loss=1.0601 representation_loss=0.9270 clustering_loss=0.2662 instance_nce=3.4772 cluster_nce=2.3288 
batch=0100 loss=1.0675 representation_loss=0.9415 clustering_loss=0.2520 instance_nce=3.4701 cluster_nce=2.3227 
batch=0150 loss=1.2057 representation_loss=1.0739 clustering_loss=0.2635 instance_nce=3.4802 cluster_nce=2.3232 
batch=0200 loss=1.0010 representation_loss=0.8775 clustering_loss=0.2469 instance_nce=3.4659 cluster_nce=2.3335 
batch=0250 loss=1.0316 representation_loss=0.9058 clustering_loss=0.2518 instance_nce=3.5169 cluster_nce=2.3357 
batch=0300 loss=1.0958 representation_loss=0.9792 clustering_loss=0.2333 instance_nce=3.4917 cluster_nce=2.3403 
batch=0350 loss=1.1383 representation_loss=1.0237 clustering_loss=0.2292 instance_nce=3.5074 cluster_nce=2.3250 
Train: loss=1.0664 mstm=0.9354 instance_nce=3.4910 cluster_nce=2.3312 dec=0.2620
save checkpoint:  /root/trajectory-clustering/con-dtc/runs/condtc_qd_ema_staged_s3_m07/20260816_203121_seed42/checkpoints/condtc_best.pt
epoch=3 / num_epochs=6
batch=0050 loss=1.1435 representation_loss=1.0311 clustering_loss=0.2248 instance_nce=3.4376 cluster_nce=2.3070 
batch=0100 loss=0.9907 representation_loss=0.8838 clustering_loss=0.2138 instance_nce=3.4426 cluster_nce=2.3333 
batch=0150 loss=0.9001 representation_loss=0.7877 clustering_loss=0.2248 instance_nce=3.4603 cluster_nce=2.3230 
batch=0200 loss=1.0903 representation_loss=0.9770 clustering_loss=0.2266 instance_nce=3.4482 cluster_nce=2.3375 
batch=0250 loss=1.0303 representation_loss=0.9133 clustering_loss=0.2341 instance_nce=3.4755 cluster_nce=2.3138 
batch=0300 loss=1.0609 representation_loss=0.9514 clustering_loss=0.2189 instance_nce=3.4449 cluster_nce=2.3226 
batch=0350 loss=1.0866 representation_loss=0.9727 clustering_loss=0.2277 instance_nce=3.5014 cluster_nce=2.3188 
Train: loss=1.0413 mstm=0.9291 instance_nce=3.4773 cluster_nce=2.3257 dec=0.2244
save checkpoint:  /root/trajectory-clustering/con-dtc/runs/condtc_qd_ema_staged_s3_m07/20260816_203121_seed42/checkpoints/condtc_best.pt
epoch=4 / num_epochs=6
batch=0050 loss=1.0158 representation_loss=0.9066 clustering_loss=0.2185 instance_nce=3.4544 cluster_nce=2.3198 
batch=0100 loss=1.1218 representation_loss=1.0209 clustering_loss=0.2018 instance_nce=3.4291 cluster_nce=2.3238 
batch=0150 loss=0.9471 representation_loss=0.8374 clustering_loss=0.2195 instance_nce=3.4584 cluster_nce=2.3105 
batch=0200 loss=0.9729 representation_loss=0.8831 clustering_loss=0.1796 instance_nce=3.4532 cluster_nce=2.3336 
batch=0250 loss=1.1128 representation_loss=1.0083 clustering_loss=0.2090 instance_nce=3.4514 cluster_nce=2.3259 
batch=0300 loss=1.0426 representation_loss=0.9416 clustering_loss=0.2019 instance_nce=3.4542 cluster_nce=2.3138 
batch=0350 loss=0.9481 representation_loss=0.8532 clustering_loss=0.1898 instance_nce=3.5290 cluster_nce=2.3199 
Train: loss=1.0250 mstm=0.9214 instance_nce=3.4668 cluster_nce=2.3219 dec=0.2072
save checkpoint:  /root/trajectory-clustering/con-dtc/runs/condtc_qd_ema_staged_s3_m07/20260816_203121_seed42/checkpoints/condtc_best.pt
epoch=5 / num_epochs=6
batch=0050 loss=1.1292 representation_loss=1.0209 clustering_loss=0.2165 instance_nce=3.4522 cluster_nce=2.3115 
batch=0100 loss=0.9597 representation_loss=0.8706 clustering_loss=0.1782 instance_nce=3.5055 cluster_nce=2.3305 
batch=0150 loss=1.0208 representation_loss=0.9156 clustering_loss=0.2104 instance_nce=3.4701 cluster_nce=2.3177 
batch=0200 loss=0.9407 representation_loss=0.8558 clustering_loss=0.1699 instance_nce=3.4442 cluster_nce=2.3283 
batch=0250 loss=0.8710 representation_loss=0.7861 clustering_loss=0.1698 instance_nce=3.4577 cluster_nce=2.3154 
batch=0300 loss=1.1034 representation_loss=1.0049 clustering_loss=0.1970 instance_nce=3.4658 cluster_nce=2.3186 
batch=0350 loss=1.0583 representation_loss=0.9602 clustering_loss=0.1963 instance_nce=3.4598 cluster_nce=2.3337 
Train: loss=1.0139 mstm=0.9164 instance_nce=3.4570 cluster_nce=2.3196 dec=0.1951
save checkpoint:  /root/trajectory-clustering/con-dtc/runs/condtc_qd_ema_staged_s3_m07/20260816_203121_seed42/checkpoints/condtc_best.pt
epoch=6 / num_epochs=6
batch=0050 loss=1.0394 representation_loss=0.9492 clustering_loss=0.1804 instance_nce=3.4851 cluster_nce=2.3191 
batch=0100 loss=0.8942 representation_loss=0.8038 clustering_loss=0.1808 instance_nce=3.4288 cluster_nce=2.3277 
batch=0150 loss=0.8968 representation_loss=0.8045 clustering_loss=0.1846 instance_nce=3.4127 cluster_nce=2.3094 
batch=0200 loss=1.0266 representation_loss=0.9384 clustering_loss=0.1765 instance_nce=3.4665 cluster_nce=2.3337 
batch=0250 loss=0.9602 representation_loss=0.8720 clustering_loss=0.1764 instance_nce=3.4471 cluster_nce=2.3119 
batch=0300 loss=0.9990 representation_loss=0.9065 clustering_loss=0.1850 instance_nce=3.4367 cluster_nce=2.3119 
batch=0350 loss=1.1845 representation_loss=1.0841 clustering_loss=0.2007 instance_nce=3.4338 cluster_nce=2.3116 
Train: loss=0.9927 mstm=0.8985 instance_nce=3.4475 cluster_nce=2.3171 dec=0.1884
save checkpoint:  /root/trajectory-clustering/con-dtc/runs/condtc_qd_ema_staged_s3_m07/20260816_203121_seed42/checkpoints/condtc_best.pt
best train_loss:  0.9927292915715386
evaluating: /root/trajectory-clustering/con-dtc/runs/condtc_qd_ema_staged_s3_m07/20260816_203121_seed42/checkpoints/condtc_best.pt
device: cuda
cluster counts: tensor([ 485,   33,  556,  936,  965,  944, 1000,  979, 1003, 1342, 1924, 1437])
metrics: {'uacc': 0.7989486384005515, 'nmi': 0.8865736732816093, 'ri': 0.9597796995469708, 'ari': 0.7613466462648649}
metrics saved: /root/trajectory-clustering/con-dtc/runs/condtc_qd_ema_staged_s3_m07/20260816_203121_seed42/metrics.json
