experiment initialized
run directory: /root/trajectory-clustering/con-dtc/runs/condtc_qd_ema_staged_s3_m07_entropy_p70_a015/20260821_133208_seed2026
config snapshot: /root/trajectory-clustering/con-dtc/runs/condtc_qd_ema_staged_s3_m07_entropy_p70_a015/20260821_133208_seed2026/config.yaml
device: cuda
dataset: qdTimeNoise0424
pretrain checkpoint: /root/trajectory-clustering/con-dtc/checkpoints/sttraj2vec_pretrain_paper_15ep.pt
epoch=1 / num_epochs=6
batch=0050 loss=1.1425 representation_loss=0.9502 clustering_loss=0.3846 instance_nce=0.0000 cluster_nce=0.0000 
batch=0100 loss=1.2458 representation_loss=1.0504 clustering_loss=0.3907 instance_nce=0.0000 cluster_nce=0.0000 
batch=0150 loss=1.0822 representation_loss=0.8810 clustering_loss=0.4024 instance_nce=0.0000 cluster_nce=0.0000 
batch=0200 loss=1.1439 representation_loss=0.9759 clustering_loss=0.3359 instance_nce=0.0000 cluster_nce=0.0000 
batch=0250 loss=1.1726 representation_loss=1.0075 clustering_loss=0.3303 instance_nce=0.0000 cluster_nce=0.0000 
batch=0300 loss=1.0769 representation_loss=0.9114 clustering_loss=0.3309 instance_nce=0.0000 cluster_nce=0.0000 
batch=0350 loss=1.0888 representation_loss=0.8819 clustering_loss=0.4136 instance_nce=0.0000 cluster_nce=0.0000 
Train: loss=1.1455 mstm=0.9570 instance_nce=0.0000 cluster_nce=0.0000 dec=0.3770
save checkpoint:  /root/trajectory-clustering/con-dtc/runs/condtc_qd_ema_staged_s3_m07_entropy_p70_a015/20260821_133208_seed2026/checkpoints/condtc_best.pt
epoch=2 / num_epochs=6
batch=0050 loss=0.9607 representation_loss=0.8276 clustering_loss=0.2662 instance_nce=0.0000 cluster_nce=0.0000 
batch=0100 loss=0.9629 representation_loss=0.8236 clustering_loss=0.2787 instance_nce=0.0000 cluster_nce=0.0000 
batch=0150 loss=0.9452 representation_loss=0.8044 clustering_loss=0.2816 instance_nce=0.0000 cluster_nce=0.0000 
batch=0200 loss=0.9457 representation_loss=0.8103 clustering_loss=0.2707 instance_nce=0.0000 cluster_nce=0.0000 
batch=0250 loss=1.1337 representation_loss=1.0107 clustering_loss=0.2461 instance_nce=0.0000 cluster_nce=0.0000 
batch=0300 loss=1.0750 representation_loss=0.9560 clustering_loss=0.2381 instance_nce=0.0000 cluster_nce=0.0000 
batch=0350 loss=1.1823 representation_loss=1.0538 clustering_loss=0.2569 instance_nce=0.0000 cluster_nce=0.0000 
Train: loss=1.0699 mstm=0.9367 instance_nce=0.0000 cluster_nce=0.0000 dec=0.2662
save checkpoint:  /root/trajectory-clustering/con-dtc/runs/condtc_qd_ema_staged_s3_m07_entropy_p70_a015/20260821_133208_seed2026/checkpoints/condtc_best.pt
epoch=3 / num_epochs=6
batch=0050 loss=1.0433 representation_loss=0.9104 clustering_loss=0.2658 instance_nce=0.0000 cluster_nce=0.0000 
batch=0100 loss=1.0832 representation_loss=0.9615 clustering_loss=0.2434 instance_nce=0.0000 cluster_nce=0.0000 
batch=0150 loss=1.1183 representation_loss=1.0031 clustering_loss=0.2304 instance_nce=0.0000 cluster_nce=0.0000 
batch=0200 loss=0.9511 representation_loss=0.8385 clustering_loss=0.2252 instance_nce=0.0000 cluster_nce=0.0000 
batch=0250 loss=1.0302 representation_loss=0.9106 clustering_loss=0.2391 instance_nce=0.0000 cluster_nce=0.0000 
batch=0300 loss=1.0690 representation_loss=0.9524 clustering_loss=0.2333 instance_nce=0.0000 cluster_nce=0.0000 
batch=0350 loss=1.0725 representation_loss=0.9696 clustering_loss=0.2057 instance_nce=0.0000 cluster_nce=0.0000 
Train: loss=1.0494 mstm=0.9329 instance_nce=0.0000 cluster_nce=0.0000 dec=0.2330
save checkpoint:  /root/trajectory-clustering/con-dtc/runs/condtc_qd_ema_staged_s3_m07_entropy_p70_a015/20260821_133208_seed2026/checkpoints/condtc_best.pt
epoch=4 / num_epochs=6
batch=0050 loss=0.9796 representation_loss=0.8655 clustering_loss=0.2282 instance_nce=0.0000 cluster_nce=0.0000 
batch=0100 loss=0.8859 representation_loss=0.7776 clustering_loss=0.2166 instance_nce=0.0000 cluster_nce=0.0000 
batch=0150 loss=0.9866 representation_loss=0.8845 clustering_loss=0.2042 instance_nce=0.0000 cluster_nce=0.0000 
batch=0200 loss=0.9810 representation_loss=0.8742 clustering_loss=0.2136 instance_nce=0.0000 cluster_nce=0.0000 
batch=0250 loss=0.9839 representation_loss=0.8842 clustering_loss=0.1994 instance_nce=0.0000 cluster_nce=0.0000 
batch=0300 loss=1.0374 representation_loss=0.9324 clustering_loss=0.2100 instance_nce=0.0000 cluster_nce=0.0000 
batch=0350 loss=0.9925 representation_loss=0.8934 clustering_loss=0.1981 instance_nce=0.0000 cluster_nce=0.0000 
Train: loss=1.0280 mstm=0.9207 instance_nce=0.0000 cluster_nce=0.0000 dec=0.2145
save checkpoint:  /root/trajectory-clustering/con-dtc/runs/condtc_qd_ema_staged_s3_m07_entropy_p70_a015/20260821_133208_seed2026/checkpoints/condtc_best.pt
epoch=5 / num_epochs=6
batch=0050 loss=1.1309 representation_loss=1.0214 clustering_loss=0.2190 instance_nce=0.0000 cluster_nce=0.0000 
batch=0100 loss=1.1140 representation_loss=1.0055 clustering_loss=0.2170 instance_nce=0.0000 cluster_nce=0.0000 
batch=0150 loss=0.9337 representation_loss=0.8248 clustering_loss=0.2177 instance_nce=0.0000 cluster_nce=0.0000 
batch=0200 loss=0.9539 representation_loss=0.8596 clustering_loss=0.1886 instance_nce=0.0000 cluster_nce=0.0000 
batch=0250 loss=0.9519 representation_loss=0.8622 clustering_loss=0.1793 instance_nce=0.0000 cluster_nce=0.0000 
batch=0300 loss=1.0857 representation_loss=0.9841 clustering_loss=0.2033 instance_nce=0.0000 cluster_nce=0.0000 
batch=0350 loss=1.0559 representation_loss=0.9457 clustering_loss=0.2202 instance_nce=0.0000 cluster_nce=0.0000 
Train: loss=1.0206 mstm=0.9189 instance_nce=0.0000 cluster_nce=0.0000 dec=0.2034
save checkpoint:  /root/trajectory-clustering/con-dtc/runs/condtc_qd_ema_staged_s3_m07_entropy_p70_a015/20260821_133208_seed2026/checkpoints/condtc_best.pt
epoch=6 / num_epochs=6
batch=0050 loss=1.1190 representation_loss=1.0218 clustering_loss=0.1944 instance_nce=0.0000 cluster_nce=0.0000 
batch=0100 loss=1.0458 representation_loss=0.9569 clustering_loss=0.1778 instance_nce=0.0000 cluster_nce=0.0000 
batch=0150 loss=1.0680 representation_loss=0.9661 clustering_loss=0.2039 instance_nce=0.0000 cluster_nce=0.0000 
batch=0200 loss=1.0165 representation_loss=0.9223 clustering_loss=0.1885 instance_nce=0.0000 cluster_nce=0.0000 
batch=0250 loss=1.0469 representation_loss=0.9388 clustering_loss=0.2161 instance_nce=0.0000 cluster_nce=0.0000 
batch=0300 loss=0.9529 representation_loss=0.8580 clustering_loss=0.1898 instance_nce=0.0000 cluster_nce=0.0000 
batch=0350 loss=0.9581 representation_loss=0.8741 clustering_loss=0.1681 instance_nce=0.0000 cluster_nce=0.0000 
Train: loss=0.9943 mstm=0.8970 instance_nce=0.0000 cluster_nce=0.0000 dec=0.1947
save checkpoint:  /root/trajectory-clustering/con-dtc/runs/condtc_qd_ema_staged_s3_m07_entropy_p70_a015/20260821_133208_seed2026/checkpoints/condtc_best.pt
best train_loss:  0.9943262572454526
evaluating: /root/trajectory-clustering/con-dtc/runs/condtc_qd_ema_staged_s3_m07_entropy_p70_a015/20260821_133208_seed2026/checkpoints/condtc_best.pt
device: cuda
dataset: qdTimeNoise0424
cluster counts: tensor([ 965, 1003, 1739,    3, 1000, 1143,  972,  190, 1954,  944,  755,  936])
metrics: {'uacc': 0.8105825577387108, 'nmi': 0.9029401818564822, 'ri': 0.9626463701173457, 'ari': 0.7833530469113694}
metrics saved: /root/trajectory-clustering/con-dtc/runs/condtc_qd_ema_staged_s3_m07_entropy_p70_a015/20260821_133208_seed2026/metrics.json
