experiment initialized
run directory: /root/trajectory-clustering/con-dtc/runs/condtc_qd_ema_staged_s3_m07_weighted_warmup_mw06/20260817_133615_seed42
config snapshot: /root/trajectory-clustering/con-dtc/runs/condtc_qd_ema_staged_s3_m07_weighted_warmup_mw06/20260817_133615_seed42/config.yaml
device: cuda
pretrain checkpoint: /root/trajectory-clustering/con-dtc/checkpoints/sttraj2vec_pretrain_paper_15ep.pt
epoch=1 / num_epochs=6
batch=0050 loss=1.2522 representation_loss=1.0175 clustering_loss=0.4694 instance_nce=3.5261 cluster_nce=2.3788 
batch=0100 loss=1.1484 representation_loss=0.9354 clustering_loss=0.4259 instance_nce=3.5002 cluster_nce=2.3484 
batch=0150 loss=1.2910 representation_loss=1.1073 clustering_loss=0.3676 instance_nce=3.5001 cluster_nce=2.3400 
batch=0200 loss=1.1210 representation_loss=0.9007 clustering_loss=0.4407 instance_nce=3.4968 cluster_nce=2.3422 
batch=0250 loss=1.1561 representation_loss=1.0058 clustering_loss=0.3007 instance_nce=3.4909 cluster_nce=2.3328 
batch=0300 loss=1.2513 representation_loss=1.0743 clustering_loss=0.3540 instance_nce=3.4894 cluster_nce=2.3394 
batch=0350 loss=1.1866 representation_loss=1.0231 clustering_loss=0.3270 instance_nce=3.4739 cluster_nce=2.3411 
Train: loss=1.1424 mstm=0.9538 instance_nce=3.5081 cluster_nce=2.3467 dec=0.3772
save checkpoint:  /root/trajectory-clustering/con-dtc/runs/condtc_qd_ema_staged_s3_m07_weighted_warmup_mw06/20260817_133615_seed42/checkpoints/condtc_best.pt
epoch=2 / num_epochs=6
batch=0050 loss=1.0601 representation_loss=0.9270 clustering_loss=0.2662 instance_nce=3.4772 cluster_nce=2.3288 
batch=0100 loss=1.0675 representation_loss=0.9415 clustering_loss=0.2520 instance_nce=3.4701 cluster_nce=2.3227 
batch=0150 loss=1.2057 representation_loss=1.0739 clustering_loss=0.2635 instance_nce=3.4802 cluster_nce=2.3232 
batch=0200 loss=1.0010 representation_loss=0.8775 clustering_loss=0.2469 instance_nce=3.4659 cluster_nce=2.3335 
batch=0250 loss=1.0316 representation_loss=0.9058 clustering_loss=0.2518 instance_nce=3.5169 cluster_nce=2.3357 
batch=0300 loss=1.0958 representation_loss=0.9792 clustering_loss=0.2333 instance_nce=3.4917 cluster_nce=2.3403 
batch=0350 loss=1.1383 representation_loss=1.0237 clustering_loss=0.2292 instance_nce=3.5074 cluster_nce=2.3250 
Train: loss=1.0664 mstm=0.9354 instance_nce=3.4910 cluster_nce=2.3312 dec=0.2620
save checkpoint:  /root/trajectory-clustering/con-dtc/runs/condtc_qd_ema_staged_s3_m07_weighted_warmup_mw06/20260817_133615_seed42/checkpoints/condtc_best.pt
epoch=3 / num_epochs=6
batch=0050 loss=1.1435 representation_loss=1.0311 clustering_loss=0.2248 instance_nce=3.4376 cluster_nce=2.3070 
batch=0100 loss=0.9907 representation_loss=0.8838 clustering_loss=0.2138 instance_nce=3.4426 cluster_nce=2.3333 
batch=0150 loss=0.9001 representation_loss=0.7877 clustering_loss=0.2248 instance_nce=3.4603 cluster_nce=2.3230 
batch=0200 loss=1.0903 representation_loss=0.9770 clustering_loss=0.2266 instance_nce=3.4482 cluster_nce=2.3375 
batch=0250 loss=1.0303 representation_loss=0.9133 clustering_loss=0.2341 instance_nce=3.4755 cluster_nce=2.3138 
batch=0300 loss=1.0609 representation_loss=0.9514 clustering_loss=0.2189 instance_nce=3.4449 cluster_nce=2.3226 
batch=0350 loss=1.0866 representation_loss=0.9727 clustering_loss=0.2277 instance_nce=3.5014 cluster_nce=2.3188 
Train: loss=1.0413 mstm=0.9291 instance_nce=3.4773 cluster_nce=2.3257 dec=0.2244
save checkpoint:  /root/trajectory-clustering/con-dtc/runs/condtc_qd_ema_staged_s3_m07_weighted_warmup_mw06/20260817_133615_seed42/checkpoints/condtc_best.pt
epoch=4 / num_epochs=6
batch=0050 loss=1.0160 representation_loss=0.9067 clustering_loss=0.2187 instance_nce=3.4542 cluster_nce=2.3197 
batch=0100 loss=1.1222 representation_loss=1.0210 clustering_loss=0.2026 instance_nce=3.4291 cluster_nce=2.3237 
batch=0150 loss=0.9474 representation_loss=0.8372 clustering_loss=0.2204 instance_nce=3.4583 cluster_nce=2.3103 
batch=0200 loss=0.9735 representation_loss=0.8830 clustering_loss=0.1810 instance_nce=3.4531 cluster_nce=2.3333 
batch=0250 loss=1.1137 representation_loss=1.0083 clustering_loss=0.2108 instance_nce=3.4515 cluster_nce=2.3258 
batch=0300 loss=1.0430 representation_loss=0.9416 clustering_loss=0.2028 instance_nce=3.4541 cluster_nce=2.3136 
batch=0350 loss=0.9486 representation_loss=0.8533 clustering_loss=0.1907 instance_nce=3.5288 cluster_nce=2.3197 
Train: loss=1.0256 mstm=0.9214 instance_nce=3.4668 cluster_nce=2.3217 dec=0.2084
save checkpoint:  /root/trajectory-clustering/con-dtc/runs/condtc_qd_ema_staged_s3_m07_weighted_warmup_mw06/20260817_133615_seed42/checkpoints/condtc_best.pt
epoch=5 / num_epochs=6
batch=0050 loss=1.1315 representation_loss=1.0209 clustering_loss=0.2212 instance_nce=3.4523 cluster_nce=2.3110 
batch=0100 loss=0.9616 representation_loss=0.8710 clustering_loss=0.1814 instance_nce=3.5059 cluster_nce=2.3302 
batch=0150 loss=1.0229 representation_loss=0.9163 clustering_loss=0.2132 instance_nce=3.4698 cluster_nce=2.3173 
batch=0200 loss=0.9427 representation_loss=0.8558 clustering_loss=0.1738 instance_nce=3.4445 cluster_nce=2.3277 
batch=0250 loss=0.8721 representation_loss=0.7858 clustering_loss=0.1727 instance_nce=3.4573 cluster_nce=2.3149 
batch=0300 loss=1.1042 representation_loss=1.0046 clustering_loss=0.1991 instance_nce=3.4651 cluster_nce=2.3181 
batch=0350 loss=1.0603 representation_loss=0.9603 clustering_loss=0.2001 instance_nce=3.4597 cluster_nce=2.3332 
Train: loss=1.0151 mstm=0.9164 instance_nce=3.4568 cluster_nce=2.3192 dec=0.1975
save checkpoint:  /root/trajectory-clustering/con-dtc/runs/condtc_qd_ema_staged_s3_m07_weighted_warmup_mw06/20260817_133615_seed42/checkpoints/condtc_best.pt
epoch=6 / num_epochs=6
batch=0050 loss=1.0409 representation_loss=0.9492 clustering_loss=0.1834 instance_nce=3.4851 cluster_nce=2.3186 
batch=0100 loss=0.8949 representation_loss=0.8038 clustering_loss=0.1822 instance_nce=3.4290 cluster_nce=2.3267 
batch=0150 loss=0.8993 representation_loss=0.8047 clustering_loss=0.1893 instance_nce=3.4120 cluster_nce=2.3084 
batch=0200 loss=1.0280 representation_loss=0.9381 clustering_loss=0.1798 instance_nce=3.4665 cluster_nce=2.3324 
batch=0250 loss=0.9642 representation_loss=0.8726 clustering_loss=0.1831 instance_nce=3.4472 cluster_nce=2.3111 
batch=0300 loss=1.0021 representation_loss=0.9073 clustering_loss=0.1897 instance_nce=3.4372 cluster_nce=2.3111 
batch=0350 loss=1.1881 representation_loss=1.0838 clustering_loss=0.2085 instance_nce=3.4336 cluster_nce=2.3108 
Train: loss=0.9949 mstm=0.8987 instance_nce=3.4472 cluster_nce=2.3163 dec=0.1924
save checkpoint:  /root/trajectory-clustering/con-dtc/runs/condtc_qd_ema_staged_s3_m07_weighted_warmup_mw06/20260817_133615_seed42/checkpoints/condtc_best.pt
best train_loss:  0.9948656061360525
evaluating: /root/trajectory-clustering/con-dtc/runs/condtc_qd_ema_staged_s3_m07_weighted_warmup_mw06/20260817_133615_seed42/checkpoints/condtc_best.pt
device: cuda
cluster counts: tensor([ 459,   21,  508,  935,  966,  944, 1000,  979, 1003, 1390, 1936, 1463])
metrics: {'uacc': 0.7942088934850051, 'nmi': 0.8871316547863286, 'ri': 0.9592010357126018, 'ari': 0.7594734641481476}
metrics saved: /root/trajectory-clustering/con-dtc/runs/condtc_qd_ema_staged_s3_m07_weighted_warmup_mw06/20260817_133615_seed42/metrics.json
