experiment initialized
run directory: /root/trajectory-clustering/con-dtc/runs/condtc_qd_late_s4_m08/20260813_092917_seed19721013
config snapshot: /root/trajectory-clustering/con-dtc/runs/condtc_qd_late_s4_m08/20260813_092917_seed19721013/config.yaml
device: cuda
pretrain checkpoint: /root/trajectory-clustering/con-dtc/checkpoints/sttraj2vec_pretrain_paper_15ep.pt
epoch=1 / num_epochs=6
batch=0050 loss=1.1629 representation_loss=0.9304 clustering_loss=0.4650 instance_nce=3.5702 cluster_nce=2.3243 
batch=0100 loss=1.1673 representation_loss=0.9701 clustering_loss=0.3943 instance_nce=3.5546 cluster_nce=2.3284 
batch=0150 loss=1.1958 representation_loss=1.0006 clustering_loss=0.3905 instance_nce=3.5938 cluster_nce=2.3155 
batch=0200 loss=1.1558 representation_loss=0.9846 clustering_loss=0.3425 instance_nce=3.5420 cluster_nce=2.2985 
batch=0250 loss=1.2080 representation_loss=1.0177 clustering_loss=0.3806 instance_nce=3.5584 cluster_nce=2.3128 
batch=0300 loss=1.1944 representation_loss=1.0261 clustering_loss=0.3367 instance_nce=3.5415 cluster_nce=2.3002 
batch=0350 loss=1.0127 representation_loss=0.8208 clustering_loss=0.3838 instance_nce=3.5150 cluster_nce=2.2909 
Train: loss=1.1389 mstm=0.9508 instance_nce=3.5503 cluster_nce=2.3165 dec=0.3762
save checkpoint:  /root/trajectory-clustering/con-dtc/runs/condtc_qd_late_s4_m08/20260813_092917_seed19721013/checkpoints/condtc_best.pt
epoch=2 / num_epochs=6
batch=0050 loss=1.0379 representation_loss=0.8879 clustering_loss=0.2999 instance_nce=3.5480 cluster_nce=2.3165 
batch=0100 loss=1.0682 representation_loss=0.9316 clustering_loss=0.2731 instance_nce=3.5515 cluster_nce=2.2992 
batch=0150 loss=1.1133 representation_loss=0.9795 clustering_loss=0.2677 instance_nce=3.5335 cluster_nce=2.2971 
batch=0200 loss=1.1861 representation_loss=1.0490 clustering_loss=0.2743 instance_nce=3.5356 cluster_nce=2.3178 
batch=0250 loss=1.0656 representation_loss=0.9316 clustering_loss=0.2680 instance_nce=3.5151 cluster_nce=2.2852 
batch=0300 loss=1.1050 representation_loss=0.9811 clustering_loss=0.2478 instance_nce=3.5328 cluster_nce=2.3112 
batch=0350 loss=1.0381 representation_loss=0.9247 clustering_loss=0.2268 instance_nce=3.5192 cluster_nce=2.2892 
Train: loss=1.0671 mstm=0.9336 instance_nce=3.5281 cluster_nce=2.3015 dec=0.2670
save checkpoint:  /root/trajectory-clustering/con-dtc/runs/condtc_qd_late_s4_m08/20260813_092917_seed19721013/checkpoints/condtc_best.pt
epoch=3 / num_epochs=6
batch=0050 loss=1.0730 representation_loss=0.9375 clustering_loss=0.2709 instance_nce=3.5130 cluster_nce=2.3039 
batch=0100 loss=1.0797 representation_loss=0.9414 clustering_loss=0.2767 instance_nce=3.5391 cluster_nce=2.3185 
batch=0150 loss=1.1257 representation_loss=0.9966 clustering_loss=0.2583 instance_nce=3.5170 cluster_nce=2.3109 
batch=0200 loss=1.0232 representation_loss=0.9062 clustering_loss=0.2339 instance_nce=3.4916 cluster_nce=2.2904 
batch=0250 loss=1.0146 representation_loss=0.9061 clustering_loss=0.2170 instance_nce=3.4797 cluster_nce=2.2852 
batch=0300 loss=0.9540 representation_loss=0.8347 clustering_loss=0.2386 instance_nce=3.5272 cluster_nce=2.2955 
batch=0350 loss=1.0464 representation_loss=0.9387 clustering_loss=0.2154 instance_nce=3.4875 cluster_nce=2.2933 
Train: loss=1.0568 mstm=0.9318 instance_nce=3.5163 cluster_nce=2.2972 dec=0.2501
save checkpoint:  /root/trajectory-clustering/con-dtc/runs/condtc_qd_late_s4_m08/20260813_092917_seed19721013/checkpoints/condtc_best.pt
epoch=4 / num_epochs=6
batch=0050 loss=0.9835 representation_loss=0.8754 clustering_loss=0.2161 instance_nce=3.4883 cluster_nce=2.3040 
batch=0100 loss=0.8718 representation_loss=0.7596 clustering_loss=0.2244 instance_nce=3.5081 cluster_nce=2.2871 
batch=0150 loss=1.0188 representation_loss=0.9247 clustering_loss=0.1881 instance_nce=3.5010 cluster_nce=2.2874 
batch=0200 loss=1.0324 representation_loss=0.9279 clustering_loss=0.2089 instance_nce=3.4940 cluster_nce=2.2912 
batch=0250 loss=1.0006 representation_loss=0.9002 clustering_loss=0.2007 instance_nce=3.5323 cluster_nce=2.2955 
batch=0300 loss=1.0380 representation_loss=0.9461 clustering_loss=0.1838 instance_nce=3.4805 cluster_nce=2.2916 
batch=0350 loss=0.9929 representation_loss=0.8963 clustering_loss=0.1932 instance_nce=3.4759 cluster_nce=2.2751 
Train: loss=1.0225 mstm=0.9132 instance_nce=3.5060 cluster_nce=2.2950 dec=0.2186
save checkpoint:  /root/trajectory-clustering/con-dtc/runs/condtc_qd_late_s4_m08/20260813_092917_seed19721013/checkpoints/condtc_best.pt
epoch=5 / num_epochs=6
batch=0050 loss=0.9526 representation_loss=0.8502 clustering_loss=0.2049 instance_nce=3.4684 cluster_nce=2.2897 
batch=0100 loss=0.9250 representation_loss=0.8253 clustering_loss=0.1995 instance_nce=3.4938 cluster_nce=2.2887 
batch=0150 loss=1.0221 representation_loss=0.9280 clustering_loss=0.1881 instance_nce=3.4916 cluster_nce=2.2963 
batch=0200 loss=1.0001 representation_loss=0.8967 clustering_loss=0.2068 instance_nce=3.5049 cluster_nce=2.2957 
batch=0250 loss=0.9855 representation_loss=0.8866 clustering_loss=0.1979 instance_nce=3.4956 cluster_nce=2.2783 
batch=0300 loss=0.9487 representation_loss=0.8588 clustering_loss=0.1799 instance_nce=3.4792 cluster_nce=2.2851 
batch=0350 loss=0.9285 representation_loss=0.8151 clustering_loss=0.2267 instance_nce=3.4972 cluster_nce=2.2991 
Train: loss=1.0156 mstm=0.9148 instance_nce=3.4963 cluster_nce=2.2921 dec=0.2017
save checkpoint:  /root/trajectory-clustering/con-dtc/runs/condtc_qd_late_s4_m08/20260813_092917_seed19721013/checkpoints/condtc_best.pt
epoch=6 / num_epochs=6
batch=0050 loss=0.9749 representation_loss=0.8838 clustering_loss=0.1822 instance_nce=3.4969 cluster_nce=2.2740 
batch=0100 loss=1.0584 representation_loss=0.9585 clustering_loss=0.1997 instance_nce=3.4638 cluster_nce=2.2830 
batch=0150 loss=0.9396 representation_loss=0.8481 clustering_loss=0.1830 instance_nce=3.4799 cluster_nce=2.2807 
batch=0200 loss=1.0208 representation_loss=0.9259 clustering_loss=0.1899 instance_nce=3.4795 cluster_nce=2.2790 
batch=0250 loss=0.9779 representation_loss=0.8779 clustering_loss=0.2000 instance_nce=3.5304 cluster_nce=2.2868 
batch=0300 loss=1.1149 representation_loss=1.0194 clustering_loss=0.1910 instance_nce=3.4645 cluster_nce=2.2845 
batch=0350 loss=1.0600 representation_loss=0.9716 clustering_loss=0.1769 instance_nce=3.4973 cluster_nce=2.3220 
Train: loss=1.0034 mstm=0.9085 instance_nce=3.4872 cluster_nce=2.2898 dec=0.1899
save checkpoint:  /root/trajectory-clustering/con-dtc/runs/condtc_qd_late_s4_m08/20260813_092917_seed19721013/checkpoints/condtc_best.pt
best train_loss:  1.0034133110815637
evaluating: /root/trajectory-clustering/con-dtc/runs/condtc_qd_late_s4_m08/20260813_092917_seed19721013/checkpoints/condtc_best.pt
device: cuda
cluster counts: tensor([1003,  968, 1956, 1154,  426, 1000,    1,  970, 1472,  933,  777,  944])
metrics: {'uacc': 0.7984315753188556, 'nmi': 0.8876121935257542, 'ri': 0.9591563985624253, 'ari': 0.7574623383385206}
metrics saved: /root/trajectory-clustering/con-dtc/runs/condtc_qd_late_s4_m08/20260813_092917_seed19721013/metrics.json
