experiment initialized
run directory: /root/trajectory-clustering/con-dtc/runs/condtc_qd_pre30_s3_m07_unweighted/20260815_160936_seed777
config snapshot: /root/trajectory-clustering/con-dtc/runs/condtc_qd_pre30_s3_m07_unweighted/20260815_160936_seed777/config.yaml
device: cuda
pretrain checkpoint: /root/trajectory-clustering/con-dtc/checkpoints/sttraj2vec_pretrain_paper_crossview.pt
epoch=1 / num_epochs=6
batch=0050 loss=0.8050 representation_loss=0.6603 clustering_loss=0.2895 instance_nce=3.5323 cluster_nce=2.3741 
batch=0100 loss=0.8011 representation_loss=0.6826 clustering_loss=0.2369 instance_nce=3.5364 cluster_nce=2.3428 
batch=0150 loss=0.7621 representation_loss=0.6462 clustering_loss=0.2317 instance_nce=3.5240 cluster_nce=2.3353 
batch=0200 loss=0.7098 representation_loss=0.5991 clustering_loss=0.2213 instance_nce=3.5309 cluster_nce=2.3586 
batch=0250 loss=0.7984 representation_loss=0.6966 clustering_loss=0.2036 instance_nce=3.5150 cluster_nce=2.3341 
batch=0300 loss=0.7641 representation_loss=0.6682 clustering_loss=0.1919 instance_nce=3.5613 cluster_nce=2.3264 
batch=0350 loss=0.9362 representation_loss=0.8460 clustering_loss=0.1805 instance_nce=3.5440 cluster_nce=2.3222 
Train: loss=0.8097 mstm=0.6947 instance_nce=3.5294 cluster_nce=2.3390 dec=0.2300
save checkpoint:  /root/trajectory-clustering/con-dtc/runs/condtc_qd_pre30_s3_m07_unweighted/20260815_160936_seed777/checkpoints/condtc_best.pt
epoch=2 / num_epochs=6
batch=0050 loss=0.9181 representation_loss=0.7395 clustering_loss=0.3572 instance_nce=3.5173 cluster_nce=2.3152 
batch=0100 loss=0.8775 representation_loss=0.7191 clustering_loss=0.3167 instance_nce=3.5109 cluster_nce=2.3165 
batch=0150 loss=0.8520 representation_loss=0.6974 clustering_loss=0.3093 instance_nce=3.5001 cluster_nce=2.3134 
batch=0200 loss=0.8152 representation_loss=0.6687 clustering_loss=0.2930 instance_nce=3.5780 cluster_nce=2.3217 
batch=0250 loss=0.8162 representation_loss=0.6745 clustering_loss=0.2835 instance_nce=3.4853 cluster_nce=2.3062 
batch=0300 loss=0.7996 representation_loss=0.6659 clustering_loss=0.2676 instance_nce=3.4889 cluster_nce=2.3028 
batch=0350 loss=0.8293 representation_loss=0.6946 clustering_loss=0.2695 instance_nce=3.5212 cluster_nce=2.2920 
Train: loss=0.8399 mstm=0.6888 instance_nce=3.5109 cluster_nce=2.3153 dec=0.3021
epoch=3 / num_epochs=6
batch=0050 loss=0.7492 representation_loss=0.6063 clustering_loss=0.2857 instance_nce=3.4976 cluster_nce=2.3124 
batch=0100 loss=0.8600 representation_loss=0.7159 clustering_loss=0.2882 instance_nce=3.4768 cluster_nce=2.3090 
batch=0150 loss=0.8505 representation_loss=0.7246 clustering_loss=0.2519 instance_nce=3.4480 cluster_nce=2.3131 
batch=0200 loss=0.7744 representation_loss=0.6542 clustering_loss=0.2404 instance_nce=3.4907 cluster_nce=2.3169 
batch=0250 loss=0.8520 representation_loss=0.7274 clustering_loss=0.2491 instance_nce=3.4923 cluster_nce=2.3022 
batch=0300 loss=0.7294 representation_loss=0.6140 clustering_loss=0.2309 instance_nce=3.5180 cluster_nce=2.3185 
batch=0350 loss=0.8982 representation_loss=0.7760 clustering_loss=0.2445 instance_nce=3.4527 cluster_nce=2.3124 
Train: loss=0.8203 mstm=0.6890 instance_nce=3.4964 cluster_nce=2.3089 dec=0.2627
epoch=4 / num_epochs=6
batch=0050 loss=0.7823 representation_loss=0.6562 clustering_loss=0.2523 instance_nce=3.4924 cluster_nce=2.3272 
batch=0100 loss=0.9305 representation_loss=0.8004 clustering_loss=0.2602 instance_nce=3.5116 cluster_nce=2.3131 
batch=0150 loss=0.8126 representation_loss=0.6848 clustering_loss=0.2557 instance_nce=3.4942 cluster_nce=2.2917 
batch=0200 loss=0.8805 representation_loss=0.7540 clustering_loss=0.2531 instance_nce=3.4882 cluster_nce=2.2946 
batch=0250 loss=0.8614 representation_loss=0.7356 clustering_loss=0.2515 instance_nce=3.4890 cluster_nce=2.2976 
batch=0300 loss=0.6365 representation_loss=0.5187 clustering_loss=0.2357 instance_nce=3.5110 cluster_nce=2.3270 
batch=0350 loss=0.9121 representation_loss=0.7892 clustering_loss=0.2458 instance_nce=3.4404 cluster_nce=2.3253 
Train: loss=0.8073 mstm=0.6838 instance_nce=3.4851 cluster_nce=2.3049 dec=0.2470
save checkpoint:  /root/trajectory-clustering/con-dtc/runs/condtc_qd_pre30_s3_m07_unweighted/20260815_160936_seed777/checkpoints/condtc_best.pt
epoch=5 / num_epochs=6
batch=0050 loss=0.7921 representation_loss=0.6725 clustering_loss=0.2394 instance_nce=3.4574 cluster_nce=2.2952 
batch=0100 loss=0.7135 representation_loss=0.5973 clustering_loss=0.2323 instance_nce=3.4424 cluster_nce=2.3120 
batch=0150 loss=0.7436 representation_loss=0.6165 clustering_loss=0.2541 instance_nce=3.4886 cluster_nce=2.3121 
batch=0200 loss=0.7325 representation_loss=0.6132 clustering_loss=0.2387 instance_nce=3.4773 cluster_nce=2.2916 
batch=0250 loss=0.7898 representation_loss=0.6832 clustering_loss=0.2132 instance_nce=3.4508 cluster_nce=2.3173 
batch=0300 loss=0.8384 representation_loss=0.7242 clustering_loss=0.2283 instance_nce=3.4694 cluster_nce=2.3070 
batch=0350 loss=0.7679 representation_loss=0.6504 clustering_loss=0.2350 instance_nce=3.4780 cluster_nce=2.3091 
Train: loss=0.7957 mstm=0.6761 instance_nce=3.4760 cluster_nce=2.3027 dec=0.2392
save checkpoint:  /root/trajectory-clustering/con-dtc/runs/condtc_qd_pre30_s3_m07_unweighted/20260815_160936_seed777/checkpoints/condtc_best.pt
epoch=6 / num_epochs=6
batch=0050 loss=0.8184 representation_loss=0.7026 clustering_loss=0.2317 instance_nce=3.5523 cluster_nce=2.3186 
batch=0100 loss=0.7189 representation_loss=0.5988 clustering_loss=0.2403 instance_nce=3.4811 cluster_nce=2.2896 
batch=0150 loss=0.8340 representation_loss=0.7138 clustering_loss=0.2404 instance_nce=3.4807 cluster_nce=2.2973 
batch=0200 loss=0.6805 representation_loss=0.5620 clustering_loss=0.2372 instance_nce=3.4737 cluster_nce=2.2970 
batch=0250 loss=0.7682 representation_loss=0.6551 clustering_loss=0.2262 instance_nce=3.4654 cluster_nce=2.2977 
batch=0300 loss=0.7739 representation_loss=0.6607 clustering_loss=0.2264 instance_nce=3.4700 cluster_nce=2.2991 
batch=0350 loss=0.7920 representation_loss=0.6692 clustering_loss=0.2456 instance_nce=3.4335 cluster_nce=2.2835 
Train: loss=0.7939 mstm=0.6777 instance_nce=3.4665 cluster_nce=2.2999 dec=0.2323
save checkpoint:  /root/trajectory-clustering/con-dtc/runs/condtc_qd_pre30_s3_m07_unweighted/20260815_160936_seed777/checkpoints/condtc_best.pt
best train_loss:  0.7938626679787345
evaluating: /root/trajectory-clustering/con-dtc/runs/condtc_qd_pre30_s3_m07_unweighted/20260815_160936_seed777/checkpoints/condtc_best.pt
device: cuda
cluster counts: tensor([1003, 1000,  968,  966, 1037,  991,  944,  990,  943,  837,  861, 1064])
metrics: {'uacc': 0.9732850741123751, 'nmi': 0.9653874991827658, 'ri': 0.9916949796916563, 'ari': 0.9457216477639797}
metrics saved: /root/trajectory-clustering/con-dtc/runs/condtc_qd_pre30_s3_m07_unweighted/20260815_160936_seed777/metrics.json
