experiment initialized
run directory: /root/trajectory-clustering/con-dtc/runs/condtc_qd_pre30_s3_m07_unweighted/20260815_154912_seed19721013
config snapshot: /root/trajectory-clustering/con-dtc/runs/condtc_qd_pre30_s3_m07_unweighted/20260815_154912_seed19721013/config.yaml
device: cuda
pretrain checkpoint: /root/trajectory-clustering/con-dtc/checkpoints/sttraj2vec_pretrain_paper_crossview.pt
epoch=1 / num_epochs=6
batch=0050 loss=0.8167 representation_loss=0.6812 clustering_loss=0.2711 instance_nce=3.5694 cluster_nce=2.3124 
batch=0100 loss=0.8234 representation_loss=0.7036 clustering_loss=0.2396 instance_nce=3.5271 cluster_nce=2.3071 
batch=0150 loss=0.7708 representation_loss=0.6504 clustering_loss=0.2408 instance_nce=3.5907 cluster_nce=2.3139 
batch=0200 loss=0.7174 representation_loss=0.6170 clustering_loss=0.2007 instance_nce=3.5718 cluster_nce=2.3049 
batch=0250 loss=0.9065 representation_loss=0.8090 clustering_loss=0.1949 instance_nce=3.5292 cluster_nce=2.2942 
batch=0300 loss=0.8626 representation_loss=0.7685 clustering_loss=0.1882 instance_nce=3.5421 cluster_nce=2.2846 
batch=0350 loss=0.7103 representation_loss=0.6223 clustering_loss=0.1759 instance_nce=3.5157 cluster_nce=2.2927 
Train: loss=0.8100 mstm=0.6945 instance_nce=3.5360 cluster_nce=2.3054 dec=0.2310
save checkpoint:  /root/trajectory-clustering/con-dtc/runs/condtc_qd_pre30_s3_m07_unweighted/20260815_154912_seed19721013/checkpoints/condtc_best.pt
epoch=2 / num_epochs=6
batch=0050 loss=0.7469 representation_loss=0.5887 clustering_loss=0.3165 instance_nce=3.5008 cluster_nce=2.2863 
batch=0100 loss=0.8551 representation_loss=0.6882 clustering_loss=0.3337 instance_nce=3.5210 cluster_nce=2.2759 
batch=0150 loss=0.8442 representation_loss=0.6956 clustering_loss=0.2974 instance_nce=3.5317 cluster_nce=2.2727 
batch=0200 loss=0.9248 representation_loss=0.7778 clustering_loss=0.2940 instance_nce=3.5246 cluster_nce=2.2831 
batch=0250 loss=0.7635 representation_loss=0.6243 clustering_loss=0.2785 instance_nce=3.5269 cluster_nce=2.2757 
batch=0300 loss=0.7809 representation_loss=0.6474 clustering_loss=0.2670 instance_nce=3.5325 cluster_nce=2.2761 
batch=0350 loss=0.8622 representation_loss=0.7250 clustering_loss=0.2743 instance_nce=3.5254 cluster_nce=2.2709 
Train: loss=0.8346 mstm=0.6845 instance_nce=3.5145 cluster_nce=2.2798 dec=0.3001
epoch=3 / num_epochs=6
batch=0050 loss=0.8746 representation_loss=0.7343 clustering_loss=0.2805 instance_nce=3.4714 cluster_nce=2.2643 
batch=0100 loss=0.7933 representation_loss=0.6612 clustering_loss=0.2642 instance_nce=3.5112 cluster_nce=2.2675 
batch=0150 loss=0.8722 representation_loss=0.7453 clustering_loss=0.2538 instance_nce=3.4861 cluster_nce=2.2672 
batch=0200 loss=0.7999 representation_loss=0.6760 clustering_loss=0.2478 instance_nce=3.4728 cluster_nce=2.2707 
batch=0250 loss=0.8366 representation_loss=0.7127 clustering_loss=0.2478 instance_nce=3.4732 cluster_nce=2.2655 
batch=0300 loss=0.8012 representation_loss=0.6776 clustering_loss=0.2471 instance_nce=3.4749 cluster_nce=2.2693 
batch=0350 loss=0.8284 representation_loss=0.7059 clustering_loss=0.2450 instance_nce=3.4769 cluster_nce=2.2683 
Train: loss=0.8166 mstm=0.6863 instance_nce=3.4983 cluster_nce=2.2718 dec=0.2606
epoch=4 / num_epochs=6
batch=0050 loss=0.7252 representation_loss=0.6014 clustering_loss=0.2477 instance_nce=3.4757 cluster_nce=2.2732 
batch=0100 loss=0.7108 representation_loss=0.5768 clustering_loss=0.2680 instance_nce=3.5103 cluster_nce=2.2802 
batch=0150 loss=0.7895 representation_loss=0.6662 clustering_loss=0.2467 instance_nce=3.4833 cluster_nce=2.2601 
batch=0200 loss=0.7921 representation_loss=0.6712 clustering_loss=0.2419 instance_nce=3.4600 cluster_nce=2.2617 
batch=0250 loss=0.7897 representation_loss=0.6754 clustering_loss=0.2287 instance_nce=3.4949 cluster_nce=2.2680 
batch=0300 loss=0.7679 representation_loss=0.6502 clustering_loss=0.2353 instance_nce=3.4644 cluster_nce=2.2637 
batch=0350 loss=0.7246 representation_loss=0.6028 clustering_loss=0.2436 instance_nce=3.4850 cluster_nce=2.2751 
Train: loss=0.8025 mstm=0.6792 instance_nce=3.4865 cluster_nce=2.2676 dec=0.2467
save checkpoint:  /root/trajectory-clustering/con-dtc/runs/condtc_qd_pre30_s3_m07_unweighted/20260815_154912_seed19721013/checkpoints/condtc_best.pt
epoch=5 / num_epochs=6
batch=0050 loss=0.7442 representation_loss=0.6285 clustering_loss=0.2312 instance_nce=3.4499 cluster_nce=2.2614 
batch=0100 loss=0.7421 representation_loss=0.6202 clustering_loss=0.2438 instance_nce=3.4888 cluster_nce=2.2622 
batch=0150 loss=0.8038 representation_loss=0.6859 clustering_loss=0.2358 instance_nce=3.4877 cluster_nce=2.2720 
batch=0200 loss=0.7430 representation_loss=0.6290 clustering_loss=0.2281 instance_nce=3.4632 cluster_nce=2.2556 
batch=0250 loss=0.7557 representation_loss=0.6384 clustering_loss=0.2346 instance_nce=3.5314 cluster_nce=2.2712 
batch=0300 loss=0.7757 representation_loss=0.6602 clustering_loss=0.2311 instance_nce=3.4429 cluster_nce=2.2575 
batch=0350 loss=0.7303 representation_loss=0.6133 clustering_loss=0.2339 instance_nce=3.4384 cluster_nce=2.2563 
Train: loss=0.7970 mstm=0.6777 instance_nce=3.4748 cluster_nce=2.2639 dec=0.2386
save checkpoint:  /root/trajectory-clustering/con-dtc/runs/condtc_qd_pre30_s3_m07_unweighted/20260815_154912_seed19721013/checkpoints/condtc_best.pt
epoch=6 / num_epochs=6
batch=0050 loss=0.7505 representation_loss=0.6390 clustering_loss=0.2230 instance_nce=3.4468 cluster_nce=2.2616 
batch=0100 loss=0.9339 representation_loss=0.8144 clustering_loss=0.2391 instance_nce=3.4253 cluster_nce=2.2582 
batch=0150 loss=0.6998 representation_loss=0.5885 clustering_loss=0.2225 instance_nce=3.4615 cluster_nce=2.2547 
batch=0200 loss=0.7241 representation_loss=0.6143 clustering_loss=0.2197 instance_nce=3.4575 cluster_nce=2.2512 
batch=0250 loss=0.8393 representation_loss=0.7213 clustering_loss=0.2361 instance_nce=3.4920 cluster_nce=2.2661 
batch=0300 loss=0.8122 representation_loss=0.6999 clustering_loss=0.2245 instance_nce=3.4447 cluster_nce=2.2560 
batch=0350 loss=0.8921 representation_loss=0.7780 clustering_loss=0.2283 instance_nce=3.4610 cluster_nce=2.2797 
Train: loss=0.7917 mstm=0.6759 instance_nce=3.4631 cluster_nce=2.2621 dec=0.2317
save checkpoint:  /root/trajectory-clustering/con-dtc/runs/condtc_qd_pre30_s3_m07_unweighted/20260815_154912_seed19721013/checkpoints/condtc_best.pt
best train_loss:  0.7917217268527931
evaluating: /root/trajectory-clustering/con-dtc/runs/condtc_qd_pre30_s3_m07_unweighted/20260815_154912_seed19721013/checkpoints/condtc_best.pt
device: cuda
cluster counts: tensor([1003,  991, 1027,  990,  831,  966, 1000,  871,  944,  943,  968, 1070])
metrics: {'uacc': 0.9736297828335057, 'nmi': 0.9656648204717133, 'ri': 0.9917924535616925, 'ari': 0.9463575617110637}
metrics saved: /root/trajectory-clustering/con-dtc/runs/condtc_qd_pre30_s3_m07_unweighted/20260815_154912_seed19721013/metrics.json
