experiment initialized
run directory: /root/trajectory-clustering/con-dtc/runs/condtc_qd_s3_m07_w08_direct/20260814_104726_seed123
config snapshot: /root/trajectory-clustering/con-dtc/runs/condtc_qd_s3_m07_w08_direct/20260814_104726_seed123/config.yaml
device: cuda
pretrain checkpoint: /root/trajectory-clustering/con-dtc/checkpoints/sttraj2vec_pretrain_paper_15ep.pt
epoch=1 / num_epochs=6
batch=0050 loss=1.1286 representation_loss=0.9030 clustering_loss=0.4513 instance_nce=3.6067 cluster_nce=2.3595 
batch=0100 loss=1.0787 representation_loss=0.8455 clustering_loss=0.4665 instance_nce=3.6287 cluster_nce=2.3642 
batch=0150 loss=1.2206 representation_loss=1.0481 clustering_loss=0.3450 instance_nce=3.5984 cluster_nce=2.3466 
batch=0200 loss=1.1053 representation_loss=0.9420 clustering_loss=0.3266 instance_nce=3.6288 cluster_nce=2.3677 
batch=0250 loss=1.0986 representation_loss=0.9124 clustering_loss=0.3724 instance_nce=3.6574 cluster_nce=2.3642 
batch=0300 loss=1.0505 representation_loss=0.8672 clustering_loss=0.3668 instance_nce=3.6164 cluster_nce=2.3272 
batch=0350 loss=1.1928 representation_loss=1.0299 clustering_loss=0.3259 instance_nce=3.6750 cluster_nce=2.3679 
Train: loss=1.1488 mstm=0.9602 instance_nce=3.6168 cluster_nce=2.3567 dec=0.3772
save checkpoint:  /root/trajectory-clustering/con-dtc/runs/condtc_qd_s3_m07_w08_direct/20260814_104726_seed123/checkpoints/condtc_best.pt
epoch=2 / num_epochs=6
batch=0050 loss=0.9917 representation_loss=0.8540 clustering_loss=0.2754 instance_nce=3.5850 cluster_nce=2.3391 
batch=0100 loss=1.0593 representation_loss=0.9248 clustering_loss=0.2690 instance_nce=3.6031 cluster_nce=2.3264 
batch=0150 loss=1.2753 representation_loss=1.1292 clustering_loss=0.2921 instance_nce=3.6081 cluster_nce=2.3502 
batch=0200 loss=1.1449 representation_loss=1.0074 clustering_loss=0.2751 instance_nce=3.6071 cluster_nce=2.3566 
batch=0250 loss=1.0364 representation_loss=0.9152 clustering_loss=0.2425 instance_nce=3.6055 cluster_nce=2.3333 
batch=0300 loss=1.1206 representation_loss=0.9850 clustering_loss=0.2711 instance_nce=3.5871 cluster_nce=2.3208 
batch=0350 loss=1.0740 representation_loss=0.9572 clustering_loss=0.2336 instance_nce=3.5513 cluster_nce=2.3408 
Train: loss=1.0793 mstm=0.9444 instance_nce=3.6005 cluster_nce=2.3371 dec=0.2699
save checkpoint:  /root/trajectory-clustering/con-dtc/runs/condtc_qd_s3_m07_w08_direct/20260814_104726_seed123/checkpoints/condtc_best.pt
epoch=3 / num_epochs=6
batch=0050 loss=0.9387 representation_loss=0.8174 clustering_loss=0.2424 instance_nce=3.5746 cluster_nce=2.3360 
batch=0100 loss=0.9951 representation_loss=0.8644 clustering_loss=0.2615 instance_nce=3.6122 cluster_nce=2.3426 
batch=0150 loss=1.1473 representation_loss=1.0329 clustering_loss=0.2290 instance_nce=3.5787 cluster_nce=2.3244 
batch=0200 loss=1.1122 representation_loss=1.0097 clustering_loss=0.2052 instance_nce=3.5829 cluster_nce=2.3299 
batch=0250 loss=1.0205 representation_loss=0.9064 clustering_loss=0.2281 instance_nce=3.6052 cluster_nce=2.3119 
batch=0300 loss=0.9525 representation_loss=0.8524 clustering_loss=0.2001 instance_nce=3.5624 cluster_nce=2.3097 
batch=0350 loss=1.0283 representation_loss=0.9238 clustering_loss=0.2090 instance_nce=3.5815 cluster_nce=2.3183 
Train: loss=1.0470 mstm=0.9318 instance_nce=3.5884 cluster_nce=2.3289 dec=0.2303
save checkpoint:  /root/trajectory-clustering/con-dtc/runs/condtc_qd_s3_m07_w08_direct/20260814_104726_seed123/checkpoints/condtc_best.pt
epoch=4 / num_epochs=6
batch=0050 loss=1.0153 representation_loss=0.9012 clustering_loss=0.2282 instance_nce=3.5813 cluster_nce=2.3085 
batch=0100 loss=1.0277 representation_loss=0.9177 clustering_loss=0.2201 instance_nce=3.5504 cluster_nce=2.3164 
batch=0150 loss=0.8504 representation_loss=0.7543 clustering_loss=0.1923 instance_nce=3.5594 cluster_nce=2.3026 
batch=0200 loss=0.9269 representation_loss=0.8231 clustering_loss=0.2075 instance_nce=3.5656 cluster_nce=2.3223 
batch=0250 loss=1.1965 representation_loss=1.0968 clustering_loss=0.1993 instance_nce=3.5462 cluster_nce=2.3130 
batch=0300 loss=1.1677 representation_loss=1.0587 clustering_loss=0.2179 instance_nce=3.5609 cluster_nce=2.3130 
batch=0350 loss=1.0600 representation_loss=0.9574 clustering_loss=0.2052 instance_nce=3.5828 cluster_nce=2.3131 
Train: loss=1.0230 mstm=0.9177 instance_nce=3.5780 cluster_nce=2.3250 dec=0.2106
save checkpoint:  /root/trajectory-clustering/con-dtc/runs/condtc_qd_s3_m07_w08_direct/20260814_104726_seed123/checkpoints/condtc_best.pt
epoch=5 / num_epochs=6
batch=0050 loss=1.0657 representation_loss=0.9661 clustering_loss=0.1991 instance_nce=3.5928 cluster_nce=2.3191 
batch=0100 loss=1.1139 representation_loss=1.0110 clustering_loss=0.2057 instance_nce=3.5480 cluster_nce=2.3096 
batch=0150 loss=1.0617 representation_loss=0.9762 clustering_loss=0.1709 instance_nce=3.5399 cluster_nce=2.3096 
batch=0200 loss=1.0021 representation_loss=0.9024 clustering_loss=0.1995 instance_nce=3.5626 cluster_nce=2.3250 
batch=0250 loss=1.0459 representation_loss=0.9549 clustering_loss=0.1819 instance_nce=3.5317 cluster_nce=2.3133 
batch=0300 loss=1.0267 representation_loss=0.9298 clustering_loss=0.1939 instance_nce=3.5576 cluster_nce=2.2994 
batch=0350 loss=0.9408 representation_loss=0.8441 clustering_loss=0.1932 instance_nce=3.5417 cluster_nce=2.3089 
Train: loss=1.0117 mstm=0.9130 instance_nce=3.5670 cluster_nce=2.3210 dec=0.1975
save checkpoint:  /root/trajectory-clustering/con-dtc/runs/condtc_qd_s3_m07_w08_direct/20260814_104726_seed123/checkpoints/condtc_best.pt
epoch=6 / num_epochs=6
batch=0050 loss=0.9617 representation_loss=0.8700 clustering_loss=0.1833 instance_nce=3.5413 cluster_nce=2.3246 
batch=0100 loss=1.1581 representation_loss=1.0640 clustering_loss=0.1883 instance_nce=3.5529 cluster_nce=2.3121 
batch=0150 loss=1.0376 representation_loss=0.9504 clustering_loss=0.1743 instance_nce=3.5309 cluster_nce=2.3235 
batch=0200 loss=1.1910 representation_loss=1.0885 clustering_loss=0.2049 instance_nce=3.6096 cluster_nce=2.3389 
batch=0250 loss=0.9942 representation_loss=0.8967 clustering_loss=0.1950 instance_nce=3.5475 cluster_nce=2.3168 
batch=0300 loss=1.0750 representation_loss=0.9676 clustering_loss=0.2150 instance_nce=3.5803 cluster_nce=2.3374 
batch=0350 loss=1.0325 representation_loss=0.9387 clustering_loss=0.1876 instance_nce=3.5342 cluster_nce=2.3219 
Train: loss=0.9943 mstm=0.8999 instance_nce=3.5558 cluster_nce=2.3173 dec=0.1887
save checkpoint:  /root/trajectory-clustering/con-dtc/runs/condtc_qd_s3_m07_w08_direct/20260814_104726_seed123/checkpoints/condtc_best.pt
best train_loss:  0.9942905004991822
evaluating: /root/trajectory-clustering/con-dtc/runs/condtc_qd_s3_m07_w08_direct/20260814_104726_seed123/checkpoints/condtc_best.pt
device: cuda
cluster counts: tensor([ 933, 1675,  944, 1209, 1938, 1003,   19, 1000,  719,  968,  223,  973])
metrics: {'uacc': 0.7786108238538435, 'nmi': 0.8859243080786248, 'ri': 0.9570994949154201, 'ari': 0.7497220166939723}
metrics saved: /root/trajectory-clustering/con-dtc/runs/condtc_qd_s3_m07_w08_direct/20260814_104726_seed123/metrics.json
