experiment initialized
run directory: /root/trajectory-clustering/con-dtc/runs/porto/baseline/condtc_porto_finegrained_baseline_pre15/20260821_112638_seed123
config snapshot: /root/trajectory-clustering/con-dtc/runs/porto/baseline/condtc_porto_finegrained_baseline_pre15/20260821_112638_seed123/config.yaml
device: cuda
dataset: portoTimeNoiseFineGrained
pretrain checkpoint: /root/trajectory-clustering/con-dtc/checkpoints/sttraj2vec_porto_finegrained_pre15.pt
epoch=1 / num_epochs=6
batch=0050 loss=0.9442 representation_loss=0.6368 clustering_loss=0.6149 instance_nce=0.0000 cluster_nce=0.0000 
batch=0100 loss=0.9199 representation_loss=0.6562 clustering_loss=0.5273 instance_nce=0.0000 cluster_nce=0.0000 
batch=0150 loss=0.8014 representation_loss=0.5625 clustering_loss=0.4777 instance_nce=0.0000 cluster_nce=0.0000 
batch=0200 loss=0.8871 representation_loss=0.6785 clustering_loss=0.4173 instance_nce=0.0000 cluster_nce=0.0000 
batch=0250 loss=0.8017 representation_loss=0.5954 clustering_loss=0.4126 instance_nce=0.0000 cluster_nce=0.0000 
batch=0300 loss=0.9092 representation_loss=0.6988 clustering_loss=0.4209 instance_nce=0.0000 cluster_nce=0.0000 
batch=0350 loss=0.7691 representation_loss=0.5845 clustering_loss=0.3693 instance_nce=0.0000 cluster_nce=0.0000 
batch=0400 loss=0.8199 representation_loss=0.6121 clustering_loss=0.4156 instance_nce=0.0000 cluster_nce=0.0000 
batch=0450 loss=0.8247 representation_loss=0.5995 clustering_loss=0.4504 instance_nce=0.0000 cluster_nce=0.0000 
batch=0500 loss=0.8268 representation_loss=0.6133 clustering_loss=0.4271 instance_nce=0.0000 cluster_nce=0.0000 
batch=0550 loss=0.8216 representation_loss=0.6180 clustering_loss=0.4073 instance_nce=0.0000 cluster_nce=0.0000 
batch=0600 loss=0.7449 representation_loss=0.5861 clustering_loss=0.3175 instance_nce=0.0000 cluster_nce=0.0000 
batch=0650 loss=0.8468 representation_loss=0.6948 clustering_loss=0.3040 instance_nce=0.0000 cluster_nce=0.0000 
batch=0700 loss=0.8306 representation_loss=0.6443 clustering_loss=0.3726 instance_nce=0.0000 cluster_nce=0.0000 
batch=0750 loss=0.7399 representation_loss=0.5718 clustering_loss=0.3362 instance_nce=0.0000 cluster_nce=0.0000 
batch=0800 loss=0.8802 representation_loss=0.7055 clustering_loss=0.3493 instance_nce=0.0000 cluster_nce=0.0000 
batch=0850 loss=0.7867 representation_loss=0.6369 clustering_loss=0.2995 instance_nce=0.0000 cluster_nce=0.0000 
Train: loss=0.8794 mstm=0.6778 instance_nce=0.0000 cluster_nce=0.0000 dec=0.4032
save checkpoint:  /root/trajectory-clustering/con-dtc/runs/porto/baseline/condtc_porto_finegrained_baseline_pre15/20260821_112638_seed123/checkpoints/condtc_best.pt
epoch=2 / num_epochs=6
batch=0050 loss=0.8641 representation_loss=0.6894 clustering_loss=0.3495 instance_nce=0.0000 cluster_nce=0.0000 
batch=0100 loss=0.8341 representation_loss=0.6541 clustering_loss=0.3599 instance_nce=0.0000 cluster_nce=0.0000 
batch=0150 loss=0.8778 representation_loss=0.7003 clustering_loss=0.3550 instance_nce=0.0000 cluster_nce=0.0000 
batch=0200 loss=0.8349 representation_loss=0.6474 clustering_loss=0.3750 instance_nce=0.0000 cluster_nce=0.0000 
batch=0250 loss=0.8006 representation_loss=0.6331 clustering_loss=0.3349 instance_nce=0.0000 cluster_nce=0.0000 
batch=0300 loss=0.7946 representation_loss=0.6381 clustering_loss=0.3129 instance_nce=0.0000 cluster_nce=0.0000 
batch=0350 loss=0.8316 representation_loss=0.6763 clustering_loss=0.3105 instance_nce=0.0000 cluster_nce=0.0000 
batch=0400 loss=0.7015 representation_loss=0.5451 clustering_loss=0.3128 instance_nce=0.0000 cluster_nce=0.0000 
batch=0450 loss=0.9211 representation_loss=0.7591 clustering_loss=0.3240 instance_nce=0.0000 cluster_nce=0.0000 
batch=0500 loss=0.8859 representation_loss=0.7280 clustering_loss=0.3159 instance_nce=0.0000 cluster_nce=0.0000 
batch=0550 loss=0.8681 representation_loss=0.7113 clustering_loss=0.3138 instance_nce=0.0000 cluster_nce=0.0000 
batch=0600 loss=0.7143 representation_loss=0.5564 clustering_loss=0.3157 instance_nce=0.0000 cluster_nce=0.0000 
batch=0650 loss=0.7779 representation_loss=0.6278 clustering_loss=0.3003 instance_nce=0.0000 cluster_nce=0.0000 
batch=0700 loss=0.7357 representation_loss=0.5816 clustering_loss=0.3083 instance_nce=0.0000 cluster_nce=0.0000 
batch=0750 loss=0.7344 representation_loss=0.5928 clustering_loss=0.2832 instance_nce=0.0000 cluster_nce=0.0000 
batch=0800 loss=0.8127 representation_loss=0.6608 clustering_loss=0.3039 instance_nce=0.0000 cluster_nce=0.0000 
batch=0850 loss=0.8360 representation_loss=0.6892 clustering_loss=0.2937 instance_nce=0.0000 cluster_nce=0.0000 
Train: loss=0.8231 mstm=0.6637 instance_nce=0.0000 cluster_nce=0.0000 dec=0.3188
save checkpoint:  /root/trajectory-clustering/con-dtc/runs/porto/baseline/condtc_porto_finegrained_baseline_pre15/20260821_112638_seed123/checkpoints/condtc_best.pt
epoch=3 / num_epochs=6
batch=0050 loss=0.8400 representation_loss=0.7017 clustering_loss=0.2766 instance_nce=0.0000 cluster_nce=0.0000 
batch=0100 loss=0.7195 representation_loss=0.5672 clustering_loss=0.3047 instance_nce=0.0000 cluster_nce=0.0000 
batch=0150 loss=0.8904 representation_loss=0.7361 clustering_loss=0.3086 instance_nce=0.0000 cluster_nce=0.0000 
batch=0200 loss=0.7067 representation_loss=0.5634 clustering_loss=0.2867 instance_nce=0.0000 cluster_nce=0.0000 
batch=0250 loss=0.7106 representation_loss=0.5746 clustering_loss=0.2720 instance_nce=0.0000 cluster_nce=0.0000 
batch=0300 loss=0.8747 representation_loss=0.7287 clustering_loss=0.2921 instance_nce=0.0000 cluster_nce=0.0000 
batch=0350 loss=0.7714 representation_loss=0.6330 clustering_loss=0.2769 instance_nce=0.0000 cluster_nce=0.0000 
batch=0400 loss=0.8178 representation_loss=0.6695 clustering_loss=0.2966 instance_nce=0.0000 cluster_nce=0.0000 
batch=0450 loss=0.7565 representation_loss=0.6049 clustering_loss=0.3032 instance_nce=0.0000 cluster_nce=0.0000 
batch=0500 loss=0.8657 representation_loss=0.7160 clustering_loss=0.2994 instance_nce=0.0000 cluster_nce=0.0000 
batch=0550 loss=0.7152 representation_loss=0.5711 clustering_loss=0.2883 instance_nce=0.0000 cluster_nce=0.0000 
batch=0600 loss=0.6606 representation_loss=0.5264 clustering_loss=0.2685 instance_nce=0.0000 cluster_nce=0.0000 
batch=0650 loss=0.8053 representation_loss=0.6584 clustering_loss=0.2939 instance_nce=0.0000 cluster_nce=0.0000 
batch=0700 loss=0.8639 representation_loss=0.7152 clustering_loss=0.2975 instance_nce=0.0000 cluster_nce=0.0000 
batch=0750 loss=0.7802 representation_loss=0.6380 clustering_loss=0.2845 instance_nce=0.0000 cluster_nce=0.0000 
batch=0800 loss=0.7268 representation_loss=0.5912 clustering_loss=0.2712 instance_nce=0.0000 cluster_nce=0.0000 
batch=0850 loss=0.8306 representation_loss=0.7021 clustering_loss=0.2570 instance_nce=0.0000 cluster_nce=0.0000 
Train: loss=0.7914 mstm=0.6492 instance_nce=0.0000 cluster_nce=0.0000 dec=0.2844
save checkpoint:  /root/trajectory-clustering/con-dtc/runs/porto/baseline/condtc_porto_finegrained_baseline_pre15/20260821_112638_seed123/checkpoints/condtc_best.pt
epoch=4 / num_epochs=6
batch=0050 loss=0.8192 representation_loss=0.6861 clustering_loss=0.2663 instance_nce=0.0000 cluster_nce=0.0000 
batch=0100 loss=0.8734 representation_loss=0.7414 clustering_loss=0.2641 instance_nce=0.0000 cluster_nce=0.0000 
batch=0150 loss=0.8529 representation_loss=0.7096 clustering_loss=0.2866 instance_nce=0.0000 cluster_nce=0.0000 
batch=0200 loss=0.7569 representation_loss=0.6136 clustering_loss=0.2866 instance_nce=0.0000 cluster_nce=0.0000 
batch=0250 loss=0.7191 representation_loss=0.5856 clustering_loss=0.2669 instance_nce=0.0000 cluster_nce=0.0000 
batch=0300 loss=0.8266 representation_loss=0.6888 clustering_loss=0.2756 instance_nce=0.0000 cluster_nce=0.0000 
batch=0350 loss=0.6807 representation_loss=0.5501 clustering_loss=0.2613 instance_nce=0.0000 cluster_nce=0.0000 
batch=0400 loss=0.7502 representation_loss=0.6240 clustering_loss=0.2523 instance_nce=0.0000 cluster_nce=0.0000 
batch=0450 loss=0.7760 representation_loss=0.6563 clustering_loss=0.2396 instance_nce=0.0000 cluster_nce=0.0000 
batch=0500 loss=0.8236 representation_loss=0.6946 clustering_loss=0.2581 instance_nce=0.0000 cluster_nce=0.0000 
batch=0550 loss=0.7299 representation_loss=0.6144 clustering_loss=0.2310 instance_nce=0.0000 cluster_nce=0.0000 
batch=0600 loss=0.7665 representation_loss=0.6405 clustering_loss=0.2519 instance_nce=0.0000 cluster_nce=0.0000 
batch=0650 loss=0.7918 representation_loss=0.6679 clustering_loss=0.2477 instance_nce=0.0000 cluster_nce=0.0000 
batch=0700 loss=0.8744 representation_loss=0.7524 clustering_loss=0.2440 instance_nce=0.0000 cluster_nce=0.0000 
batch=0750 loss=0.7347 representation_loss=0.6032 clustering_loss=0.2631 instance_nce=0.0000 cluster_nce=0.0000 
batch=0800 loss=0.7454 representation_loss=0.6150 clustering_loss=0.2608 instance_nce=0.0000 cluster_nce=0.0000 
batch=0850 loss=0.7154 representation_loss=0.5867 clustering_loss=0.2573 instance_nce=0.0000 cluster_nce=0.0000 
Train: loss=0.7701 mstm=0.6396 instance_nce=0.0000 cluster_nce=0.0000 dec=0.2609
save checkpoint:  /root/trajectory-clustering/con-dtc/runs/porto/baseline/condtc_porto_finegrained_baseline_pre15/20260821_112638_seed123/checkpoints/condtc_best.pt
epoch=5 / num_epochs=6
batch=0050 loss=0.7801 representation_loss=0.6435 clustering_loss=0.2731 instance_nce=0.0000 cluster_nce=0.0000 
batch=0100 loss=0.7317 representation_loss=0.6062 clustering_loss=0.2510 instance_nce=0.0000 cluster_nce=0.0000 
batch=0150 loss=0.7580 representation_loss=0.6328 clustering_loss=0.2505 instance_nce=0.0000 cluster_nce=0.0000 
batch=0200 loss=0.7797 representation_loss=0.6540 clustering_loss=0.2513 instance_nce=0.0000 cluster_nce=0.0000 
batch=0250 loss=0.7168 representation_loss=0.5965 clustering_loss=0.2407 instance_nce=0.0000 cluster_nce=0.0000 
batch=0300 loss=0.8290 representation_loss=0.7068 clustering_loss=0.2443 instance_nce=0.0000 cluster_nce=0.0000 
batch=0350 loss=0.7196 representation_loss=0.5974 clustering_loss=0.2444 instance_nce=0.0000 cluster_nce=0.0000 
batch=0400 loss=0.8124 representation_loss=0.6919 clustering_loss=0.2410 instance_nce=0.0000 cluster_nce=0.0000 
batch=0450 loss=0.8498 representation_loss=0.7306 clustering_loss=0.2385 instance_nce=0.0000 cluster_nce=0.0000 
batch=0500 loss=0.7685 representation_loss=0.6514 clustering_loss=0.2343 instance_nce=0.0000 cluster_nce=0.0000 
batch=0550 loss=0.6964 representation_loss=0.5754 clustering_loss=0.2421 instance_nce=0.0000 cluster_nce=0.0000 
batch=0600 loss=0.7151 representation_loss=0.5961 clustering_loss=0.2381 instance_nce=0.0000 cluster_nce=0.0000 
batch=0650 loss=0.7113 representation_loss=0.6022 clustering_loss=0.2181 instance_nce=0.0000 cluster_nce=0.0000 
batch=0700 loss=0.8610 representation_loss=0.7364 clustering_loss=0.2493 instance_nce=0.0000 cluster_nce=0.0000 
batch=0750 loss=0.8864 representation_loss=0.7566 clustering_loss=0.2597 instance_nce=0.0000 cluster_nce=0.0000 
batch=0800 loss=0.7238 representation_loss=0.6113 clustering_loss=0.2250 instance_nce=0.0000 cluster_nce=0.0000 
batch=0850 loss=0.7269 representation_loss=0.6106 clustering_loss=0.2327 instance_nce=0.0000 cluster_nce=0.0000 
Train: loss=0.7504 mstm=0.6274 instance_nce=0.0000 cluster_nce=0.0000 dec=0.2459
save checkpoint:  /root/trajectory-clustering/con-dtc/runs/porto/baseline/condtc_porto_finegrained_baseline_pre15/20260821_112638_seed123/checkpoints/condtc_best.pt
epoch=6 / num_epochs=6
batch=0050 loss=0.7265 representation_loss=0.6113 clustering_loss=0.2305 instance_nce=0.0000 cluster_nce=0.0000 
batch=0100 loss=0.6914 representation_loss=0.5659 clustering_loss=0.2510 instance_nce=0.0000 cluster_nce=0.0000 
batch=0150 loss=0.7459 representation_loss=0.6248 clustering_loss=0.2422 instance_nce=0.0000 cluster_nce=0.0000 
batch=0200 loss=0.7913 representation_loss=0.6775 clustering_loss=0.2275 instance_nce=0.0000 cluster_nce=0.0000 
batch=0250 loss=0.8068 representation_loss=0.6829 clustering_loss=0.2478 instance_nce=0.0000 cluster_nce=0.0000 
batch=0300 loss=0.7449 representation_loss=0.6225 clustering_loss=0.2448 instance_nce=0.0000 cluster_nce=0.0000 
batch=0350 loss=0.7371 representation_loss=0.6187 clustering_loss=0.2370 instance_nce=0.0000 cluster_nce=0.0000 
batch=0400 loss=0.7353 representation_loss=0.6170 clustering_loss=0.2367 instance_nce=0.0000 cluster_nce=0.0000 
batch=0450 loss=0.8456 representation_loss=0.7192 clustering_loss=0.2528 instance_nce=0.0000 cluster_nce=0.0000 
batch=0500 loss=0.6408 representation_loss=0.5260 clustering_loss=0.2296 instance_nce=0.0000 cluster_nce=0.0000 
batch=0550 loss=0.6949 representation_loss=0.5759 clustering_loss=0.2380 instance_nce=0.0000 cluster_nce=0.0000 
batch=0600 loss=0.7408 representation_loss=0.6285 clustering_loss=0.2247 instance_nce=0.0000 cluster_nce=0.0000 
batch=0650 loss=0.7306 representation_loss=0.6213 clustering_loss=0.2185 instance_nce=0.0000 cluster_nce=0.0000 
batch=0700 loss=0.7492 representation_loss=0.6360 clustering_loss=0.2264 instance_nce=0.0000 cluster_nce=0.0000 
batch=0750 loss=0.7765 representation_loss=0.6631 clustering_loss=0.2269 instance_nce=0.0000 cluster_nce=0.0000 
batch=0800 loss=0.7116 representation_loss=0.6010 clustering_loss=0.2212 instance_nce=0.0000 cluster_nce=0.0000 
batch=0850 loss=0.7051 representation_loss=0.5878 clustering_loss=0.2346 instance_nce=0.0000 cluster_nce=0.0000 
Train: loss=0.7361 mstm=0.6174 instance_nce=0.0000 cluster_nce=0.0000 dec=0.2374
save checkpoint:  /root/trajectory-clustering/con-dtc/runs/porto/baseline/condtc_porto_finegrained_baseline_pre15/20260821_112638_seed123/checkpoints/condtc_best.pt
best train_loss:  0.7361009591011267
evaluating: /root/trajectory-clustering/con-dtc/runs/porto/baseline/condtc_porto_finegrained_baseline_pre15/20260821_112638_seed123/checkpoints/condtc_best.pt
device: cuda
dataset: portoTimeNoiseFineGrained
cluster counts: tensor([1017,  874, 1531,  597, 1456,  984,  407,  536, 1006,  339, 1046,  921,
         752, 1088, 1038, 1097, 1119,  914,  964, 1027,  565, 1567, 1082, 1564,
        1737, 1496,  581])
metrics: {'uacc': 0.8565097967405237, 'nmi': 0.9187599316476401, 'ri': 0.9838041428786269, 'ari': 0.7864396309751284}
metrics saved: /root/trajectory-clustering/con-dtc/runs/porto/baseline/condtc_porto_finegrained_baseline_pre15/20260821_112638_seed123/metrics.json
