experiment initialized
run directory: /root/trajectory-clustering/con-dtc/runs/condtc_qd_ema_staged_s3_m09/20260816_220749_seed2026
config snapshot: /root/trajectory-clustering/con-dtc/runs/condtc_qd_ema_staged_s3_m09/20260816_220749_seed2026/config.yaml
device: cuda
pretrain checkpoint: /root/trajectory-clustering/con-dtc/checkpoints/sttraj2vec_pretrain_paper_15ep.pt
epoch=1 / num_epochs=6
batch=0050 loss=1.1425 representation_loss=0.9502 clustering_loss=0.3846 instance_nce=3.4862 cluster_nce=2.3926 
batch=0100 loss=1.2458 representation_loss=1.0504 clustering_loss=0.3907 instance_nce=3.4718 cluster_nce=2.4177 
batch=0150 loss=1.0822 representation_loss=0.8810 clustering_loss=0.4024 instance_nce=3.4622 cluster_nce=2.4080 
batch=0200 loss=1.1439 representation_loss=0.9759 clustering_loss=0.3359 instance_nce=3.4991 cluster_nce=2.3710 
batch=0250 loss=1.1726 representation_loss=1.0075 clustering_loss=0.3303 instance_nce=3.4743 cluster_nce=2.3967 
batch=0300 loss=1.0769 representation_loss=0.9114 clustering_loss=0.3309 instance_nce=3.4768 cluster_nce=2.3934 
batch=0350 loss=1.0888 representation_loss=0.8819 clustering_loss=0.4136 instance_nce=3.4754 cluster_nce=2.4027 
Train: loss=1.1455 mstm=0.9570 instance_nce=3.4843 cluster_nce=2.4063 dec=0.3770
save checkpoint:  /root/trajectory-clustering/con-dtc/runs/condtc_qd_ema_staged_s3_m09/20260816_220749_seed2026/checkpoints/condtc_best.pt
epoch=2 / num_epochs=6
batch=0050 loss=0.9607 representation_loss=0.8276 clustering_loss=0.2662 instance_nce=3.4693 cluster_nce=2.3801 
batch=0100 loss=0.9629 representation_loss=0.8236 clustering_loss=0.2787 instance_nce=3.4543 cluster_nce=2.3978 
batch=0150 loss=0.9452 representation_loss=0.8044 clustering_loss=0.2816 instance_nce=3.4644 cluster_nce=2.4020 
batch=0200 loss=0.9457 representation_loss=0.8103 clustering_loss=0.2707 instance_nce=3.4766 cluster_nce=2.4119 
batch=0250 loss=1.1337 representation_loss=1.0107 clustering_loss=0.2461 instance_nce=3.4584 cluster_nce=2.4101 
batch=0300 loss=1.0750 representation_loss=0.9560 clustering_loss=0.2381 instance_nce=3.4974 cluster_nce=2.3848 
batch=0350 loss=1.1823 representation_loss=1.0538 clustering_loss=0.2569 instance_nce=3.4568 cluster_nce=2.3653 
Train: loss=1.0699 mstm=0.9367 instance_nce=3.4647 cluster_nce=2.3825 dec=0.2662
save checkpoint:  /root/trajectory-clustering/con-dtc/runs/condtc_qd_ema_staged_s3_m09/20260816_220749_seed2026/checkpoints/condtc_best.pt
epoch=3 / num_epochs=6
batch=0050 loss=1.0340 representation_loss=0.9102 clustering_loss=0.2476 instance_nce=3.4697 cluster_nce=2.3867 
batch=0100 loss=1.0819 representation_loss=0.9614 clustering_loss=0.2409 instance_nce=3.4466 cluster_nce=2.3715 
batch=0150 loss=1.1211 representation_loss=1.0035 clustering_loss=0.2352 instance_nce=3.4535 cluster_nce=2.3764 
batch=0200 loss=0.9451 representation_loss=0.8381 clustering_loss=0.2139 instance_nce=3.4890 cluster_nce=2.3766 
batch=0250 loss=1.0270 representation_loss=0.9103 clustering_loss=0.2334 instance_nce=3.4355 cluster_nce=2.3749 
batch=0300 loss=1.0644 representation_loss=0.9518 clustering_loss=0.2252 instance_nce=3.4696 cluster_nce=2.4024 
batch=0350 loss=1.0674 representation_loss=0.9696 clustering_loss=0.1957 instance_nce=3.4311 cluster_nce=2.3500 
Train: loss=1.0451 mstm=0.9328 instance_nce=3.4543 cluster_nce=2.3750 dec=0.2245
save checkpoint:  /root/trajectory-clustering/con-dtc/runs/condtc_qd_ema_staged_s3_m09/20260816_220749_seed2026/checkpoints/condtc_best.pt
epoch=4 / num_epochs=6
batch=0050 loss=0.9745 representation_loss=0.8645 clustering_loss=0.2201 instance_nce=3.4638 cluster_nce=2.3451 
batch=0100 loss=0.8786 representation_loss=0.7767 clustering_loss=0.2039 instance_nce=3.4449 cluster_nce=2.3908 
batch=0150 loss=0.9842 representation_loss=0.8852 clustering_loss=0.1978 instance_nce=3.4600 cluster_nce=2.3743 
batch=0200 loss=0.9737 representation_loss=0.8738 clustering_loss=0.1998 instance_nce=3.4300 cluster_nce=2.3434 
batch=0250 loss=0.9766 representation_loss=0.8839 clustering_loss=0.1855 instance_nce=3.4464 cluster_nce=2.3800 
batch=0300 loss=1.0304 representation_loss=0.9326 clustering_loss=0.1956 instance_nce=3.4707 cluster_nce=2.3980 
batch=0350 loss=0.9845 representation_loss=0.8925 clustering_loss=0.1841 instance_nce=3.4465 cluster_nce=2.3692 
Train: loss=1.0214 mstm=0.9205 instance_nce=3.4467 cluster_nce=2.3700 dec=0.2017
save checkpoint:  /root/trajectory-clustering/con-dtc/runs/condtc_qd_ema_staged_s3_m09/20260816_220749_seed2026/checkpoints/condtc_best.pt
epoch=5 / num_epochs=6
batch=0050 loss=1.1256 representation_loss=1.0201 clustering_loss=0.2110 instance_nce=3.4298 cluster_nce=2.3490 
batch=0100 loss=1.1072 representation_loss=1.0074 clustering_loss=0.1996 instance_nce=3.4782 cluster_nce=2.4141 
batch=0150 loss=0.9279 representation_loss=0.8242 clustering_loss=0.2074 instance_nce=3.4573 cluster_nce=2.3966 
batch=0200 loss=0.9469 representation_loss=0.8592 clustering_loss=0.1754 instance_nce=3.4013 cluster_nce=2.3615 
batch=0250 loss=0.9439 representation_loss=0.8605 clustering_loss=0.1668 instance_nce=3.4216 cluster_nce=2.3509 
batch=0300 loss=1.0779 representation_loss=0.9840 clustering_loss=0.1878 instance_nce=3.4403 cluster_nce=2.3828 
batch=0350 loss=1.0480 representation_loss=0.9478 clustering_loss=0.2003 instance_nce=3.4201 cluster_nce=2.3503 
Train: loss=1.0123 mstm=0.9187 instance_nce=3.4367 cluster_nce=2.3667 dec=0.1873
save checkpoint:  /root/trajectory-clustering/con-dtc/runs/condtc_qd_ema_staged_s3_m09/20260816_220749_seed2026/checkpoints/condtc_best.pt
epoch=6 / num_epochs=6
batch=0050 loss=1.1074 representation_loss=1.0218 clustering_loss=0.1713 instance_nce=3.4199 cluster_nce=2.3672 
batch=0100 loss=1.0363 representation_loss=0.9571 clustering_loss=0.1584 instance_nce=3.4125 cluster_nce=2.3551 
batch=0150 loss=1.0582 representation_loss=0.9665 clustering_loss=0.1834 instance_nce=3.4085 cluster_nce=2.3686 
batch=0200 loss=1.0085 representation_loss=0.9212 clustering_loss=0.1746 instance_nce=3.4293 cluster_nce=2.3680 
batch=0250 loss=1.0454 representation_loss=0.9382 clustering_loss=0.2144 instance_nce=3.4320 cluster_nce=2.3733 
batch=0300 loss=0.9458 representation_loss=0.8582 clustering_loss=0.1752 instance_nce=3.4065 cluster_nce=2.3651 
batch=0350 loss=0.9536 representation_loss=0.8752 clustering_loss=0.1568 instance_nce=3.4236 cluster_nce=2.3362 
Train: loss=0.9849 mstm=0.8966 instance_nce=3.4306 cluster_nce=2.3640 dec=0.1766
save checkpoint:  /root/trajectory-clustering/con-dtc/runs/condtc_qd_ema_staged_s3_m09/20260816_220749_seed2026/checkpoints/condtc_best.pt
best train_loss:  0.9848775153980301
evaluating: /root/trajectory-clustering/con-dtc/runs/condtc_qd_ema_staged_s3_m09/20260816_220749_seed2026/checkpoints/condtc_best.pt
device: cuda
cluster counts: tensor([ 751, 1003, 1490,   82, 1000, 1288,  972,  439, 1875,  944,  610, 1150])
metrics: {'uacc': 0.7911065149948294, 'nmi': 0.8699707895235095, 'ri': 0.955573572822562, 'ari': 0.7355983338968168}
metrics saved: /root/trajectory-clustering/con-dtc/runs/condtc_qd_ema_staged_s3_m09/20260816_220749_seed2026/metrics.json
