experiment initialized
run directory: /root/trajectory-clustering/con-dtc/runs/condtc_qd_ema_staged_s3_m08/20260816_210429_seed123
config snapshot: /root/trajectory-clustering/con-dtc/runs/condtc_qd_ema_staged_s3_m08/20260816_210429_seed123/config.yaml
device: cuda
pretrain checkpoint: /root/trajectory-clustering/con-dtc/checkpoints/sttraj2vec_pretrain_paper_15ep.pt
epoch=1 / num_epochs=6
batch=0050 loss=1.1286 representation_loss=0.9030 clustering_loss=0.4513 instance_nce=3.6067 cluster_nce=2.3595 
batch=0100 loss=1.0787 representation_loss=0.8455 clustering_loss=0.4665 instance_nce=3.6287 cluster_nce=2.3642 
batch=0150 loss=1.2206 representation_loss=1.0481 clustering_loss=0.3450 instance_nce=3.5984 cluster_nce=2.3466 
batch=0200 loss=1.1053 representation_loss=0.9420 clustering_loss=0.3266 instance_nce=3.6288 cluster_nce=2.3677 
batch=0250 loss=1.0986 representation_loss=0.9124 clustering_loss=0.3724 instance_nce=3.6574 cluster_nce=2.3642 
batch=0300 loss=1.0505 representation_loss=0.8672 clustering_loss=0.3668 instance_nce=3.6164 cluster_nce=2.3272 
batch=0350 loss=1.1928 representation_loss=1.0299 clustering_loss=0.3259 instance_nce=3.6750 cluster_nce=2.3679 
Train: loss=1.1488 mstm=0.9602 instance_nce=3.6168 cluster_nce=2.3567 dec=0.3772
save checkpoint:  /root/trajectory-clustering/con-dtc/runs/condtc_qd_ema_staged_s3_m08/20260816_210429_seed123/checkpoints/condtc_best.pt
epoch=2 / num_epochs=6
batch=0050 loss=0.9917 representation_loss=0.8540 clustering_loss=0.2754 instance_nce=3.5850 cluster_nce=2.3391 
batch=0100 loss=1.0593 representation_loss=0.9248 clustering_loss=0.2690 instance_nce=3.6031 cluster_nce=2.3264 
batch=0150 loss=1.2753 representation_loss=1.1292 clustering_loss=0.2921 instance_nce=3.6081 cluster_nce=2.3502 
batch=0200 loss=1.1449 representation_loss=1.0074 clustering_loss=0.2751 instance_nce=3.6071 cluster_nce=2.3566 
batch=0250 loss=1.0364 representation_loss=0.9152 clustering_loss=0.2425 instance_nce=3.6055 cluster_nce=2.3333 
batch=0300 loss=1.1206 representation_loss=0.9850 clustering_loss=0.2711 instance_nce=3.5871 cluster_nce=2.3208 
batch=0350 loss=1.0740 representation_loss=0.9572 clustering_loss=0.2336 instance_nce=3.5513 cluster_nce=2.3408 
Train: loss=1.0793 mstm=0.9444 instance_nce=3.6005 cluster_nce=2.3371 dec=0.2699
save checkpoint:  /root/trajectory-clustering/con-dtc/runs/condtc_qd_ema_staged_s3_m08/20260816_210429_seed123/checkpoints/condtc_best.pt
epoch=3 / num_epochs=6
batch=0050 loss=0.9351 representation_loss=0.8173 clustering_loss=0.2357 instance_nce=3.5744 cluster_nce=2.3360 
batch=0100 loss=0.9947 representation_loss=0.8644 clustering_loss=0.2606 instance_nce=3.6120 cluster_nce=2.3425 
batch=0150 loss=1.1452 representation_loss=1.0326 clustering_loss=0.2252 instance_nce=3.5784 cluster_nce=2.3242 
batch=0200 loss=1.1102 representation_loss=1.0095 clustering_loss=0.2013 instance_nce=3.5827 cluster_nce=2.3297 
batch=0250 loss=1.0177 representation_loss=0.9064 clustering_loss=0.2227 instance_nce=3.6052 cluster_nce=2.3117 
batch=0300 loss=0.9516 representation_loss=0.8526 clustering_loss=0.1979 instance_nce=3.5625 cluster_nce=2.3095 
batch=0350 loss=1.0255 representation_loss=0.9238 clustering_loss=0.2035 instance_nce=3.5819 cluster_nce=2.3183 
Train: loss=1.0452 mstm=0.9318 instance_nce=3.5882 cluster_nce=2.3287 dec=0.2268
save checkpoint:  /root/trajectory-clustering/con-dtc/runs/condtc_qd_ema_staged_s3_m08/20260816_210429_seed123/checkpoints/condtc_best.pt
epoch=4 / num_epochs=6
batch=0050 loss=1.0125 representation_loss=0.9010 clustering_loss=0.2230 instance_nce=3.5809 cluster_nce=2.3084 
batch=0100 loss=1.0247 representation_loss=0.9176 clustering_loss=0.2141 instance_nce=3.5506 cluster_nce=2.3163 
batch=0150 loss=0.8481 representation_loss=0.7539 clustering_loss=0.1885 instance_nce=3.5596 cluster_nce=2.3023 
batch=0200 loss=0.9219 representation_loss=0.8229 clustering_loss=0.1981 instance_nce=3.5662 cluster_nce=2.3223 
batch=0250 loss=1.1942 representation_loss=1.0965 clustering_loss=0.1955 instance_nce=3.5462 cluster_nce=2.3127 
batch=0300 loss=1.1645 representation_loss=1.0584 clustering_loss=0.2123 instance_nce=3.5611 cluster_nce=2.3127 
batch=0350 loss=1.0567 representation_loss=0.9570 clustering_loss=0.1994 instance_nce=3.5829 cluster_nce=2.3135 
Train: loss=1.0200 mstm=0.9175 instance_nce=3.5782 cluster_nce=2.3251 dec=0.2049
save checkpoint:  /root/trajectory-clustering/con-dtc/runs/condtc_qd_ema_staged_s3_m08/20260816_210429_seed123/checkpoints/condtc_best.pt
epoch=5 / num_epochs=6
batch=0050 loss=1.0618 representation_loss=0.9656 clustering_loss=0.1926 instance_nce=3.5927 cluster_nce=2.3192 
batch=0100 loss=1.1094 representation_loss=1.0105 clustering_loss=0.1977 instance_nce=3.5487 cluster_nce=2.3096 
batch=0150 loss=1.0578 representation_loss=0.9759 clustering_loss=0.1638 instance_nce=3.5404 cluster_nce=2.3096 
batch=0200 loss=0.9990 representation_loss=0.9028 clustering_loss=0.1923 instance_nce=3.5637 cluster_nce=2.3255 
batch=0250 loss=1.0418 representation_loss=0.9544 clustering_loss=0.1749 instance_nce=3.5322 cluster_nce=2.3133 
batch=0300 loss=1.0235 representation_loss=0.9293 clustering_loss=0.1884 instance_nce=3.5582 cluster_nce=2.2993 
batch=0350 loss=0.9370 representation_loss=0.8438 clustering_loss=0.1864 instance_nce=3.5423 cluster_nce=2.3093 
Train: loss=1.0081 mstm=0.9128 instance_nce=3.5676 cluster_nce=2.3210 dec=0.1907
save checkpoint:  /root/trajectory-clustering/con-dtc/runs/condtc_qd_ema_staged_s3_m08/20260816_210429_seed123/checkpoints/condtc_best.pt
epoch=6 / num_epochs=6
batch=0050 loss=0.9558 representation_loss=0.8695 clustering_loss=0.1726 instance_nce=3.5421 cluster_nce=2.3237 
batch=0100 loss=1.1546 representation_loss=1.0639 clustering_loss=0.1814 instance_nce=3.5537 cluster_nce=2.3128 
batch=0150 loss=1.0338 representation_loss=0.9505 clustering_loss=0.1665 instance_nce=3.5315 cluster_nce=2.3232 
batch=0200 loss=1.1868 representation_loss=1.0878 clustering_loss=0.1981 instance_nce=3.6109 cluster_nce=2.3390 
batch=0250 loss=0.9906 representation_loss=0.8969 clustering_loss=0.1874 instance_nce=3.5485 cluster_nce=2.3166 
batch=0300 loss=1.0701 representation_loss=0.9674 clustering_loss=0.2053 instance_nce=3.5817 cluster_nce=2.3374 
batch=0350 loss=1.0289 representation_loss=0.9390 clustering_loss=0.1797 instance_nce=3.5350 cluster_nce=2.3215 
Train: loss=0.9901 mstm=0.8996 instance_nce=3.5566 cluster_nce=2.3174 dec=0.1809
save checkpoint:  /root/trajectory-clustering/con-dtc/runs/condtc_qd_ema_staged_s3_m08/20260816_210429_seed123/checkpoints/condtc_best.pt
best train_loss:  0.9900613959515271
evaluating: /root/trajectory-clustering/con-dtc/runs/condtc_qd_ema_staged_s3_m08/20260816_210429_seed123/checkpoints/condtc_best.pt
device: cuda
cluster counts: tensor([ 933, 1572,  944, 1203, 1912, 1003,   45, 1000,  725,  968,  326,  973])
metrics: {'uacc': 0.7892106170286108, 'nmi': 0.8844649748452453, 'ri': 0.957931201629409, 'ari': 0.7511403674652747}
metrics saved: /root/trajectory-clustering/con-dtc/runs/condtc_qd_ema_staged_s3_m08/20260816_210429_seed123/metrics.json
