experiment initialized
run directory: /root/trajectory-clustering/con-dtc/runs/condtc_qd_s3_m07_entropy_target_mix/20260814_151442_seed123
config snapshot: /root/trajectory-clustering/con-dtc/runs/condtc_qd_s3_m07_entropy_target_mix/20260814_151442_seed123/config.yaml
device: cuda
pretrain checkpoint: /root/trajectory-clustering/con-dtc/checkpoints/sttraj2vec_pretrain_paper_15ep.pt
epoch=1 / num_epochs=6
batch=0050 loss=1.1286 representation_loss=0.9030 clustering_loss=0.4513 instance_nce=3.6067 cluster_nce=2.3595 
batch=0100 loss=1.0787 representation_loss=0.8455 clustering_loss=0.4665 instance_nce=3.6287 cluster_nce=2.3642 
batch=0150 loss=1.2206 representation_loss=1.0481 clustering_loss=0.3450 instance_nce=3.5984 cluster_nce=2.3466 
batch=0200 loss=1.1053 representation_loss=0.9420 clustering_loss=0.3266 instance_nce=3.6288 cluster_nce=2.3677 
batch=0250 loss=1.0986 representation_loss=0.9124 clustering_loss=0.3724 instance_nce=3.6574 cluster_nce=2.3642 
batch=0300 loss=1.0505 representation_loss=0.8672 clustering_loss=0.3668 instance_nce=3.6164 cluster_nce=2.3272 
batch=0350 loss=1.1928 representation_loss=1.0299 clustering_loss=0.3259 instance_nce=3.6750 cluster_nce=2.3679 
Train: loss=1.1488 mstm=0.9602 instance_nce=3.6168 cluster_nce=2.3567 dec=0.3772
save checkpoint:  /root/trajectory-clustering/con-dtc/runs/condtc_qd_s3_m07_entropy_target_mix/20260814_151442_seed123/checkpoints/condtc_best.pt
epoch=2 / num_epochs=6
batch=0050 loss=0.9917 representation_loss=0.8540 clustering_loss=0.2754 instance_nce=3.5850 cluster_nce=2.3391 
batch=0100 loss=1.0593 representation_loss=0.9248 clustering_loss=0.2690 instance_nce=3.6031 cluster_nce=2.3264 
batch=0150 loss=1.2753 representation_loss=1.1292 clustering_loss=0.2921 instance_nce=3.6081 cluster_nce=2.3502 
batch=0200 loss=1.1449 representation_loss=1.0074 clustering_loss=0.2751 instance_nce=3.6071 cluster_nce=2.3566 
batch=0250 loss=1.0364 representation_loss=0.9152 clustering_loss=0.2425 instance_nce=3.6055 cluster_nce=2.3333 
batch=0300 loss=1.1206 representation_loss=0.9850 clustering_loss=0.2711 instance_nce=3.5871 cluster_nce=2.3208 
batch=0350 loss=1.0740 representation_loss=0.9572 clustering_loss=0.2336 instance_nce=3.5513 cluster_nce=2.3408 
Train: loss=1.0793 mstm=0.9444 instance_nce=3.6005 cluster_nce=2.3371 dec=0.2699
save checkpoint:  /root/trajectory-clustering/con-dtc/runs/condtc_qd_s3_m07_entropy_target_mix/20260814_151442_seed123/checkpoints/condtc_best.pt
epoch=3 / num_epochs=6
batch=0050 loss=0.9392 representation_loss=0.8173 clustering_loss=0.2436 instance_nce=3.5743 cluster_nce=2.3362 
batch=0100 loss=0.9938 representation_loss=0.8642 clustering_loss=0.2592 instance_nce=3.6115 cluster_nce=2.3429 
batch=0150 loss=1.1471 representation_loss=1.0326 clustering_loss=0.2289 instance_nce=3.5778 cluster_nce=2.3244 
batch=0200 loss=1.1117 representation_loss=1.0092 clustering_loss=0.2049 instance_nce=3.5826 cluster_nce=2.3301 
batch=0250 loss=1.0199 representation_loss=0.9065 clustering_loss=0.2269 instance_nce=3.6051 cluster_nce=2.3122 
batch=0300 loss=0.9515 representation_loss=0.8521 clustering_loss=0.1987 instance_nce=3.5618 cluster_nce=2.3097 
batch=0350 loss=1.0264 representation_loss=0.9237 clustering_loss=0.2055 instance_nce=3.5809 cluster_nce=2.3187 
Train: loss=1.0466 mstm=0.9318 instance_nce=3.5879 cluster_nce=2.3290 dec=0.2296
save checkpoint:  /root/trajectory-clustering/con-dtc/runs/condtc_qd_s3_m07_entropy_target_mix/20260814_151442_seed123/checkpoints/condtc_best.pt
epoch=4 / num_epochs=6
batch=0050 loss=1.0154 representation_loss=0.9011 clustering_loss=0.2285 instance_nce=3.5810 cluster_nce=2.3088 
batch=0100 loss=1.0265 representation_loss=0.9178 clustering_loss=0.2173 instance_nce=3.5498 cluster_nce=2.3164 
batch=0150 loss=0.8512 representation_loss=0.7546 clustering_loss=0.1931 instance_nce=3.5585 cluster_nce=2.3028 
batch=0200 loss=0.9268 representation_loss=0.8236 clustering_loss=0.2065 instance_nce=3.5652 cluster_nce=2.3224 
batch=0250 loss=1.1962 representation_loss=1.0967 clustering_loss=0.1990 instance_nce=3.5454 cluster_nce=2.3131 
batch=0300 loss=1.1675 representation_loss=1.0588 clustering_loss=0.2174 instance_nce=3.5602 cluster_nce=2.3134 
batch=0350 loss=1.0588 representation_loss=0.9573 clustering_loss=0.2029 instance_nce=3.5826 cluster_nce=2.3129 
Train: loss=1.0228 mstm=0.9176 instance_nce=3.5774 cluster_nce=2.3253 dec=0.2102
save checkpoint:  /root/trajectory-clustering/con-dtc/runs/condtc_qd_s3_m07_entropy_target_mix/20260814_151442_seed123/checkpoints/condtc_best.pt
epoch=5 / num_epochs=6
batch=0050 loss=1.0667 representation_loss=0.9666 clustering_loss=0.2003 instance_nce=3.5916 cluster_nce=2.3192 
batch=0100 loss=1.1125 representation_loss=1.0109 clustering_loss=0.2032 instance_nce=3.5473 cluster_nce=2.3099 
batch=0150 loss=1.0616 representation_loss=0.9765 clustering_loss=0.1701 instance_nce=3.5392 cluster_nce=2.3094 
batch=0200 loss=1.0021 representation_loss=0.9021 clustering_loss=0.2001 instance_nce=3.5619 cluster_nce=2.3250 
batch=0250 loss=1.0448 representation_loss=0.9550 clustering_loss=0.1797 instance_nce=3.5312 cluster_nce=2.3135 
batch=0300 loss=1.0255 representation_loss=0.9297 clustering_loss=0.1916 instance_nce=3.5570 cluster_nce=2.2999 
batch=0350 loss=0.9404 representation_loss=0.8446 clustering_loss=0.1916 instance_nce=3.5408 cluster_nce=2.3091 
Train: loss=1.0111 mstm=0.9130 instance_nce=3.5664 cluster_nce=2.3212 dec=0.1962
save checkpoint:  /root/trajectory-clustering/con-dtc/runs/condtc_qd_s3_m07_entropy_target_mix/20260814_151442_seed123/checkpoints/condtc_best.pt
epoch=6 / num_epochs=6
batch=0050 loss=0.9624 representation_loss=0.8702 clustering_loss=0.1845 instance_nce=3.5404 cluster_nce=2.3253 
batch=0100 loss=1.1597 representation_loss=1.0640 clustering_loss=0.1915 instance_nce=3.5525 cluster_nce=2.3116 
batch=0150 loss=1.0370 representation_loss=0.9503 clustering_loss=0.1736 instance_nce=3.5303 cluster_nce=2.3241 
batch=0200 loss=1.1904 representation_loss=1.0882 clustering_loss=0.2044 instance_nce=3.6091 cluster_nce=2.3393 
batch=0250 loss=0.9953 representation_loss=0.8964 clustering_loss=0.1979 instance_nce=3.5465 cluster_nce=2.3171 
batch=0300 loss=1.0751 representation_loss=0.9677 clustering_loss=0.2148 instance_nce=3.5799 cluster_nce=2.3376 
batch=0350 loss=1.0321 representation_loss=0.9379 clustering_loss=0.1884 instance_nce=3.5339 cluster_nce=2.3220 
Train: loss=0.9938 mstm=0.8999 instance_nce=3.5551 cluster_nce=2.3174 dec=0.1879
save checkpoint:  /root/trajectory-clustering/con-dtc/runs/condtc_qd_s3_m07_entropy_target_mix/20260814_151442_seed123/checkpoints/condtc_best.pt
best train_loss:  0.9938485020401149
evaluating: /root/trajectory-clustering/con-dtc/runs/condtc_qd_s3_m07_entropy_target_mix/20260814_151442_seed123/checkpoints/condtc_best.pt
device: cuda
cluster counts: tensor([ 933, 1653,  944, 1222, 1938, 1003,   19, 1000,  707,  968,  245,  972])
metrics: {'uacc': 0.7822302654257153, 'nmi': 0.8860957036823757, 'ri': 0.9573759481606567, 'ari': 0.7508817085231855}
metrics saved: /root/trajectory-clustering/con-dtc/runs/condtc_qd_s3_m07_entropy_target_mix/20260814_151442_seed123/metrics.json
