experiment initialized
run directory: /root/trajectory-clustering/con-dtc/runs/condtc_qd_late_s3_m06_w/20260814_085927_seed19721013
config snapshot: /root/trajectory-clustering/con-dtc/runs/condtc_qd_late_s3_m06_w/20260814_085927_seed19721013/config.yaml
device: cuda
pretrain checkpoint: /root/trajectory-clustering/con-dtc/checkpoints/sttraj2vec_pretrain_paper_15ep.pt
epoch=1 / num_epochs=6
batch=0050 loss=1.1629 representation_loss=0.9304 clustering_loss=0.4650 instance_nce=3.5702 cluster_nce=2.3243 
batch=0100 loss=1.1673 representation_loss=0.9701 clustering_loss=0.3943 instance_nce=3.5546 cluster_nce=2.3284 
batch=0150 loss=1.1958 representation_loss=1.0006 clustering_loss=0.3905 instance_nce=3.5938 cluster_nce=2.3155 
batch=0200 loss=1.1558 representation_loss=0.9846 clustering_loss=0.3425 instance_nce=3.5420 cluster_nce=2.2985 
batch=0250 loss=1.2080 representation_loss=1.0177 clustering_loss=0.3806 instance_nce=3.5584 cluster_nce=2.3128 
batch=0300 loss=1.1944 representation_loss=1.0261 clustering_loss=0.3367 instance_nce=3.5415 cluster_nce=2.3001 
batch=0350 loss=1.0127 representation_loss=0.8208 clustering_loss=0.3838 instance_nce=3.5150 cluster_nce=2.2909 
Train: loss=1.1389 mstm=0.9508 instance_nce=3.5503 cluster_nce=2.3165 dec=0.3762
save checkpoint:  /root/trajectory-clustering/con-dtc/runs/condtc_qd_late_s3_m06_w/20260814_085927_seed19721013/checkpoints/condtc_best.pt
epoch=2 / num_epochs=6
batch=0050 loss=1.0379 representation_loss=0.8879 clustering_loss=0.2999 instance_nce=3.5480 cluster_nce=2.3165 
batch=0100 loss=1.0682 representation_loss=0.9316 clustering_loss=0.2731 instance_nce=3.5515 cluster_nce=2.2992 
batch=0150 loss=1.1133 representation_loss=0.9795 clustering_loss=0.2677 instance_nce=3.5335 cluster_nce=2.2971 
batch=0200 loss=1.1861 representation_loss=1.0490 clustering_loss=0.2743 instance_nce=3.5356 cluster_nce=2.3178 
batch=0250 loss=1.0656 representation_loss=0.9316 clustering_loss=0.2680 instance_nce=3.5151 cluster_nce=2.2852 
batch=0300 loss=1.1050 representation_loss=0.9811 clustering_loss=0.2478 instance_nce=3.5328 cluster_nce=2.3112 
batch=0350 loss=1.0381 representation_loss=0.9247 clustering_loss=0.2268 instance_nce=3.5192 cluster_nce=2.2892 
Train: loss=1.0671 mstm=0.9336 instance_nce=3.5281 cluster_nce=2.3015 dec=0.2670
save checkpoint:  /root/trajectory-clustering/con-dtc/runs/condtc_qd_late_s3_m06_w/20260814_085927_seed19721013/checkpoints/condtc_best.pt
epoch=3 / num_epochs=6
batch=0050 loss=1.0709 representation_loss=0.9364 clustering_loss=0.2689 instance_nce=3.5160 cluster_nce=2.3035 
batch=0100 loss=1.0708 representation_loss=0.9393 clustering_loss=0.2631 instance_nce=3.5416 cluster_nce=2.3167 
batch=0150 loss=1.1206 representation_loss=0.9980 clustering_loss=0.2454 instance_nce=3.5226 cluster_nce=2.3109 
batch=0200 loss=1.0194 representation_loss=0.9076 clustering_loss=0.2235 instance_nce=3.4964 cluster_nce=2.2897 
batch=0250 loss=1.0134 representation_loss=0.9073 clustering_loss=0.2122 instance_nce=3.4834 cluster_nce=2.2839 
batch=0300 loss=0.9497 representation_loss=0.8349 clustering_loss=0.2296 instance_nce=3.5296 cluster_nce=2.2965 
batch=0350 loss=1.0494 representation_loss=0.9388 clustering_loss=0.2212 instance_nce=3.4908 cluster_nce=2.2932 
Train: loss=1.0522 mstm=0.9320 instance_nce=3.5198 cluster_nce=2.2966 dec=0.2405
save checkpoint:  /root/trajectory-clustering/con-dtc/runs/condtc_qd_late_s3_m06_w/20260814_085927_seed19721013/checkpoints/condtc_best.pt
epoch=4 / num_epochs=6
batch=0050 loss=0.9895 representation_loss=0.8774 clustering_loss=0.2243 instance_nce=3.4911 cluster_nce=2.3034 
batch=0100 loss=0.8763 representation_loss=0.7596 clustering_loss=0.2333 instance_nce=3.5107 cluster_nce=2.2884 
batch=0150 loss=1.0238 representation_loss=0.9258 clustering_loss=0.1960 instance_nce=3.5048 cluster_nce=2.2863 
batch=0200 loss=1.0314 representation_loss=0.9267 clustering_loss=0.2096 instance_nce=3.4989 cluster_nce=2.2905 
batch=0250 loss=1.0006 representation_loss=0.9006 clustering_loss=0.2000 instance_nce=3.5365 cluster_nce=2.2942 
batch=0300 loss=1.0411 representation_loss=0.9469 clustering_loss=0.1884 instance_nce=3.4848 cluster_nce=2.2916 
batch=0350 loss=1.0005 representation_loss=0.8972 clustering_loss=0.2065 instance_nce=3.4786 cluster_nce=2.2753 
Train: loss=1.0253 mstm=0.9134 instance_nce=3.5093 cluster_nce=2.2946 dec=0.2237
save checkpoint:  /root/trajectory-clustering/con-dtc/runs/condtc_qd_late_s3_m06_w/20260814_085927_seed19721013/checkpoints/condtc_best.pt
epoch=5 / num_epochs=6
batch=0050 loss=0.9583 representation_loss=0.8498 clustering_loss=0.2170 instance_nce=3.4722 cluster_nce=2.2897 
batch=0100 loss=0.9322 representation_loss=0.8275 clustering_loss=0.2094 instance_nce=3.4973 cluster_nce=2.2885 
batch=0150 loss=1.0308 representation_loss=0.9303 clustering_loss=0.2010 instance_nce=3.4971 cluster_nce=2.2967 
batch=0200 loss=1.0050 representation_loss=0.8972 clustering_loss=0.2157 instance_nce=3.5066 cluster_nce=2.2945 
batch=0250 loss=0.9916 representation_loss=0.8884 clustering_loss=0.2064 instance_nce=3.4997 cluster_nce=2.2777 
batch=0300 loss=0.9509 representation_loss=0.8569 clustering_loss=0.1880 instance_nce=3.4804 cluster_nce=2.2854 
batch=0350 loss=0.9421 representation_loss=0.8177 clustering_loss=0.2487 instance_nce=3.4979 cluster_nce=2.2985 
Train: loss=1.0217 mstm=0.9153 instance_nce=3.4991 cluster_nce=2.2918 dec=0.2127
save checkpoint:  /root/trajectory-clustering/con-dtc/runs/condtc_qd_late_s3_m06_w/20260814_085927_seed19721013/checkpoints/condtc_best.pt
epoch=6 / num_epochs=6
batch=0050 loss=0.9831 representation_loss=0.8836 clustering_loss=0.1989 instance_nce=3.4971 cluster_nce=2.2736 
batch=0100 loss=1.0679 representation_loss=0.9568 clustering_loss=0.2222 instance_nce=3.4660 cluster_nce=2.2846 
batch=0150 loss=0.9514 representation_loss=0.8495 clustering_loss=0.2038 instance_nce=3.4826 cluster_nce=2.2803 
batch=0200 loss=1.0265 representation_loss=0.9260 clustering_loss=0.2009 instance_nce=3.4809 cluster_nce=2.2790 
batch=0250 loss=0.9861 representation_loss=0.8787 clustering_loss=0.2149 instance_nce=3.5319 cluster_nce=2.2879 
batch=0300 loss=1.1222 representation_loss=1.0222 clustering_loss=0.2001 instance_nce=3.4703 cluster_nce=2.2842 
batch=0350 loss=1.0691 representation_loss=0.9721 clustering_loss=0.1941 instance_nce=3.5005 cluster_nce=2.3220 
Train: loss=1.0116 mstm=0.9093 instance_nce=3.4897 cluster_nce=2.2899 dec=0.2047
save checkpoint:  /root/trajectory-clustering/con-dtc/runs/condtc_qd_late_s3_m06_w/20260814_085927_seed19721013/checkpoints/condtc_best.pt
best train_loss:  1.0116191098542922
evaluating: /root/trajectory-clustering/con-dtc/runs/condtc_qd_late_s3_m06_w/20260814_085927_seed19721013/checkpoints/condtc_best.pt
device: cuda
cluster counts: tensor([1003,  968, 1957,  807,    4, 1000,    0,  972, 1894,  933, 1122,  944])
metrics: {'uacc': 0.7615477421578766, 'nmi': 0.89245389086408, 'ri': 0.9563022947238473, 'ari': 0.7516625971256816}
metrics saved: /root/trajectory-clustering/con-dtc/runs/condtc_qd_late_s3_m06_w/20260814_085927_seed19721013/metrics.json
