experiment initialized
run directory: /root/trajectory-clustering/con-dtc/runs/condtc_qd_ema_pre30_m09/20260816_184758_seed19721013
config snapshot: /root/trajectory-clustering/con-dtc/runs/condtc_qd_ema_pre30_m09/20260816_184758_seed19721013/config.yaml
device: cuda
pretrain checkpoint: /root/trajectory-clustering/con-dtc/checkpoints/sttraj2vec_pretrain_paper_30ep.pt
epoch=1 / num_epochs=6
batch=0050 loss=0.8167 representation_loss=0.6812 clustering_loss=0.2711 instance_nce=3.5694 cluster_nce=2.3124 
batch=0100 loss=0.8234 representation_loss=0.7036 clustering_loss=0.2396 instance_nce=3.5271 cluster_nce=2.3071 
batch=0150 loss=0.7708 representation_loss=0.6504 clustering_loss=0.2408 instance_nce=3.5907 cluster_nce=2.3139 
batch=0200 loss=0.7174 representation_loss=0.6170 clustering_loss=0.2007 instance_nce=3.5718 cluster_nce=2.3049 
batch=0250 loss=0.9065 representation_loss=0.8090 clustering_loss=0.1949 instance_nce=3.5292 cluster_nce=2.2942 
batch=0300 loss=0.8626 representation_loss=0.7685 clustering_loss=0.1882 instance_nce=3.5421 cluster_nce=2.2846 
batch=0350 loss=0.7103 representation_loss=0.6223 clustering_loss=0.1759 instance_nce=3.5157 cluster_nce=2.2927 
Train: loss=0.8100 mstm=0.6945 instance_nce=3.5360 cluster_nce=2.3054 dec=0.2310
save checkpoint:  /root/trajectory-clustering/con-dtc/runs/condtc_qd_ema_pre30_m09/20260816_184758_seed19721013/checkpoints/condtc_best.pt
epoch=2 / num_epochs=6
batch=0050 loss=0.6945 representation_loss=0.5878 clustering_loss=0.2134 instance_nce=3.5033 cluster_nce=2.2880 
batch=0100 loss=0.7833 representation_loss=0.6877 clustering_loss=0.1913 instance_nce=3.5274 cluster_nce=2.2801 
batch=0150 loss=0.7633 representation_loss=0.6909 clustering_loss=0.1449 instance_nce=3.5384 cluster_nce=2.2781 
batch=0200 loss=0.8441 representation_loss=0.7695 clustering_loss=0.1492 instance_nce=3.5305 cluster_nce=2.2877 
batch=0250 loss=0.6898 representation_loss=0.6235 clustering_loss=0.1327 instance_nce=3.5337 cluster_nce=2.2813 
batch=0300 loss=0.7118 representation_loss=0.6488 clustering_loss=0.1259 instance_nce=3.5416 cluster_nce=2.2790 
batch=0350 loss=0.7958 representation_loss=0.7239 clustering_loss=0.1438 instance_nce=3.5355 cluster_nce=2.2774 
Train: loss=0.7637 mstm=0.6824 instance_nce=3.5214 cluster_nce=2.2841 dec=0.1627
save checkpoint:  /root/trajectory-clustering/con-dtc/runs/condtc_qd_ema_pre30_m09/20260816_184758_seed19721013/checkpoints/condtc_best.pt
epoch=3 / num_epochs=6
batch=0050 loss=0.8161 representation_loss=0.7312 clustering_loss=0.1697 instance_nce=3.4833 cluster_nce=2.2697 
batch=0100 loss=0.7321 representation_loss=0.6572 clustering_loss=0.1497 instance_nce=3.5218 cluster_nce=2.2754 
batch=0150 loss=0.8143 representation_loss=0.7383 clustering_loss=0.1521 instance_nce=3.4987 cluster_nce=2.2737 
batch=0200 loss=0.7392 representation_loss=0.6755 clustering_loss=0.1273 instance_nce=3.4855 cluster_nce=2.2778 
batch=0250 loss=0.7805 representation_loss=0.7082 clustering_loss=0.1446 instance_nce=3.4864 cluster_nce=2.2711 
batch=0300 loss=0.7466 representation_loss=0.6755 clustering_loss=0.1423 instance_nce=3.4862 cluster_nce=2.2748 
batch=0350 loss=0.7729 representation_loss=0.6973 clustering_loss=0.1512 instance_nce=3.4903 cluster_nce=2.2726 
Train: loss=0.7561 mstm=0.6826 instance_nce=3.5096 cluster_nce=2.2782 dec=0.1470
save checkpoint:  /root/trajectory-clustering/con-dtc/runs/condtc_qd_ema_pre30_m09/20260816_184758_seed19721013/checkpoints/condtc_best.pt
epoch=4 / num_epochs=6
batch=0050 loss=0.6615 representation_loss=0.6002 clustering_loss=0.1227 instance_nce=3.4867 cluster_nce=2.2795 
batch=0100 loss=0.6520 representation_loss=0.5697 clustering_loss=0.1647 instance_nce=3.5209 cluster_nce=2.2895 
batch=0150 loss=0.7372 representation_loss=0.6629 clustering_loss=0.1486 instance_nce=3.4939 cluster_nce=2.2681 
batch=0200 loss=0.7354 representation_loss=0.6666 clustering_loss=0.1374 instance_nce=3.4732 cluster_nce=2.2679 
batch=0250 loss=0.7415 representation_loss=0.6752 clustering_loss=0.1326 instance_nce=3.5095 cluster_nce=2.2752 
batch=0300 loss=0.7144 representation_loss=0.6471 clustering_loss=0.1345 instance_nce=3.4793 cluster_nce=2.2681 
batch=0350 loss=0.6711 representation_loss=0.6017 clustering_loss=0.1388 instance_nce=3.4964 cluster_nce=2.2817 
Train: loss=0.7453 mstm=0.6752 instance_nce=3.4990 cluster_nce=2.2737 dec=0.1402
save checkpoint:  /root/trajectory-clustering/con-dtc/runs/condtc_qd_ema_pre30_m09/20260816_184758_seed19721013/checkpoints/condtc_best.pt
epoch=5 / num_epochs=6
batch=0050 loss=0.6867 representation_loss=0.6246 clustering_loss=0.1243 instance_nce=3.4632 cluster_nce=2.2665 
batch=0100 loss=0.6840 representation_loss=0.6139 clustering_loss=0.1402 instance_nce=3.5051 cluster_nce=2.2679 
batch=0150 loss=0.7558 representation_loss=0.6820 clustering_loss=0.1475 instance_nce=3.4989 cluster_nce=2.2762 
batch=0200 loss=0.6926 representation_loss=0.6253 clustering_loss=0.1346 instance_nce=3.4818 cluster_nce=2.2633 
batch=0250 loss=0.6963 representation_loss=0.6352 clustering_loss=0.1224 instance_nce=3.5425 cluster_nce=2.2763 
batch=0300 loss=0.7286 representation_loss=0.6543 clustering_loss=0.1487 instance_nce=3.4540 cluster_nce=2.2628 
batch=0350 loss=0.6761 representation_loss=0.6076 clustering_loss=0.1369 instance_nce=3.4544 cluster_nce=2.2607 
Train: loss=0.7425 mstm=0.6732 instance_nce=3.4884 cluster_nce=2.2694 dec=0.1387
save checkpoint:  /root/trajectory-clustering/con-dtc/runs/condtc_qd_ema_pre30_m09/20260816_184758_seed19721013/checkpoints/condtc_best.pt
epoch=6 / num_epochs=6
batch=0050 loss=0.6995 representation_loss=0.6329 clustering_loss=0.1333 instance_nce=3.4597 cluster_nce=2.2667 
batch=0100 loss=0.8828 representation_loss=0.8134 clustering_loss=0.1387 instance_nce=3.4386 cluster_nce=2.2626 
batch=0150 loss=0.6553 representation_loss=0.5826 clustering_loss=0.1453 instance_nce=3.4757 cluster_nce=2.2592 
batch=0200 loss=0.6706 representation_loss=0.6101 clustering_loss=0.1209 instance_nce=3.4725 cluster_nce=2.2565 
batch=0250 loss=0.7924 representation_loss=0.7190 clustering_loss=0.1467 instance_nce=3.5072 cluster_nce=2.2730 
batch=0300 loss=0.7537 representation_loss=0.6965 clustering_loss=0.1144 instance_nce=3.4584 cluster_nce=2.2611 
batch=0350 loss=0.8464 representation_loss=0.7759 clustering_loss=0.1411 instance_nce=3.4774 cluster_nce=2.2842 
Train: loss=0.7410 mstm=0.6715 instance_nce=3.4768 cluster_nce=2.2671 dec=0.1391
save checkpoint:  /root/trajectory-clustering/con-dtc/runs/condtc_qd_ema_pre30_m09/20260816_184758_seed19721013/checkpoints/condtc_best.pt
best train_loss:  0.741048505453355
evaluating: /root/trajectory-clustering/con-dtc/runs/condtc_qd_ema_pre30_m09/20260816_184758_seed19721013/checkpoints/condtc_best.pt
device: cuda
cluster counts: tensor([1003,  991, 1027,  990,  811,  966, 1000,  871,  944,  943,  968, 1090])
metrics: {'uacc': 0.9719062392278525, 'nmi': 0.9641829882965196, 'ri': 0.9912942405776918, 'ari': 0.9431252029105289}
metrics saved: /root/trajectory-clustering/con-dtc/runs/condtc_qd_ema_pre30_m09/20260816_184758_seed19721013/metrics.json
