experiment initialized
run directory: /root/trajectory-clustering/con-dtc/runs/porto/entropy_target_mix/condtc_porto_finegrained_s3_m07_p70_a015/20260821_140410_seed2026
config snapshot: /root/trajectory-clustering/con-dtc/runs/porto/entropy_target_mix/condtc_porto_finegrained_s3_m07_p70_a015/20260821_140410_seed2026/config.yaml
device: cuda
dataset: portoTimeNoiseFineGrained
pretrain checkpoint: /root/trajectory-clustering/con-dtc/checkpoints/sttraj2vec_porto_finegrained_pre15.pt
epoch=1 / num_epochs=6
batch=0050 loss=0.9140 representation_loss=0.6448 clustering_loss=0.5386 instance_nce=0.0000 cluster_nce=0.0000 
batch=0100 loss=0.9079 representation_loss=0.6539 clustering_loss=0.5081 instance_nce=0.0000 cluster_nce=0.0000 
batch=0150 loss=0.9780 representation_loss=0.7662 clustering_loss=0.4236 instance_nce=0.0000 cluster_nce=0.0000 
batch=0200 loss=0.9005 representation_loss=0.6594 clustering_loss=0.4821 instance_nce=0.0000 cluster_nce=0.0000 
batch=0250 loss=0.9964 representation_loss=0.8002 clustering_loss=0.3925 instance_nce=0.0000 cluster_nce=0.0000 
batch=0300 loss=0.8881 representation_loss=0.7160 clustering_loss=0.3441 instance_nce=0.0000 cluster_nce=0.0000 
batch=0350 loss=0.9372 representation_loss=0.7183 clustering_loss=0.4379 instance_nce=0.0000 cluster_nce=0.0000 
batch=0400 loss=0.9096 representation_loss=0.6880 clustering_loss=0.4433 instance_nce=0.0000 cluster_nce=0.0000 
batch=0450 loss=0.8694 representation_loss=0.6735 clustering_loss=0.3918 instance_nce=0.0000 cluster_nce=0.0000 
batch=0500 loss=0.7690 representation_loss=0.5877 clustering_loss=0.3626 instance_nce=0.0000 cluster_nce=0.0000 
batch=0550 loss=0.8707 representation_loss=0.7012 clustering_loss=0.3390 instance_nce=0.0000 cluster_nce=0.0000 
batch=0600 loss=0.8967 representation_loss=0.7073 clustering_loss=0.3789 instance_nce=0.0000 cluster_nce=0.0000 
batch=0650 loss=0.8490 representation_loss=0.6514 clustering_loss=0.3951 instance_nce=0.0000 cluster_nce=0.0000 
batch=0700 loss=0.8818 representation_loss=0.6981 clustering_loss=0.3675 instance_nce=0.0000 cluster_nce=0.0000 
batch=0750 loss=0.7756 representation_loss=0.5944 clustering_loss=0.3624 instance_nce=0.0000 cluster_nce=0.0000 
batch=0800 loss=0.7988 representation_loss=0.6300 clustering_loss=0.3376 instance_nce=0.0000 cluster_nce=0.0000 
batch=0850 loss=0.8520 representation_loss=0.6880 clustering_loss=0.3281 instance_nce=0.0000 cluster_nce=0.0000 
Train: loss=0.8833 mstm=0.6763 instance_nce=0.0000 cluster_nce=0.0000 dec=0.4139
save checkpoint:  /root/trajectory-clustering/con-dtc/runs/porto/entropy_target_mix/condtc_porto_finegrained_s3_m07_p70_a015/20260821_140410_seed2026/checkpoints/condtc_best.pt
epoch=2 / num_epochs=6
batch=0050 loss=0.8565 representation_loss=0.6836 clustering_loss=0.3459 instance_nce=0.0000 cluster_nce=0.0000 
batch=0100 loss=0.8871 representation_loss=0.6986 clustering_loss=0.3770 instance_nce=0.0000 cluster_nce=0.0000 
batch=0150 loss=0.7922 representation_loss=0.6310 clustering_loss=0.3224 instance_nce=0.0000 cluster_nce=0.0000 
batch=0200 loss=0.7396 representation_loss=0.5838 clustering_loss=0.3115 instance_nce=0.0000 cluster_nce=0.0000 
batch=0250 loss=0.9042 representation_loss=0.7489 clustering_loss=0.3106 instance_nce=0.0000 cluster_nce=0.0000 
batch=0300 loss=0.8987 representation_loss=0.7421 clustering_loss=0.3133 instance_nce=0.0000 cluster_nce=0.0000 
batch=0350 loss=0.8000 representation_loss=0.6384 clustering_loss=0.3232 instance_nce=0.0000 cluster_nce=0.0000 
batch=0400 loss=0.8170 representation_loss=0.6547 clustering_loss=0.3247 instance_nce=0.0000 cluster_nce=0.0000 
batch=0450 loss=0.8858 representation_loss=0.7358 clustering_loss=0.3001 instance_nce=0.0000 cluster_nce=0.0000 
batch=0500 loss=0.8151 representation_loss=0.6668 clustering_loss=0.2965 instance_nce=0.0000 cluster_nce=0.0000 
batch=0550 loss=0.6571 representation_loss=0.5087 clustering_loss=0.2970 instance_nce=0.0000 cluster_nce=0.0000 
batch=0600 loss=0.8005 representation_loss=0.6425 clustering_loss=0.3161 instance_nce=0.0000 cluster_nce=0.0000 
batch=0650 loss=0.7987 representation_loss=0.6536 clustering_loss=0.2904 instance_nce=0.0000 cluster_nce=0.0000 
batch=0700 loss=0.8137 representation_loss=0.6621 clustering_loss=0.3032 instance_nce=0.0000 cluster_nce=0.0000 
batch=0750 loss=0.7849 representation_loss=0.6392 clustering_loss=0.2913 instance_nce=0.0000 cluster_nce=0.0000 
batch=0800 loss=0.7338 representation_loss=0.6006 clustering_loss=0.2665 instance_nce=0.0000 cluster_nce=0.0000 
batch=0850 loss=0.8108 representation_loss=0.6722 clustering_loss=0.2771 instance_nce=0.0000 cluster_nce=0.0000 
Train: loss=0.8214 mstm=0.6633 instance_nce=0.0000 cluster_nce=0.0000 dec=0.3164
save checkpoint:  /root/trajectory-clustering/con-dtc/runs/porto/entropy_target_mix/condtc_porto_finegrained_s3_m07_p70_a015/20260821_140410_seed2026/checkpoints/condtc_best.pt
epoch=3 / num_epochs=6
batch=0050 loss=0.7722 representation_loss=0.6194 clustering_loss=0.3057 instance_nce=0.0000 cluster_nce=0.0000 
batch=0100 loss=0.8416 representation_loss=0.6992 clustering_loss=0.2848 instance_nce=0.0000 cluster_nce=0.0000 
batch=0150 loss=0.7935 representation_loss=0.6547 clustering_loss=0.2776 instance_nce=0.0000 cluster_nce=0.0000 
batch=0200 loss=0.8366 representation_loss=0.6860 clustering_loss=0.3011 instance_nce=0.0000 cluster_nce=0.0000 
batch=0250 loss=0.7987 representation_loss=0.6592 clustering_loss=0.2789 instance_nce=0.0000 cluster_nce=0.0000 
batch=0300 loss=0.7952 representation_loss=0.6634 clustering_loss=0.2637 instance_nce=0.0000 cluster_nce=0.0000 
batch=0350 loss=0.7057 representation_loss=0.5687 clustering_loss=0.2742 instance_nce=0.0000 cluster_nce=0.0000 
batch=0400 loss=0.7088 representation_loss=0.5810 clustering_loss=0.2556 instance_nce=0.0000 cluster_nce=0.0000 
batch=0450 loss=0.7454 representation_loss=0.6155 clustering_loss=0.2598 instance_nce=0.0000 cluster_nce=0.0000 
batch=0500 loss=0.8027 representation_loss=0.6721 clustering_loss=0.2612 instance_nce=0.0000 cluster_nce=0.0000 
batch=0550 loss=0.9056 representation_loss=0.7710 clustering_loss=0.2693 instance_nce=0.0000 cluster_nce=0.0000 
batch=0600 loss=0.9565 representation_loss=0.8280 clustering_loss=0.2568 instance_nce=0.0000 cluster_nce=0.0000 
batch=0650 loss=0.7590 representation_loss=0.6344 clustering_loss=0.2491 instance_nce=0.0000 cluster_nce=0.0000 
batch=0700 loss=0.9233 representation_loss=0.7889 clustering_loss=0.2689 instance_nce=0.0000 cluster_nce=0.0000 
batch=0750 loss=0.7617 representation_loss=0.6314 clustering_loss=0.2606 instance_nce=0.0000 cluster_nce=0.0000 
batch=0800 loss=0.7918 representation_loss=0.6621 clustering_loss=0.2594 instance_nce=0.0000 cluster_nce=0.0000 
batch=0850 loss=0.6851 representation_loss=0.5520 clustering_loss=0.2663 instance_nce=0.0000 cluster_nce=0.0000 
Train: loss=0.7883 mstm=0.6542 instance_nce=0.0000 cluster_nce=0.0000 dec=0.2682
save checkpoint:  /root/trajectory-clustering/con-dtc/runs/porto/entropy_target_mix/condtc_porto_finegrained_s3_m07_p70_a015/20260821_140410_seed2026/checkpoints/condtc_best.pt
epoch=4 / num_epochs=6
batch=0050 loss=0.7833 representation_loss=0.6510 clustering_loss=0.2646 instance_nce=0.0000 cluster_nce=0.0000 
batch=0100 loss=0.9105 representation_loss=0.7893 clustering_loss=0.2424 instance_nce=0.0000 cluster_nce=0.0000 
batch=0150 loss=0.7756 representation_loss=0.6520 clustering_loss=0.2473 instance_nce=0.0000 cluster_nce=0.0000 
batch=0200 loss=0.7290 representation_loss=0.6072 clustering_loss=0.2436 instance_nce=0.0000 cluster_nce=0.0000 
batch=0250 loss=0.7638 representation_loss=0.6349 clustering_loss=0.2579 instance_nce=0.0000 cluster_nce=0.0000 
batch=0300 loss=0.8359 representation_loss=0.7188 clustering_loss=0.2341 instance_nce=0.0000 cluster_nce=0.0000 
batch=0350 loss=0.6903 representation_loss=0.5780 clustering_loss=0.2246 instance_nce=0.0000 cluster_nce=0.0000 
batch=0400 loss=0.8874 representation_loss=0.7679 clustering_loss=0.2389 instance_nce=0.0000 cluster_nce=0.0000 
batch=0450 loss=0.7112 representation_loss=0.5833 clustering_loss=0.2557 instance_nce=0.0000 cluster_nce=0.0000 
batch=0500 loss=0.7153 representation_loss=0.5957 clustering_loss=0.2392 instance_nce=0.0000 cluster_nce=0.0000 
batch=0550 loss=0.7762 representation_loss=0.6591 clustering_loss=0.2340 instance_nce=0.0000 cluster_nce=0.0000 
batch=0600 loss=0.7168 representation_loss=0.6051 clustering_loss=0.2236 instance_nce=0.0000 cluster_nce=0.0000 
batch=0650 loss=0.8326 representation_loss=0.7117 clustering_loss=0.2417 instance_nce=0.0000 cluster_nce=0.0000 
batch=0700 loss=0.7760 representation_loss=0.6545 clustering_loss=0.2429 instance_nce=0.0000 cluster_nce=0.0000 
batch=0750 loss=0.6648 representation_loss=0.5517 clustering_loss=0.2262 instance_nce=0.0000 cluster_nce=0.0000 
batch=0800 loss=0.7801 representation_loss=0.6571 clustering_loss=0.2462 instance_nce=0.0000 cluster_nce=0.0000 
batch=0850 loss=0.7873 representation_loss=0.6595 clustering_loss=0.2556 instance_nce=0.0000 cluster_nce=0.0000 
Train: loss=0.7648 mstm=0.6436 instance_nce=0.0000 cluster_nce=0.0000 dec=0.2423
save checkpoint:  /root/trajectory-clustering/con-dtc/runs/porto/entropy_target_mix/condtc_porto_finegrained_s3_m07_p70_a015/20260821_140410_seed2026/checkpoints/condtc_best.pt
epoch=5 / num_epochs=6
batch=0050 loss=0.6765 representation_loss=0.5588 clustering_loss=0.2355 instance_nce=0.0000 cluster_nce=0.0000 
batch=0100 loss=0.7778 representation_loss=0.6532 clustering_loss=0.2492 instance_nce=0.0000 cluster_nce=0.0000 
batch=0150 loss=0.7280 representation_loss=0.6200 clustering_loss=0.2160 instance_nce=0.0000 cluster_nce=0.0000 
batch=0200 loss=0.7010 representation_loss=0.5856 clustering_loss=0.2309 instance_nce=0.0000 cluster_nce=0.0000 
batch=0250 loss=0.8037 representation_loss=0.6932 clustering_loss=0.2211 instance_nce=0.0000 cluster_nce=0.0000 
batch=0300 loss=0.7293 representation_loss=0.6142 clustering_loss=0.2301 instance_nce=0.0000 cluster_nce=0.0000 
batch=0350 loss=0.6840 representation_loss=0.5791 clustering_loss=0.2097 instance_nce=0.0000 cluster_nce=0.0000 
batch=0400 loss=0.7465 representation_loss=0.6213 clustering_loss=0.2504 instance_nce=0.0000 cluster_nce=0.0000 
batch=0450 loss=0.7114 representation_loss=0.6034 clustering_loss=0.2160 instance_nce=0.0000 cluster_nce=0.0000 
batch=0500 loss=0.7375 representation_loss=0.6269 clustering_loss=0.2213 instance_nce=0.0000 cluster_nce=0.0000 
batch=0550 loss=0.8170 representation_loss=0.7142 clustering_loss=0.2056 instance_nce=0.0000 cluster_nce=0.0000 
batch=0600 loss=0.6971 representation_loss=0.5864 clustering_loss=0.2215 instance_nce=0.0000 cluster_nce=0.0000 
batch=0650 loss=0.6724 representation_loss=0.5654 clustering_loss=0.2140 instance_nce=0.0000 cluster_nce=0.0000 
batch=0700 loss=0.7886 representation_loss=0.6702 clustering_loss=0.2366 instance_nce=0.0000 cluster_nce=0.0000 
batch=0750 loss=0.7838 representation_loss=0.6777 clustering_loss=0.2122 instance_nce=0.0000 cluster_nce=0.0000 
batch=0800 loss=0.7028 representation_loss=0.6113 clustering_loss=0.1829 instance_nce=0.0000 cluster_nce=0.0000 
batch=0850 loss=0.7680 representation_loss=0.6488 clustering_loss=0.2383 instance_nce=0.0000 cluster_nce=0.0000 
Train: loss=0.7420 mstm=0.6290 instance_nce=0.0000 cluster_nce=0.0000 dec=0.2261
save checkpoint:  /root/trajectory-clustering/con-dtc/runs/porto/entropy_target_mix/condtc_porto_finegrained_s3_m07_p70_a015/20260821_140410_seed2026/checkpoints/condtc_best.pt
epoch=6 / num_epochs=6
batch=0050 loss=0.6880 representation_loss=0.5866 clustering_loss=0.2029 instance_nce=0.0000 cluster_nce=0.0000 
batch=0100 loss=0.6733 representation_loss=0.5630 clustering_loss=0.2205 instance_nce=0.0000 cluster_nce=0.0000 
batch=0150 loss=0.7109 representation_loss=0.5984 clustering_loss=0.2250 instance_nce=0.0000 cluster_nce=0.0000 
batch=0200 loss=0.6599 representation_loss=0.5533 clustering_loss=0.2133 instance_nce=0.0000 cluster_nce=0.0000 
batch=0250 loss=0.7134 representation_loss=0.6116 clustering_loss=0.2036 instance_nce=0.0000 cluster_nce=0.0000 
batch=0300 loss=0.6901 representation_loss=0.5733 clustering_loss=0.2336 instance_nce=0.0000 cluster_nce=0.0000 
batch=0350 loss=0.7152 representation_loss=0.6088 clustering_loss=0.2128 instance_nce=0.0000 cluster_nce=0.0000 
batch=0400 loss=0.7074 representation_loss=0.6023 clustering_loss=0.2103 instance_nce=0.0000 cluster_nce=0.0000 
batch=0450 loss=0.7625 representation_loss=0.6603 clustering_loss=0.2045 instance_nce=0.0000 cluster_nce=0.0000 
batch=0500 loss=0.7410 representation_loss=0.6292 clustering_loss=0.2238 instance_nce=0.0000 cluster_nce=0.0000 
batch=0550 loss=0.6430 representation_loss=0.5384 clustering_loss=0.2091 instance_nce=0.0000 cluster_nce=0.0000 
batch=0600 loss=0.6475 representation_loss=0.5349 clustering_loss=0.2253 instance_nce=0.0000 cluster_nce=0.0000 
batch=0650 loss=0.6943 representation_loss=0.5822 clustering_loss=0.2241 instance_nce=0.0000 cluster_nce=0.0000 
batch=0700 loss=0.7097 representation_loss=0.5999 clustering_loss=0.2196 instance_nce=0.0000 cluster_nce=0.0000 
batch=0750 loss=0.6348 representation_loss=0.5388 clustering_loss=0.1918 instance_nce=0.0000 cluster_nce=0.0000 
batch=0800 loss=0.7757 representation_loss=0.6714 clustering_loss=0.2086 instance_nce=0.0000 cluster_nce=0.0000 
batch=0850 loss=0.8266 representation_loss=0.7281 clustering_loss=0.1969 instance_nce=0.0000 cluster_nce=0.0000 
Train: loss=0.7253 mstm=0.6186 instance_nce=0.0000 cluster_nce=0.0000 dec=0.2132
save checkpoint:  /root/trajectory-clustering/con-dtc/runs/porto/entropy_target_mix/condtc_porto_finegrained_s3_m07_p70_a015/20260821_140410_seed2026/checkpoints/condtc_best.pt
best train_loss:  0.7252613363718292
evaluating: /root/trajectory-clustering/con-dtc/runs/porto/entropy_target_mix/condtc_porto_finegrained_s3_m07_p70_a015/20260821_140410_seed2026/checkpoints/condtc_best.pt
device: cuda
dataset: portoTimeNoiseFineGrained
cluster counts: tensor([1046, 1019,  374, 1113,  539,  804,  505, 1169,  914,  964,  921, 1203,
        1088, 1368, 1018, 1017, 1067, 1637, 1097, 1038, 1006,  893,  796,  863,
         843, 1466, 1537])
metrics: {'uacc': 0.8773850943050723, 'nmi': 0.9194563262176024, 'ri': 0.985547820565861, 'ari': 0.8048623743180351}
metrics saved: /root/trajectory-clustering/con-dtc/runs/porto/entropy_target_mix/condtc_porto_finegrained_s3_m07_p70_a015/20260821_140410_seed2026/metrics.json
