experiment initialized
run directory: /root/trajectory-clustering/con-dtc/runs/condtc_qd_pre15_base/20260811_142036_seed19721013
config snapshot: /root/trajectory-clustering/con-dtc/runs/condtc_qd_pre15_base/20260811_142036_seed19721013/config.yaml
device: cuda
pretrain checkpoint: /root/trajectory-clustering/con-dtc/checkpoints/sttraj2vec_pretrain_paper_15ep.pt
epoch=1 / num_epochs=6
batch=0050 loss=1.1329 representation_loss=0.9025 clustering_loss=0.4609 instance_nce=3.5750 cluster_nce=2.3433 
batch=0100 loss=1.1494 representation_loss=0.9490 clustering_loss=0.4007 instance_nce=3.5504 cluster_nce=2.3103 
batch=0150 loss=1.1364 representation_loss=0.9502 clustering_loss=0.3724 instance_nce=3.5994 cluster_nce=2.3223 
batch=0200 loss=1.2463 representation_loss=1.0757 clustering_loss=0.3411 instance_nce=3.5409 cluster_nce=2.2973 
batch=0250 loss=1.2057 representation_loss=1.0169 clustering_loss=0.3776 instance_nce=3.5654 cluster_nce=2.3075 
batch=0300 loss=1.1976 representation_loss=1.0351 clustering_loss=0.3250 instance_nce=3.5431 cluster_nce=2.2965 
batch=0350 loss=1.0307 representation_loss=0.8362 clustering_loss=0.3888 instance_nce=3.5251 cluster_nce=2.2884 
Train: loss=1.1385 mstm=0.9504 instance_nce=3.5509 cluster_nce=2.3165 dec=0.3763
save checkpoint:  /root/trajectory-clustering/con-dtc/runs/condtc_qd_pre15_base/20260811_142036_seed19721013/checkpoints/condtc_best.pt
epoch=2 / num_epochs=6
batch=0050 loss=1.0383 representation_loss=0.8918 clustering_loss=0.2929 instance_nce=3.5515 cluster_nce=2.3164 
batch=0100 loss=1.0826 representation_loss=0.9452 clustering_loss=0.2748 instance_nce=3.5509 cluster_nce=2.3013 
batch=0150 loss=1.0614 representation_loss=0.9239 clustering_loss=0.2749 instance_nce=3.5362 cluster_nce=2.2968 
batch=0200 loss=1.1434 representation_loss=1.0120 clustering_loss=0.2629 instance_nce=3.5285 cluster_nce=2.3107 
batch=0250 loss=1.0812 representation_loss=0.9543 clustering_loss=0.2537 instance_nce=3.5158 cluster_nce=2.2844 
batch=0300 loss=1.0678 representation_loss=0.9515 clustering_loss=0.2325 instance_nce=3.5396 cluster_nce=2.3124 
batch=0350 loss=1.0481 representation_loss=0.9320 clustering_loss=0.2320 instance_nce=3.5163 cluster_nce=2.2899 
Train: loss=1.0671 mstm=0.9345 instance_nce=3.5274 cluster_nce=2.3021 dec=0.2652
save checkpoint:  /root/trajectory-clustering/con-dtc/runs/condtc_qd_pre15_base/20260811_142036_seed19721013/checkpoints/condtc_best.pt
epoch=3 / num_epochs=6
batch=0050 loss=1.1605 representation_loss=1.0231 clustering_loss=0.2748 instance_nce=3.5131 cluster_nce=2.3048 
batch=0100 loss=1.0346 representation_loss=0.9006 clustering_loss=0.2681 instance_nce=3.5309 cluster_nce=2.3168 
batch=0150 loss=1.1616 representation_loss=1.0374 clustering_loss=0.2485 instance_nce=3.5252 cluster_nce=2.3054 
batch=0200 loss=1.1225 representation_loss=1.0027 clustering_loss=0.2396 instance_nce=3.4895 cluster_nce=2.2919 
batch=0250 loss=1.0040 representation_loss=0.8948 clustering_loss=0.2185 instance_nce=3.4880 cluster_nce=2.2942 
batch=0300 loss=0.9837 representation_loss=0.8683 clustering_loss=0.2309 instance_nce=3.5212 cluster_nce=2.3002 
batch=0350 loss=1.0114 representation_loss=0.9027 clustering_loss=0.2174 instance_nce=3.4908 cluster_nce=2.2932 
Train: loss=1.0566 mstm=0.9333 instance_nce=3.5156 cluster_nce=2.2977 dec=0.2467
save checkpoint:  /root/trajectory-clustering/con-dtc/runs/condtc_qd_pre15_base/20260811_142036_seed19721013/checkpoints/condtc_best.pt
epoch=4 / num_epochs=6
batch=0050 loss=1.0393 representation_loss=0.9236 clustering_loss=0.2314 instance_nce=3.5018 cluster_nce=2.2977 
batch=0100 loss=0.9228 representation_loss=0.7963 clustering_loss=0.2530 instance_nce=3.5105 cluster_nce=2.2820 
batch=0150 loss=1.0858 representation_loss=0.9768 clustering_loss=0.2179 instance_nce=3.5048 cluster_nce=2.2893 
batch=0200 loss=1.0974 representation_loss=0.9858 clustering_loss=0.2232 instance_nce=3.4937 cluster_nce=2.2941 
batch=0250 loss=1.0124 representation_loss=0.9101 clustering_loss=0.2046 instance_nce=3.5320 cluster_nce=2.3114 
batch=0300 loss=1.0144 representation_loss=0.9169 clustering_loss=0.1952 instance_nce=3.4727 cluster_nce=2.2880 
batch=0350 loss=0.9022 representation_loss=0.7967 clustering_loss=0.2110 instance_nce=3.4738 cluster_nce=2.2774 
Train: loss=1.0327 mstm=0.9158 instance_nce=3.5058 cluster_nce=2.2949 dec=0.2340
save checkpoint:  /root/trajectory-clustering/con-dtc/runs/condtc_qd_pre15_base/20260811_142036_seed19721013/checkpoints/condtc_best.pt
epoch=5 / num_epochs=6
batch=0050 loss=1.0050 representation_loss=0.8924 clustering_loss=0.2251 instance_nce=3.4735 cluster_nce=2.2970 
batch=0100 loss=1.0025 representation_loss=0.8885 clustering_loss=0.2280 instance_nce=3.4932 cluster_nce=2.2914 
batch=0150 loss=0.9749 representation_loss=0.8667 clustering_loss=0.2165 instance_nce=3.4863 cluster_nce=2.3024 
batch=0200 loss=1.0459 representation_loss=0.9264 clustering_loss=0.2390 instance_nce=3.5036 cluster_nce=2.2999 
batch=0250 loss=1.0813 representation_loss=0.9825 clustering_loss=0.1976 instance_nce=3.4888 cluster_nce=2.2780 
batch=0300 loss=1.0233 representation_loss=0.9214 clustering_loss=0.2039 instance_nce=3.4759 cluster_nce=2.2876 
batch=0350 loss=0.9692 representation_loss=0.8447 clustering_loss=0.2489 instance_nce=3.4918 cluster_nce=2.3025 
Train: loss=1.0287 mstm=0.9153 instance_nce=3.4943 cluster_nce=2.2914 dec=0.2268
save checkpoint:  /root/trajectory-clustering/con-dtc/runs/condtc_qd_pre15_base/20260811_142036_seed19721013/checkpoints/condtc_best.pt
epoch=6 / num_epochs=6
batch=0050 loss=0.9660 representation_loss=0.8557 clustering_loss=0.2206 instance_nce=3.4924 cluster_nce=2.2685 
batch=0100 loss=1.0531 representation_loss=0.9412 clustering_loss=0.2239 instance_nce=3.4659 cluster_nce=2.2843 
batch=0150 loss=0.9103 representation_loss=0.8022 clustering_loss=0.2163 instance_nce=3.4816 cluster_nce=2.2863 
batch=0200 loss=1.0013 representation_loss=0.8948 clustering_loss=0.2131 instance_nce=3.4841 cluster_nce=2.2814 
batch=0250 loss=1.0500 representation_loss=0.9360 clustering_loss=0.2282 instance_nce=3.5298 cluster_nce=2.2873 
batch=0300 loss=1.1639 representation_loss=1.0418 clustering_loss=0.2443 instance_nce=3.4591 cluster_nce=2.2796 
batch=0350 loss=1.0016 representation_loss=0.9017 clustering_loss=0.1998 instance_nce=3.5016 cluster_nce=2.3157 
Train: loss=1.0188 mstm=0.9082 instance_nce=3.4847 cluster_nce=2.2890 dec=0.2211
save checkpoint:  /root/trajectory-clustering/con-dtc/runs/condtc_qd_pre15_base/20260811_142036_seed19721013/checkpoints/condtc_best.pt
best train_loss:  1.018768020372315
evaluating: /root/trajectory-clustering/con-dtc/runs/condtc_qd_pre15_base/20260811_142036_seed19721013/checkpoints/condtc_best.pt
device: cuda
cluster counts: tensor([1003,  968, 1957,  711,  630, 1000,    0,  973, 1268,  933, 1217,  944])
metrics: {'uacc': 0.8152361254739745, 'nmi': 0.8893925612998936, 'ri': 0.9615253463404652, 'ari': 0.7691315048362873}
metrics saved: /root/trajectory-clustering/con-dtc/runs/condtc_qd_pre15_base/20260811_142036_seed19721013/metrics.json
