experiment initialized
run directory: /root/trajectory-clustering/con-dtc/runs/condtc_porto_finegrained_s3_m07_reverse_stability_w150/20260823_143734_seed19721013
config snapshot: /root/trajectory-clustering/con-dtc/runs/condtc_porto_finegrained_s3_m07_reverse_stability_w150/20260823_143734_seed19721013/config.yaml
device: cuda
dataset: portoTimeNoiseFineGrained
pretrain checkpoint: /root/trajectory-clustering/con-dtc/checkpoints/sttraj2vec_porto_finegrained_pre15.pt
epoch=1 / num_epochs=6
batch=0050 loss=0.9933 representation_loss=0.6956 clustering_loss=0.5954 instance_nce=0.0000 cluster_nce=0.0000 
batch=0100 loss=0.9855 representation_loss=0.7154 clustering_loss=0.5402 instance_nce=0.0000 cluster_nce=0.0000 
batch=0150 loss=0.8866 representation_loss=0.6536 clustering_loss=0.4659 instance_nce=0.0000 cluster_nce=0.0000 
batch=0200 loss=0.8152 representation_loss=0.6287 clustering_loss=0.3730 instance_nce=0.0000 cluster_nce=0.0000 
batch=0250 loss=0.9373 representation_loss=0.7379 clustering_loss=0.3987 instance_nce=0.0000 cluster_nce=0.0000 
batch=0300 loss=0.8762 representation_loss=0.6543 clustering_loss=0.4438 instance_nce=0.0000 cluster_nce=0.0000 
batch=0350 loss=0.9102 representation_loss=0.7217 clustering_loss=0.3771 instance_nce=0.0000 cluster_nce=0.0000 
batch=0400 loss=0.8959 representation_loss=0.6792 clustering_loss=0.4334 instance_nce=0.0000 cluster_nce=0.0000 
batch=0450 loss=0.9163 representation_loss=0.7086 clustering_loss=0.4154 instance_nce=0.0000 cluster_nce=0.0000 
batch=0500 loss=0.8080 representation_loss=0.6091 clustering_loss=0.3980 instance_nce=0.0000 cluster_nce=0.0000 
batch=0550 loss=0.8387 representation_loss=0.6356 clustering_loss=0.4062 instance_nce=0.0000 cluster_nce=0.0000 
batch=0600 loss=0.9432 representation_loss=0.7647 clustering_loss=0.3570 instance_nce=0.0000 cluster_nce=0.0000 
batch=0650 loss=0.8315 representation_loss=0.6331 clustering_loss=0.3969 instance_nce=0.0000 cluster_nce=0.0000 
batch=0700 loss=0.8201 representation_loss=0.6354 clustering_loss=0.3694 instance_nce=0.0000 cluster_nce=0.0000 
batch=0750 loss=0.9114 representation_loss=0.7529 clustering_loss=0.3171 instance_nce=0.0000 cluster_nce=0.0000 
batch=0800 loss=0.8585 representation_loss=0.6829 clustering_loss=0.3512 instance_nce=0.0000 cluster_nce=0.0000 
batch=0850 loss=0.8338 representation_loss=0.7025 clustering_loss=0.2625 instance_nce=0.0000 cluster_nce=0.0000 
Train: loss=0.8819 mstm=0.6804 instance_nce=0.0000 cluster_nce=0.0000 dec=0.4030
save checkpoint:  /root/trajectory-clustering/con-dtc/runs/condtc_porto_finegrained_s3_m07_reverse_stability_w150/20260823_143734_seed19721013/checkpoints/condtc_best.pt
epoch=2 / num_epochs=6
batch=0050 loss=0.8307 representation_loss=0.6473 clustering_loss=0.3668 instance_nce=0.0000 cluster_nce=0.0000 
batch=0100 loss=0.7994 representation_loss=0.6292 clustering_loss=0.3405 instance_nce=0.0000 cluster_nce=0.0000 
batch=0150 loss=0.8030 representation_loss=0.6276 clustering_loss=0.3508 instance_nce=0.0000 cluster_nce=0.0000 
batch=0200 loss=0.8728 representation_loss=0.7053 clustering_loss=0.3350 instance_nce=0.0000 cluster_nce=0.0000 
batch=0250 loss=0.8413 representation_loss=0.6842 clustering_loss=0.3142 instance_nce=0.0000 cluster_nce=0.0000 
batch=0300 loss=0.8527 representation_loss=0.7002 clustering_loss=0.3049 instance_nce=0.0000 cluster_nce=0.0000 
batch=0350 loss=0.7723 representation_loss=0.6186 clustering_loss=0.3073 instance_nce=0.0000 cluster_nce=0.0000 
batch=0400 loss=0.8644 representation_loss=0.7073 clustering_loss=0.3143 instance_nce=0.0000 cluster_nce=0.0000 
batch=0450 loss=0.8338 representation_loss=0.6678 clustering_loss=0.3320 instance_nce=0.0000 cluster_nce=0.0000 
batch=0500 loss=0.8769 representation_loss=0.7350 clustering_loss=0.2837 instance_nce=0.0000 cluster_nce=0.0000 
batch=0550 loss=0.8253 representation_loss=0.6633 clustering_loss=0.3240 instance_nce=0.0000 cluster_nce=0.0000 
batch=0600 loss=0.7747 representation_loss=0.6200 clustering_loss=0.3094 instance_nce=0.0000 cluster_nce=0.0000 
batch=0650 loss=0.8560 representation_loss=0.7159 clustering_loss=0.2800 instance_nce=0.0000 cluster_nce=0.0000 
batch=0700 loss=0.8750 representation_loss=0.7320 clustering_loss=0.2860 instance_nce=0.0000 cluster_nce=0.0000 
batch=0750 loss=0.7567 representation_loss=0.6144 clustering_loss=0.2846 instance_nce=0.0000 cluster_nce=0.0000 
batch=0800 loss=0.8754 representation_loss=0.7311 clustering_loss=0.2886 instance_nce=0.0000 cluster_nce=0.0000 
batch=0850 loss=0.7609 representation_loss=0.6174 clustering_loss=0.2869 instance_nce=0.0000 cluster_nce=0.0000 
Train: loss=0.8197 mstm=0.6612 instance_nce=0.0000 cluster_nce=0.0000 dec=0.3170
save checkpoint:  /root/trajectory-clustering/con-dtc/runs/condtc_porto_finegrained_s3_m07_reverse_stability_w150/20260823_143734_seed19721013/checkpoints/condtc_best.pt
epoch=3 / num_epochs=6
batch=0050 loss=0.7972 representation_loss=0.6481 clustering_loss=0.2981 instance_nce=0.0000 cluster_nce=0.0000 
batch=0100 loss=0.8414 representation_loss=0.7031 clustering_loss=0.2765 instance_nce=0.0000 cluster_nce=0.0000 
batch=0150 loss=0.7948 representation_loss=0.6531 clustering_loss=0.2834 instance_nce=0.0000 cluster_nce=0.0000 
batch=0200 loss=0.7156 representation_loss=0.5796 clustering_loss=0.2720 instance_nce=0.0000 cluster_nce=0.0000 
batch=0250 loss=0.8461 representation_loss=0.7194 clustering_loss=0.2534 instance_nce=0.0000 cluster_nce=0.0000 
batch=0300 loss=0.7853 representation_loss=0.6615 clustering_loss=0.2475 instance_nce=0.0000 cluster_nce=0.0000 
batch=0350 loss=0.8773 representation_loss=0.7529 clustering_loss=0.2488 instance_nce=0.0000 cluster_nce=0.0000 
batch=0400 loss=0.7116 representation_loss=0.5751 clustering_loss=0.2730 instance_nce=0.0000 cluster_nce=0.0000 
batch=0450 loss=0.8397 representation_loss=0.7144 clustering_loss=0.2505 instance_nce=0.0000 cluster_nce=0.0000 
batch=0500 loss=0.7913 representation_loss=0.6549 clustering_loss=0.2728 instance_nce=0.0000 cluster_nce=0.0000 
batch=0550 loss=0.7865 representation_loss=0.6671 clustering_loss=0.2389 instance_nce=0.0000 cluster_nce=0.0000 
batch=0600 loss=0.7782 representation_loss=0.6438 clustering_loss=0.2688 instance_nce=0.0000 cluster_nce=0.0000 
batch=0650 loss=0.9689 representation_loss=0.8326 clustering_loss=0.2727 instance_nce=0.0000 cluster_nce=0.0000 
batch=0700 loss=0.8010 representation_loss=0.6804 clustering_loss=0.2411 instance_nce=0.0000 cluster_nce=0.0000 
batch=0750 loss=0.7548 representation_loss=0.6384 clustering_loss=0.2327 instance_nce=0.0000 cluster_nce=0.0000 
batch=0800 loss=0.8605 representation_loss=0.7332 clustering_loss=0.2545 instance_nce=0.0000 cluster_nce=0.0000 
batch=0850 loss=0.8558 representation_loss=0.7277 clustering_loss=0.2563 instance_nce=0.0000 cluster_nce=0.0000 
Train: loss=0.7825 mstm=0.6514 instance_nce=0.0000 cluster_nce=0.0000 dec=0.2622
save checkpoint:  /root/trajectory-clustering/con-dtc/runs/condtc_porto_finegrained_s3_m07_reverse_stability_w150/20260823_143734_seed19721013/checkpoints/condtc_best.pt
epoch=4 / num_epochs=6
batch=0050 loss=0.7573 representation_loss=0.6298 clustering_loss=0.2550 instance_nce=0.0000 cluster_nce=0.0000 
batch=0100 loss=0.6462 representation_loss=0.5142 clustering_loss=0.2641 instance_nce=0.0000 cluster_nce=0.0000 
batch=0150 loss=0.7168 representation_loss=0.6041 clustering_loss=0.2254 instance_nce=0.0000 cluster_nce=0.0000 
batch=0200 loss=0.7506 representation_loss=0.6216 clustering_loss=0.2579 instance_nce=0.0000 cluster_nce=0.0000 
batch=0250 loss=0.8573 representation_loss=0.7339 clustering_loss=0.2468 instance_nce=0.0000 cluster_nce=0.0000 
batch=0300 loss=0.7998 representation_loss=0.6859 clustering_loss=0.2277 instance_nce=0.0000 cluster_nce=0.0000 
batch=0350 loss=0.6584 representation_loss=0.5467 clustering_loss=0.2234 instance_nce=0.0000 cluster_nce=0.0000 
batch=0400 loss=0.7514 representation_loss=0.6359 clustering_loss=0.2310 instance_nce=0.0000 cluster_nce=0.0000 
batch=0450 loss=0.7637 representation_loss=0.6512 clustering_loss=0.2250 instance_nce=0.0000 cluster_nce=0.0000 
batch=0500 loss=0.6320 representation_loss=0.5116 clustering_loss=0.2408 instance_nce=0.0000 cluster_nce=0.0000 
batch=0550 loss=0.6612 representation_loss=0.5429 clustering_loss=0.2366 instance_nce=0.0000 cluster_nce=0.0000 
batch=0600 loss=0.7401 representation_loss=0.6282 clustering_loss=0.2238 instance_nce=0.0000 cluster_nce=0.0000 
batch=0650 loss=0.8343 representation_loss=0.7298 clustering_loss=0.2090 instance_nce=0.0000 cluster_nce=0.0000 
batch=0700 loss=0.7513 representation_loss=0.6419 clustering_loss=0.2189 instance_nce=0.0000 cluster_nce=0.0000 
batch=0750 loss=0.7044 representation_loss=0.5967 clustering_loss=0.2154 instance_nce=0.0000 cluster_nce=0.0000 
batch=0800 loss=0.7543 representation_loss=0.6422 clustering_loss=0.2241 instance_nce=0.0000 cluster_nce=0.0000 
batch=0850 loss=0.6910 representation_loss=0.5858 clustering_loss=0.2105 instance_nce=0.0000 cluster_nce=0.0000 
Train: loss=0.7565 mstm=0.6386 instance_nce=0.0000 cluster_nce=0.0000 dec=0.2358
save checkpoint:  /root/trajectory-clustering/con-dtc/runs/condtc_porto_finegrained_s3_m07_reverse_stability_w150/20260823_143734_seed19721013/checkpoints/condtc_best.pt
epoch=5 / num_epochs=6
batch=0050 loss=0.7399 representation_loss=0.6227 clustering_loss=0.2343 instance_nce=0.0000 cluster_nce=0.0000 
batch=0100 loss=0.7221 representation_loss=0.6067 clustering_loss=0.2309 instance_nce=0.0000 cluster_nce=0.0000 
batch=0150 loss=0.7284 representation_loss=0.6171 clustering_loss=0.2227 instance_nce=0.0000 cluster_nce=0.0000 
batch=0200 loss=0.7523 representation_loss=0.6353 clustering_loss=0.2340 instance_nce=0.0000 cluster_nce=0.0000 
batch=0250 loss=0.7120 representation_loss=0.6102 clustering_loss=0.2036 instance_nce=0.0000 cluster_nce=0.0000 
batch=0300 loss=0.7102 representation_loss=0.6034 clustering_loss=0.2135 instance_nce=0.0000 cluster_nce=0.0000 
batch=0350 loss=0.7458 representation_loss=0.6357 clustering_loss=0.2201 instance_nce=0.0000 cluster_nce=0.0000 
batch=0400 loss=0.6683 representation_loss=0.5532 clustering_loss=0.2301 instance_nce=0.0000 cluster_nce=0.0000 
batch=0450 loss=0.6533 representation_loss=0.5375 clustering_loss=0.2317 instance_nce=0.0000 cluster_nce=0.0000 
batch=0500 loss=0.6781 representation_loss=0.5674 clustering_loss=0.2215 instance_nce=0.0000 cluster_nce=0.0000 
batch=0550 loss=0.6736 representation_loss=0.5653 clustering_loss=0.2166 instance_nce=0.0000 cluster_nce=0.0000 
batch=0600 loss=0.7485 representation_loss=0.6373 clustering_loss=0.2226 instance_nce=0.0000 cluster_nce=0.0000 
batch=0650 loss=0.7382 representation_loss=0.6352 clustering_loss=0.2060 instance_nce=0.0000 cluster_nce=0.0000 
batch=0700 loss=0.7557 representation_loss=0.6514 clustering_loss=0.2086 instance_nce=0.0000 cluster_nce=0.0000 
batch=0750 loss=0.8697 representation_loss=0.7657 clustering_loss=0.2080 instance_nce=0.0000 cluster_nce=0.0000 
batch=0800 loss=0.7914 representation_loss=0.6817 clustering_loss=0.2193 instance_nce=0.0000 cluster_nce=0.0000 
batch=0850 loss=0.7013 representation_loss=0.5957 clustering_loss=0.2112 instance_nce=0.0000 cluster_nce=0.0000 
Train: loss=0.7399 mstm=0.6302 instance_nce=0.0000 cluster_nce=0.0000 dec=0.2194
save checkpoint:  /root/trajectory-clustering/con-dtc/runs/condtc_porto_finegrained_s3_m07_reverse_stability_w150/20260823_143734_seed19721013/checkpoints/condtc_best.pt
epoch=6 / num_epochs=6
batch=0050 loss=0.7259 representation_loss=0.6173 clustering_loss=0.2171 instance_nce=0.0000 cluster_nce=0.0000 
batch=0100 loss=0.6605 representation_loss=0.5544 clustering_loss=0.2122 instance_nce=0.0000 cluster_nce=0.0000 
batch=0150 loss=0.7425 representation_loss=0.6314 clustering_loss=0.2221 instance_nce=0.0000 cluster_nce=0.0000 
batch=0200 loss=0.7264 representation_loss=0.6153 clustering_loss=0.2221 instance_nce=0.0000 cluster_nce=0.0000 
batch=0250 loss=0.8022 representation_loss=0.6959 clustering_loss=0.2127 instance_nce=0.0000 cluster_nce=0.0000 
batch=0300 loss=0.6184 representation_loss=0.5247 clustering_loss=0.1874 instance_nce=0.0000 cluster_nce=0.0000 
batch=0350 loss=0.7374 representation_loss=0.6355 clustering_loss=0.2037 instance_nce=0.0000 cluster_nce=0.0000 
batch=0400 loss=0.7382 representation_loss=0.6306 clustering_loss=0.2152 instance_nce=0.0000 cluster_nce=0.0000 
batch=0450 loss=0.6592 representation_loss=0.5633 clustering_loss=0.1919 instance_nce=0.0000 cluster_nce=0.0000 
batch=0500 loss=0.7407 representation_loss=0.6387 clustering_loss=0.2039 instance_nce=0.0000 cluster_nce=0.0000 
batch=0550 loss=0.7388 representation_loss=0.6402 clustering_loss=0.1971 instance_nce=0.0000 cluster_nce=0.0000 
batch=0600 loss=0.7768 representation_loss=0.6669 clustering_loss=0.2198 instance_nce=0.0000 cluster_nce=0.0000 
batch=0650 loss=0.6381 representation_loss=0.5445 clustering_loss=0.1872 instance_nce=0.0000 cluster_nce=0.0000 
batch=0700 loss=0.7308 representation_loss=0.6275 clustering_loss=0.2066 instance_nce=0.0000 cluster_nce=0.0000 
batch=0750 loss=0.7665 representation_loss=0.6585 clustering_loss=0.2160 instance_nce=0.0000 cluster_nce=0.0000 
batch=0800 loss=0.6171 representation_loss=0.5178 clustering_loss=0.1985 instance_nce=0.0000 cluster_nce=0.0000 
batch=0850 loss=0.6113 representation_loss=0.5126 clustering_loss=0.1973 instance_nce=0.0000 cluster_nce=0.0000 
Train: loss=0.7233 mstm=0.6192 instance_nce=0.0000 cluster_nce=0.0000 dec=0.2083
save checkpoint:  /root/trajectory-clustering/con-dtc/runs/condtc_porto_finegrained_s3_m07_reverse_stability_w150/20260823_143734_seed19721013/checkpoints/condtc_best.pt
best train_loss:  0.7233486512972963
evaluating: /root/trajectory-clustering/con-dtc/runs/condtc_porto_finegrained_s3_m07_reverse_stability_w150/20260823_143734_seed19721013/checkpoints/condtc_best.pt
device: cuda
dataset: portoTimeNoiseFineGrained
cluster counts: tensor([1583,  789, 1871,  956,  783,  503, 1315, 1097,  753, 2037, 1088, 1038,
         964, 1046,  914, 1000,    0, 1017,  696,  388,  921, 1307, 1279,    0,
        1573, 1381, 1006])
metrics: {'uacc': 0.822340230726973, 'nmi': 0.9154415859173423, 'ri': 0.9821078190592933, 'ari': 0.7724121509708155}
metrics saved: /root/trajectory-clustering/con-dtc/runs/condtc_porto_finegrained_s3_m07_reverse_stability_w150/20260823_143734_seed19721013/metrics.json
