experiment initialized
run directory: /root/trajectory-clustering/con-dtc/runs/condtc_qd_ema_staged_s4_m07/20260816_204122_seed42
config snapshot: /root/trajectory-clustering/con-dtc/runs/condtc_qd_ema_staged_s4_m07/20260816_204122_seed42/config.yaml
device: cuda
pretrain checkpoint: /root/trajectory-clustering/con-dtc/checkpoints/sttraj2vec_pretrain_paper_15ep.pt
epoch=1 / num_epochs=6
batch=0050 loss=1.2522 representation_loss=1.0175 clustering_loss=0.4694 instance_nce=3.5261 cluster_nce=2.3788 
batch=0100 loss=1.1484 representation_loss=0.9354 clustering_loss=0.4259 instance_nce=3.5002 cluster_nce=2.3484 
batch=0150 loss=1.2910 representation_loss=1.1073 clustering_loss=0.3676 instance_nce=3.5001 cluster_nce=2.3400 
batch=0200 loss=1.1210 representation_loss=0.9007 clustering_loss=0.4407 instance_nce=3.4968 cluster_nce=2.3422 
batch=0250 loss=1.1561 representation_loss=1.0058 clustering_loss=0.3007 instance_nce=3.4909 cluster_nce=2.3328 
batch=0300 loss=1.2513 representation_loss=1.0743 clustering_loss=0.3540 instance_nce=3.4894 cluster_nce=2.3394 
batch=0350 loss=1.1866 representation_loss=1.0231 clustering_loss=0.3270 instance_nce=3.4739 cluster_nce=2.3411 
Train: loss=1.1424 mstm=0.9538 instance_nce=3.5081 cluster_nce=2.3467 dec=0.3772
save checkpoint:  /root/trajectory-clustering/con-dtc/runs/condtc_qd_ema_staged_s4_m07/20260816_204122_seed42/checkpoints/condtc_best.pt
epoch=2 / num_epochs=6
batch=0050 loss=1.0601 representation_loss=0.9270 clustering_loss=0.2662 instance_nce=3.4772 cluster_nce=2.3288 
batch=0100 loss=1.0675 representation_loss=0.9415 clustering_loss=0.2520 instance_nce=3.4701 cluster_nce=2.3227 
batch=0150 loss=1.2057 representation_loss=1.0739 clustering_loss=0.2635 instance_nce=3.4802 cluster_nce=2.3232 
batch=0200 loss=1.0010 representation_loss=0.8775 clustering_loss=0.2469 instance_nce=3.4659 cluster_nce=2.3335 
batch=0250 loss=1.0316 representation_loss=0.9058 clustering_loss=0.2518 instance_nce=3.5169 cluster_nce=2.3357 
batch=0300 loss=1.0958 representation_loss=0.9792 clustering_loss=0.2333 instance_nce=3.4917 cluster_nce=2.3403 
batch=0350 loss=1.1383 representation_loss=1.0237 clustering_loss=0.2292 instance_nce=3.5074 cluster_nce=2.3250 
Train: loss=1.0664 mstm=0.9354 instance_nce=3.4910 cluster_nce=2.3312 dec=0.2620
save checkpoint:  /root/trajectory-clustering/con-dtc/runs/condtc_qd_ema_staged_s4_m07/20260816_204122_seed42/checkpoints/condtc_best.pt
epoch=3 / num_epochs=6
batch=0050 loss=1.1562 representation_loss=1.0309 clustering_loss=0.2506 instance_nce=3.4367 cluster_nce=2.3060 
batch=0100 loss=0.9990 representation_loss=0.8839 clustering_loss=0.2302 instance_nce=3.4411 cluster_nce=2.3329 
batch=0150 loss=0.9139 representation_loss=0.7882 clustering_loss=0.2514 instance_nce=3.4586 cluster_nce=2.3227 
batch=0200 loss=1.1053 representation_loss=0.9775 clustering_loss=0.2557 instance_nce=3.4471 cluster_nce=2.3365 
batch=0250 loss=1.0437 representation_loss=0.9140 clustering_loss=0.2594 instance_nce=3.4743 cluster_nce=2.3129 
batch=0300 loss=1.0744 representation_loss=0.9521 clustering_loss=0.2446 instance_nce=3.4428 cluster_nce=2.3215 
batch=0350 loss=1.0972 representation_loss=0.9727 clustering_loss=0.2490 instance_nce=3.4988 cluster_nce=2.3181 
Train: loss=1.0553 mstm=0.9293 instance_nce=3.4758 cluster_nce=2.3250 dec=0.2519
save checkpoint:  /root/trajectory-clustering/con-dtc/runs/condtc_qd_ema_staged_s4_m07/20260816_204122_seed42/checkpoints/condtc_best.pt
epoch=4 / num_epochs=6
batch=0050 loss=1.0254 representation_loss=0.9070 clustering_loss=0.2366 instance_nce=3.4517 cluster_nce=2.3189 
batch=0100 loss=1.1247 representation_loss=1.0214 clustering_loss=0.2064 instance_nce=3.4270 cluster_nce=2.3232 
batch=0150 loss=0.9563 representation_loss=0.8374 clustering_loss=0.2377 instance_nce=3.4559 cluster_nce=2.3095 
batch=0200 loss=0.9824 representation_loss=0.8830 clustering_loss=0.1989 instance_nce=3.4512 cluster_nce=2.3330 
batch=0250 loss=1.1183 representation_loss=1.0088 clustering_loss=0.2189 instance_nce=3.4504 cluster_nce=2.3259 
batch=0300 loss=1.0488 representation_loss=0.9422 clustering_loss=0.2132 instance_nce=3.4522 cluster_nce=2.3129 
batch=0350 loss=0.9581 representation_loss=0.8537 clustering_loss=0.2087 instance_nce=3.5264 cluster_nce=2.3188 
Train: loss=1.0332 mstm=0.9218 instance_nce=3.4649 cluster_nce=2.3211 dec=0.2227
save checkpoint:  /root/trajectory-clustering/con-dtc/runs/condtc_qd_ema_staged_s4_m07/20260816_204122_seed42/checkpoints/condtc_best.pt
epoch=5 / num_epochs=6
batch=0050 loss=1.1316 representation_loss=1.0203 clustering_loss=0.2226 instance_nce=3.4493 cluster_nce=2.3103 
batch=0100 loss=0.9647 representation_loss=0.8719 clustering_loss=0.1855 instance_nce=3.5049 cluster_nce=2.3309 
batch=0150 loss=1.0266 representation_loss=0.9170 clustering_loss=0.2192 instance_nce=3.4687 cluster_nce=2.3173 
batch=0200 loss=0.9451 representation_loss=0.8568 clustering_loss=0.1766 instance_nce=3.4423 cluster_nce=2.3275 
batch=0250 loss=0.8780 representation_loss=0.7865 clustering_loss=0.1831 instance_nce=3.4554 cluster_nce=2.3145 
batch=0300 loss=1.1061 representation_loss=1.0039 clustering_loss=0.2044 instance_nce=3.4641 cluster_nce=2.3176 
batch=0350 loss=1.0631 representation_loss=0.9598 clustering_loss=0.2067 instance_nce=3.4582 cluster_nce=2.3328 
Train: loss=1.0192 mstm=0.9168 instance_nce=3.4552 cluster_nce=2.3189 dec=0.2049
save checkpoint:  /root/trajectory-clustering/con-dtc/runs/condtc_qd_ema_staged_s4_m07/20260816_204122_seed42/checkpoints/condtc_best.pt
epoch=6 / num_epochs=6
batch=0050 loss=1.0444 representation_loss=0.9496 clustering_loss=0.1897 instance_nce=3.4843 cluster_nce=2.3181 
batch=0100 loss=0.8986 representation_loss=0.8054 clustering_loss=0.1865 instance_nce=3.4268 cluster_nce=2.3272 
batch=0150 loss=0.8998 representation_loss=0.8051 clustering_loss=0.1895 instance_nce=3.4108 cluster_nce=2.3088 
batch=0200 loss=1.0300 representation_loss=0.9380 clustering_loss=0.1840 instance_nce=3.4649 cluster_nce=2.3327 
batch=0250 loss=0.9626 representation_loss=0.8727 clustering_loss=0.1799 instance_nce=3.4448 cluster_nce=2.3112 
batch=0300 loss=1.0037 representation_loss=0.9072 clustering_loss=0.1931 instance_nce=3.4349 cluster_nce=2.3109 
batch=0350 loss=1.1881 representation_loss=1.0847 clustering_loss=0.2068 instance_nce=3.4309 cluster_nce=2.3111 
Train: loss=0.9965 mstm=0.8990 instance_nce=3.4456 cluster_nce=2.3163 dec=0.1950
save checkpoint:  /root/trajectory-clustering/con-dtc/runs/condtc_qd_ema_staged_s4_m07/20260816_204122_seed42/checkpoints/condtc_best.pt
best train_loss:  0.9965078386714729
evaluating: /root/trajectory-clustering/con-dtc/runs/condtc_qd_ema_staged_s4_m07/20260816_204122_seed42/checkpoints/condtc_best.pt
device: cuda
cluster counts: tensor([ 335,    0,  346,  933,  968,  944, 1000,  980, 1003, 1552, 1957, 1586])
metrics: {'uacc': 0.7814546708031713, 'nmi': 0.8912518157217999, 'ri': 0.9575993418716403, 'ari': 0.7562410540757696}
metrics saved: /root/trajectory-clustering/con-dtc/runs/condtc_qd_ema_staged_s4_m07/20260816_204122_seed42/metrics.json
