experiment initialized
run directory: /root/trajectory-clustering/con-dtc/runs/condtc_qd_ema_staged_s3_m07_entropy_p70_a025/20260817_150355_seed777
config snapshot: /root/trajectory-clustering/con-dtc/runs/condtc_qd_ema_staged_s3_m07_entropy_p70_a025/20260817_150355_seed777/config.yaml
device: cuda
pretrain checkpoint: /root/trajectory-clustering/con-dtc/checkpoints/sttraj2vec_pretrain_paper_15ep.pt
epoch=1 / num_epochs=6
batch=0050 loss=1.1041 representation_loss=0.8910 clustering_loss=0.4262 instance_nce=3.5183 cluster_nce=2.3541 
batch=0100 loss=1.1255 representation_loss=0.9189 clustering_loss=0.4131 instance_nce=3.5500 cluster_nce=2.3527 
batch=0150 loss=1.0998 representation_loss=0.9010 clustering_loss=0.3976 instance_nce=3.5374 cluster_nce=2.3381 
batch=0200 loss=1.0455 representation_loss=0.8774 clustering_loss=0.3362 instance_nce=3.5043 cluster_nce=2.3492 
batch=0250 loss=1.0576 representation_loss=0.8807 clustering_loss=0.3538 instance_nce=3.5087 cluster_nce=2.3190 
batch=0300 loss=1.0648 representation_loss=0.8901 clustering_loss=0.3494 instance_nce=3.5232 cluster_nce=2.3238 
batch=0350 loss=1.2181 representation_loss=1.0338 clustering_loss=0.3685 instance_nce=3.4997 cluster_nce=2.3173 
Train: loss=1.1377 mstm=0.9503 instance_nce=3.5230 cluster_nce=2.3400 dec=0.3747
save checkpoint:  /root/trajectory-clustering/con-dtc/runs/condtc_qd_ema_staged_s3_m07_entropy_p70_a025/20260817_150355_seed777/checkpoints/condtc_best.pt
epoch=2 / num_epochs=6
batch=0050 loss=1.1027 representation_loss=0.9530 clustering_loss=0.2994 instance_nce=3.4978 cluster_nce=2.3306 
batch=0100 loss=1.0955 representation_loss=0.9477 clustering_loss=0.2954 instance_nce=3.5180 cluster_nce=2.3085 
batch=0150 loss=1.1029 representation_loss=0.9744 clustering_loss=0.2570 instance_nce=3.5031 cluster_nce=2.3156 
batch=0200 loss=1.0753 representation_loss=0.9499 clustering_loss=0.2507 instance_nce=3.5658 cluster_nce=2.3358 
batch=0250 loss=1.0711 representation_loss=0.9385 clustering_loss=0.2652 instance_nce=3.4802 cluster_nce=2.3046 
batch=0300 loss=1.0171 representation_loss=0.9069 clustering_loss=0.2203 instance_nce=3.4612 cluster_nce=2.3082 
batch=0350 loss=1.0363 representation_loss=0.9243 clustering_loss=0.2239 instance_nce=3.5195 cluster_nce=2.3021 
Train: loss=1.0692 mstm=0.9393 instance_nce=3.5033 cluster_nce=2.3218 dec=0.2599
save checkpoint:  /root/trajectory-clustering/con-dtc/runs/condtc_qd_ema_staged_s3_m07_entropy_p70_a025/20260817_150355_seed777/checkpoints/condtc_best.pt
epoch=3 / num_epochs=6
batch=0050 loss=1.0447 representation_loss=0.9211 clustering_loss=0.2472 instance_nce=3.5029 cluster_nce=2.3136 
batch=0100 loss=1.1380 representation_loss=1.0087 clustering_loss=0.2587 instance_nce=3.4810 cluster_nce=2.3102 
batch=0150 loss=1.0432 representation_loss=0.9371 clustering_loss=0.2122 instance_nce=3.4613 cluster_nce=2.3198 
batch=0200 loss=0.9609 representation_loss=0.8447 clustering_loss=0.2324 instance_nce=3.4903 cluster_nce=2.3258 
batch=0250 loss=1.1137 representation_loss=1.0122 clustering_loss=0.2030 instance_nce=3.4838 cluster_nce=2.3121 
batch=0300 loss=0.9712 representation_loss=0.8663 clustering_loss=0.2099 instance_nce=3.4940 cluster_nce=2.3189 
batch=0350 loss=1.1062 representation_loss=1.0062 clustering_loss=0.2000 instance_nce=3.4619 cluster_nce=2.3114 
Train: loss=1.0463 mstm=0.9330 instance_nce=3.4928 cluster_nce=2.3171 dec=0.2266
save checkpoint:  /root/trajectory-clustering/con-dtc/runs/condtc_qd_ema_staged_s3_m07_entropy_p70_a025/20260817_150355_seed777/checkpoints/condtc_best.pt
epoch=4 / num_epochs=6
batch=0050 loss=1.0471 representation_loss=0.9433 clustering_loss=0.2075 instance_nce=3.4998 cluster_nce=2.3252 
batch=0100 loss=1.2056 representation_loss=1.0829 clustering_loss=0.2454 instance_nce=3.5344 cluster_nce=2.3281 
batch=0150 loss=1.1022 representation_loss=0.9977 clustering_loss=0.2090 instance_nce=3.4726 cluster_nce=2.3151 
batch=0200 loss=1.1342 representation_loss=1.0296 clustering_loss=0.2093 instance_nce=3.4688 cluster_nce=2.3043 
batch=0250 loss=1.0803 representation_loss=0.9642 clustering_loss=0.2321 instance_nce=3.5026 cluster_nce=2.3182 
batch=0300 loss=0.8584 representation_loss=0.7552 clustering_loss=0.2063 instance_nce=3.5051 cluster_nce=2.3230 
batch=0350 loss=1.1237 representation_loss=1.0184 clustering_loss=0.2108 instance_nce=3.4520 cluster_nce=2.3091 
Train: loss=1.0291 mstm=0.9243 instance_nce=3.4829 cluster_nce=2.3123 dec=0.2097
save checkpoint:  /root/trajectory-clustering/con-dtc/runs/condtc_qd_ema_staged_s3_m07_entropy_p70_a025/20260817_150355_seed777/checkpoints/condtc_best.pt
epoch=5 / num_epochs=6
batch=0050 loss=1.0319 representation_loss=0.9361 clustering_loss=0.1917 instance_nce=3.4530 cluster_nce=2.2971 
batch=0100 loss=0.9975 representation_loss=0.9023 clustering_loss=0.1905 instance_nce=3.4521 cluster_nce=2.3064 
batch=0150 loss=0.9447 representation_loss=0.8428 clustering_loss=0.2037 instance_nce=3.4667 cluster_nce=2.3066 
batch=0200 loss=0.9791 representation_loss=0.8775 clustering_loss=0.2032 instance_nce=3.4737 cluster_nce=2.3071 
batch=0250 loss=1.1083 representation_loss=1.0176 clustering_loss=0.1813 instance_nce=3.4627 cluster_nce=2.3100 
batch=0300 loss=1.0309 representation_loss=0.9407 clustering_loss=0.1805 instance_nce=3.4701 cluster_nce=2.3126 
batch=0350 loss=0.9837 representation_loss=0.8780 clustering_loss=0.2114 instance_nce=3.4703 cluster_nce=2.3158 
Train: loss=1.0101 mstm=0.9111 instance_nce=3.4745 cluster_nce=2.3093 dec=0.1980
save checkpoint:  /root/trajectory-clustering/con-dtc/runs/condtc_qd_ema_staged_s3_m07_entropy_p70_a025/20260817_150355_seed777/checkpoints/condtc_best.pt
epoch=6 / num_epochs=6
batch=0050 loss=0.9836 representation_loss=0.8783 clustering_loss=0.2107 instance_nce=3.5786 cluster_nce=2.3226 
batch=0100 loss=0.9350 representation_loss=0.8411 clustering_loss=0.1878 instance_nce=3.4789 cluster_nce=2.2937 
batch=0150 loss=0.9562 representation_loss=0.8584 clustering_loss=0.1956 instance_nce=3.4690 cluster_nce=2.3100 
batch=0200 loss=0.9623 representation_loss=0.8710 clustering_loss=0.1826 instance_nce=3.4885 cluster_nce=2.2950 
batch=0250 loss=0.9381 representation_loss=0.8459 clustering_loss=0.1844 instance_nce=3.4850 cluster_nce=2.3181 
batch=0300 loss=1.0550 representation_loss=0.9663 clustering_loss=0.1773 instance_nce=3.4629 cluster_nce=2.2939 
batch=0350 loss=1.0172 representation_loss=0.9168 clustering_loss=0.2009 instance_nce=3.4405 cluster_nce=2.2880 
Train: loss=1.0003 mstm=0.9045 instance_nce=3.4661 cluster_nce=2.3058 dec=0.1916
save checkpoint:  /root/trajectory-clustering/con-dtc/runs/condtc_qd_ema_staged_s3_m07_entropy_p70_a025/20260817_150355_seed777/checkpoints/condtc_best.pt
best train_loss:  1.000275320449561
evaluating: /root/trajectory-clustering/con-dtc/runs/condtc_qd_ema_staged_s3_m07_entropy_p70_a025/20260817_150355_seed777/checkpoints/condtc_best.pt
device: cuda
cluster counts: tensor([ 973,  797, 1895,  965, 1003, 1101, 1000,  936,  944,  609, 1319,   62])
metrics: {'uacc': 0.8377283695277491, 'nmi': 0.8954576885467981, 'ri': 0.96506695141752, 'ari': 0.7882721052482102}
metrics saved: /root/trajectory-clustering/con-dtc/runs/condtc_qd_ema_staged_s3_m07_entropy_p70_a025/20260817_150355_seed777/metrics.json
