experiment initialized
run directory: /root/trajectory-clustering/con-dtc/runs/condtc_qd_ema_staged_s3_m07_entropy_p60_a050/20260817_144034_seed42
config snapshot: /root/trajectory-clustering/con-dtc/runs/condtc_qd_ema_staged_s3_m07_entropy_p60_a050/20260817_144034_seed42/config.yaml
device: cuda
pretrain checkpoint: /root/trajectory-clustering/con-dtc/checkpoints/sttraj2vec_pretrain_paper_15ep.pt
epoch=1 / num_epochs=6
batch=0050 loss=1.2522 representation_loss=1.0175 clustering_loss=0.4694 instance_nce=3.5261 cluster_nce=2.3788 
batch=0100 loss=1.1484 representation_loss=0.9354 clustering_loss=0.4259 instance_nce=3.5002 cluster_nce=2.3484 
batch=0150 loss=1.2910 representation_loss=1.1073 clustering_loss=0.3676 instance_nce=3.5001 cluster_nce=2.3400 
batch=0200 loss=1.1210 representation_loss=0.9007 clustering_loss=0.4407 instance_nce=3.4968 cluster_nce=2.3422 
batch=0250 loss=1.1561 representation_loss=1.0058 clustering_loss=0.3007 instance_nce=3.4909 cluster_nce=2.3328 
batch=0300 loss=1.2513 representation_loss=1.0743 clustering_loss=0.3540 instance_nce=3.4894 cluster_nce=2.3394 
batch=0350 loss=1.1866 representation_loss=1.0231 clustering_loss=0.3270 instance_nce=3.4739 cluster_nce=2.3411 
Train: loss=1.1424 mstm=0.9538 instance_nce=3.5081 cluster_nce=2.3467 dec=0.3772
save checkpoint:  /root/trajectory-clustering/con-dtc/runs/condtc_qd_ema_staged_s3_m07_entropy_p60_a050/20260817_144034_seed42/checkpoints/condtc_best.pt
epoch=2 / num_epochs=6
batch=0050 loss=1.0601 representation_loss=0.9270 clustering_loss=0.2662 instance_nce=3.4772 cluster_nce=2.3288 
batch=0100 loss=1.0675 representation_loss=0.9415 clustering_loss=0.2520 instance_nce=3.4701 cluster_nce=2.3227 
batch=0150 loss=1.2057 representation_loss=1.0739 clustering_loss=0.2635 instance_nce=3.4802 cluster_nce=2.3232 
batch=0200 loss=1.0010 representation_loss=0.8775 clustering_loss=0.2469 instance_nce=3.4659 cluster_nce=2.3335 
batch=0250 loss=1.0316 representation_loss=0.9058 clustering_loss=0.2518 instance_nce=3.5169 cluster_nce=2.3357 
batch=0300 loss=1.0958 representation_loss=0.9792 clustering_loss=0.2333 instance_nce=3.4917 cluster_nce=2.3403 
batch=0350 loss=1.1383 representation_loss=1.0237 clustering_loss=0.2292 instance_nce=3.5074 cluster_nce=2.3250 
Train: loss=1.0664 mstm=0.9354 instance_nce=3.4910 cluster_nce=2.3312 dec=0.2620
save checkpoint:  /root/trajectory-clustering/con-dtc/runs/condtc_qd_ema_staged_s3_m07_entropy_p60_a050/20260817_144034_seed42/checkpoints/condtc_best.pt
epoch=3 / num_epochs=6
batch=0050 loss=1.1444 representation_loss=1.0310 clustering_loss=0.2268 instance_nce=3.4378 cluster_nce=2.3068 
batch=0100 loss=0.9908 representation_loss=0.8838 clustering_loss=0.2140 instance_nce=3.4427 cluster_nce=2.3333 
batch=0150 loss=0.9003 representation_loss=0.7878 clustering_loss=0.2250 instance_nce=3.4601 cluster_nce=2.3229 
batch=0200 loss=1.0938 representation_loss=0.9773 clustering_loss=0.2330 instance_nce=3.4485 cluster_nce=2.3374 
batch=0250 loss=1.0334 representation_loss=0.9133 clustering_loss=0.2403 instance_nce=3.4754 cluster_nce=2.3137 
batch=0300 loss=1.0630 representation_loss=0.9517 clustering_loss=0.2226 instance_nce=3.4449 cluster_nce=2.3224 
batch=0350 loss=1.0849 representation_loss=0.9725 clustering_loss=0.2249 instance_nce=3.5012 cluster_nce=2.3187 
Train: loss=1.0434 mstm=0.9291 instance_nce=3.4774 cluster_nce=2.3256 dec=0.2285
save checkpoint:  /root/trajectory-clustering/con-dtc/runs/condtc_qd_ema_staged_s3_m07_entropy_p60_a050/20260817_144034_seed42/checkpoints/condtc_best.pt
epoch=4 / num_epochs=6
batch=0050 loss=1.0211 representation_loss=0.9065 clustering_loss=0.2292 instance_nce=3.4543 cluster_nce=2.3197 
batch=0100 loss=1.1226 representation_loss=1.0210 clustering_loss=0.2032 instance_nce=3.4289 cluster_nce=2.3237 
batch=0150 loss=0.9473 representation_loss=0.8372 clustering_loss=0.2202 instance_nce=3.4585 cluster_nce=2.3102 
batch=0200 loss=0.9740 representation_loss=0.8827 clustering_loss=0.1825 instance_nce=3.4531 cluster_nce=2.3333 
batch=0250 loss=1.1141 representation_loss=1.0084 clustering_loss=0.2113 instance_nce=3.4516 cluster_nce=2.3259 
batch=0300 loss=1.0432 representation_loss=0.9419 clustering_loss=0.2027 instance_nce=3.4540 cluster_nce=2.3136 
batch=0350 loss=0.9486 representation_loss=0.8534 clustering_loss=0.1905 instance_nce=3.5285 cluster_nce=2.3197 
Train: loss=1.0268 mstm=0.9215 instance_nce=3.4668 cluster_nce=2.3217 dec=0.2108
save checkpoint:  /root/trajectory-clustering/con-dtc/runs/condtc_qd_ema_staged_s3_m07_entropy_p60_a050/20260817_144034_seed42/checkpoints/condtc_best.pt
epoch=5 / num_epochs=6
batch=0050 loss=1.1297 representation_loss=1.0205 clustering_loss=0.2184 instance_nce=3.4518 cluster_nce=2.3111 
batch=0100 loss=0.9607 representation_loss=0.8711 clustering_loss=0.1791 instance_nce=3.5061 cluster_nce=2.3305 
batch=0150 loss=1.0250 representation_loss=0.9166 clustering_loss=0.2167 instance_nce=3.4703 cluster_nce=2.3176 
batch=0200 loss=0.9436 representation_loss=0.8562 clustering_loss=0.1748 instance_nce=3.4442 cluster_nce=2.3282 
batch=0250 loss=0.8729 representation_loss=0.7861 clustering_loss=0.1736 instance_nce=3.4574 cluster_nce=2.3150 
batch=0300 loss=1.1042 representation_loss=1.0042 clustering_loss=0.2000 instance_nce=3.4658 cluster_nce=2.3185 
batch=0350 loss=1.0589 representation_loss=0.9596 clustering_loss=0.1987 instance_nce=3.4598 cluster_nce=2.3338 
Train: loss=1.0154 mstm=0.9165 instance_nce=3.4571 cluster_nce=2.3194 dec=0.1978
save checkpoint:  /root/trajectory-clustering/con-dtc/runs/condtc_qd_ema_staged_s3_m07_entropy_p60_a050/20260817_144034_seed42/checkpoints/condtc_best.pt
epoch=6 / num_epochs=6
batch=0050 loss=1.0409 representation_loss=0.9495 clustering_loss=0.1828 instance_nce=3.4859 cluster_nce=2.3185 
batch=0100 loss=0.8978 representation_loss=0.8045 clustering_loss=0.1865 instance_nce=3.4288 cluster_nce=2.3276 
batch=0150 loss=0.8972 representation_loss=0.8046 clustering_loss=0.1852 instance_nce=3.4128 cluster_nce=2.3093 
batch=0200 loss=1.0273 representation_loss=0.9374 clustering_loss=0.1798 instance_nce=3.4667 cluster_nce=2.3335 
batch=0250 loss=0.9622 representation_loss=0.8725 clustering_loss=0.1794 instance_nce=3.4472 cluster_nce=2.3118 
batch=0300 loss=0.9999 representation_loss=0.9072 clustering_loss=0.1854 instance_nce=3.4365 cluster_nce=2.3114 
batch=0350 loss=1.1851 representation_loss=1.0846 clustering_loss=0.2010 instance_nce=3.4334 cluster_nce=2.3116 
Train: loss=0.9944 mstm=0.8987 instance_nce=3.4475 cluster_nce=2.3168 dec=0.1916
save checkpoint:  /root/trajectory-clustering/con-dtc/runs/condtc_qd_ema_staged_s3_m07_entropy_p60_a050/20260817_144034_seed42/checkpoints/condtc_best.pt
best train_loss:  0.9944319110293094
evaluating: /root/trajectory-clustering/con-dtc/runs/condtc_qd_ema_staged_s3_m07_entropy_p60_a050/20260817_144034_seed42/checkpoints/condtc_best.pt
device: cuda
cluster counts: tensor([ 354,   23,  569,  934,  967,  944, 1000,  979, 1003, 1329, 1934, 1568])
metrics: {'uacc': 0.7998104102033782, 'nmi': 0.8905653596839981, 'ri': 0.9599408092078078, 'ari': 0.7649081815187315}
metrics saved: /root/trajectory-clustering/con-dtc/runs/condtc_qd_ema_staged_s3_m07_entropy_p60_a050/20260817_144034_seed42/metrics.json
