experiment initialized
run directory: /root/trajectory-clustering/con-dtc/runs/condtc_qd_ema_staged_s5_m08/20260816_202440_seed19721013
config snapshot: /root/trajectory-clustering/con-dtc/runs/condtc_qd_ema_staged_s5_m08/20260816_202440_seed19721013/config.yaml
device: cuda
pretrain checkpoint: /root/trajectory-clustering/con-dtc/checkpoints/sttraj2vec_pretrain_paper_15ep.pt
epoch=1 / num_epochs=6
batch=0050 loss=1.1629 representation_loss=0.9304 clustering_loss=0.4650 instance_nce=3.5702 cluster_nce=2.3243 
batch=0100 loss=1.1673 representation_loss=0.9701 clustering_loss=0.3943 instance_nce=3.5546 cluster_nce=2.3284 
batch=0150 loss=1.1958 representation_loss=1.0006 clustering_loss=0.3905 instance_nce=3.5938 cluster_nce=2.3155 
batch=0200 loss=1.1558 representation_loss=0.9846 clustering_loss=0.3425 instance_nce=3.5420 cluster_nce=2.2985 
batch=0250 loss=1.2080 representation_loss=1.0177 clustering_loss=0.3806 instance_nce=3.5584 cluster_nce=2.3128 
batch=0300 loss=1.1944 representation_loss=1.0261 clustering_loss=0.3367 instance_nce=3.5415 cluster_nce=2.3001 
batch=0350 loss=1.0127 representation_loss=0.8208 clustering_loss=0.3838 instance_nce=3.5150 cluster_nce=2.2909 
Train: loss=1.1389 mstm=0.9508 instance_nce=3.5503 cluster_nce=2.3165 dec=0.3762
save checkpoint:  /root/trajectory-clustering/con-dtc/runs/condtc_qd_ema_staged_s5_m08/20260816_202440_seed19721013/checkpoints/condtc_best.pt
epoch=2 / num_epochs=6
batch=0050 loss=1.0379 representation_loss=0.8879 clustering_loss=0.2999 instance_nce=3.5480 cluster_nce=2.3165 
batch=0100 loss=1.0682 representation_loss=0.9316 clustering_loss=0.2731 instance_nce=3.5515 cluster_nce=2.2992 
batch=0150 loss=1.1133 representation_loss=0.9795 clustering_loss=0.2677 instance_nce=3.5335 cluster_nce=2.2971 
batch=0200 loss=1.1861 representation_loss=1.0490 clustering_loss=0.2743 instance_nce=3.5356 cluster_nce=2.3178 
batch=0250 loss=1.0656 representation_loss=0.9316 clustering_loss=0.2680 instance_nce=3.5151 cluster_nce=2.2852 
batch=0300 loss=1.1050 representation_loss=0.9811 clustering_loss=0.2478 instance_nce=3.5328 cluster_nce=2.3112 
batch=0350 loss=1.0381 representation_loss=0.9247 clustering_loss=0.2268 instance_nce=3.5192 cluster_nce=2.2892 
Train: loss=1.0671 mstm=0.9336 instance_nce=3.5281 cluster_nce=2.3015 dec=0.2670
save checkpoint:  /root/trajectory-clustering/con-dtc/runs/condtc_qd_ema_staged_s5_m08/20260816_202440_seed19721013/checkpoints/condtc_best.pt
epoch=3 / num_epochs=6
batch=0050 loss=1.0730 representation_loss=0.9375 clustering_loss=0.2709 instance_nce=3.5130 cluster_nce=2.3039 
batch=0100 loss=1.0797 representation_loss=0.9414 clustering_loss=0.2767 instance_nce=3.5391 cluster_nce=2.3185 
batch=0150 loss=1.1257 representation_loss=0.9966 clustering_loss=0.2583 instance_nce=3.5170 cluster_nce=2.3109 
batch=0200 loss=1.0232 representation_loss=0.9062 clustering_loss=0.2339 instance_nce=3.4916 cluster_nce=2.2904 
batch=0250 loss=1.0146 representation_loss=0.9061 clustering_loss=0.2170 instance_nce=3.4797 cluster_nce=2.2852 
batch=0300 loss=0.9540 representation_loss=0.8347 clustering_loss=0.2386 instance_nce=3.5272 cluster_nce=2.2955 
batch=0350 loss=1.0464 representation_loss=0.9387 clustering_loss=0.2154 instance_nce=3.4875 cluster_nce=2.2933 
Train: loss=1.0568 mstm=0.9318 instance_nce=3.5163 cluster_nce=2.2972 dec=0.2501
save checkpoint:  /root/trajectory-clustering/con-dtc/runs/condtc_qd_ema_staged_s5_m08/20260816_202440_seed19721013/checkpoints/condtc_best.pt
epoch=4 / num_epochs=6
batch=0050 loss=0.9918 representation_loss=0.8764 clustering_loss=0.2307 instance_nce=3.4887 cluster_nce=2.3038 
batch=0100 loss=0.8818 representation_loss=0.7599 clustering_loss=0.2437 instance_nce=3.5075 cluster_nce=2.2872 
batch=0150 loss=1.0309 representation_loss=0.9259 clustering_loss=0.2101 instance_nce=3.5006 cluster_nce=2.2872 
batch=0200 loss=1.0409 representation_loss=0.9288 clustering_loss=0.2243 instance_nce=3.4922 cluster_nce=2.2914 
batch=0250 loss=1.0060 representation_loss=0.9008 clustering_loss=0.2103 instance_nce=3.5306 cluster_nce=2.2962 
batch=0300 loss=1.0461 representation_loss=0.9461 clustering_loss=0.2001 instance_nce=3.4806 cluster_nce=2.2915 
batch=0350 loss=1.0000 representation_loss=0.8963 clustering_loss=0.2076 instance_nce=3.4750 cluster_nce=2.2749 
Train: loss=1.0303 mstm=0.9133 instance_nce=3.5051 cluster_nce=2.2950 dec=0.2339
save checkpoint:  /root/trajectory-clustering/con-dtc/runs/condtc_qd_ema_staged_s5_m08/20260816_202440_seed19721013/checkpoints/condtc_best.pt
epoch=5 / num_epochs=6
batch=0050 loss=0.9567 representation_loss=0.8499 clustering_loss=0.2136 instance_nce=3.4672 cluster_nce=2.2895 
batch=0100 loss=0.9311 representation_loss=0.8258 clustering_loss=0.2106 instance_nce=3.4927 cluster_nce=2.2883 
batch=0150 loss=1.0300 representation_loss=0.9283 clustering_loss=0.2035 instance_nce=3.4898 cluster_nce=2.2965 
batch=0200 loss=1.0018 representation_loss=0.8965 clustering_loss=0.2107 instance_nce=3.5031 cluster_nce=2.2953 
batch=0250 loss=0.9864 representation_loss=0.8869 clustering_loss=0.1990 instance_nce=3.4953 cluster_nce=2.2783 
batch=0300 loss=0.9544 representation_loss=0.8587 clustering_loss=0.1912 instance_nce=3.4783 cluster_nce=2.2849 
batch=0350 loss=0.9309 representation_loss=0.8164 clustering_loss=0.2291 instance_nce=3.4962 cluster_nce=2.2987 
Train: loss=1.0207 mstm=0.9151 instance_nce=3.4952 cluster_nce=2.2918 dec=0.2112
save checkpoint:  /root/trajectory-clustering/con-dtc/runs/condtc_qd_ema_staged_s5_m08/20260816_202440_seed19721013/checkpoints/condtc_best.pt
epoch=6 / num_epochs=6
batch=0050 loss=0.9781 representation_loss=0.8839 clustering_loss=0.1883 instance_nce=3.4973 cluster_nce=2.2734 
batch=0100 loss=1.0598 representation_loss=0.9583 clustering_loss=0.2031 instance_nce=3.4628 cluster_nce=2.2825 
batch=0150 loss=0.9465 representation_loss=0.8487 clustering_loss=0.1956 instance_nce=3.4808 cluster_nce=2.2801 
batch=0200 loss=1.0253 representation_loss=0.9261 clustering_loss=0.1984 instance_nce=3.4784 cluster_nce=2.2786 
batch=0250 loss=0.9818 representation_loss=0.8779 clustering_loss=0.2080 instance_nce=3.5297 cluster_nce=2.2864 
batch=0300 loss=1.1209 representation_loss=1.0212 clustering_loss=0.1993 instance_nce=3.4633 cluster_nce=2.2842 
batch=0350 loss=1.0640 representation_loss=0.9714 clustering_loss=0.1852 instance_nce=3.4965 cluster_nce=2.3211 
Train: loss=1.0072 mstm=0.9088 instance_nce=3.4862 cluster_nce=2.2893 dec=0.1968
save checkpoint:  /root/trajectory-clustering/con-dtc/runs/condtc_qd_ema_staged_s5_m08/20260816_202440_seed19721013/checkpoints/condtc_best.pt
best train_loss:  1.0072437334742803
evaluating: /root/trajectory-clustering/con-dtc/runs/condtc_qd_ema_staged_s5_m08/20260816_202440_seed19721013/checkpoints/condtc_best.pt
device: cuda
cluster counts: tensor([1003,  968, 1957, 1204,  352, 1000,    0,  970, 1546,  933,  727,  944])
metrics: {'uacc': 0.7916235780765254, 'nmi': 0.8874312695240376, 'ri': 0.9583044157386225, 'ari': 0.7543206796167844}
metrics saved: /root/trajectory-clustering/con-dtc/runs/condtc_qd_ema_staged_s5_m08/20260816_202440_seed19721013/metrics.json
