experiment initialized
run directory: /root/trajectory-clustering/con-dtc/runs/condtc_qd_s3_m07_w08_boundary_protected/20260814_133506_seed19721013
config snapshot: /root/trajectory-clustering/con-dtc/runs/condtc_qd_s3_m07_w08_boundary_protected/20260814_133506_seed19721013/config.yaml
device: cuda
pretrain checkpoint: /root/trajectory-clustering/con-dtc/checkpoints/sttraj2vec_pretrain_paper_15ep.pt
epoch=1 / num_epochs=6
batch=0050 loss=1.1629 representation_loss=0.9304 clustering_loss=0.4650 instance_nce=3.5702 cluster_nce=2.3243 
batch=0100 loss=1.1673 representation_loss=0.9701 clustering_loss=0.3943 instance_nce=3.5546 cluster_nce=2.3284 
batch=0150 loss=1.1958 representation_loss=1.0006 clustering_loss=0.3905 instance_nce=3.5938 cluster_nce=2.3155 
batch=0200 loss=1.1558 representation_loss=0.9846 clustering_loss=0.3425 instance_nce=3.5420 cluster_nce=2.2985 
batch=0250 loss=1.2080 representation_loss=1.0177 clustering_loss=0.3806 instance_nce=3.5584 cluster_nce=2.3128 
batch=0300 loss=1.1944 representation_loss=1.0261 clustering_loss=0.3367 instance_nce=3.5415 cluster_nce=2.3001 
batch=0350 loss=1.0127 representation_loss=0.8208 clustering_loss=0.3838 instance_nce=3.5150 cluster_nce=2.2909 
Train: loss=1.1389 mstm=0.9508 instance_nce=3.5503 cluster_nce=2.3165 dec=0.3762
save checkpoint:  /root/trajectory-clustering/con-dtc/runs/condtc_qd_s3_m07_w08_boundary_protected/20260814_133506_seed19721013/checkpoints/condtc_best.pt
epoch=2 / num_epochs=6
batch=0050 loss=1.0379 representation_loss=0.8879 clustering_loss=0.2999 instance_nce=3.5480 cluster_nce=2.3165 
batch=0100 loss=1.0682 representation_loss=0.9316 clustering_loss=0.2731 instance_nce=3.5515 cluster_nce=2.2992 
batch=0150 loss=1.1133 representation_loss=0.9795 clustering_loss=0.2677 instance_nce=3.5335 cluster_nce=2.2971 
batch=0200 loss=1.1861 representation_loss=1.0490 clustering_loss=0.2743 instance_nce=3.5356 cluster_nce=2.3178 
batch=0250 loss=1.0656 representation_loss=0.9316 clustering_loss=0.2680 instance_nce=3.5151 cluster_nce=2.2852 
batch=0300 loss=1.1050 representation_loss=0.9811 clustering_loss=0.2478 instance_nce=3.5328 cluster_nce=2.3112 
batch=0350 loss=1.0381 representation_loss=0.9247 clustering_loss=0.2268 instance_nce=3.5192 cluster_nce=2.2892 
Train: loss=1.0671 mstm=0.9336 instance_nce=3.5281 cluster_nce=2.3015 dec=0.2670
save checkpoint:  /root/trajectory-clustering/con-dtc/runs/condtc_qd_s3_m07_w08_boundary_protected/20260814_133506_seed19721013/checkpoints/condtc_best.pt
epoch=3 / num_epochs=6
batch=0050 loss=1.0617 representation_loss=0.9373 clustering_loss=0.2487 instance_nce=3.5144 cluster_nce=2.3038 
batch=0100 loss=1.0669 representation_loss=0.9412 clustering_loss=0.2514 instance_nce=3.5408 cluster_nce=2.3181 
batch=0150 loss=1.1083 representation_loss=0.9967 clustering_loss=0.2231 instance_nce=3.5189 cluster_nce=2.3108 
batch=0200 loss=1.0127 representation_loss=0.9062 clustering_loss=0.2131 instance_nce=3.4937 cluster_nce=2.2907 
batch=0250 loss=1.0051 representation_loss=0.9059 clustering_loss=0.1984 instance_nce=3.4822 cluster_nce=2.2849 
batch=0300 loss=0.9468 representation_loss=0.8352 clustering_loss=0.2231 instance_nce=3.5284 cluster_nce=2.2955 
batch=0350 loss=1.0420 representation_loss=0.9388 clustering_loss=0.2062 instance_nce=3.4885 cluster_nce=2.2938 
Train: loss=1.0449 mstm=0.9316 instance_nce=3.5174 cluster_nce=2.2970 dec=0.2266
save checkpoint:  /root/trajectory-clustering/con-dtc/runs/condtc_qd_s3_m07_w08_boundary_protected/20260814_133506_seed19721013/checkpoints/condtc_best.pt
epoch=4 / num_epochs=6
batch=0050 loss=0.9791 representation_loss=0.8750 clustering_loss=0.2082 instance_nce=3.4889 cluster_nce=2.3045 
batch=0100 loss=0.8719 representation_loss=0.7588 clustering_loss=0.2261 instance_nce=3.5087 cluster_nce=2.2876 
batch=0150 loss=1.0135 representation_loss=0.9242 clustering_loss=0.1784 instance_nce=3.5025 cluster_nce=2.2876 
batch=0200 loss=1.0270 representation_loss=0.9268 clustering_loss=0.2003 instance_nce=3.4959 cluster_nce=2.2908 
batch=0250 loss=0.9920 representation_loss=0.9001 clustering_loss=0.1838 instance_nce=3.5338 cluster_nce=2.2955 
batch=0300 loss=1.0323 representation_loss=0.9454 clustering_loss=0.1739 instance_nce=3.4822 cluster_nce=2.2917 
batch=0350 loss=0.9922 representation_loss=0.8968 clustering_loss=0.1910 instance_nce=3.4768 cluster_nce=2.2754 
Train: loss=1.0162 mstm=0.9129 instance_nce=3.5074 cluster_nce=2.2951 dec=0.2067
save checkpoint:  /root/trajectory-clustering/con-dtc/runs/condtc_qd_s3_m07_w08_boundary_protected/20260814_133506_seed19721013/checkpoints/condtc_best.pt
epoch=5 / num_epochs=6
batch=0050 loss=0.9497 representation_loss=0.8499 clustering_loss=0.1996 instance_nce=3.4698 cluster_nce=2.2900 
batch=0100 loss=0.9187 representation_loss=0.8248 clustering_loss=0.1879 instance_nce=3.4953 cluster_nce=2.2892 
batch=0150 loss=1.0192 representation_loss=0.9278 clustering_loss=0.1827 instance_nce=3.4929 cluster_nce=2.2963 
batch=0200 loss=0.9955 representation_loss=0.8965 clustering_loss=0.1980 instance_nce=3.5066 cluster_nce=2.2961 
batch=0250 loss=0.9796 representation_loss=0.8865 clustering_loss=0.1863 instance_nce=3.4967 cluster_nce=2.2783 
batch=0300 loss=0.9463 representation_loss=0.8589 clustering_loss=0.1748 instance_nce=3.4803 cluster_nce=2.2850 
batch=0350 loss=0.9266 representation_loss=0.8156 clustering_loss=0.2220 instance_nce=3.5001 cluster_nce=2.2991 
Train: loss=1.0123 mstm=0.9145 instance_nce=3.4976 cluster_nce=2.2923 dec=0.1956
save checkpoint:  /root/trajectory-clustering/con-dtc/runs/condtc_qd_s3_m07_w08_boundary_protected/20260814_133506_seed19721013/checkpoints/condtc_best.pt
epoch=6 / num_epochs=6
batch=0050 loss=0.9746 representation_loss=0.8837 clustering_loss=0.1817 instance_nce=3.4980 cluster_nce=2.2742 
batch=0100 loss=1.0571 representation_loss=0.9577 clustering_loss=0.1988 instance_nce=3.4651 cluster_nce=2.2832 
batch=0150 loss=0.9377 representation_loss=0.8478 clustering_loss=0.1798 instance_nce=3.4812 cluster_nce=2.2812 
batch=0200 loss=1.0193 representation_loss=0.9259 clustering_loss=0.1867 instance_nce=3.4808 cluster_nce=2.2792 
batch=0250 loss=0.9773 representation_loss=0.8778 clustering_loss=0.1991 instance_nce=3.5316 cluster_nce=2.2870 
batch=0300 loss=1.1144 representation_loss=1.0190 clustering_loss=0.1908 instance_nce=3.4662 cluster_nce=2.2847 
batch=0350 loss=1.0595 representation_loss=0.9716 clustering_loss=0.1759 instance_nce=3.4992 cluster_nce=2.3223 
Train: loss=1.0025 mstm=0.9083 instance_nce=3.4885 cluster_nce=2.2901 dec=0.1885
save checkpoint:  /root/trajectory-clustering/con-dtc/runs/condtc_qd_s3_m07_w08_boundary_protected/20260814_133506_seed19721013/checkpoints/condtc_best.pt
best train_loss:  1.0025107662910349
evaluating: /root/trajectory-clustering/con-dtc/runs/condtc_qd_s3_m07_w08_boundary_protected/20260814_133506_seed19721013/checkpoints/condtc_best.pt
device: cuda
cluster counts: tensor([1003,  968, 1949, 1114,  412, 1000,    8,  969, 1486,  933,  818,  944])
metrics: {'uacc': 0.8013615994484661, 'nmi': 0.8882509816147233, 'ri': 0.9594406503114365, 'ari': 0.7589300596541074}
metrics saved: /root/trajectory-clustering/con-dtc/runs/condtc_qd_s3_m07_w08_boundary_protected/20260814_133506_seed19721013/metrics.json
