experiment initialized
run directory: /root/trajectory-clustering/con-dtc/runs/condtc_porto_finegrained_s3_m07_reverse_stability_w150/20260823_144407_seed123
config snapshot: /root/trajectory-clustering/con-dtc/runs/condtc_porto_finegrained_s3_m07_reverse_stability_w150/20260823_144407_seed123/config.yaml
device: cuda
dataset: portoTimeNoiseFineGrained
pretrain checkpoint: /root/trajectory-clustering/con-dtc/checkpoints/sttraj2vec_porto_finegrained_pre15.pt
epoch=1 / num_epochs=6
batch=0050 loss=0.9442 representation_loss=0.6368 clustering_loss=0.6149 instance_nce=0.0000 cluster_nce=0.0000 
batch=0100 loss=0.9199 representation_loss=0.6562 clustering_loss=0.5273 instance_nce=0.0000 cluster_nce=0.0000 
batch=0150 loss=0.8014 representation_loss=0.5625 clustering_loss=0.4777 instance_nce=0.0000 cluster_nce=0.0000 
batch=0200 loss=0.8871 representation_loss=0.6785 clustering_loss=0.4173 instance_nce=0.0000 cluster_nce=0.0000 
batch=0250 loss=0.8017 representation_loss=0.5954 clustering_loss=0.4126 instance_nce=0.0000 cluster_nce=0.0000 
batch=0300 loss=0.9092 representation_loss=0.6988 clustering_loss=0.4209 instance_nce=0.0000 cluster_nce=0.0000 
batch=0350 loss=0.7691 representation_loss=0.5845 clustering_loss=0.3693 instance_nce=0.0000 cluster_nce=0.0000 
batch=0400 loss=0.8199 representation_loss=0.6121 clustering_loss=0.4156 instance_nce=0.0000 cluster_nce=0.0000 
batch=0450 loss=0.8247 representation_loss=0.5995 clustering_loss=0.4504 instance_nce=0.0000 cluster_nce=0.0000 
batch=0500 loss=0.8268 representation_loss=0.6133 clustering_loss=0.4271 instance_nce=0.0000 cluster_nce=0.0000 
batch=0550 loss=0.8216 representation_loss=0.6180 clustering_loss=0.4073 instance_nce=0.0000 cluster_nce=0.0000 
batch=0600 loss=0.7449 representation_loss=0.5861 clustering_loss=0.3175 instance_nce=0.0000 cluster_nce=0.0000 
batch=0650 loss=0.8468 representation_loss=0.6948 clustering_loss=0.3040 instance_nce=0.0000 cluster_nce=0.0000 
batch=0700 loss=0.8306 representation_loss=0.6443 clustering_loss=0.3726 instance_nce=0.0000 cluster_nce=0.0000 
batch=0750 loss=0.7399 representation_loss=0.5718 clustering_loss=0.3362 instance_nce=0.0000 cluster_nce=0.0000 
batch=0800 loss=0.8802 representation_loss=0.7055 clustering_loss=0.3493 instance_nce=0.0000 cluster_nce=0.0000 
batch=0850 loss=0.7867 representation_loss=0.6369 clustering_loss=0.2995 instance_nce=0.0000 cluster_nce=0.0000 
Train: loss=0.8794 mstm=0.6778 instance_nce=0.0000 cluster_nce=0.0000 dec=0.4032
save checkpoint:  /root/trajectory-clustering/con-dtc/runs/condtc_porto_finegrained_s3_m07_reverse_stability_w150/20260823_144407_seed123/checkpoints/condtc_best.pt
epoch=2 / num_epochs=6
batch=0050 loss=0.8641 representation_loss=0.6894 clustering_loss=0.3495 instance_nce=0.0000 cluster_nce=0.0000 
batch=0100 loss=0.8341 representation_loss=0.6541 clustering_loss=0.3599 instance_nce=0.0000 cluster_nce=0.0000 
batch=0150 loss=0.8778 representation_loss=0.7003 clustering_loss=0.3550 instance_nce=0.0000 cluster_nce=0.0000 
batch=0200 loss=0.8349 representation_loss=0.6474 clustering_loss=0.3750 instance_nce=0.0000 cluster_nce=0.0000 
batch=0250 loss=0.8006 representation_loss=0.6331 clustering_loss=0.3349 instance_nce=0.0000 cluster_nce=0.0000 
batch=0300 loss=0.7946 representation_loss=0.6381 clustering_loss=0.3129 instance_nce=0.0000 cluster_nce=0.0000 
batch=0350 loss=0.8316 representation_loss=0.6763 clustering_loss=0.3105 instance_nce=0.0000 cluster_nce=0.0000 
batch=0400 loss=0.7015 representation_loss=0.5451 clustering_loss=0.3128 instance_nce=0.0000 cluster_nce=0.0000 
batch=0450 loss=0.9211 representation_loss=0.7591 clustering_loss=0.3240 instance_nce=0.0000 cluster_nce=0.0000 
batch=0500 loss=0.8859 representation_loss=0.7280 clustering_loss=0.3159 instance_nce=0.0000 cluster_nce=0.0000 
batch=0550 loss=0.8681 representation_loss=0.7113 clustering_loss=0.3138 instance_nce=0.0000 cluster_nce=0.0000 
batch=0600 loss=0.7143 representation_loss=0.5564 clustering_loss=0.3157 instance_nce=0.0000 cluster_nce=0.0000 
batch=0650 loss=0.7779 representation_loss=0.6278 clustering_loss=0.3003 instance_nce=0.0000 cluster_nce=0.0000 
batch=0700 loss=0.7357 representation_loss=0.5816 clustering_loss=0.3083 instance_nce=0.0000 cluster_nce=0.0000 
batch=0750 loss=0.7344 representation_loss=0.5928 clustering_loss=0.2832 instance_nce=0.0000 cluster_nce=0.0000 
batch=0800 loss=0.8127 representation_loss=0.6608 clustering_loss=0.3039 instance_nce=0.0000 cluster_nce=0.0000 
batch=0850 loss=0.8360 representation_loss=0.6892 clustering_loss=0.2937 instance_nce=0.0000 cluster_nce=0.0000 
Train: loss=0.8231 mstm=0.6637 instance_nce=0.0000 cluster_nce=0.0000 dec=0.3188
save checkpoint:  /root/trajectory-clustering/con-dtc/runs/condtc_porto_finegrained_s3_m07_reverse_stability_w150/20260823_144407_seed123/checkpoints/condtc_best.pt
epoch=3 / num_epochs=6
batch=0050 loss=0.8288 representation_loss=0.7019 clustering_loss=0.2536 instance_nce=0.0000 cluster_nce=0.0000 
batch=0100 loss=0.7083 representation_loss=0.5667 clustering_loss=0.2832 instance_nce=0.0000 cluster_nce=0.0000 
batch=0150 loss=0.8805 representation_loss=0.7365 clustering_loss=0.2881 instance_nce=0.0000 cluster_nce=0.0000 
batch=0200 loss=0.6969 representation_loss=0.5632 clustering_loss=0.2673 instance_nce=0.0000 cluster_nce=0.0000 
batch=0250 loss=0.7021 representation_loss=0.5745 clustering_loss=0.2553 instance_nce=0.0000 cluster_nce=0.0000 
batch=0300 loss=0.8597 representation_loss=0.7284 clustering_loss=0.2626 instance_nce=0.0000 cluster_nce=0.0000 
batch=0350 loss=0.7644 representation_loss=0.6336 clustering_loss=0.2617 instance_nce=0.0000 cluster_nce=0.0000 
batch=0400 loss=0.8098 representation_loss=0.6696 clustering_loss=0.2804 instance_nce=0.0000 cluster_nce=0.0000 
batch=0450 loss=0.7455 representation_loss=0.6051 clustering_loss=0.2810 instance_nce=0.0000 cluster_nce=0.0000 
batch=0500 loss=0.8563 representation_loss=0.7155 clustering_loss=0.2815 instance_nce=0.0000 cluster_nce=0.0000 
batch=0550 loss=0.7022 representation_loss=0.5709 clustering_loss=0.2625 instance_nce=0.0000 cluster_nce=0.0000 
batch=0600 loss=0.6477 representation_loss=0.5261 clustering_loss=0.2431 instance_nce=0.0000 cluster_nce=0.0000 
batch=0650 loss=0.7956 representation_loss=0.6586 clustering_loss=0.2739 instance_nce=0.0000 cluster_nce=0.0000 
batch=0700 loss=0.8540 representation_loss=0.7151 clustering_loss=0.2778 instance_nce=0.0000 cluster_nce=0.0000 
batch=0750 loss=0.7704 representation_loss=0.6373 clustering_loss=0.2662 instance_nce=0.0000 cluster_nce=0.0000 
batch=0800 loss=0.7158 representation_loss=0.5907 clustering_loss=0.2502 instance_nce=0.0000 cluster_nce=0.0000 
batch=0850 loss=0.8193 representation_loss=0.7015 clustering_loss=0.2356 instance_nce=0.0000 cluster_nce=0.0000 
Train: loss=0.7808 mstm=0.6490 instance_nce=0.0000 cluster_nce=0.0000 dec=0.2634
save checkpoint:  /root/trajectory-clustering/con-dtc/runs/condtc_porto_finegrained_s3_m07_reverse_stability_w150/20260823_144407_seed123/checkpoints/condtc_best.pt
epoch=4 / num_epochs=6
batch=0050 loss=0.8068 representation_loss=0.6857 clustering_loss=0.2422 instance_nce=0.0000 cluster_nce=0.0000 
batch=0100 loss=0.8575 representation_loss=0.7396 clustering_loss=0.2359 instance_nce=0.0000 cluster_nce=0.0000 
batch=0150 loss=0.8390 representation_loss=0.7099 clustering_loss=0.2583 instance_nce=0.0000 cluster_nce=0.0000 
batch=0200 loss=0.7476 representation_loss=0.6134 clustering_loss=0.2685 instance_nce=0.0000 cluster_nce=0.0000 
batch=0250 loss=0.7019 representation_loss=0.5838 clustering_loss=0.2363 instance_nce=0.0000 cluster_nce=0.0000 
batch=0300 loss=0.8140 representation_loss=0.6879 clustering_loss=0.2521 instance_nce=0.0000 cluster_nce=0.0000 
batch=0350 loss=0.6705 representation_loss=0.5494 clustering_loss=0.2422 instance_nce=0.0000 cluster_nce=0.0000 
batch=0400 loss=0.7368 representation_loss=0.6236 clustering_loss=0.2264 instance_nce=0.0000 cluster_nce=0.0000 
batch=0450 loss=0.7642 representation_loss=0.6557 clustering_loss=0.2169 instance_nce=0.0000 cluster_nce=0.0000 
batch=0500 loss=0.8143 representation_loss=0.6942 clustering_loss=0.2401 instance_nce=0.0000 cluster_nce=0.0000 
batch=0550 loss=0.7199 representation_loss=0.6139 clustering_loss=0.2121 instance_nce=0.0000 cluster_nce=0.0000 
batch=0600 loss=0.7591 representation_loss=0.6401 clustering_loss=0.2380 instance_nce=0.0000 cluster_nce=0.0000 
batch=0650 loss=0.7776 representation_loss=0.6668 clustering_loss=0.2218 instance_nce=0.0000 cluster_nce=0.0000 
batch=0700 loss=0.8637 representation_loss=0.7526 clustering_loss=0.2221 instance_nce=0.0000 cluster_nce=0.0000 
batch=0750 loss=0.7212 representation_loss=0.6027 clustering_loss=0.2370 instance_nce=0.0000 cluster_nce=0.0000 
batch=0800 loss=0.7363 representation_loss=0.6151 clustering_loss=0.2424 instance_nce=0.0000 cluster_nce=0.0000 
batch=0850 loss=0.7077 representation_loss=0.5877 clustering_loss=0.2401 instance_nce=0.0000 cluster_nce=0.0000 
Train: loss=0.7585 mstm=0.6393 instance_nce=0.0000 cluster_nce=0.0000 dec=0.2384
save checkpoint:  /root/trajectory-clustering/con-dtc/runs/condtc_porto_finegrained_s3_m07_reverse_stability_w150/20260823_144407_seed123/checkpoints/condtc_best.pt
epoch=5 / num_epochs=6
batch=0050 loss=0.7661 representation_loss=0.6434 clustering_loss=0.2454 instance_nce=0.0000 cluster_nce=0.0000 
batch=0100 loss=0.7194 representation_loss=0.6060 clustering_loss=0.2267 instance_nce=0.0000 cluster_nce=0.0000 
batch=0150 loss=0.7479 representation_loss=0.6320 clustering_loss=0.2317 instance_nce=0.0000 cluster_nce=0.0000 
batch=0200 loss=0.7705 representation_loss=0.6541 clustering_loss=0.2328 instance_nce=0.0000 cluster_nce=0.0000 
batch=0250 loss=0.7100 representation_loss=0.5972 clustering_loss=0.2257 instance_nce=0.0000 cluster_nce=0.0000 
batch=0300 loss=0.8187 representation_loss=0.7070 clustering_loss=0.2233 instance_nce=0.0000 cluster_nce=0.0000 
batch=0350 loss=0.7060 representation_loss=0.5973 clustering_loss=0.2174 instance_nce=0.0000 cluster_nce=0.0000 
batch=0400 loss=0.7999 representation_loss=0.6908 clustering_loss=0.2182 instance_nce=0.0000 cluster_nce=0.0000 
batch=0450 loss=0.8390 representation_loss=0.7298 clustering_loss=0.2184 instance_nce=0.0000 cluster_nce=0.0000 
batch=0500 loss=0.7604 representation_loss=0.6511 clustering_loss=0.2185 instance_nce=0.0000 cluster_nce=0.0000 
batch=0550 loss=0.6897 representation_loss=0.5758 clustering_loss=0.2279 instance_nce=0.0000 cluster_nce=0.0000 
batch=0600 loss=0.7054 representation_loss=0.5964 clustering_loss=0.2180 instance_nce=0.0000 cluster_nce=0.0000 
batch=0650 loss=0.7021 representation_loss=0.6028 clustering_loss=0.1986 instance_nce=0.0000 cluster_nce=0.0000 
batch=0700 loss=0.8532 representation_loss=0.7359 clustering_loss=0.2347 instance_nce=0.0000 cluster_nce=0.0000 
batch=0750 loss=0.8734 representation_loss=0.7554 clustering_loss=0.2359 instance_nce=0.0000 cluster_nce=0.0000 
batch=0800 loss=0.7120 representation_loss=0.6104 clustering_loss=0.2031 instance_nce=0.0000 cluster_nce=0.0000 
batch=0850 loss=0.7178 representation_loss=0.6110 clustering_loss=0.2137 instance_nce=0.0000 cluster_nce=0.0000 
Train: loss=0.7388 mstm=0.6272 instance_nce=0.0000 cluster_nce=0.0000 dec=0.2232
save checkpoint:  /root/trajectory-clustering/con-dtc/runs/condtc_porto_finegrained_s3_m07_reverse_stability_w150/20260823_144407_seed123/checkpoints/condtc_best.pt
epoch=6 / num_epochs=6
batch=0050 loss=0.7145 representation_loss=0.6099 clustering_loss=0.2094 instance_nce=0.0000 cluster_nce=0.0000 
batch=0100 loss=0.6798 representation_loss=0.5652 clustering_loss=0.2292 instance_nce=0.0000 cluster_nce=0.0000 
batch=0150 loss=0.7342 representation_loss=0.6240 clustering_loss=0.2203 instance_nce=0.0000 cluster_nce=0.0000 
batch=0200 loss=0.7778 representation_loss=0.6770 clustering_loss=0.2016 instance_nce=0.0000 cluster_nce=0.0000 
batch=0250 loss=0.7937 representation_loss=0.6817 clustering_loss=0.2239 instance_nce=0.0000 cluster_nce=0.0000 
batch=0300 loss=0.7280 representation_loss=0.6220 clustering_loss=0.2120 instance_nce=0.0000 cluster_nce=0.0000 
batch=0350 loss=0.7232 representation_loss=0.6186 clustering_loss=0.2093 instance_nce=0.0000 cluster_nce=0.0000 
batch=0400 loss=0.7185 representation_loss=0.6166 clustering_loss=0.2038 instance_nce=0.0000 cluster_nce=0.0000 
batch=0450 loss=0.8296 representation_loss=0.7187 clustering_loss=0.2219 instance_nce=0.0000 cluster_nce=0.0000 
batch=0500 loss=0.6263 representation_loss=0.5258 clustering_loss=0.2010 instance_nce=0.0000 cluster_nce=0.0000 
batch=0550 loss=0.6806 representation_loss=0.5761 clustering_loss=0.2090 instance_nce=0.0000 cluster_nce=0.0000 
batch=0600 loss=0.7256 representation_loss=0.6281 clustering_loss=0.1949 instance_nce=0.0000 cluster_nce=0.0000 
batch=0650 loss=0.7194 representation_loss=0.6217 clustering_loss=0.1954 instance_nce=0.0000 cluster_nce=0.0000 
batch=0700 loss=0.7384 representation_loss=0.6365 clustering_loss=0.2037 instance_nce=0.0000 cluster_nce=0.0000 
batch=0750 loss=0.7648 representation_loss=0.6618 clustering_loss=0.2061 instance_nce=0.0000 cluster_nce=0.0000 
batch=0800 loss=0.7004 representation_loss=0.6011 clustering_loss=0.1988 instance_nce=0.0000 cluster_nce=0.0000 
batch=0850 loss=0.6924 representation_loss=0.5882 clustering_loss=0.2084 instance_nce=0.0000 cluster_nce=0.0000 
Train: loss=0.7227 mstm=0.6173 instance_nce=0.0000 cluster_nce=0.0000 dec=0.2108
save checkpoint:  /root/trajectory-clustering/con-dtc/runs/condtc_porto_finegrained_s3_m07_reverse_stability_w150/20260823_144407_seed123/checkpoints/condtc_best.pt
best train_loss:  0.7226618097566725
evaluating: /root/trajectory-clustering/con-dtc/runs/condtc_porto_finegrained_s3_m07_reverse_stability_w150/20260823_144407_seed123/checkpoints/condtc_best.pt
device: cuda
dataset: portoTimeNoiseFineGrained
cluster counts: tensor([1017, 1169, 1310,  907, 1014, 1580,  605,  582, 1006,  704, 1046,  921,
        1183, 1088, 1038, 1097,  688,  914,  964,  431,  786, 1257,  787, 1366,
        1372, 1450, 1023])
metrics: {'uacc': 0.8738692547152536, 'nmi': 0.9171020383278536, 'ri': 0.9851040162099812, 'ari': 0.7983855984942217}
metrics saved: /root/trajectory-clustering/con-dtc/runs/condtc_porto_finegrained_s3_m07_reverse_stability_w150/20260823_144407_seed123/metrics.json
