experiment initialized
run directory: /root/trajectory-clustering/con-dtc/runs/condtc_qd_ema_staged_s3_m07_entropy_p80_a050/20260817_154039_seed2026
config snapshot: /root/trajectory-clustering/con-dtc/runs/condtc_qd_ema_staged_s3_m07_entropy_p80_a050/20260817_154039_seed2026/config.yaml
device: cuda
pretrain checkpoint: /root/trajectory-clustering/con-dtc/checkpoints/sttraj2vec_pretrain_paper_15ep.pt
epoch=1 / num_epochs=6
batch=0050 loss=1.1425 representation_loss=0.9502 clustering_loss=0.3846 instance_nce=3.4862 cluster_nce=2.3926 
batch=0100 loss=1.2458 representation_loss=1.0504 clustering_loss=0.3907 instance_nce=3.4718 cluster_nce=2.4177 
batch=0150 loss=1.0822 representation_loss=0.8810 clustering_loss=0.4024 instance_nce=3.4622 cluster_nce=2.4080 
batch=0200 loss=1.1439 representation_loss=0.9759 clustering_loss=0.3359 instance_nce=3.4991 cluster_nce=2.3710 
batch=0250 loss=1.1726 representation_loss=1.0075 clustering_loss=0.3303 instance_nce=3.4743 cluster_nce=2.3967 
batch=0300 loss=1.0769 representation_loss=0.9114 clustering_loss=0.3309 instance_nce=3.4768 cluster_nce=2.3934 
batch=0350 loss=1.0888 representation_loss=0.8819 clustering_loss=0.4136 instance_nce=3.4754 cluster_nce=2.4027 
Train: loss=1.1455 mstm=0.9570 instance_nce=3.4843 cluster_nce=2.4063 dec=0.3770
save checkpoint:  /root/trajectory-clustering/con-dtc/runs/condtc_qd_ema_staged_s3_m07_entropy_p80_a050/20260817_154039_seed2026/checkpoints/condtc_best.pt
epoch=2 / num_epochs=6
batch=0050 loss=0.9607 representation_loss=0.8276 clustering_loss=0.2662 instance_nce=3.4693 cluster_nce=2.3801 
batch=0100 loss=0.9629 representation_loss=0.8236 clustering_loss=0.2787 instance_nce=3.4543 cluster_nce=2.3978 
batch=0150 loss=0.9452 representation_loss=0.8044 clustering_loss=0.2816 instance_nce=3.4644 cluster_nce=2.4020 
batch=0200 loss=0.9457 representation_loss=0.8103 clustering_loss=0.2707 instance_nce=3.4766 cluster_nce=2.4119 
batch=0250 loss=1.1337 representation_loss=1.0107 clustering_loss=0.2461 instance_nce=3.4584 cluster_nce=2.4101 
batch=0300 loss=1.0750 representation_loss=0.9560 clustering_loss=0.2381 instance_nce=3.4974 cluster_nce=2.3848 
batch=0350 loss=1.1823 representation_loss=1.0538 clustering_loss=0.2569 instance_nce=3.4568 cluster_nce=2.3653 
Train: loss=1.0699 mstm=0.9367 instance_nce=3.4647 cluster_nce=2.3825 dec=0.2662
save checkpoint:  /root/trajectory-clustering/con-dtc/runs/condtc_qd_ema_staged_s3_m07_entropy_p80_a050/20260817_154039_seed2026/checkpoints/condtc_best.pt
epoch=3 / num_epochs=6
batch=0050 loss=1.0377 representation_loss=0.9103 clustering_loss=0.2548 instance_nce=3.4697 cluster_nce=2.3846 
batch=0100 loss=1.0820 representation_loss=0.9615 clustering_loss=0.2411 instance_nce=3.4462 cluster_nce=2.3702 
batch=0150 loss=1.1187 representation_loss=1.0034 clustering_loss=0.2305 instance_nce=3.4532 cluster_nce=2.3752 
batch=0200 loss=0.9469 representation_loss=0.8382 clustering_loss=0.2174 instance_nce=3.4893 cluster_nce=2.3755 
batch=0250 loss=1.0286 representation_loss=0.9105 clustering_loss=0.2363 instance_nce=3.4353 cluster_nce=2.3732 
batch=0300 loss=1.0678 representation_loss=0.9521 clustering_loss=0.2314 instance_nce=3.4695 cluster_nce=2.4000 
batch=0350 loss=1.0695 representation_loss=0.9697 clustering_loss=0.1997 instance_nce=3.4299 cluster_nce=2.3483 
Train: loss=1.0472 mstm=0.9329 instance_nce=3.4540 cluster_nce=2.3733 dec=0.2287
save checkpoint:  /root/trajectory-clustering/con-dtc/runs/condtc_qd_ema_staged_s3_m07_entropy_p80_a050/20260817_154039_seed2026/checkpoints/condtc_best.pt
epoch=4 / num_epochs=6
batch=0050 loss=0.9783 representation_loss=0.8653 clustering_loss=0.2259 instance_nce=3.4637 cluster_nce=2.3437 
batch=0100 loss=0.8841 representation_loss=0.7774 clustering_loss=0.2133 instance_nce=3.4446 cluster_nce=2.3876 
batch=0150 loss=0.9877 representation_loss=0.8847 clustering_loss=0.2060 instance_nce=3.4582 cluster_nce=2.3700 
batch=0200 loss=0.9785 representation_loss=0.8741 clustering_loss=0.2086 instance_nce=3.4285 cluster_nce=2.3412 
batch=0250 loss=0.9807 representation_loss=0.8842 clustering_loss=0.1929 instance_nce=3.4454 cluster_nce=2.3761 
batch=0300 loss=1.0344 representation_loss=0.9323 clustering_loss=0.2042 instance_nce=3.4697 cluster_nce=2.3945 
batch=0350 loss=0.9900 representation_loss=0.8932 clustering_loss=0.1936 instance_nce=3.4459 cluster_nce=2.3681 
Train: loss=1.0256 mstm=0.9207 instance_nce=3.4456 cluster_nce=2.3675 dec=0.2099
save checkpoint:  /root/trajectory-clustering/con-dtc/runs/condtc_qd_ema_staged_s3_m07_entropy_p80_a050/20260817_154039_seed2026/checkpoints/condtc_best.pt
epoch=5 / num_epochs=6
batch=0050 loss=1.1306 representation_loss=1.0211 clustering_loss=0.2190 instance_nce=3.4291 cluster_nce=2.3464 
batch=0100 loss=1.1109 representation_loss=1.0060 clustering_loss=0.2098 instance_nce=3.4776 cluster_nce=2.4106 
batch=0150 loss=0.9313 representation_loss=0.8247 clustering_loss=0.2133 instance_nce=3.4547 cluster_nce=2.3925 
batch=0200 loss=0.9536 representation_loss=0.8597 clustering_loss=0.1879 instance_nce=3.4004 cluster_nce=2.3573 
batch=0250 loss=0.9502 representation_loss=0.8618 clustering_loss=0.1770 instance_nce=3.4194 cluster_nce=2.3465 
batch=0300 loss=1.0837 representation_loss=0.9841 clustering_loss=0.1993 instance_nce=3.4380 cluster_nce=2.3783 
batch=0350 loss=1.0536 representation_loss=0.9464 clustering_loss=0.2145 instance_nce=3.4175 cluster_nce=2.3459 
Train: loss=1.0183 mstm=0.9189 instance_nce=3.4350 cluster_nce=2.3633 dec=0.1990
save checkpoint:  /root/trajectory-clustering/con-dtc/runs/condtc_qd_ema_staged_s3_m07_entropy_p80_a050/20260817_154039_seed2026/checkpoints/condtc_best.pt
epoch=6 / num_epochs=6
batch=0050 loss=1.1151 representation_loss=1.0217 clustering_loss=0.1868 instance_nce=3.4197 cluster_nce=2.3654 
batch=0100 loss=1.0436 representation_loss=0.9569 clustering_loss=0.1734 instance_nce=3.4099 cluster_nce=2.3496 
batch=0150 loss=1.0662 representation_loss=0.9663 clustering_loss=0.1997 instance_nce=3.4049 cluster_nce=2.3641 
batch=0200 loss=1.0142 representation_loss=0.9218 clustering_loss=0.1847 instance_nce=3.4255 cluster_nce=2.3652 
batch=0250 loss=1.0479 representation_loss=0.9387 clustering_loss=0.2185 instance_nce=3.4281 cluster_nce=2.3679 
batch=0300 loss=0.9512 representation_loss=0.8584 clustering_loss=0.1857 instance_nce=3.4042 cluster_nce=2.3613 
batch=0350 loss=0.9580 representation_loss=0.8746 clustering_loss=0.1669 instance_nce=3.4208 cluster_nce=2.3325 
Train: loss=0.9923 mstm=0.8969 instance_nce=3.4282 cluster_nce=2.3600 dec=0.1908
save checkpoint:  /root/trajectory-clustering/con-dtc/runs/condtc_qd_ema_staged_s3_m07_entropy_p80_a050/20260817_154039_seed2026/checkpoints/condtc_best.pt
best train_loss:  0.9923331033604098
evaluating: /root/trajectory-clustering/con-dtc/runs/condtc_qd_ema_staged_s3_m07_entropy_p80_a050/20260817_154039_seed2026/checkpoints/condtc_best.pt
device: cuda
cluster counts: tensor([ 962, 1003, 1643,   11, 1000, 1183,  971,  287, 1946,  944,  715,  939])
metrics: {'uacc': 0.8092037228541882, 'nmi': 0.8972750870075387, 'ri': 0.962022474961084, 'ari': 0.7775195195271487}
metrics saved: /root/trajectory-clustering/con-dtc/runs/condtc_qd_ema_staged_s3_m07_entropy_p80_a050/20260817_154039_seed2026/metrics.json
