experiment initialized
run directory: /root/trajectory-clustering/con-dtc/runs/porto/entropy_target_mix/condtc_porto_finegrained_s3_m07_p70_a025/20260821_115306_seed123
config snapshot: /root/trajectory-clustering/con-dtc/runs/porto/entropy_target_mix/condtc_porto_finegrained_s3_m07_p70_a025/20260821_115306_seed123/config.yaml
device: cuda
dataset: portoTimeNoiseFineGrained
pretrain checkpoint: /root/trajectory-clustering/con-dtc/checkpoints/sttraj2vec_porto_finegrained_pre15.pt
epoch=1 / num_epochs=6
batch=0050 loss=0.9442 representation_loss=0.6368 clustering_loss=0.6149 instance_nce=0.0000 cluster_nce=0.0000 
batch=0100 loss=0.9199 representation_loss=0.6562 clustering_loss=0.5273 instance_nce=0.0000 cluster_nce=0.0000 
batch=0150 loss=0.8014 representation_loss=0.5625 clustering_loss=0.4777 instance_nce=0.0000 cluster_nce=0.0000 
batch=0200 loss=0.8871 representation_loss=0.6785 clustering_loss=0.4173 instance_nce=0.0000 cluster_nce=0.0000 
batch=0250 loss=0.8017 representation_loss=0.5954 clustering_loss=0.4126 instance_nce=0.0000 cluster_nce=0.0000 
batch=0300 loss=0.9092 representation_loss=0.6988 clustering_loss=0.4209 instance_nce=0.0000 cluster_nce=0.0000 
batch=0350 loss=0.7691 representation_loss=0.5845 clustering_loss=0.3693 instance_nce=0.0000 cluster_nce=0.0000 
batch=0400 loss=0.8199 representation_loss=0.6121 clustering_loss=0.4156 instance_nce=0.0000 cluster_nce=0.0000 
batch=0450 loss=0.8247 representation_loss=0.5995 clustering_loss=0.4504 instance_nce=0.0000 cluster_nce=0.0000 
batch=0500 loss=0.8268 representation_loss=0.6133 clustering_loss=0.4271 instance_nce=0.0000 cluster_nce=0.0000 
batch=0550 loss=0.8216 representation_loss=0.6180 clustering_loss=0.4073 instance_nce=0.0000 cluster_nce=0.0000 
batch=0600 loss=0.7449 representation_loss=0.5861 clustering_loss=0.3175 instance_nce=0.0000 cluster_nce=0.0000 
batch=0650 loss=0.8468 representation_loss=0.6948 clustering_loss=0.3040 instance_nce=0.0000 cluster_nce=0.0000 
batch=0700 loss=0.8306 representation_loss=0.6443 clustering_loss=0.3726 instance_nce=0.0000 cluster_nce=0.0000 
batch=0750 loss=0.7399 representation_loss=0.5718 clustering_loss=0.3362 instance_nce=0.0000 cluster_nce=0.0000 
batch=0800 loss=0.8802 representation_loss=0.7055 clustering_loss=0.3493 instance_nce=0.0000 cluster_nce=0.0000 
batch=0850 loss=0.7867 representation_loss=0.6369 clustering_loss=0.2995 instance_nce=0.0000 cluster_nce=0.0000 
Train: loss=0.8794 mstm=0.6778 instance_nce=0.0000 cluster_nce=0.0000 dec=0.4032
save checkpoint:  /root/trajectory-clustering/con-dtc/runs/porto/entropy_target_mix/condtc_porto_finegrained_s3_m07_p70_a025/20260821_115306_seed123/checkpoints/condtc_best.pt
epoch=2 / num_epochs=6
batch=0050 loss=0.8641 representation_loss=0.6894 clustering_loss=0.3495 instance_nce=0.0000 cluster_nce=0.0000 
batch=0100 loss=0.8341 representation_loss=0.6541 clustering_loss=0.3599 instance_nce=0.0000 cluster_nce=0.0000 
batch=0150 loss=0.8778 representation_loss=0.7003 clustering_loss=0.3550 instance_nce=0.0000 cluster_nce=0.0000 
batch=0200 loss=0.8349 representation_loss=0.6474 clustering_loss=0.3750 instance_nce=0.0000 cluster_nce=0.0000 
batch=0250 loss=0.8006 representation_loss=0.6331 clustering_loss=0.3349 instance_nce=0.0000 cluster_nce=0.0000 
batch=0300 loss=0.7946 representation_loss=0.6381 clustering_loss=0.3129 instance_nce=0.0000 cluster_nce=0.0000 
batch=0350 loss=0.8316 representation_loss=0.6763 clustering_loss=0.3105 instance_nce=0.0000 cluster_nce=0.0000 
batch=0400 loss=0.7015 representation_loss=0.5451 clustering_loss=0.3128 instance_nce=0.0000 cluster_nce=0.0000 
batch=0450 loss=0.9211 representation_loss=0.7591 clustering_loss=0.3240 instance_nce=0.0000 cluster_nce=0.0000 
batch=0500 loss=0.8859 representation_loss=0.7280 clustering_loss=0.3159 instance_nce=0.0000 cluster_nce=0.0000 
batch=0550 loss=0.8681 representation_loss=0.7113 clustering_loss=0.3138 instance_nce=0.0000 cluster_nce=0.0000 
batch=0600 loss=0.7143 representation_loss=0.5564 clustering_loss=0.3157 instance_nce=0.0000 cluster_nce=0.0000 
batch=0650 loss=0.7779 representation_loss=0.6278 clustering_loss=0.3003 instance_nce=0.0000 cluster_nce=0.0000 
batch=0700 loss=0.7357 representation_loss=0.5816 clustering_loss=0.3083 instance_nce=0.0000 cluster_nce=0.0000 
batch=0750 loss=0.7344 representation_loss=0.5928 clustering_loss=0.2832 instance_nce=0.0000 cluster_nce=0.0000 
batch=0800 loss=0.8127 representation_loss=0.6608 clustering_loss=0.3039 instance_nce=0.0000 cluster_nce=0.0000 
batch=0850 loss=0.8360 representation_loss=0.6892 clustering_loss=0.2937 instance_nce=0.0000 cluster_nce=0.0000 
Train: loss=0.8231 mstm=0.6637 instance_nce=0.0000 cluster_nce=0.0000 dec=0.3188
save checkpoint:  /root/trajectory-clustering/con-dtc/runs/porto/entropy_target_mix/condtc_porto_finegrained_s3_m07_p70_a025/20260821_115306_seed123/checkpoints/condtc_best.pt
epoch=3 / num_epochs=6
batch=0050 loss=0.8312 representation_loss=0.7019 clustering_loss=0.2585 instance_nce=0.0000 cluster_nce=0.0000 
batch=0100 loss=0.7124 representation_loss=0.5671 clustering_loss=0.2908 instance_nce=0.0000 cluster_nce=0.0000 
batch=0150 loss=0.8841 representation_loss=0.7363 clustering_loss=0.2956 instance_nce=0.0000 cluster_nce=0.0000 
batch=0200 loss=0.7016 representation_loss=0.5632 clustering_loss=0.2770 instance_nce=0.0000 cluster_nce=0.0000 
batch=0250 loss=0.7052 representation_loss=0.5745 clustering_loss=0.2613 instance_nce=0.0000 cluster_nce=0.0000 
batch=0300 loss=0.8644 representation_loss=0.7285 clustering_loss=0.2719 instance_nce=0.0000 cluster_nce=0.0000 
batch=0350 loss=0.7657 representation_loss=0.6334 clustering_loss=0.2645 instance_nce=0.0000 cluster_nce=0.0000 
batch=0400 loss=0.8118 representation_loss=0.6696 clustering_loss=0.2844 instance_nce=0.0000 cluster_nce=0.0000 
batch=0450 loss=0.7499 representation_loss=0.6050 clustering_loss=0.2898 instance_nce=0.0000 cluster_nce=0.0000 
batch=0500 loss=0.8601 representation_loss=0.7159 clustering_loss=0.2886 instance_nce=0.0000 cluster_nce=0.0000 
batch=0550 loss=0.7055 representation_loss=0.5711 clustering_loss=0.2689 instance_nce=0.0000 cluster_nce=0.0000 
batch=0600 loss=0.6502 representation_loss=0.5261 clustering_loss=0.2481 instance_nce=0.0000 cluster_nce=0.0000 
batch=0650 loss=0.7990 representation_loss=0.6585 clustering_loss=0.2809 instance_nce=0.0000 cluster_nce=0.0000 
batch=0700 loss=0.8571 representation_loss=0.7153 clustering_loss=0.2836 instance_nce=0.0000 cluster_nce=0.0000 
batch=0750 loss=0.7730 representation_loss=0.6377 clustering_loss=0.2706 instance_nce=0.0000 cluster_nce=0.0000 
batch=0800 loss=0.7193 representation_loss=0.5908 clustering_loss=0.2570 instance_nce=0.0000 cluster_nce=0.0000 
batch=0850 loss=0.8229 representation_loss=0.7018 clustering_loss=0.2421 instance_nce=0.0000 cluster_nce=0.0000 
Train: loss=0.7844 mstm=0.6491 instance_nce=0.0000 cluster_nce=0.0000 dec=0.2706
save checkpoint:  /root/trajectory-clustering/con-dtc/runs/porto/entropy_target_mix/condtc_porto_finegrained_s3_m07_p70_a025/20260821_115306_seed123/checkpoints/condtc_best.pt
epoch=4 / num_epochs=6
batch=0050 loss=0.8120 representation_loss=0.6861 clustering_loss=0.2519 instance_nce=0.0000 cluster_nce=0.0000 
batch=0100 loss=0.8633 representation_loss=0.7404 clustering_loss=0.2457 instance_nce=0.0000 cluster_nce=0.0000 
batch=0150 loss=0.8436 representation_loss=0.7099 clustering_loss=0.2675 instance_nce=0.0000 cluster_nce=0.0000 
batch=0200 loss=0.7500 representation_loss=0.6134 clustering_loss=0.2733 instance_nce=0.0000 cluster_nce=0.0000 
batch=0250 loss=0.7070 representation_loss=0.5846 clustering_loss=0.2448 instance_nce=0.0000 cluster_nce=0.0000 
batch=0300 loss=0.8199 representation_loss=0.6883 clustering_loss=0.2632 instance_nce=0.0000 cluster_nce=0.0000 
batch=0350 loss=0.6745 representation_loss=0.5496 clustering_loss=0.2497 instance_nce=0.0000 cluster_nce=0.0000 
batch=0400 loss=0.7410 representation_loss=0.6238 clustering_loss=0.2345 instance_nce=0.0000 cluster_nce=0.0000 
batch=0450 loss=0.7675 representation_loss=0.6559 clustering_loss=0.2232 instance_nce=0.0000 cluster_nce=0.0000 
batch=0500 loss=0.8195 representation_loss=0.6944 clustering_loss=0.2501 instance_nce=0.0000 cluster_nce=0.0000 
batch=0550 loss=0.7254 representation_loss=0.6143 clustering_loss=0.2222 instance_nce=0.0000 cluster_nce=0.0000 
batch=0600 loss=0.7612 representation_loss=0.6401 clustering_loss=0.2422 instance_nce=0.0000 cluster_nce=0.0000 
batch=0650 loss=0.7843 representation_loss=0.6673 clustering_loss=0.2338 instance_nce=0.0000 cluster_nce=0.0000 
batch=0700 loss=0.8669 representation_loss=0.7525 clustering_loss=0.2289 instance_nce=0.0000 cluster_nce=0.0000 
batch=0750 loss=0.7266 representation_loss=0.6029 clustering_loss=0.2473 instance_nce=0.0000 cluster_nce=0.0000 
batch=0800 loss=0.7401 representation_loss=0.6152 clustering_loss=0.2497 instance_nce=0.0000 cluster_nce=0.0000 
batch=0850 loss=0.7110 representation_loss=0.5873 clustering_loss=0.2475 instance_nce=0.0000 cluster_nce=0.0000 
Train: loss=0.7626 mstm=0.6395 instance_nce=0.0000 cluster_nce=0.0000 dec=0.2462
save checkpoint:  /root/trajectory-clustering/con-dtc/runs/porto/entropy_target_mix/condtc_porto_finegrained_s3_m07_p70_a025/20260821_115306_seed123/checkpoints/condtc_best.pt
epoch=5 / num_epochs=6
batch=0050 loss=0.7703 representation_loss=0.6436 clustering_loss=0.2535 instance_nce=0.0000 cluster_nce=0.0000 
batch=0100 loss=0.7236 representation_loss=0.6062 clustering_loss=0.2347 instance_nce=0.0000 cluster_nce=0.0000 
batch=0150 loss=0.7508 representation_loss=0.6326 clustering_loss=0.2364 instance_nce=0.0000 cluster_nce=0.0000 
batch=0200 loss=0.7733 representation_loss=0.6539 clustering_loss=0.2389 instance_nce=0.0000 cluster_nce=0.0000 
batch=0250 loss=0.7114 representation_loss=0.5971 clustering_loss=0.2285 instance_nce=0.0000 cluster_nce=0.0000 
batch=0300 loss=0.8233 representation_loss=0.7071 clustering_loss=0.2324 instance_nce=0.0000 cluster_nce=0.0000 
batch=0350 loss=0.7114 representation_loss=0.5973 clustering_loss=0.2283 instance_nce=0.0000 cluster_nce=0.0000 
batch=0400 loss=0.8043 representation_loss=0.6913 clustering_loss=0.2259 instance_nce=0.0000 cluster_nce=0.0000 
batch=0450 loss=0.8427 representation_loss=0.7300 clustering_loss=0.2253 instance_nce=0.0000 cluster_nce=0.0000 
batch=0500 loss=0.7637 representation_loss=0.6517 clustering_loss=0.2240 instance_nce=0.0000 cluster_nce=0.0000 
batch=0550 loss=0.6913 representation_loss=0.5757 clustering_loss=0.2311 instance_nce=0.0000 cluster_nce=0.0000 
batch=0600 loss=0.7082 representation_loss=0.5962 clustering_loss=0.2240 instance_nce=0.0000 cluster_nce=0.0000 
batch=0650 loss=0.7055 representation_loss=0.6024 clustering_loss=0.2061 instance_nce=0.0000 cluster_nce=0.0000 
batch=0700 loss=0.8572 representation_loss=0.7358 clustering_loss=0.2428 instance_nce=0.0000 cluster_nce=0.0000 
batch=0750 loss=0.8784 representation_loss=0.7557 clustering_loss=0.2453 instance_nce=0.0000 cluster_nce=0.0000 
batch=0800 loss=0.7172 representation_loss=0.6109 clustering_loss=0.2124 instance_nce=0.0000 cluster_nce=0.0000 
batch=0850 loss=0.7208 representation_loss=0.6109 clustering_loss=0.2199 instance_nce=0.0000 cluster_nce=0.0000 
Train: loss=0.7426 mstm=0.6274 instance_nce=0.0000 cluster_nce=0.0000 dec=0.2305
save checkpoint:  /root/trajectory-clustering/con-dtc/runs/porto/entropy_target_mix/condtc_porto_finegrained_s3_m07_p70_a025/20260821_115306_seed123/checkpoints/condtc_best.pt
epoch=6 / num_epochs=6
batch=0050 loss=0.7184 representation_loss=0.6105 clustering_loss=0.2159 instance_nce=0.0000 cluster_nce=0.0000 
batch=0100 loss=0.6813 representation_loss=0.5657 clustering_loss=0.2313 instance_nce=0.0000 cluster_nce=0.0000 
batch=0150 loss=0.7378 representation_loss=0.6244 clustering_loss=0.2269 instance_nce=0.0000 cluster_nce=0.0000 
batch=0200 loss=0.7826 representation_loss=0.6772 clustering_loss=0.2108 instance_nce=0.0000 cluster_nce=0.0000 
batch=0250 loss=0.7998 representation_loss=0.6822 clustering_loss=0.2353 instance_nce=0.0000 cluster_nce=0.0000 
batch=0300 loss=0.7348 representation_loss=0.6224 clustering_loss=0.2248 instance_nce=0.0000 cluster_nce=0.0000 
batch=0350 loss=0.7279 representation_loss=0.6187 clustering_loss=0.2184 instance_nce=0.0000 cluster_nce=0.0000 
batch=0400 loss=0.7236 representation_loss=0.6166 clustering_loss=0.2139 instance_nce=0.0000 cluster_nce=0.0000 
batch=0450 loss=0.8366 representation_loss=0.7186 clustering_loss=0.2361 instance_nce=0.0000 cluster_nce=0.0000 
batch=0500 loss=0.6309 representation_loss=0.5259 clustering_loss=0.2099 instance_nce=0.0000 cluster_nce=0.0000 
batch=0550 loss=0.6863 representation_loss=0.5762 clustering_loss=0.2202 instance_nce=0.0000 cluster_nce=0.0000 
batch=0600 loss=0.7317 representation_loss=0.6283 clustering_loss=0.2067 instance_nce=0.0000 cluster_nce=0.0000 
batch=0650 loss=0.7234 representation_loss=0.6216 clustering_loss=0.2037 instance_nce=0.0000 cluster_nce=0.0000 
batch=0700 loss=0.7425 representation_loss=0.6365 clustering_loss=0.2121 instance_nce=0.0000 cluster_nce=0.0000 
batch=0750 loss=0.7698 representation_loss=0.6624 clustering_loss=0.2146 instance_nce=0.0000 cluster_nce=0.0000 
batch=0800 loss=0.7036 representation_loss=0.6011 clustering_loss=0.2050 instance_nce=0.0000 cluster_nce=0.0000 
batch=0850 loss=0.6957 representation_loss=0.5879 clustering_loss=0.2155 instance_nce=0.0000 cluster_nce=0.0000 
Train: loss=0.7271 mstm=0.6174 instance_nce=0.0000 cluster_nce=0.0000 dec=0.2194
save checkpoint:  /root/trajectory-clustering/con-dtc/runs/porto/entropy_target_mix/condtc_porto_finegrained_s3_m07_p70_a025/20260821_115306_seed123/checkpoints/condtc_best.pt
best train_loss:  0.7271020901419265
evaluating: /root/trajectory-clustering/con-dtc/runs/porto/entropy_target_mix/condtc_porto_finegrained_s3_m07_p70_a025/20260821_115306_seed123/checkpoints/condtc_best.pt
device: cuda
dataset: portoTimeNoiseFineGrained
cluster counts: tensor([1017, 1038, 1348,  873, 1131, 1127,  587,  596, 1006,  501, 1046,  921,
        1057, 1088, 1038, 1097,  814,  914,  964,  884,  748, 1291,  918, 1384,
        1575, 1436,  906])
metrics: {'uacc': 0.8866874198864677, 'nmi': 0.9214947385980521, 'ri': 0.9863183859252244, 'ari': 0.8137656253878881}
metrics saved: /root/trajectory-clustering/con-dtc/runs/porto/entropy_target_mix/condtc_porto_finegrained_s3_m07_p70_a025/20260821_115306_seed123/metrics.json
