experiment initialized
run directory: /root/trajectory-clustering/con-dtc/runs/condtc_qd_source/20260810_114423_seed19721013
config snapshot: /root/trajectory-clustering/con-dtc/runs/condtc_qd_source/20260810_114423_seed19721013/config.yaml
device: cuda
pretrain checkpoint: /root/trajectory-clustering/con-dtc/checkpoints/sttraj2vec_pretrain_source.pt
epoch=1 / num_epochs=1
batch=0050 loss=9.7471 representation_loss=3.5497 clustering_loss=0.6119 instance_nce=2.7649 cluster_nce=2.2087 
batch=0100 loss=9.0995 representation_loss=3.4817 clustering_loss=0.4441 instance_nce=2.5557 cluster_nce=2.1738 
batch=0150 loss=9.3056 representation_loss=3.6643 clustering_loss=0.4205 instance_nce=2.6276 cluster_nce=2.1726 
batch=0200 loss=9.3330 representation_loss=3.7613 clustering_loss=0.4236 instance_nce=2.5596 cluster_nce=2.1649 
batch=0250 loss=9.0101 representation_loss=3.4809 clustering_loss=0.4106 instance_nce=2.5443 cluster_nce=2.1637 
batch=0300 loss=8.9731 representation_loss=3.4864 clustering_loss=0.3965 instance_nce=2.5347 cluster_nce=2.1589 
batch=0350 loss=9.0345 representation_loss=3.6531 clustering_loss=0.3517 instance_nce=2.5222 cluster_nce=2.1557 
Train: loss=9.3336 mstm=3.6039 instance_nce=2.6151 cluster_nce=2.1759 dec=0.4694
save checkpoint:  /root/trajectory-clustering/con-dtc/runs/condtc_qd_source/20260810_114423_seed19721013/checkpoints/condtc_best.pt
best train_loss:  9.333585635911428
evaluating: /root/trajectory-clustering/con-dtc/runs/condtc_qd_source/20260810_114423_seed19721013/checkpoints/condtc_best.pt
device: cuda
cluster counts: tensor([1003,  991,  738,  992, 1107, 1163,  944,  941,  966,  791,  968, 1000])
metrics: {'uacc': 0.95854877628404, 'nmi': 0.9539028119679023, 'ri': 0.9876083854622462}
metrics saved: /root/trajectory-clustering/con-dtc/runs/condtc_qd_source/20260810_114423_seed19721013/metrics.json
