experiment initialized
run directory: /root/trajectory-clustering/con-dtc/runs/porto/baseline/condtc_porto_finegrained_baseline_pre15/20260821_111951_seed19721013
config snapshot: /root/trajectory-clustering/con-dtc/runs/porto/baseline/condtc_porto_finegrained_baseline_pre15/20260821_111951_seed19721013/config.yaml
device: cuda
dataset: portoTimeNoiseFineGrained
pretrain checkpoint: /root/trajectory-clustering/con-dtc/checkpoints/sttraj2vec_porto_finegrained_pre15.pt
epoch=1 / num_epochs=6
batch=0050 loss=0.9933 representation_loss=0.6956 clustering_loss=0.5954 instance_nce=0.0000 cluster_nce=0.0000 
batch=0100 loss=0.9855 representation_loss=0.7154 clustering_loss=0.5402 instance_nce=0.0000 cluster_nce=0.0000 
batch=0150 loss=0.8866 representation_loss=0.6536 clustering_loss=0.4659 instance_nce=0.0000 cluster_nce=0.0000 
batch=0200 loss=0.8152 representation_loss=0.6287 clustering_loss=0.3730 instance_nce=0.0000 cluster_nce=0.0000 
batch=0250 loss=0.9373 representation_loss=0.7379 clustering_loss=0.3987 instance_nce=0.0000 cluster_nce=0.0000 
batch=0300 loss=0.8762 representation_loss=0.6543 clustering_loss=0.4438 instance_nce=0.0000 cluster_nce=0.0000 
batch=0350 loss=0.9102 representation_loss=0.7217 clustering_loss=0.3771 instance_nce=0.0000 cluster_nce=0.0000 
batch=0400 loss=0.8959 representation_loss=0.6792 clustering_loss=0.4334 instance_nce=0.0000 cluster_nce=0.0000 
batch=0450 loss=0.9163 representation_loss=0.7086 clustering_loss=0.4154 instance_nce=0.0000 cluster_nce=0.0000 
batch=0500 loss=0.8080 representation_loss=0.6091 clustering_loss=0.3980 instance_nce=0.0000 cluster_nce=0.0000 
batch=0550 loss=0.8387 representation_loss=0.6356 clustering_loss=0.4062 instance_nce=0.0000 cluster_nce=0.0000 
batch=0600 loss=0.9432 representation_loss=0.7647 clustering_loss=0.3570 instance_nce=0.0000 cluster_nce=0.0000 
batch=0650 loss=0.8315 representation_loss=0.6331 clustering_loss=0.3969 instance_nce=0.0000 cluster_nce=0.0000 
batch=0700 loss=0.8201 representation_loss=0.6354 clustering_loss=0.3694 instance_nce=0.0000 cluster_nce=0.0000 
batch=0750 loss=0.9114 representation_loss=0.7529 clustering_loss=0.3171 instance_nce=0.0000 cluster_nce=0.0000 
batch=0800 loss=0.8585 representation_loss=0.6829 clustering_loss=0.3512 instance_nce=0.0000 cluster_nce=0.0000 
batch=0850 loss=0.8338 representation_loss=0.7025 clustering_loss=0.2625 instance_nce=0.0000 cluster_nce=0.0000 
Train: loss=0.8819 mstm=0.6804 instance_nce=0.0000 cluster_nce=0.0000 dec=0.4030
save checkpoint:  /root/trajectory-clustering/con-dtc/runs/porto/baseline/condtc_porto_finegrained_baseline_pre15/20260821_111951_seed19721013/checkpoints/condtc_best.pt
epoch=2 / num_epochs=6
batch=0050 loss=0.8307 representation_loss=0.6473 clustering_loss=0.3668 instance_nce=0.0000 cluster_nce=0.0000 
batch=0100 loss=0.7994 representation_loss=0.6292 clustering_loss=0.3405 instance_nce=0.0000 cluster_nce=0.0000 
batch=0150 loss=0.8030 representation_loss=0.6276 clustering_loss=0.3508 instance_nce=0.0000 cluster_nce=0.0000 
batch=0200 loss=0.8728 representation_loss=0.7053 clustering_loss=0.3350 instance_nce=0.0000 cluster_nce=0.0000 
batch=0250 loss=0.8413 representation_loss=0.6842 clustering_loss=0.3142 instance_nce=0.0000 cluster_nce=0.0000 
batch=0300 loss=0.8527 representation_loss=0.7002 clustering_loss=0.3049 instance_nce=0.0000 cluster_nce=0.0000 
batch=0350 loss=0.7723 representation_loss=0.6186 clustering_loss=0.3073 instance_nce=0.0000 cluster_nce=0.0000 
batch=0400 loss=0.8644 representation_loss=0.7073 clustering_loss=0.3143 instance_nce=0.0000 cluster_nce=0.0000 
batch=0450 loss=0.8338 representation_loss=0.6678 clustering_loss=0.3320 instance_nce=0.0000 cluster_nce=0.0000 
batch=0500 loss=0.8769 representation_loss=0.7350 clustering_loss=0.2837 instance_nce=0.0000 cluster_nce=0.0000 
batch=0550 loss=0.8253 representation_loss=0.6633 clustering_loss=0.3240 instance_nce=0.0000 cluster_nce=0.0000 
batch=0600 loss=0.7747 representation_loss=0.6200 clustering_loss=0.3094 instance_nce=0.0000 cluster_nce=0.0000 
batch=0650 loss=0.8560 representation_loss=0.7159 clustering_loss=0.2800 instance_nce=0.0000 cluster_nce=0.0000 
batch=0700 loss=0.8750 representation_loss=0.7320 clustering_loss=0.2860 instance_nce=0.0000 cluster_nce=0.0000 
batch=0750 loss=0.7567 representation_loss=0.6144 clustering_loss=0.2846 instance_nce=0.0000 cluster_nce=0.0000 
batch=0800 loss=0.8754 representation_loss=0.7311 clustering_loss=0.2886 instance_nce=0.0000 cluster_nce=0.0000 
batch=0850 loss=0.7609 representation_loss=0.6174 clustering_loss=0.2869 instance_nce=0.0000 cluster_nce=0.0000 
Train: loss=0.8197 mstm=0.6612 instance_nce=0.0000 cluster_nce=0.0000 dec=0.3170
save checkpoint:  /root/trajectory-clustering/con-dtc/runs/porto/baseline/condtc_porto_finegrained_baseline_pre15/20260821_111951_seed19721013/checkpoints/condtc_best.pt
epoch=3 / num_epochs=6
batch=0050 loss=0.8092 representation_loss=0.6485 clustering_loss=0.3213 instance_nce=0.0000 cluster_nce=0.0000 
batch=0100 loss=0.8555 representation_loss=0.7034 clustering_loss=0.3042 instance_nce=0.0000 cluster_nce=0.0000 
batch=0150 loss=0.8093 representation_loss=0.6532 clustering_loss=0.3121 instance_nce=0.0000 cluster_nce=0.0000 
batch=0200 loss=0.7275 representation_loss=0.5798 clustering_loss=0.2956 instance_nce=0.0000 cluster_nce=0.0000 
batch=0250 loss=0.8576 representation_loss=0.7194 clustering_loss=0.2765 instance_nce=0.0000 cluster_nce=0.0000 
batch=0300 loss=0.7993 representation_loss=0.6620 clustering_loss=0.2747 instance_nce=0.0000 cluster_nce=0.0000 
batch=0350 loss=0.8876 representation_loss=0.7529 clustering_loss=0.2695 instance_nce=0.0000 cluster_nce=0.0000 
batch=0400 loss=0.7196 representation_loss=0.5756 clustering_loss=0.2881 instance_nce=0.0000 cluster_nce=0.0000 
batch=0450 loss=0.8543 representation_loss=0.7152 clustering_loss=0.2782 instance_nce=0.0000 cluster_nce=0.0000 
batch=0500 loss=0.8011 representation_loss=0.6551 clustering_loss=0.2920 instance_nce=0.0000 cluster_nce=0.0000 
batch=0550 loss=0.7997 representation_loss=0.6674 clustering_loss=0.2648 instance_nce=0.0000 cluster_nce=0.0000 
batch=0600 loss=0.7920 representation_loss=0.6442 clustering_loss=0.2957 instance_nce=0.0000 cluster_nce=0.0000 
batch=0650 loss=0.9768 representation_loss=0.8330 clustering_loss=0.2876 instance_nce=0.0000 cluster_nce=0.0000 
batch=0700 loss=0.8095 representation_loss=0.6808 clustering_loss=0.2574 instance_nce=0.0000 cluster_nce=0.0000 
batch=0750 loss=0.7671 representation_loss=0.6386 clustering_loss=0.2570 instance_nce=0.0000 cluster_nce=0.0000 
batch=0800 loss=0.8697 representation_loss=0.7334 clustering_loss=0.2726 instance_nce=0.0000 cluster_nce=0.0000 
batch=0850 loss=0.8682 representation_loss=0.7276 clustering_loss=0.2811 instance_nce=0.0000 cluster_nce=0.0000 
Train: loss=0.7946 mstm=0.6517 instance_nce=0.0000 cluster_nce=0.0000 dec=0.2858
save checkpoint:  /root/trajectory-clustering/con-dtc/runs/porto/baseline/condtc_porto_finegrained_baseline_pre15/20260821_111951_seed19721013/checkpoints/condtc_best.pt
epoch=4 / num_epochs=6
batch=0050 loss=0.7739 representation_loss=0.6299 clustering_loss=0.2881 instance_nce=0.0000 cluster_nce=0.0000 
batch=0100 loss=0.6556 representation_loss=0.5146 clustering_loss=0.2820 instance_nce=0.0000 cluster_nce=0.0000 
batch=0150 loss=0.7287 representation_loss=0.6051 clustering_loss=0.2473 instance_nce=0.0000 cluster_nce=0.0000 
batch=0200 loss=0.7629 representation_loss=0.6218 clustering_loss=0.2821 instance_nce=0.0000 cluster_nce=0.0000 
batch=0250 loss=0.8690 representation_loss=0.7343 clustering_loss=0.2694 instance_nce=0.0000 cluster_nce=0.0000 
batch=0300 loss=0.8128 representation_loss=0.6860 clustering_loss=0.2536 instance_nce=0.0000 cluster_nce=0.0000 
batch=0350 loss=0.6735 representation_loss=0.5471 clustering_loss=0.2528 instance_nce=0.0000 cluster_nce=0.0000 
batch=0400 loss=0.7631 representation_loss=0.6364 clustering_loss=0.2534 instance_nce=0.0000 cluster_nce=0.0000 
batch=0450 loss=0.7733 representation_loss=0.6515 clustering_loss=0.2435 instance_nce=0.0000 cluster_nce=0.0000 
batch=0500 loss=0.6439 representation_loss=0.5120 clustering_loss=0.2638 instance_nce=0.0000 cluster_nce=0.0000 
batch=0550 loss=0.6703 representation_loss=0.5435 clustering_loss=0.2536 instance_nce=0.0000 cluster_nce=0.0000 
batch=0600 loss=0.7517 representation_loss=0.6293 clustering_loss=0.2448 instance_nce=0.0000 cluster_nce=0.0000 
batch=0650 loss=0.8439 representation_loss=0.7302 clustering_loss=0.2274 instance_nce=0.0000 cluster_nce=0.0000 
batch=0700 loss=0.7618 representation_loss=0.6426 clustering_loss=0.2384 instance_nce=0.0000 cluster_nce=0.0000 
batch=0750 loss=0.7153 representation_loss=0.5977 clustering_loss=0.2353 instance_nce=0.0000 cluster_nce=0.0000 
batch=0800 loss=0.7690 representation_loss=0.6430 clustering_loss=0.2520 instance_nce=0.0000 cluster_nce=0.0000 
batch=0850 loss=0.7040 representation_loss=0.5859 clustering_loss=0.2362 instance_nce=0.0000 cluster_nce=0.0000 
Train: loss=0.7690 mstm=0.6391 instance_nce=0.0000 cluster_nce=0.0000 dec=0.2599
save checkpoint:  /root/trajectory-clustering/con-dtc/runs/porto/baseline/condtc_porto_finegrained_baseline_pre15/20260821_111951_seed19721013/checkpoints/condtc_best.pt
epoch=5 / num_epochs=6
batch=0050 loss=0.7501 representation_loss=0.6234 clustering_loss=0.2533 instance_nce=0.0000 cluster_nce=0.0000 
batch=0100 loss=0.7352 representation_loss=0.6069 clustering_loss=0.2564 instance_nce=0.0000 cluster_nce=0.0000 
batch=0150 loss=0.7406 representation_loss=0.6172 clustering_loss=0.2468 instance_nce=0.0000 cluster_nce=0.0000 
batch=0200 loss=0.7697 representation_loss=0.6360 clustering_loss=0.2672 instance_nce=0.0000 cluster_nce=0.0000 
batch=0250 loss=0.7241 representation_loss=0.6103 clustering_loss=0.2277 instance_nce=0.0000 cluster_nce=0.0000 
batch=0300 loss=0.7259 representation_loss=0.6038 clustering_loss=0.2444 instance_nce=0.0000 cluster_nce=0.0000 
batch=0350 loss=0.7587 representation_loss=0.6359 clustering_loss=0.2456 instance_nce=0.0000 cluster_nce=0.0000 
batch=0400 loss=0.6822 representation_loss=0.5530 clustering_loss=0.2584 instance_nce=0.0000 cluster_nce=0.0000 
batch=0450 loss=0.6684 representation_loss=0.5377 clustering_loss=0.2614 instance_nce=0.0000 cluster_nce=0.0000 
batch=0500 loss=0.6915 representation_loss=0.5677 clustering_loss=0.2476 instance_nce=0.0000 cluster_nce=0.0000 
batch=0550 loss=0.6881 representation_loss=0.5659 clustering_loss=0.2442 instance_nce=0.0000 cluster_nce=0.0000 
batch=0600 loss=0.7678 representation_loss=0.6377 clustering_loss=0.2601 instance_nce=0.0000 cluster_nce=0.0000 
batch=0650 loss=0.7527 representation_loss=0.6358 clustering_loss=0.2338 instance_nce=0.0000 cluster_nce=0.0000 
batch=0700 loss=0.7679 representation_loss=0.6512 clustering_loss=0.2334 instance_nce=0.0000 cluster_nce=0.0000 
batch=0750 loss=0.8833 representation_loss=0.7661 clustering_loss=0.2345 instance_nce=0.0000 cluster_nce=0.0000 
batch=0800 loss=0.8072 representation_loss=0.6822 clustering_loss=0.2499 instance_nce=0.0000 cluster_nce=0.0000 
batch=0850 loss=0.7132 representation_loss=0.5959 clustering_loss=0.2346 instance_nce=0.0000 cluster_nce=0.0000 
Train: loss=0.7532 mstm=0.6307 instance_nce=0.0000 cluster_nce=0.0000 dec=0.2450
save checkpoint:  /root/trajectory-clustering/con-dtc/runs/porto/baseline/condtc_porto_finegrained_baseline_pre15/20260821_111951_seed19721013/checkpoints/condtc_best.pt
epoch=6 / num_epochs=6
batch=0050 loss=0.7413 representation_loss=0.6187 clustering_loss=0.2451 instance_nce=0.0000 cluster_nce=0.0000 
batch=0100 loss=0.6738 representation_loss=0.5538 clustering_loss=0.2400 instance_nce=0.0000 cluster_nce=0.0000 
batch=0150 loss=0.7549 representation_loss=0.6323 clustering_loss=0.2452 instance_nce=0.0000 cluster_nce=0.0000 
batch=0200 loss=0.7354 representation_loss=0.6155 clustering_loss=0.2397 instance_nce=0.0000 cluster_nce=0.0000 
batch=0250 loss=0.8158 representation_loss=0.6954 clustering_loss=0.2408 instance_nce=0.0000 cluster_nce=0.0000 
batch=0300 loss=0.6344 representation_loss=0.5253 clustering_loss=0.2182 instance_nce=0.0000 cluster_nce=0.0000 
batch=0350 loss=0.7523 representation_loss=0.6359 clustering_loss=0.2327 instance_nce=0.0000 cluster_nce=0.0000 
batch=0400 loss=0.7500 representation_loss=0.6317 clustering_loss=0.2366 instance_nce=0.0000 cluster_nce=0.0000 
batch=0450 loss=0.6745 representation_loss=0.5633 clustering_loss=0.2225 instance_nce=0.0000 cluster_nce=0.0000 
batch=0500 loss=0.7596 representation_loss=0.6385 clustering_loss=0.2423 instance_nce=0.0000 cluster_nce=0.0000 
batch=0550 loss=0.7544 representation_loss=0.6419 clustering_loss=0.2251 instance_nce=0.0000 cluster_nce=0.0000 
batch=0600 loss=0.7905 representation_loss=0.6680 clustering_loss=0.2451 instance_nce=0.0000 cluster_nce=0.0000 
batch=0650 loss=0.6556 representation_loss=0.5445 clustering_loss=0.2223 instance_nce=0.0000 cluster_nce=0.0000 
batch=0700 loss=0.7433 representation_loss=0.6274 clustering_loss=0.2317 instance_nce=0.0000 cluster_nce=0.0000 
batch=0750 loss=0.7770 representation_loss=0.6587 clustering_loss=0.2365 instance_nce=0.0000 cluster_nce=0.0000 
batch=0800 loss=0.6283 representation_loss=0.5192 clustering_loss=0.2182 instance_nce=0.0000 cluster_nce=0.0000 
batch=0850 loss=0.6250 representation_loss=0.5127 clustering_loss=0.2245 instance_nce=0.0000 cluster_nce=0.0000 
Train: loss=0.7377 mstm=0.6196 instance_nce=0.0000 cluster_nce=0.0000 dec=0.2361
save checkpoint:  /root/trajectory-clustering/con-dtc/runs/porto/baseline/condtc_porto_finegrained_baseline_pre15/20260821_111951_seed19721013/checkpoints/condtc_best.pt
best train_loss:  0.7376790978384201
evaluating: /root/trajectory-clustering/con-dtc/runs/porto/baseline/condtc_porto_finegrained_baseline_pre15/20260821_111951_seed19721013/checkpoints/condtc_best.pt
device: cuda
dataset: portoTimeNoiseFineGrained
cluster counts: tensor([1763,  646, 1871, 1206,  432,  265,  707, 1097,  351, 2037, 1088, 1038,
         964, 1046,  914,  750,    0, 1017, 1304,  208,  921, 1450, 1681,    0,
        1811, 1732, 1006])
metrics: {'uacc': 0.7864493682475737, 'nmi': 0.9164275666676511, 'ri': 0.9798702012560847, 'ari': 0.7548255896430432}
metrics saved: /root/trajectory-clustering/con-dtc/runs/porto/baseline/condtc_porto_finegrained_baseline_pre15/20260821_111951_seed19721013/metrics.json
