experiment initialized
run directory: /root/trajectory-clustering/con-dtc/runs/condtc_qd_late_s2_m07_w/20260814_091609_seed19721013
config snapshot: /root/trajectory-clustering/con-dtc/runs/condtc_qd_late_s2_m07_w/20260814_091609_seed19721013/config.yaml
device: cuda
pretrain checkpoint: /root/trajectory-clustering/con-dtc/checkpoints/sttraj2vec_pretrain_paper_15ep.pt
epoch=1 / num_epochs=6
batch=0050 loss=1.1629 representation_loss=0.9304 clustering_loss=0.4650 instance_nce=3.5702 cluster_nce=2.3243 
batch=0100 loss=1.1673 representation_loss=0.9701 clustering_loss=0.3943 instance_nce=3.5546 cluster_nce=2.3284 
batch=0150 loss=1.1958 representation_loss=1.0006 clustering_loss=0.3905 instance_nce=3.5938 cluster_nce=2.3155 
batch=0200 loss=1.1558 representation_loss=0.9846 clustering_loss=0.3425 instance_nce=3.5420 cluster_nce=2.2985 
batch=0250 loss=1.2080 representation_loss=1.0177 clustering_loss=0.3806 instance_nce=3.5584 cluster_nce=2.3128 
batch=0300 loss=1.1944 representation_loss=1.0261 clustering_loss=0.3367 instance_nce=3.5415 cluster_nce=2.3001 
batch=0350 loss=1.0127 representation_loss=0.8208 clustering_loss=0.3838 instance_nce=3.5150 cluster_nce=2.2909 
Train: loss=1.1389 mstm=0.9508 instance_nce=3.5503 cluster_nce=2.3165 dec=0.3762
save checkpoint:  /root/trajectory-clustering/con-dtc/runs/condtc_qd_late_s2_m07_w/20260814_091609_seed19721013/checkpoints/condtc_best.pt
epoch=2 / num_epochs=6
batch=0050 loss=1.0375 representation_loss=0.8874 clustering_loss=0.3001 instance_nce=3.5533 cluster_nce=2.3168 
batch=0100 loss=1.0716 representation_loss=0.9328 clustering_loss=0.2776 instance_nce=3.5591 cluster_nce=2.2981 
batch=0150 loss=1.0970 representation_loss=0.9798 clustering_loss=0.2345 instance_nce=3.5402 cluster_nce=2.2970 
batch=0200 loss=1.1699 representation_loss=1.0483 clustering_loss=0.2432 instance_nce=3.5440 cluster_nce=2.3185 
batch=0250 loss=1.0623 representation_loss=0.9317 clustering_loss=0.2613 instance_nce=3.5216 cluster_nce=2.2857 
batch=0300 loss=1.0916 representation_loss=0.9789 clustering_loss=0.2254 instance_nce=3.5383 cluster_nce=2.3111 
batch=0350 loss=1.0341 representation_loss=0.9243 clustering_loss=0.2197 instance_nce=3.5267 cluster_nce=2.2905 
Train: loss=1.0626 mstm=0.9332 instance_nce=3.5339 cluster_nce=2.3015 dec=0.2587
save checkpoint:  /root/trajectory-clustering/con-dtc/runs/condtc_qd_late_s2_m07_w/20260814_091609_seed19721013/checkpoints/condtc_best.pt
epoch=3 / num_epochs=6
batch=0050 loss=1.0642 representation_loss=0.9369 clustering_loss=0.2546 instance_nce=3.5224 cluster_nce=2.3050 
batch=0100 loss=1.0555 representation_loss=0.9387 clustering_loss=0.2336 instance_nce=3.5456 cluster_nce=2.3180 
batch=0150 loss=1.1108 representation_loss=0.9964 clustering_loss=0.2287 instance_nce=3.5271 cluster_nce=2.3104 
batch=0200 loss=1.0105 representation_loss=0.9064 clustering_loss=0.2081 instance_nce=3.5006 cluster_nce=2.2903 
batch=0250 loss=1.0121 representation_loss=0.9077 clustering_loss=0.2089 instance_nce=3.4879 cluster_nce=2.2841 
batch=0300 loss=0.9580 representation_loss=0.8339 clustering_loss=0.2483 instance_nce=3.5345 cluster_nce=2.2969 
batch=0350 loss=1.0483 representation_loss=0.9377 clustering_loss=0.2213 instance_nce=3.4948 cluster_nce=2.2946 
Train: loss=1.0459 mstm=0.9313 instance_nce=3.5239 cluster_nce=2.2970 dec=0.2293
save checkpoint:  /root/trajectory-clustering/con-dtc/runs/condtc_qd_late_s2_m07_w/20260814_091609_seed19721013/checkpoints/condtc_best.pt
epoch=4 / num_epochs=6
batch=0050 loss=0.9750 representation_loss=0.8751 clustering_loss=0.1997 instance_nce=3.4933 cluster_nce=2.3053 
batch=0100 loss=0.8784 representation_loss=0.7586 clustering_loss=0.2398 instance_nce=3.5140 cluster_nce=2.2890 
batch=0150 loss=1.0197 representation_loss=0.9241 clustering_loss=0.1912 instance_nce=3.5084 cluster_nce=2.2870 
batch=0200 loss=1.0244 representation_loss=0.9249 clustering_loss=0.1989 instance_nce=3.5035 cluster_nce=2.2902 
batch=0250 loss=0.9968 representation_loss=0.9004 clustering_loss=0.1927 instance_nce=3.5413 cluster_nce=2.2936 
batch=0300 loss=1.0384 representation_loss=0.9454 clustering_loss=0.1860 instance_nce=3.4893 cluster_nce=2.2914 
batch=0350 loss=0.9973 representation_loss=0.8976 clustering_loss=0.1994 instance_nce=3.4826 cluster_nce=2.2757 
Train: loss=1.0203 mstm=0.9127 instance_nce=3.5135 cluster_nce=2.2951 dec=0.2151
save checkpoint:  /root/trajectory-clustering/con-dtc/runs/condtc_qd_late_s2_m07_w/20260814_091609_seed19721013/checkpoints/condtc_best.pt
epoch=5 / num_epochs=6
batch=0050 loss=0.9585 representation_loss=0.8503 clustering_loss=0.2165 instance_nce=3.4762 cluster_nce=2.2906 
batch=0100 loss=0.9237 representation_loss=0.8263 clustering_loss=0.1948 instance_nce=3.5032 cluster_nce=2.2900 
batch=0150 loss=1.0337 representation_loss=0.9296 clustering_loss=0.2082 instance_nce=3.5014 cluster_nce=2.2972 
batch=0200 loss=1.0002 representation_loss=0.8963 clustering_loss=0.2078 instance_nce=3.5117 cluster_nce=2.2952 
batch=0250 loss=0.9893 representation_loss=0.8874 clustering_loss=0.2037 instance_nce=3.5037 cluster_nce=2.2778 
batch=0300 loss=0.9537 representation_loss=0.8575 clustering_loss=0.1923 instance_nce=3.4842 cluster_nce=2.2853 
batch=0350 loss=0.9346 representation_loss=0.8183 clustering_loss=0.2326 instance_nce=3.5030 cluster_nce=2.2986 
Train: loss=1.0179 mstm=0.9146 instance_nce=3.5033 cluster_nce=2.2922 dec=0.2064
save checkpoint:  /root/trajectory-clustering/con-dtc/runs/condtc_qd_late_s2_m07_w/20260814_091609_seed19721013/checkpoints/condtc_best.pt
epoch=6 / num_epochs=6
batch=0050 loss=0.9821 representation_loss=0.8833 clustering_loss=0.1974 instance_nce=3.4991 cluster_nce=2.2743 
batch=0100 loss=1.0633 representation_loss=0.9562 clustering_loss=0.2142 instance_nce=3.4691 cluster_nce=2.2849 
batch=0150 loss=0.9454 representation_loss=0.8485 clustering_loss=0.1938 instance_nce=3.4865 cluster_nce=2.2820 
batch=0200 loss=1.0226 representation_loss=0.9267 clustering_loss=0.1918 instance_nce=3.4862 cluster_nce=2.2797 
batch=0250 loss=0.9839 representation_loss=0.8780 clustering_loss=0.2119 instance_nce=3.5358 cluster_nce=2.2883 
batch=0300 loss=1.1158 representation_loss=1.0202 clustering_loss=0.1912 instance_nce=3.4740 cluster_nce=2.2840 
batch=0350 loss=1.0641 representation_loss=0.9719 clustering_loss=0.1844 instance_nce=3.5062 cluster_nce=2.3234 
Train: loss=1.0085 mstm=0.9087 instance_nce=3.4938 cluster_nce=2.2904 dec=0.1996
save checkpoint:  /root/trajectory-clustering/con-dtc/runs/condtc_qd_late_s2_m07_w/20260814_091609_seed19721013/checkpoints/condtc_best.pt
best train_loss:  1.0084605561129516
evaluating: /root/trajectory-clustering/con-dtc/runs/condtc_qd_late_s2_m07_w/20260814_091609_seed19721013/checkpoints/condtc_best.pt
device: cuda
cluster counts: tensor([1003,  953, 1957,  796,   22, 1000,    0,  969, 1876,  948, 1136,  944])
metrics: {'uacc': 0.7547397449155464, 'nmi': 0.8874035019249761, 'ri': 0.9555108282893353, 'ari': 0.7466313795374502}
metrics saved: /root/trajectory-clustering/con-dtc/runs/condtc_qd_late_s2_m07_w/20260814_091609_seed19721013/metrics.json
