experiment initialized
run directory: /root/trajectory-clustering/con-dtc/runs/condtc_qd_ema_staged_s3_m07_weighted_warmup_mw04/20260817_132951_seed2026
config snapshot: /root/trajectory-clustering/con-dtc/runs/condtc_qd_ema_staged_s3_m07_weighted_warmup_mw04/20260817_132951_seed2026/config.yaml
device: cuda
pretrain checkpoint: /root/trajectory-clustering/con-dtc/checkpoints/sttraj2vec_pretrain_paper_15ep.pt
epoch=1 / num_epochs=6
batch=0050 loss=1.1425 representation_loss=0.9502 clustering_loss=0.3846 instance_nce=3.4862 cluster_nce=2.3926 
batch=0100 loss=1.2458 representation_loss=1.0504 clustering_loss=0.3907 instance_nce=3.4718 cluster_nce=2.4177 
batch=0150 loss=1.0822 representation_loss=0.8810 clustering_loss=0.4024 instance_nce=3.4622 cluster_nce=2.4080 
batch=0200 loss=1.1439 representation_loss=0.9759 clustering_loss=0.3359 instance_nce=3.4991 cluster_nce=2.3710 
batch=0250 loss=1.1726 representation_loss=1.0075 clustering_loss=0.3303 instance_nce=3.4743 cluster_nce=2.3967 
batch=0300 loss=1.0769 representation_loss=0.9114 clustering_loss=0.3309 instance_nce=3.4768 cluster_nce=2.3934 
batch=0350 loss=1.0888 representation_loss=0.8819 clustering_loss=0.4136 instance_nce=3.4754 cluster_nce=2.4027 
Train: loss=1.1455 mstm=0.9570 instance_nce=3.4843 cluster_nce=2.4063 dec=0.3770
save checkpoint:  /root/trajectory-clustering/con-dtc/runs/condtc_qd_ema_staged_s3_m07_weighted_warmup_mw04/20260817_132951_seed2026/checkpoints/condtc_best.pt
epoch=2 / num_epochs=6
batch=0050 loss=0.9607 representation_loss=0.8276 clustering_loss=0.2662 instance_nce=3.4693 cluster_nce=2.3801 
batch=0100 loss=0.9629 representation_loss=0.8236 clustering_loss=0.2787 instance_nce=3.4543 cluster_nce=2.3978 
batch=0150 loss=0.9452 representation_loss=0.8044 clustering_loss=0.2816 instance_nce=3.4644 cluster_nce=2.4020 
batch=0200 loss=0.9457 representation_loss=0.8103 clustering_loss=0.2707 instance_nce=3.4766 cluster_nce=2.4119 
batch=0250 loss=1.1337 representation_loss=1.0107 clustering_loss=0.2461 instance_nce=3.4584 cluster_nce=2.4101 
batch=0300 loss=1.0750 representation_loss=0.9560 clustering_loss=0.2381 instance_nce=3.4974 cluster_nce=2.3848 
batch=0350 loss=1.1823 representation_loss=1.0538 clustering_loss=0.2569 instance_nce=3.4568 cluster_nce=2.3653 
Train: loss=1.0699 mstm=0.9367 instance_nce=3.4647 cluster_nce=2.3825 dec=0.2662
save checkpoint:  /root/trajectory-clustering/con-dtc/runs/condtc_qd_ema_staged_s3_m07_weighted_warmup_mw04/20260817_132951_seed2026/checkpoints/condtc_best.pt
epoch=3 / num_epochs=6
batch=0050 loss=1.0368 representation_loss=0.9102 clustering_loss=0.2530 instance_nce=3.4696 cluster_nce=2.3856 
batch=0100 loss=1.0817 representation_loss=0.9615 clustering_loss=0.2405 instance_nce=3.4462 cluster_nce=2.3706 
batch=0150 loss=1.1203 representation_loss=1.0035 clustering_loss=0.2336 instance_nce=3.4533 cluster_nce=2.3757 
batch=0200 loss=0.9468 representation_loss=0.8382 clustering_loss=0.2172 instance_nce=3.4891 cluster_nce=2.3760 
batch=0250 loss=1.0281 representation_loss=0.9105 clustering_loss=0.2353 instance_nce=3.4353 cluster_nce=2.3739 
batch=0300 loss=1.0663 representation_loss=0.9519 clustering_loss=0.2287 instance_nce=3.4694 cluster_nce=2.4011 
batch=0350 loss=1.0694 representation_loss=0.9696 clustering_loss=0.1997 instance_nce=3.4302 cluster_nce=2.3491 
Train: loss=1.0467 mstm=0.9329 instance_nce=3.4540 cluster_nce=2.3740 dec=0.2277
save checkpoint:  /root/trajectory-clustering/con-dtc/runs/condtc_qd_ema_staged_s3_m07_weighted_warmup_mw04/20260817_132951_seed2026/checkpoints/condtc_best.pt
epoch=4 / num_epochs=6
batch=0050 loss=0.9785 representation_loss=0.8650 clustering_loss=0.2270 instance_nce=3.4637 cluster_nce=2.3442 
batch=0100 loss=0.8850 representation_loss=0.7776 clustering_loss=0.2148 instance_nce=3.4448 cluster_nce=2.3882 
batch=0150 loss=0.9894 representation_loss=0.8849 clustering_loss=0.2090 instance_nce=3.4590 cluster_nce=2.3713 
batch=0200 loss=0.9775 representation_loss=0.8741 clustering_loss=0.2069 instance_nce=3.4291 cluster_nce=2.3420 
batch=0250 loss=0.9803 representation_loss=0.8840 clustering_loss=0.1925 instance_nce=3.4457 cluster_nce=2.3770 
batch=0300 loss=1.0347 representation_loss=0.9326 clustering_loss=0.2040 instance_nce=3.4698 cluster_nce=2.3952 
batch=0350 loss=0.9887 representation_loss=0.8931 clustering_loss=0.1912 instance_nce=3.4463 cluster_nce=2.3680 
Train: loss=1.0259 mstm=0.9207 instance_nce=3.4459 cluster_nce=2.3681 dec=0.2104
save checkpoint:  /root/trajectory-clustering/con-dtc/runs/condtc_qd_ema_staged_s3_m07_weighted_warmup_mw04/20260817_132951_seed2026/checkpoints/condtc_best.pt
epoch=5 / num_epochs=6
batch=0050 loss=1.1318 representation_loss=1.0208 clustering_loss=0.2220 instance_nce=3.4292 cluster_nce=2.3468 
batch=0100 loss=1.1153 representation_loss=1.0067 clustering_loss=0.2171 instance_nce=3.4785 cluster_nce=2.4107 
batch=0150 loss=0.9340 representation_loss=0.8246 clustering_loss=0.2189 instance_nce=3.4548 cluster_nce=2.3933 
batch=0200 loss=0.9560 representation_loss=0.8595 clustering_loss=0.1930 instance_nce=3.4009 cluster_nce=2.3577 
batch=0250 loss=0.9519 representation_loss=0.8613 clustering_loss=0.1813 instance_nce=3.4200 cluster_nce=2.3468 
batch=0300 loss=1.0861 representation_loss=0.9845 clustering_loss=0.2032 instance_nce=3.4383 cluster_nce=2.3782 
batch=0350 loss=1.0544 representation_loss=0.9467 clustering_loss=0.2156 instance_nce=3.4179 cluster_nce=2.3467 
Train: loss=1.0198 mstm=0.9189 instance_nce=3.4354 cluster_nce=2.3636 dec=0.2018
save checkpoint:  /root/trajectory-clustering/con-dtc/runs/condtc_qd_ema_staged_s3_m07_weighted_warmup_mw04/20260817_132951_seed2026/checkpoints/condtc_best.pt
epoch=6 / num_epochs=6
batch=0050 loss=1.1170 representation_loss=1.0222 clustering_loss=0.1896 instance_nce=3.4202 cluster_nce=2.3645 
batch=0100 loss=1.0481 representation_loss=0.9564 clustering_loss=0.1834 instance_nce=3.4113 cluster_nce=2.3497 
batch=0150 loss=1.0679 representation_loss=0.9667 clustering_loss=0.2024 instance_nce=3.4064 cluster_nce=2.3640 
batch=0200 loss=1.0156 representation_loss=0.9220 clustering_loss=0.1872 instance_nce=3.4252 cluster_nce=2.3646 
batch=0250 loss=1.0474 representation_loss=0.9398 clustering_loss=0.2151 instance_nce=3.4297 cluster_nce=2.3680 
batch=0300 loss=0.9550 representation_loss=0.8595 clustering_loss=0.1912 instance_nce=3.4053 cluster_nce=2.3605 
batch=0350 loss=0.9604 representation_loss=0.8753 clustering_loss=0.1704 instance_nce=3.4220 cluster_nce=2.3327 
Train: loss=0.9952 mstm=0.8971 instance_nce=3.4289 cluster_nce=2.3599 dec=0.1962
save checkpoint:  /root/trajectory-clustering/con-dtc/runs/condtc_qd_ema_staged_s3_m07_weighted_warmup_mw04/20260817_132951_seed2026/checkpoints/condtc_best.pt
best train_loss:  0.9952227579483037
evaluating: /root/trajectory-clustering/con-dtc/runs/condtc_qd_ema_staged_s3_m07_weighted_warmup_mw04/20260817_132951_seed2026/checkpoints/condtc_best.pt
device: cuda
cluster counts: tensor([ 961, 1003, 1627,    0, 1000, 1288,  973,  301, 1957,  944,  610,  940])
metrics: {'uacc': 0.8017063081695966, 'nmi': 0.8936866980731656, 'ri': 0.9602437476572924, 'ari': 0.7681325540289056}
metrics saved: /root/trajectory-clustering/con-dtc/runs/condtc_qd_ema_staged_s3_m07_weighted_warmup_mw04/20260817_132951_seed2026/metrics.json
