experiment initialized
run directory: /root/trajectory-clustering/con-dtc/runs/condtc_qd_ema_staged_s3_m07_entropy_p70_a025_reverse_stability_w150/20260823_151632_seed19721013
config snapshot: /root/trajectory-clustering/con-dtc/runs/condtc_qd_ema_staged_s3_m07_entropy_p70_a025_reverse_stability_w150/20260823_151632_seed19721013/config.yaml
device: cuda
dataset: qdTimeNoise0424
pretrain checkpoint: /root/trajectory-clustering/con-dtc/checkpoints/sttraj2vec_pretrain_paper_15ep.pt
epoch=1 / num_epochs=6
batch=0050 loss=1.1629 representation_loss=0.9304 clustering_loss=0.4650 instance_nce=0.0000 cluster_nce=0.0000 
batch=0100 loss=1.1673 representation_loss=0.9701 clustering_loss=0.3943 instance_nce=0.0000 cluster_nce=0.0000 
batch=0150 loss=1.1958 representation_loss=1.0006 clustering_loss=0.3905 instance_nce=0.0000 cluster_nce=0.0000 
batch=0200 loss=1.1558 representation_loss=0.9846 clustering_loss=0.3425 instance_nce=0.0000 cluster_nce=0.0000 
batch=0250 loss=1.2080 representation_loss=1.0177 clustering_loss=0.3806 instance_nce=0.0000 cluster_nce=0.0000 
batch=0300 loss=1.1944 representation_loss=1.0261 clustering_loss=0.3367 instance_nce=0.0000 cluster_nce=0.0000 
batch=0350 loss=1.0127 representation_loss=0.8208 clustering_loss=0.3838 instance_nce=0.0000 cluster_nce=0.0000 
Train: loss=1.1389 mstm=0.9508 instance_nce=0.0000 cluster_nce=0.0000 dec=0.3762
save checkpoint:  /root/trajectory-clustering/con-dtc/runs/condtc_qd_ema_staged_s3_m07_entropy_p70_a025_reverse_stability_w150/20260823_151632_seed19721013/checkpoints/condtc_best.pt
epoch=2 / num_epochs=6
batch=0050 loss=1.0379 representation_loss=0.8879 clustering_loss=0.2999 instance_nce=0.0000 cluster_nce=0.0000 
batch=0100 loss=1.0682 representation_loss=0.9316 clustering_loss=0.2731 instance_nce=0.0000 cluster_nce=0.0000 
batch=0150 loss=1.1133 representation_loss=0.9795 clustering_loss=0.2677 instance_nce=0.0000 cluster_nce=0.0000 
batch=0200 loss=1.1861 representation_loss=1.0490 clustering_loss=0.2743 instance_nce=0.0000 cluster_nce=0.0000 
batch=0250 loss=1.0656 representation_loss=0.9316 clustering_loss=0.2680 instance_nce=0.0000 cluster_nce=0.0000 
batch=0300 loss=1.1050 representation_loss=0.9811 clustering_loss=0.2478 instance_nce=0.0000 cluster_nce=0.0000 
batch=0350 loss=1.0381 representation_loss=0.9247 clustering_loss=0.2268 instance_nce=0.0000 cluster_nce=0.0000 
Train: loss=1.0671 mstm=0.9336 instance_nce=0.0000 cluster_nce=0.0000 dec=0.2670
save checkpoint:  /root/trajectory-clustering/con-dtc/runs/condtc_qd_ema_staged_s3_m07_entropy_p70_a025_reverse_stability_w150/20260823_151632_seed19721013/checkpoints/condtc_best.pt
epoch=3 / num_epochs=6
batch=0050 loss=1.0622 representation_loss=0.9377 clustering_loss=0.2489 instance_nce=0.0000 cluster_nce=0.0000 
batch=0100 loss=1.0691 representation_loss=0.9415 clustering_loss=0.2553 instance_nce=0.0000 cluster_nce=0.0000 
batch=0150 loss=1.1118 representation_loss=0.9964 clustering_loss=0.2309 instance_nce=0.0000 cluster_nce=0.0000 
batch=0200 loss=1.0144 representation_loss=0.9062 clustering_loss=0.2164 instance_nce=0.0000 cluster_nce=0.0000 
batch=0250 loss=1.0050 representation_loss=0.9053 clustering_loss=0.1994 instance_nce=0.0000 cluster_nce=0.0000 
batch=0300 loss=0.9488 representation_loss=0.8350 clustering_loss=0.2276 instance_nce=0.0000 cluster_nce=0.0000 
batch=0350 loss=1.0416 representation_loss=0.9384 clustering_loss=0.2062 instance_nce=0.0000 cluster_nce=0.0000 
Train: loss=1.0467 mstm=0.9316 instance_nce=0.0000 cluster_nce=0.0000 dec=0.2302
save checkpoint:  /root/trajectory-clustering/con-dtc/runs/condtc_qd_ema_staged_s3_m07_entropy_p70_a025_reverse_stability_w150/20260823_151632_seed19721013/checkpoints/condtc_best.pt
epoch=4 / num_epochs=6
batch=0050 loss=0.9786 representation_loss=0.8750 clustering_loss=0.2073 instance_nce=0.0000 cluster_nce=0.0000 
batch=0100 loss=0.8730 representation_loss=0.7588 clustering_loss=0.2285 instance_nce=0.0000 cluster_nce=0.0000 
batch=0150 loss=1.0120 representation_loss=0.9248 clustering_loss=0.1743 instance_nce=0.0000 cluster_nce=0.0000 
batch=0200 loss=1.0290 representation_loss=0.9278 clustering_loss=0.2025 instance_nce=0.0000 cluster_nce=0.0000 
batch=0250 loss=0.9918 representation_loss=0.8997 clustering_loss=0.1842 instance_nce=0.0000 cluster_nce=0.0000 
batch=0300 loss=1.0334 representation_loss=0.9455 clustering_loss=0.1758 instance_nce=0.0000 cluster_nce=0.0000 
batch=0350 loss=0.9919 representation_loss=0.8961 clustering_loss=0.1917 instance_nce=0.0000 cluster_nce=0.0000 
Train: loss=1.0173 mstm=0.9129 instance_nce=0.0000 cluster_nce=0.0000 dec=0.2088
save checkpoint:  /root/trajectory-clustering/con-dtc/runs/condtc_qd_ema_staged_s3_m07_entropy_p70_a025_reverse_stability_w150/20260823_151632_seed19721013/checkpoints/condtc_best.pt
epoch=5 / num_epochs=6
batch=0050 loss=0.9500 representation_loss=0.8495 clustering_loss=0.2010 instance_nce=0.0000 cluster_nce=0.0000 
batch=0100 loss=0.9244 representation_loss=0.8248 clustering_loss=0.1992 instance_nce=0.0000 cluster_nce=0.0000 
batch=0150 loss=1.0183 representation_loss=0.9272 clustering_loss=0.1821 instance_nce=0.0000 cluster_nce=0.0000 
batch=0200 loss=0.9948 representation_loss=0.8963 clustering_loss=0.1971 instance_nce=0.0000 cluster_nce=0.0000 
batch=0250 loss=0.9781 representation_loss=0.8856 clustering_loss=0.1851 instance_nce=0.0000 cluster_nce=0.0000 
batch=0300 loss=0.9503 representation_loss=0.8594 clustering_loss=0.1819 instance_nce=0.0000 cluster_nce=0.0000 
batch=0350 loss=0.9222 representation_loss=0.8149 clustering_loss=0.2147 instance_nce=0.0000 cluster_nce=0.0000 
Train: loss=1.0134 mstm=0.9145 instance_nce=0.0000 cluster_nce=0.0000 dec=0.1978
save checkpoint:  /root/trajectory-clustering/con-dtc/runs/condtc_qd_ema_staged_s3_m07_entropy_p70_a025_reverse_stability_w150/20260823_151632_seed19721013/checkpoints/condtc_best.pt
epoch=6 / num_epochs=6
batch=0050 loss=0.9722 representation_loss=0.8830 clustering_loss=0.1783 instance_nce=0.0000 cluster_nce=0.0000 
batch=0100 loss=1.0603 representation_loss=0.9587 clustering_loss=0.2032 instance_nce=0.0000 cluster_nce=0.0000 
batch=0150 loss=0.9369 representation_loss=0.8480 clustering_loss=0.1779 instance_nce=0.0000 cluster_nce=0.0000 
batch=0200 loss=1.0193 representation_loss=0.9263 clustering_loss=0.1860 instance_nce=0.0000 cluster_nce=0.0000 
batch=0250 loss=0.9727 representation_loss=0.8773 clustering_loss=0.1907 instance_nce=0.0000 cluster_nce=0.0000 
batch=0300 loss=1.1145 representation_loss=1.0193 clustering_loss=0.1904 instance_nce=0.0000 cluster_nce=0.0000 
batch=0350 loss=1.0582 representation_loss=0.9710 clustering_loss=0.1744 instance_nce=0.0000 cluster_nce=0.0000 
Train: loss=1.0025 mstm=0.9082 instance_nce=0.0000 cluster_nce=0.0000 dec=0.1887
save checkpoint:  /root/trajectory-clustering/con-dtc/runs/condtc_qd_ema_staged_s3_m07_entropy_p70_a025_reverse_stability_w150/20260823_151632_seed19721013/checkpoints/condtc_best.pt
best train_loss:  1.0025386471700686
evaluating: /root/trajectory-clustering/con-dtc/runs/condtc_qd_ema_staged_s3_m07_entropy_p70_a025_reverse_stability_w150/20260823_151632_seed19721013/checkpoints/condtc_best.pt
device: cuda
dataset: qdTimeNoise0424
cluster counts: tensor([1003,  968, 1947, 1215,  499, 1000,   10,  970, 1399,  933,  716,  944])
metrics: {'uacc': 0.8098931402964495, 'nmi': 0.8894671957480497, 'ri': 0.9605514988976778, 'ari': 0.7646773109686152}
metrics saved: /root/trajectory-clustering/con-dtc/runs/condtc_qd_ema_staged_s3_m07_entropy_p70_a025_reverse_stability_w150/20260823_151632_seed19721013/metrics.json
