experiment initialized
run directory: /root/trajectory-clustering/con-dtc/runs/condtc_qd_s3_m07_w04_warmup/20260814_104044_seed42
config snapshot: /root/trajectory-clustering/con-dtc/runs/condtc_qd_s3_m07_w04_warmup/20260814_104044_seed42/config.yaml
device: cuda
pretrain checkpoint: /root/trajectory-clustering/con-dtc/checkpoints/sttraj2vec_pretrain_paper_15ep.pt
epoch=1 / num_epochs=6
batch=0050 loss=1.2522 representation_loss=1.0175 clustering_loss=0.4694 instance_nce=3.5261 cluster_nce=2.3788 
batch=0100 loss=1.1484 representation_loss=0.9354 clustering_loss=0.4259 instance_nce=3.5002 cluster_nce=2.3484 
batch=0150 loss=1.2910 representation_loss=1.1073 clustering_loss=0.3676 instance_nce=3.5001 cluster_nce=2.3400 
batch=0200 loss=1.1210 representation_loss=0.9007 clustering_loss=0.4407 instance_nce=3.4968 cluster_nce=2.3422 
batch=0250 loss=1.1561 representation_loss=1.0058 clustering_loss=0.3007 instance_nce=3.4909 cluster_nce=2.3328 
batch=0300 loss=1.2513 representation_loss=1.0743 clustering_loss=0.3540 instance_nce=3.4894 cluster_nce=2.3394 
batch=0350 loss=1.1866 representation_loss=1.0231 clustering_loss=0.3270 instance_nce=3.4739 cluster_nce=2.3411 
Train: loss=1.1424 mstm=0.9538 instance_nce=3.5081 cluster_nce=2.3467 dec=0.3772
save checkpoint:  /root/trajectory-clustering/con-dtc/runs/condtc_qd_s3_m07_w04_warmup/20260814_104044_seed42/checkpoints/condtc_best.pt
epoch=2 / num_epochs=6
batch=0050 loss=1.0601 representation_loss=0.9270 clustering_loss=0.2662 instance_nce=3.4772 cluster_nce=2.3288 
batch=0100 loss=1.0675 representation_loss=0.9415 clustering_loss=0.2520 instance_nce=3.4701 cluster_nce=2.3227 
batch=0150 loss=1.2057 representation_loss=1.0739 clustering_loss=0.2635 instance_nce=3.4802 cluster_nce=2.3232 
batch=0200 loss=1.0010 representation_loss=0.8775 clustering_loss=0.2469 instance_nce=3.4659 cluster_nce=2.3335 
batch=0250 loss=1.0316 representation_loss=0.9058 clustering_loss=0.2518 instance_nce=3.5169 cluster_nce=2.3357 
batch=0300 loss=1.0958 representation_loss=0.9792 clustering_loss=0.2333 instance_nce=3.4917 cluster_nce=2.3403 
batch=0350 loss=1.1383 representation_loss=1.0237 clustering_loss=0.2292 instance_nce=3.5074 cluster_nce=2.3250 
Train: loss=1.0664 mstm=0.9354 instance_nce=3.4910 cluster_nce=2.3312 dec=0.2620
save checkpoint:  /root/trajectory-clustering/con-dtc/runs/condtc_qd_s3_m07_w04_warmup/20260814_104044_seed42/checkpoints/condtc_best.pt
epoch=3 / num_epochs=6
batch=0050 loss=1.1435 representation_loss=1.0311 clustering_loss=0.2248 instance_nce=3.4376 cluster_nce=2.3070 
batch=0100 loss=0.9907 representation_loss=0.8838 clustering_loss=0.2138 instance_nce=3.4426 cluster_nce=2.3333 
batch=0150 loss=0.9001 representation_loss=0.7877 clustering_loss=0.2248 instance_nce=3.4603 cluster_nce=2.3230 
batch=0200 loss=1.0903 representation_loss=0.9770 clustering_loss=0.2266 instance_nce=3.4482 cluster_nce=2.3375 
batch=0250 loss=1.0303 representation_loss=0.9133 clustering_loss=0.2341 instance_nce=3.4755 cluster_nce=2.3138 
batch=0300 loss=1.0609 representation_loss=0.9514 clustering_loss=0.2189 instance_nce=3.4449 cluster_nce=2.3226 
batch=0350 loss=1.0866 representation_loss=0.9727 clustering_loss=0.2277 instance_nce=3.5014 cluster_nce=2.3188 
Train: loss=1.0413 mstm=0.9291 instance_nce=3.4773 cluster_nce=2.3257 dec=0.2244
save checkpoint:  /root/trajectory-clustering/con-dtc/runs/condtc_qd_s3_m07_w04_warmup/20260814_104044_seed42/checkpoints/condtc_best.pt
epoch=4 / num_epochs=6
batch=0050 loss=1.0161 representation_loss=0.9067 clustering_loss=0.2188 instance_nce=3.4541 cluster_nce=2.3196 
batch=0100 loss=1.1225 representation_loss=1.0210 clustering_loss=0.2030 instance_nce=3.4291 cluster_nce=2.3237 
batch=0150 loss=0.9476 representation_loss=0.8371 clustering_loss=0.2210 instance_nce=3.4583 cluster_nce=2.3102 
batch=0200 loss=0.9738 representation_loss=0.8829 clustering_loss=0.1817 instance_nce=3.4530 cluster_nce=2.3331 
batch=0250 loss=1.1142 representation_loss=1.0082 clustering_loss=0.2118 instance_nce=3.4516 cluster_nce=2.3257 
batch=0300 loss=1.0432 representation_loss=0.9416 clustering_loss=0.2033 instance_nce=3.4541 cluster_nce=2.3134 
batch=0350 loss=0.9489 representation_loss=0.8533 clustering_loss=0.1912 instance_nce=3.5288 cluster_nce=2.3196 
Train: loss=1.0259 mstm=0.9214 instance_nce=3.4667 cluster_nce=2.3216 dec=0.2090
save checkpoint:  /root/trajectory-clustering/con-dtc/runs/condtc_qd_s3_m07_w04_warmup/20260814_104044_seed42/checkpoints/condtc_best.pt
epoch=5 / num_epochs=6
batch=0050 loss=1.1328 representation_loss=1.0208 clustering_loss=0.2240 instance_nce=3.4525 cluster_nce=2.3107 
batch=0100 loss=0.9628 representation_loss=0.8711 clustering_loss=0.1833 instance_nce=3.5062 cluster_nce=2.3300 
batch=0150 loss=1.0242 representation_loss=0.9167 clustering_loss=0.2150 instance_nce=3.4697 cluster_nce=2.3170 
batch=0200 loss=0.9440 representation_loss=0.8558 clustering_loss=0.1764 instance_nce=3.4447 cluster_nce=2.3273 
batch=0250 loss=0.8729 representation_loss=0.7856 clustering_loss=0.1745 instance_nce=3.4572 cluster_nce=2.3145 
batch=0300 loss=1.1046 representation_loss=1.0044 clustering_loss=0.2005 instance_nce=3.4647 cluster_nce=2.3178 
batch=0350 loss=1.0616 representation_loss=0.9603 clustering_loss=0.2026 instance_nce=3.4597 cluster_nce=2.3329 
Train: loss=1.0159 mstm=0.9164 instance_nce=3.4567 cluster_nce=2.3189 dec=0.1989
save checkpoint:  /root/trajectory-clustering/con-dtc/runs/condtc_qd_s3_m07_w04_warmup/20260814_104044_seed42/checkpoints/condtc_best.pt
epoch=6 / num_epochs=6
batch=0050 loss=1.0422 representation_loss=0.9493 clustering_loss=0.1858 instance_nce=3.4852 cluster_nce=2.3183 
batch=0100 loss=0.8954 representation_loss=0.8038 clustering_loss=0.1832 instance_nce=3.4293 cluster_nce=2.3260 
batch=0150 loss=0.9010 representation_loss=0.8048 clustering_loss=0.1924 instance_nce=3.4117 cluster_nce=2.3078 
batch=0200 loss=1.0292 representation_loss=0.9379 clustering_loss=0.1825 instance_nce=3.4667 cluster_nce=2.3315 
batch=0250 loss=0.9673 representation_loss=0.8730 clustering_loss=0.1885 instance_nce=3.4474 cluster_nce=2.3105 
batch=0300 loss=1.0043 representation_loss=0.9077 clustering_loss=0.1931 instance_nce=3.4377 cluster_nce=2.3106 
batch=0350 loss=1.1907 representation_loss=1.0837 clustering_loss=0.2141 instance_nce=3.4337 cluster_nce=2.3102 
Train: loss=0.9963 mstm=0.8987 instance_nce=3.4472 cluster_nce=2.3158 dec=0.1951
save checkpoint:  /root/trajectory-clustering/con-dtc/runs/condtc_qd_s3_m07_w04_warmup/20260814_104044_seed42/checkpoints/condtc_best.pt
best train_loss:  0.9963097482128662
evaluating: /root/trajectory-clustering/con-dtc/runs/condtc_qd_s3_m07_w04_warmup/20260814_104044_seed42/checkpoints/condtc_best.pt
device: cuda
cluster counts: tensor([ 425,   20,  455,  935,  966,  944, 1000,  979, 1003, 1443, 1937, 1497])
metrics: {'uacc': 0.7911065149948294, 'nmi': 0.8876329335027555, 'ri': 0.958656105977418, 'ari': 0.7577944284477055}
metrics saved: /root/trajectory-clustering/con-dtc/runs/condtc_qd_s3_m07_w04_warmup/20260814_104044_seed42/metrics.json
