experiment initialized
run directory: /root/trajectory-clustering/con-dtc/runs/condtc_qd_ema_staged_s3_m07_reverse_stability_w150/20260823_142100_seed42
config snapshot: /root/trajectory-clustering/con-dtc/runs/condtc_qd_ema_staged_s3_m07_reverse_stability_w150/20260823_142100_seed42/config.yaml
device: cuda
dataset: qdTimeNoise0424
pretrain checkpoint: /root/trajectory-clustering/con-dtc/checkpoints/sttraj2vec_pretrain_paper_15ep.pt
epoch=1 / num_epochs=6
batch=0050 loss=1.2522 representation_loss=1.0175 clustering_loss=0.4694 instance_nce=0.0000 cluster_nce=0.0000 
batch=0100 loss=1.1484 representation_loss=0.9354 clustering_loss=0.4259 instance_nce=0.0000 cluster_nce=0.0000 
batch=0150 loss=1.2910 representation_loss=1.1073 clustering_loss=0.3676 instance_nce=0.0000 cluster_nce=0.0000 
batch=0200 loss=1.1210 representation_loss=0.9007 clustering_loss=0.4407 instance_nce=0.0000 cluster_nce=0.0000 
batch=0250 loss=1.1561 representation_loss=1.0058 clustering_loss=0.3007 instance_nce=0.0000 cluster_nce=0.0000 
batch=0300 loss=1.2513 representation_loss=1.0743 clustering_loss=0.3540 instance_nce=0.0000 cluster_nce=0.0000 
batch=0350 loss=1.1866 representation_loss=1.0231 clustering_loss=0.3270 instance_nce=0.0000 cluster_nce=0.0000 
Train: loss=1.1424 mstm=0.9538 instance_nce=0.0000 cluster_nce=0.0000 dec=0.3772
save checkpoint:  /root/trajectory-clustering/con-dtc/runs/condtc_qd_ema_staged_s3_m07_reverse_stability_w150/20260823_142100_seed42/checkpoints/condtc_best.pt
epoch=2 / num_epochs=6
batch=0050 loss=1.0601 representation_loss=0.9270 clustering_loss=0.2662 instance_nce=0.0000 cluster_nce=0.0000 
batch=0100 loss=1.0675 representation_loss=0.9415 clustering_loss=0.2520 instance_nce=0.0000 cluster_nce=0.0000 
batch=0150 loss=1.2057 representation_loss=1.0739 clustering_loss=0.2635 instance_nce=0.0000 cluster_nce=0.0000 
batch=0200 loss=1.0010 representation_loss=0.8775 clustering_loss=0.2469 instance_nce=0.0000 cluster_nce=0.0000 
batch=0250 loss=1.0316 representation_loss=0.9058 clustering_loss=0.2518 instance_nce=0.0000 cluster_nce=0.0000 
batch=0300 loss=1.0958 representation_loss=0.9792 clustering_loss=0.2333 instance_nce=0.0000 cluster_nce=0.0000 
batch=0350 loss=1.1383 representation_loss=1.0237 clustering_loss=0.2292 instance_nce=0.0000 cluster_nce=0.0000 
Train: loss=1.0664 mstm=0.9354 instance_nce=0.0000 cluster_nce=0.0000 dec=0.2620
save checkpoint:  /root/trajectory-clustering/con-dtc/runs/condtc_qd_ema_staged_s3_m07_reverse_stability_w150/20260823_142100_seed42/checkpoints/condtc_best.pt
epoch=3 / num_epochs=6
batch=0050 loss=1.1426 representation_loss=1.0312 clustering_loss=0.2230 instance_nce=0.0000 cluster_nce=0.0000 
batch=0100 loss=0.9908 representation_loss=0.8836 clustering_loss=0.2143 instance_nce=0.0000 cluster_nce=0.0000 
batch=0150 loss=0.8998 representation_loss=0.7877 clustering_loss=0.2242 instance_nce=0.0000 cluster_nce=0.0000 
batch=0200 loss=1.0888 representation_loss=0.9770 clustering_loss=0.2235 instance_nce=0.0000 cluster_nce=0.0000 
batch=0250 loss=1.0284 representation_loss=0.9127 clustering_loss=0.2314 instance_nce=0.0000 cluster_nce=0.0000 
batch=0300 loss=1.0579 representation_loss=0.9509 clustering_loss=0.2140 instance_nce=0.0000 cluster_nce=0.0000 
batch=0350 loss=1.0870 representation_loss=0.9722 clustering_loss=0.2295 instance_nce=0.0000 cluster_nce=0.0000 
Train: loss=1.0405 mstm=0.9290 instance_nce=0.0000 cluster_nce=0.0000 dec=0.2229
save checkpoint:  /root/trajectory-clustering/con-dtc/runs/condtc_qd_ema_staged_s3_m07_reverse_stability_w150/20260823_142100_seed42/checkpoints/condtc_best.pt
epoch=4 / num_epochs=6
batch=0050 loss=1.0163 representation_loss=0.9067 clustering_loss=0.2193 instance_nce=0.0000 cluster_nce=0.0000 
batch=0100 loss=1.1212 representation_loss=1.0205 clustering_loss=0.2014 instance_nce=0.0000 cluster_nce=0.0000 
batch=0150 loss=0.9461 representation_loss=0.8376 clustering_loss=0.2170 instance_nce=0.0000 cluster_nce=0.0000 
batch=0200 loss=0.9720 representation_loss=0.8832 clustering_loss=0.1775 instance_nce=0.0000 cluster_nce=0.0000 
batch=0250 loss=1.1114 representation_loss=1.0080 clustering_loss=0.2069 instance_nce=0.0000 cluster_nce=0.0000 
batch=0300 loss=1.0417 representation_loss=0.9416 clustering_loss=0.2000 instance_nce=0.0000 cluster_nce=0.0000 
batch=0350 loss=0.9469 representation_loss=0.8533 clustering_loss=0.1874 instance_nce=0.0000 cluster_nce=0.0000 
Train: loss=1.0242 mstm=0.9213 instance_nce=0.0000 cluster_nce=0.0000 dec=0.2058
save checkpoint:  /root/trajectory-clustering/con-dtc/runs/condtc_qd_ema_staged_s3_m07_reverse_stability_w150/20260823_142100_seed42/checkpoints/condtc_best.pt
epoch=5 / num_epochs=6
batch=0050 loss=1.1261 representation_loss=1.0206 clustering_loss=0.2109 instance_nce=0.0000 cluster_nce=0.0000 
batch=0100 loss=0.9579 representation_loss=0.8698 clustering_loss=0.1763 instance_nce=0.0000 cluster_nce=0.0000 
batch=0150 loss=1.0204 representation_loss=0.9146 clustering_loss=0.2116 instance_nce=0.0000 cluster_nce=0.0000 
batch=0200 loss=0.9389 representation_loss=0.8555 clustering_loss=0.1668 instance_nce=0.0000 cluster_nce=0.0000 
batch=0250 loss=0.8697 representation_loss=0.7861 clustering_loss=0.1672 instance_nce=0.0000 cluster_nce=0.0000 
batch=0300 loss=1.1041 representation_loss=1.0054 clustering_loss=0.1974 instance_nce=0.0000 cluster_nce=0.0000 
batch=0350 loss=1.0571 representation_loss=0.9598 clustering_loss=0.1947 instance_nce=0.0000 cluster_nce=0.0000 
Train: loss=1.0131 mstm=0.9162 instance_nce=0.0000 cluster_nce=0.0000 dec=0.1938
save checkpoint:  /root/trajectory-clustering/con-dtc/runs/condtc_qd_ema_staged_s3_m07_reverse_stability_w150/20260823_142100_seed42/checkpoints/condtc_best.pt
epoch=6 / num_epochs=6
batch=0050 loss=1.0381 representation_loss=0.9492 clustering_loss=0.1777 instance_nce=0.0000 cluster_nce=0.0000 
batch=0100 loss=0.8941 representation_loss=0.8037 clustering_loss=0.1808 instance_nce=0.0000 cluster_nce=0.0000 
batch=0150 loss=0.8955 representation_loss=0.8043 clustering_loss=0.1825 instance_nce=0.0000 cluster_nce=0.0000 
batch=0200 loss=1.0260 representation_loss=0.9385 clustering_loss=0.1750 instance_nce=0.0000 cluster_nce=0.0000 
batch=0250 loss=0.9574 representation_loss=0.8715 clustering_loss=0.1716 instance_nce=0.0000 cluster_nce=0.0000 
batch=0300 loss=0.9960 representation_loss=0.9058 clustering_loss=0.1805 instance_nce=0.0000 cluster_nce=0.0000 
batch=0350 loss=1.1831 representation_loss=1.0846 clustering_loss=0.1970 instance_nce=0.0000 cluster_nce=0.0000 
Train: loss=0.9915 mstm=0.8984 instance_nce=0.0000 cluster_nce=0.0000 dec=0.1862
save checkpoint:  /root/trajectory-clustering/con-dtc/runs/condtc_qd_ema_staged_s3_m07_reverse_stability_w150/20260823_142100_seed42/checkpoints/condtc_best.pt
best train_loss:  0.9914651403177281
evaluating: /root/trajectory-clustering/con-dtc/runs/condtc_qd_ema_staged_s3_m07_reverse_stability_w150/20260823_142100_seed42/checkpoints/condtc_best.pt
device: cuda
dataset: qdTimeNoise0424
cluster counts: tensor([ 496,   47,  653,  936,  965,  944, 1000,  980, 1003, 1245, 1910, 1425])
metrics: {'uacc': 0.8080834195105137, 'nmi': 0.8875523813425151, 'ri': 0.9610779944553678, 'ari': 0.7672741256206963}
metrics saved: /root/trajectory-clustering/con-dtc/runs/condtc_qd_ema_staged_s3_m07_reverse_stability_w150/20260823_142100_seed42/metrics.json
