experiment initialized
run directory: /root/trajectory-clustering/con-dtc/runs/condtc_qd_ema_m08/20260816_180137_seed777
config snapshot: /root/trajectory-clustering/con-dtc/runs/condtc_qd_ema_m08/20260816_180137_seed777/config.yaml
device: cuda
pretrain checkpoint: /root/trajectory-clustering/con-dtc/checkpoints/sttraj2vec_pretrain_paper_15ep.pt
epoch=1 / num_epochs=6
batch=0050 loss=1.1041 representation_loss=0.8910 clustering_loss=0.4262 instance_nce=3.5183 cluster_nce=2.3541 
batch=0100 loss=1.1255 representation_loss=0.9189 clustering_loss=0.4131 instance_nce=3.5500 cluster_nce=2.3527 
batch=0150 loss=1.0998 representation_loss=0.9010 clustering_loss=0.3976 instance_nce=3.5374 cluster_nce=2.3381 
batch=0200 loss=1.0455 representation_loss=0.8774 clustering_loss=0.3362 instance_nce=3.5043 cluster_nce=2.3492 
batch=0250 loss=1.0576 representation_loss=0.8807 clustering_loss=0.3538 instance_nce=3.5087 cluster_nce=2.3190 
batch=0300 loss=1.0648 representation_loss=0.8901 clustering_loss=0.3494 instance_nce=3.5232 cluster_nce=2.3238 
batch=0350 loss=1.2181 representation_loss=1.0338 clustering_loss=0.3685 instance_nce=3.4997 cluster_nce=2.3173 
Train: loss=1.1377 mstm=0.9503 instance_nce=3.5230 cluster_nce=2.3400 dec=0.3747
save checkpoint:  /root/trajectory-clustering/con-dtc/runs/condtc_qd_ema_m08/20260816_180137_seed777/checkpoints/condtc_best.pt
epoch=2 / num_epochs=6
batch=0050 loss=1.0946 representation_loss=0.9527 clustering_loss=0.2837 instance_nce=3.4975 cluster_nce=2.3311 
batch=0100 loss=1.1079 representation_loss=0.9477 clustering_loss=0.3205 instance_nce=3.5212 cluster_nce=2.3106 
batch=0150 loss=1.1059 representation_loss=0.9735 clustering_loss=0.2649 instance_nce=3.5060 cluster_nce=2.3169 
batch=0200 loss=1.0889 representation_loss=0.9512 clustering_loss=0.2755 instance_nce=3.5666 cluster_nce=2.3372 
batch=0250 loss=1.0675 representation_loss=0.9342 clustering_loss=0.2666 instance_nce=3.4842 cluster_nce=2.3034 
batch=0300 loss=1.0366 representation_loss=0.9072 clustering_loss=0.2588 instance_nce=3.4669 cluster_nce=2.3086 
batch=0350 loss=1.0500 representation_loss=0.9243 clustering_loss=0.2515 instance_nce=3.5220 cluster_nce=2.3045 
Train: loss=1.0765 mstm=0.9388 instance_nce=3.5068 cluster_nce=2.3235 dec=0.2755
save checkpoint:  /root/trajectory-clustering/con-dtc/runs/condtc_qd_ema_m08/20260816_180137_seed777/checkpoints/condtc_best.pt
epoch=3 / num_epochs=6
batch=0050 loss=1.0539 representation_loss=0.9203 clustering_loss=0.2673 instance_nce=3.5047 cluster_nce=2.3155 
batch=0100 loss=1.1435 representation_loss=1.0081 clustering_loss=0.2706 instance_nce=3.4855 cluster_nce=2.3127 
batch=0150 loss=1.0398 representation_loss=0.9346 clustering_loss=0.2105 instance_nce=3.4636 cluster_nce=2.3225 
batch=0200 loss=0.9614 representation_loss=0.8439 clustering_loss=0.2349 instance_nce=3.4943 cluster_nce=2.3278 
batch=0250 loss=1.1261 representation_loss=1.0098 clustering_loss=0.2326 instance_nce=3.4889 cluster_nce=2.3141 
batch=0300 loss=0.9863 representation_loss=0.8669 clustering_loss=0.2389 instance_nce=3.4984 cluster_nce=2.3208 
batch=0350 loss=1.1123 representation_loss=1.0058 clustering_loss=0.2130 instance_nce=3.4700 cluster_nce=2.3147 
Train: loss=1.0486 mstm=0.9318 instance_nce=3.4980 cluster_nce=2.3202 dec=0.2336
save checkpoint:  /root/trajectory-clustering/con-dtc/runs/condtc_qd_ema_m08/20260816_180137_seed777/checkpoints/condtc_best.pt
epoch=4 / num_epochs=6
batch=0050 loss=1.0586 representation_loss=0.9423 clustering_loss=0.2326 instance_nce=3.5077 cluster_nce=2.3318 
batch=0100 loss=1.2032 representation_loss=1.0813 clustering_loss=0.2436 instance_nce=3.5395 cluster_nce=2.3317 
batch=0150 loss=1.0993 representation_loss=0.9972 clustering_loss=0.2042 instance_nce=3.4778 cluster_nce=2.3185 
batch=0200 loss=1.1403 representation_loss=1.0300 clustering_loss=0.2206 instance_nce=3.4764 cluster_nce=2.3051 
batch=0250 loss=1.0722 representation_loss=0.9596 clustering_loss=0.2252 instance_nce=3.5072 cluster_nce=2.3198 
batch=0300 loss=0.8591 representation_loss=0.7550 clustering_loss=0.2081 instance_nce=3.5110 cluster_nce=2.3297 
batch=0350 loss=1.1122 representation_loss=1.0155 clustering_loss=0.1934 instance_nce=3.4579 cluster_nce=2.3165 
Train: loss=1.0280 mstm=0.9232 instance_nce=3.4889 cluster_nce=2.3157 dec=0.2097
save checkpoint:  /root/trajectory-clustering/con-dtc/runs/condtc_qd_ema_m08/20260816_180137_seed777/checkpoints/condtc_best.pt
epoch=5 / num_epochs=6
batch=0050 loss=1.0227 representation_loss=0.9332 clustering_loss=0.1790 instance_nce=3.4583 cluster_nce=2.3002 
batch=0100 loss=0.9925 representation_loss=0.9004 clustering_loss=0.1842 instance_nce=3.4591 cluster_nce=2.3112 
batch=0150 loss=0.9515 representation_loss=0.8433 clustering_loss=0.2164 instance_nce=3.4718 cluster_nce=2.3106 
batch=0200 loss=0.9811 representation_loss=0.8766 clustering_loss=0.2090 instance_nce=3.4804 cluster_nce=2.3109 
batch=0250 loss=1.1098 representation_loss=1.0162 clustering_loss=0.1871 instance_nce=3.4689 cluster_nce=2.3144 
batch=0300 loss=1.0284 representation_loss=0.9399 clustering_loss=0.1771 instance_nce=3.4777 cluster_nce=2.3166 
batch=0350 loss=0.9807 representation_loss=0.8765 clustering_loss=0.2084 instance_nce=3.4786 cluster_nce=2.3214 
Train: loss=1.0067 mstm=0.9098 instance_nce=3.4808 cluster_nce=2.3131 dec=0.1937
save checkpoint:  /root/trajectory-clustering/con-dtc/runs/condtc_qd_ema_m08/20260816_180137_seed777/checkpoints/condtc_best.pt
epoch=6 / num_epochs=6
batch=0050 loss=0.9748 representation_loss=0.8757 clustering_loss=0.1982 instance_nce=3.5860 cluster_nce=2.3281 
batch=0100 loss=0.9314 representation_loss=0.8410 clustering_loss=0.1808 instance_nce=3.4840 cluster_nce=2.2965 
batch=0150 loss=0.9493 representation_loss=0.8579 clustering_loss=0.1828 instance_nce=3.4783 cluster_nce=2.3153 
batch=0200 loss=0.9629 representation_loss=0.8698 clustering_loss=0.1861 instance_nce=3.4942 cluster_nce=2.2975 
batch=0250 loss=0.9362 representation_loss=0.8438 clustering_loss=0.1849 instance_nce=3.4937 cluster_nce=2.3208 
batch=0300 loss=1.0542 representation_loss=0.9658 clustering_loss=0.1769 instance_nce=3.4681 cluster_nce=2.2971 
batch=0350 loss=1.0071 representation_loss=0.9132 clustering_loss=0.1877 instance_nce=3.4462 cluster_nce=2.2909 
Train: loss=0.9956 mstm=0.9034 instance_nce=3.4727 cluster_nce=2.3096 dec=0.1844
save checkpoint:  /root/trajectory-clustering/con-dtc/runs/condtc_qd_ema_m08/20260816_180137_seed777/checkpoints/condtc_best.pt
best train_loss:  0.9955796031695487
evaluating: /root/trajectory-clustering/con-dtc/runs/condtc_qd_ema_m08/20260816_180137_seed777/checkpoints/condtc_best.pt
device: cuda
cluster counts: tensor([ 969,  636, 1703,  606, 1003, 1262, 1000, 1295,  944,  950,  982,  254])
metrics: {'uacc': 0.7921406411582212, 'nmi': 0.8533365391528324, 'ri': 0.9535607270083101, 'ari': 0.7132072990976092}
metrics saved: /root/trajectory-clustering/con-dtc/runs/condtc_qd_ema_m08/20260816_180137_seed777/metrics.json
