experiment initialized
run directory: /root/trajectory-clustering/con-dtc/runs/condtc_qd_ema_staged_s3_m07_entropy_p70_a025_reverse_stability_w125/20260823_124052_seed777
config snapshot: /root/trajectory-clustering/con-dtc/runs/condtc_qd_ema_staged_s3_m07_entropy_p70_a025_reverse_stability_w125/20260823_124052_seed777/config.yaml
device: cuda
dataset: qdTimeNoise0424
pretrain checkpoint: /root/trajectory-clustering/con-dtc/checkpoints/sttraj2vec_pretrain_paper_15ep.pt
epoch=1 / num_epochs=6
batch=0050 loss=1.1041 representation_loss=0.8910 clustering_loss=0.4262 instance_nce=0.0000 cluster_nce=0.0000 
batch=0100 loss=1.1255 representation_loss=0.9189 clustering_loss=0.4131 instance_nce=0.0000 cluster_nce=0.0000 
batch=0150 loss=1.0998 representation_loss=0.9010 clustering_loss=0.3976 instance_nce=0.0000 cluster_nce=0.0000 
batch=0200 loss=1.0455 representation_loss=0.8774 clustering_loss=0.3362 instance_nce=0.0000 cluster_nce=0.0000 
batch=0250 loss=1.0576 representation_loss=0.8807 clustering_loss=0.3538 instance_nce=0.0000 cluster_nce=0.0000 
batch=0300 loss=1.0648 representation_loss=0.8901 clustering_loss=0.3494 instance_nce=0.0000 cluster_nce=0.0000 
batch=0350 loss=1.2181 representation_loss=1.0338 clustering_loss=0.3685 instance_nce=0.0000 cluster_nce=0.0000 
Train: loss=1.1377 mstm=0.9503 instance_nce=0.0000 cluster_nce=0.0000 dec=0.3747
save checkpoint:  /root/trajectory-clustering/con-dtc/runs/condtc_qd_ema_staged_s3_m07_entropy_p70_a025_reverse_stability_w125/20260823_124052_seed777/checkpoints/condtc_best.pt
epoch=2 / num_epochs=6
batch=0050 loss=1.1027 representation_loss=0.9530 clustering_loss=0.2994 instance_nce=0.0000 cluster_nce=0.0000 
batch=0100 loss=1.0955 representation_loss=0.9477 clustering_loss=0.2954 instance_nce=0.0000 cluster_nce=0.0000 
batch=0150 loss=1.1029 representation_loss=0.9744 clustering_loss=0.2570 instance_nce=0.0000 cluster_nce=0.0000 
batch=0200 loss=1.0753 representation_loss=0.9499 clustering_loss=0.2507 instance_nce=0.0000 cluster_nce=0.0000 
batch=0250 loss=1.0711 representation_loss=0.9385 clustering_loss=0.2652 instance_nce=0.0000 cluster_nce=0.0000 
batch=0300 loss=1.0171 representation_loss=0.9069 clustering_loss=0.2203 instance_nce=0.0000 cluster_nce=0.0000 
batch=0350 loss=1.0363 representation_loss=0.9243 clustering_loss=0.2239 instance_nce=0.0000 cluster_nce=0.0000 
Train: loss=1.0692 mstm=0.9393 instance_nce=0.0000 cluster_nce=0.0000 dec=0.2599
save checkpoint:  /root/trajectory-clustering/con-dtc/runs/condtc_qd_ema_staged_s3_m07_entropy_p70_a025_reverse_stability_w125/20260823_124052_seed777/checkpoints/condtc_best.pt
epoch=3 / num_epochs=6
batch=0050 loss=1.0444 representation_loss=0.9213 clustering_loss=0.2464 instance_nce=0.0000 cluster_nce=0.0000 
batch=0100 loss=1.1374 representation_loss=1.0085 clustering_loss=0.2578 instance_nce=0.0000 cluster_nce=0.0000 
batch=0150 loss=1.0423 representation_loss=0.9371 clustering_loss=0.2105 instance_nce=0.0000 cluster_nce=0.0000 
batch=0200 loss=0.9606 representation_loss=0.8445 clustering_loss=0.2323 instance_nce=0.0000 cluster_nce=0.0000 
batch=0250 loss=1.1133 representation_loss=1.0124 clustering_loss=0.2018 instance_nce=0.0000 cluster_nce=0.0000 
batch=0300 loss=0.9708 representation_loss=0.8663 clustering_loss=0.2090 instance_nce=0.0000 cluster_nce=0.0000 
batch=0350 loss=1.1050 representation_loss=1.0060 clustering_loss=0.1981 instance_nce=0.0000 cluster_nce=0.0000 
Train: loss=1.0456 mstm=0.9330 instance_nce=0.0000 cluster_nce=0.0000 dec=0.2253
save checkpoint:  /root/trajectory-clustering/con-dtc/runs/condtc_qd_ema_staged_s3_m07_entropy_p70_a025_reverse_stability_w125/20260823_124052_seed777/checkpoints/condtc_best.pt
epoch=4 / num_epochs=6
batch=0050 loss=1.0477 representation_loss=0.9433 clustering_loss=0.2087 instance_nce=0.0000 cluster_nce=0.0000 
batch=0100 loss=1.2047 representation_loss=1.0829 clustering_loss=0.2435 instance_nce=0.0000 cluster_nce=0.0000 
batch=0150 loss=1.1009 representation_loss=0.9975 clustering_loss=0.2066 instance_nce=0.0000 cluster_nce=0.0000 
batch=0200 loss=1.1324 representation_loss=1.0299 clustering_loss=0.2052 instance_nce=0.0000 cluster_nce=0.0000 
batch=0250 loss=1.0794 representation_loss=0.9641 clustering_loss=0.2308 instance_nce=0.0000 cluster_nce=0.0000 
batch=0300 loss=0.8562 representation_loss=0.7550 clustering_loss=0.2023 instance_nce=0.0000 cluster_nce=0.0000 
batch=0350 loss=1.1235 representation_loss=1.0184 clustering_loss=0.2101 instance_nce=0.0000 cluster_nce=0.0000 
Train: loss=1.0283 mstm=0.9242 instance_nce=0.0000 cluster_nce=0.0000 dec=0.2082
save checkpoint:  /root/trajectory-clustering/con-dtc/runs/condtc_qd_ema_staged_s3_m07_entropy_p70_a025_reverse_stability_w125/20260823_124052_seed777/checkpoints/condtc_best.pt
epoch=5 / num_epochs=6
batch=0050 loss=1.0315 representation_loss=0.9361 clustering_loss=0.1908 instance_nce=0.0000 cluster_nce=0.0000 
batch=0100 loss=0.9968 representation_loss=0.9022 clustering_loss=0.1890 instance_nce=0.0000 cluster_nce=0.0000 
batch=0150 loss=0.9446 representation_loss=0.8428 clustering_loss=0.2036 instance_nce=0.0000 cluster_nce=0.0000 
batch=0200 loss=0.9780 representation_loss=0.8772 clustering_loss=0.2016 instance_nce=0.0000 cluster_nce=0.0000 
batch=0250 loss=1.1068 representation_loss=1.0176 clustering_loss=0.1784 instance_nce=0.0000 cluster_nce=0.0000 
batch=0300 loss=1.0301 representation_loss=0.9406 clustering_loss=0.1790 instance_nce=0.0000 cluster_nce=0.0000 
batch=0350 loss=0.9828 representation_loss=0.8780 clustering_loss=0.2096 instance_nce=0.0000 cluster_nce=0.0000 
Train: loss=1.0092 mstm=0.9110 instance_nce=0.0000 cluster_nce=0.0000 dec=0.1965
save checkpoint:  /root/trajectory-clustering/con-dtc/runs/condtc_qd_ema_staged_s3_m07_entropy_p70_a025_reverse_stability_w125/20260823_124052_seed777/checkpoints/condtc_best.pt
epoch=6 / num_epochs=6
batch=0050 loss=0.9847 representation_loss=0.8784 clustering_loss=0.2124 instance_nce=0.0000 cluster_nce=0.0000 
batch=0100 loss=0.9348 representation_loss=0.8411 clustering_loss=0.1874 instance_nce=0.0000 cluster_nce=0.0000 
batch=0150 loss=0.9542 representation_loss=0.8582 clustering_loss=0.1921 instance_nce=0.0000 cluster_nce=0.0000 
batch=0200 loss=0.9613 representation_loss=0.8707 clustering_loss=0.1811 instance_nce=0.0000 cluster_nce=0.0000 
batch=0250 loss=0.9377 representation_loss=0.8461 clustering_loss=0.1833 instance_nce=0.0000 cluster_nce=0.0000 
batch=0300 loss=1.0550 representation_loss=0.9664 clustering_loss=0.1772 instance_nce=0.0000 cluster_nce=0.0000 
batch=0350 loss=1.0175 representation_loss=0.9167 clustering_loss=0.2018 instance_nce=0.0000 cluster_nce=0.0000 
Train: loss=0.9995 mstm=0.9043 instance_nce=0.0000 cluster_nce=0.0000 dec=0.1904
save checkpoint:  /root/trajectory-clustering/con-dtc/runs/condtc_qd_ema_staged_s3_m07_entropy_p70_a025_reverse_stability_w125/20260823_124052_seed777/checkpoints/condtc_best.pt
best train_loss:  0.9995143615718711
evaluating: /root/trajectory-clustering/con-dtc/runs/condtc_qd_ema_staged_s3_m07_entropy_p70_a025_reverse_stability_w125/20260823_124052_seed777/checkpoints/condtc_best.pt
device: cuda
dataset: qdTimeNoise0424
cluster counts: tensor([ 973,  808, 1884,  964, 1003, 1090, 1000,  937,  944,  672, 1256,   73])
metrics: {'uacc': 0.8420372285418821, 'nmi': 0.8950503857030235, 'ri': 0.9654968049455764, 'ari': 0.7898676077748696}
metrics saved: /root/trajectory-clustering/con-dtc/runs/condtc_qd_ema_staged_s3_m07_entropy_p70_a025_reverse_stability_w125/20260823_124052_seed777/metrics.json
