experiment initialized
run directory: /root/trajectory-clustering/con-dtc/runs/condtc_qd_ema_pre30_m06/20260816_191113_seed123
config snapshot: /root/trajectory-clustering/con-dtc/runs/condtc_qd_ema_pre30_m06/20260816_191113_seed123/config.yaml
device: cuda
pretrain checkpoint: /root/trajectory-clustering/con-dtc/checkpoints/sttraj2vec_pretrain_paper_30ep.pt
epoch=1 / num_epochs=6
batch=0050 loss=0.8027 representation_loss=0.6415 clustering_loss=0.3224 instance_nce=3.6084 cluster_nce=2.3881 
batch=0100 loss=0.7213 representation_loss=0.5981 clustering_loss=0.2463 instance_nce=3.6165 cluster_nce=2.3985 
batch=0150 loss=0.8992 representation_loss=0.7988 clustering_loss=0.2007 instance_nce=3.6050 cluster_nce=2.3773 
batch=0200 loss=0.8287 representation_loss=0.7263 clustering_loss=0.2049 instance_nce=3.6062 cluster_nce=2.4152 
batch=0250 loss=0.7594 representation_loss=0.6619 clustering_loss=0.1949 instance_nce=3.6413 cluster_nce=2.4114 
batch=0300 loss=0.7133 representation_loss=0.6112 clustering_loss=0.2041 instance_nce=3.6086 cluster_nce=2.3521 
batch=0350 loss=0.8484 representation_loss=0.7573 clustering_loss=0.1822 instance_nce=3.6913 cluster_nce=2.3988 
Train: loss=0.8170 mstm=0.7012 instance_nce=3.6024 cluster_nce=2.3832 dec=0.2315
save checkpoint:  /root/trajectory-clustering/con-dtc/runs/condtc_qd_ema_pre30_m06/20260816_191113_seed123/checkpoints/condtc_best.pt
epoch=2 / num_epochs=6
batch=0050 loss=0.7648 representation_loss=0.6492 clustering_loss=0.2313 instance_nce=3.5785 cluster_nce=2.3622 
batch=0100 loss=0.7600 representation_loss=0.6474 clustering_loss=0.2253 instance_nce=3.5959 cluster_nce=2.3572 
batch=0150 loss=0.8628 representation_loss=0.7661 clustering_loss=0.1934 instance_nce=3.5973 cluster_nce=2.3933 
batch=0200 loss=0.8107 representation_loss=0.7056 clustering_loss=0.2101 instance_nce=3.6072 cluster_nce=2.3633 
batch=0250 loss=0.8214 representation_loss=0.7252 clustering_loss=0.1923 instance_nce=3.6098 cluster_nce=2.3727 
batch=0300 loss=0.8111 representation_loss=0.7173 clustering_loss=0.1878 instance_nce=3.5681 cluster_nce=2.3309 
batch=0350 loss=0.8240 representation_loss=0.7423 clustering_loss=0.1634 instance_nce=3.5349 cluster_nce=2.3418 
Train: loss=0.7950 mstm=0.6945 instance_nce=3.5869 cluster_nce=2.3618 dec=0.2009
save checkpoint:  /root/trajectory-clustering/con-dtc/runs/condtc_qd_ema_pre30_m06/20260816_191113_seed123/checkpoints/condtc_best.pt
epoch=3 / num_epochs=6
batch=0050 loss=0.7556 representation_loss=0.6433 clustering_loss=0.2247 instance_nce=3.5670 cluster_nce=2.3653 
batch=0100 loss=0.7789 representation_loss=0.6713 clustering_loss=0.2152 instance_nce=3.5781 cluster_nce=2.3552 
batch=0150 loss=0.8143 representation_loss=0.7076 clustering_loss=0.2133 instance_nce=3.5626 cluster_nce=2.3439 
batch=0200 loss=0.7863 representation_loss=0.6764 clustering_loss=0.2197 instance_nce=3.5580 cluster_nce=2.3426 
batch=0250 loss=0.7147 representation_loss=0.6160 clustering_loss=0.1974 instance_nce=3.5816 cluster_nce=2.3513 
batch=0300 loss=0.6753 representation_loss=0.5793 clustering_loss=0.1919 instance_nce=3.5393 cluster_nce=2.3470 
batch=0350 loss=0.7209 representation_loss=0.6172 clustering_loss=0.2075 instance_nce=3.5953 cluster_nce=2.3389 
Train: loss=0.7959 mstm=0.6854 instance_nce=3.5701 cluster_nce=2.3527 dec=0.2210
epoch=4 / num_epochs=6
batch=0050 loss=0.7380 representation_loss=0.6124 clustering_loss=0.2511 instance_nce=3.5563 cluster_nce=2.3425 
batch=0100 loss=0.7980 representation_loss=0.6757 clustering_loss=0.2446 instance_nce=3.5174 cluster_nce=2.3487 
batch=0150 loss=0.6943 representation_loss=0.5838 clustering_loss=0.2210 instance_nce=3.5212 cluster_nce=2.3332 
batch=0200 loss=0.7489 representation_loss=0.6363 clustering_loss=0.2251 instance_nce=3.5235 cluster_nce=2.3297 
batch=0250 loss=0.7866 representation_loss=0.6808 clustering_loss=0.2117 instance_nce=3.5236 cluster_nce=2.3387 
batch=0300 loss=0.9578 representation_loss=0.8406 clustering_loss=0.2344 instance_nce=3.5355 cluster_nce=2.3363 
batch=0350 loss=0.8197 representation_loss=0.7053 clustering_loss=0.2289 instance_nce=3.5900 cluster_nce=2.3467 
Train: loss=0.7941 mstm=0.6772 instance_nce=3.5561 cluster_nce=2.3469 dec=0.2336
save checkpoint:  /root/trajectory-clustering/con-dtc/runs/condtc_qd_ema_pre30_m06/20260816_191113_seed123/checkpoints/condtc_best.pt
epoch=5 / num_epochs=6
batch=0050 loss=0.8629 representation_loss=0.7425 clustering_loss=0.2409 instance_nce=3.5563 cluster_nce=2.3502 
batch=0100 loss=0.8734 representation_loss=0.7517 clustering_loss=0.2433 instance_nce=3.5138 cluster_nce=2.3388 
batch=0150 loss=0.8051 representation_loss=0.6993 clustering_loss=0.2115 instance_nce=3.5085 cluster_nce=2.3206 
batch=0200 loss=0.7934 representation_loss=0.6756 clustering_loss=0.2355 instance_nce=3.5461 cluster_nce=2.3482 
batch=0250 loss=0.7771 representation_loss=0.6693 clustering_loss=0.2156 instance_nce=3.5076 cluster_nce=2.3406 
batch=0300 loss=0.8224 representation_loss=0.7144 clustering_loss=0.2159 instance_nce=3.5152 cluster_nce=2.3186 
batch=0350 loss=0.7599 representation_loss=0.6436 clustering_loss=0.2326 instance_nce=3.5091 cluster_nce=2.3331 
Train: loss=0.7972 mstm=0.6787 instance_nce=3.5426 cluster_nce=2.3412 dec=0.2370
epoch=6 / num_epochs=6
batch=0050 loss=0.7932 representation_loss=0.6696 clustering_loss=0.2473 instance_nce=3.4994 cluster_nce=2.3396 
batch=0100 loss=0.9054 representation_loss=0.7762 clustering_loss=0.2583 instance_nce=3.5382 cluster_nce=2.3343 
batch=0150 loss=0.8259 representation_loss=0.7156 clustering_loss=0.2206 instance_nce=3.5049 cluster_nce=2.3401 
batch=0200 loss=0.9374 representation_loss=0.8171 clustering_loss=0.2406 instance_nce=3.5549 cluster_nce=2.3508 
batch=0250 loss=0.7775 representation_loss=0.6535 clustering_loss=0.2480 instance_nce=3.5157 cluster_nce=2.3395 
batch=0300 loss=0.7179 representation_loss=0.5971 clustering_loss=0.2417 instance_nce=3.5355 cluster_nce=2.3560 
batch=0350 loss=0.7699 representation_loss=0.6550 clustering_loss=0.2298 instance_nce=3.4873 cluster_nce=2.3279 
Train: loss=0.7879 mstm=0.6707 instance_nce=3.5299 cluster_nce=2.3370 dec=0.2345
save checkpoint:  /root/trajectory-clustering/con-dtc/runs/condtc_qd_ema_pre30_m06/20260816_191113_seed123/checkpoints/condtc_best.pt
best train_loss:  0.787927114359472
evaluating: /root/trajectory-clustering/con-dtc/runs/condtc_qd_ema_pre30_m06/20260816_191113_seed123/checkpoints/condtc_best.pt
device: cuda
cluster counts: tensor([ 966,  990,  867, 1074, 1003, 1000,  991, 1031,  944,  968,  827,  943])
metrics: {'uacc': 0.9729403653912444, 'nmi': 0.9650553937876784, 'ri': 0.9915918017731451, 'ari': 0.9450533184261595}
metrics saved: /root/trajectory-clustering/con-dtc/runs/condtc_qd_ema_pre30_m06/20260816_191113_seed123/metrics.json
