experiment initialized
run directory: /root/trajectory-clustering/con-dtc/runs/condtc_qd_ema_staged_s3_m07_entropy_p80_a050/20260817_152720_seed19721013
config snapshot: /root/trajectory-clustering/con-dtc/runs/condtc_qd_ema_staged_s3_m07_entropy_p80_a050/20260817_152720_seed19721013/config.yaml
device: cuda
pretrain checkpoint: /root/trajectory-clustering/con-dtc/checkpoints/sttraj2vec_pretrain_paper_15ep.pt
epoch=1 / num_epochs=6
batch=0050 loss=1.1629 representation_loss=0.9304 clustering_loss=0.4650 instance_nce=3.5702 cluster_nce=2.3243 
batch=0100 loss=1.1673 representation_loss=0.9701 clustering_loss=0.3943 instance_nce=3.5546 cluster_nce=2.3284 
batch=0150 loss=1.1958 representation_loss=1.0006 clustering_loss=0.3905 instance_nce=3.5938 cluster_nce=2.3155 
batch=0200 loss=1.1558 representation_loss=0.9846 clustering_loss=0.3425 instance_nce=3.5420 cluster_nce=2.2985 
batch=0250 loss=1.2080 representation_loss=1.0177 clustering_loss=0.3806 instance_nce=3.5584 cluster_nce=2.3128 
batch=0300 loss=1.1944 representation_loss=1.0261 clustering_loss=0.3367 instance_nce=3.5415 cluster_nce=2.3001 
batch=0350 loss=1.0127 representation_loss=0.8208 clustering_loss=0.3838 instance_nce=3.5150 cluster_nce=2.2909 
Train: loss=1.1389 mstm=0.9508 instance_nce=3.5503 cluster_nce=2.3165 dec=0.3762
save checkpoint:  /root/trajectory-clustering/con-dtc/runs/condtc_qd_ema_staged_s3_m07_entropy_p80_a050/20260817_152720_seed19721013/checkpoints/condtc_best.pt
epoch=2 / num_epochs=6
batch=0050 loss=1.0379 representation_loss=0.8879 clustering_loss=0.2999 instance_nce=3.5480 cluster_nce=2.3165 
batch=0100 loss=1.0682 representation_loss=0.9316 clustering_loss=0.2731 instance_nce=3.5515 cluster_nce=2.2992 
batch=0150 loss=1.1133 representation_loss=0.9795 clustering_loss=0.2677 instance_nce=3.5335 cluster_nce=2.2971 
batch=0200 loss=1.1861 representation_loss=1.0490 clustering_loss=0.2743 instance_nce=3.5356 cluster_nce=2.3178 
batch=0250 loss=1.0656 representation_loss=0.9316 clustering_loss=0.2680 instance_nce=3.5151 cluster_nce=2.2852 
batch=0300 loss=1.1050 representation_loss=0.9811 clustering_loss=0.2478 instance_nce=3.5328 cluster_nce=2.3112 
batch=0350 loss=1.0381 representation_loss=0.9247 clustering_loss=0.2268 instance_nce=3.5192 cluster_nce=2.2892 
Train: loss=1.0671 mstm=0.9336 instance_nce=3.5281 cluster_nce=2.3015 dec=0.2670
save checkpoint:  /root/trajectory-clustering/con-dtc/runs/condtc_qd_ema_staged_s3_m07_entropy_p80_a050/20260817_152720_seed19721013/checkpoints/condtc_best.pt
epoch=3 / num_epochs=6
batch=0050 loss=1.0624 representation_loss=0.9374 clustering_loss=0.2501 instance_nce=3.5142 cluster_nce=2.3039 
batch=0100 loss=1.0677 representation_loss=0.9412 clustering_loss=0.2530 instance_nce=3.5407 cluster_nce=2.3184 
batch=0150 loss=1.1115 representation_loss=0.9967 clustering_loss=0.2297 instance_nce=3.5189 cluster_nce=2.3109 
batch=0200 loss=1.0130 representation_loss=0.9062 clustering_loss=0.2136 instance_nce=3.4936 cluster_nce=2.2908 
batch=0250 loss=1.0055 representation_loss=0.9058 clustering_loss=0.1994 instance_nce=3.4818 cluster_nce=2.2850 
batch=0300 loss=0.9464 representation_loss=0.8351 clustering_loss=0.2226 instance_nce=3.5282 cluster_nce=2.2955 
batch=0350 loss=1.0418 representation_loss=0.9386 clustering_loss=0.2065 instance_nce=3.4884 cluster_nce=2.2937 
Train: loss=1.0457 mstm=0.9316 instance_nce=3.5174 cluster_nce=2.2971 dec=0.2281
save checkpoint:  /root/trajectory-clustering/con-dtc/runs/condtc_qd_ema_staged_s3_m07_entropy_p80_a050/20260817_152720_seed19721013/checkpoints/condtc_best.pt
epoch=4 / num_epochs=6
batch=0050 loss=0.9793 representation_loss=0.8752 clustering_loss=0.2082 instance_nce=3.4889 cluster_nce=2.3044 
batch=0100 loss=0.8731 representation_loss=0.7589 clustering_loss=0.2285 instance_nce=3.5086 cluster_nce=2.2874 
batch=0150 loss=1.0135 representation_loss=0.9246 clustering_loss=0.1779 instance_nce=3.5021 cluster_nce=2.2877 
batch=0200 loss=1.0266 representation_loss=0.9273 clustering_loss=0.1987 instance_nce=3.4955 cluster_nce=2.2910 
batch=0250 loss=0.9919 representation_loss=0.9000 clustering_loss=0.1839 instance_nce=3.5337 cluster_nce=2.2957 
batch=0300 loss=1.0329 representation_loss=0.9455 clustering_loss=0.1747 instance_nce=3.4820 cluster_nce=2.2918 
batch=0350 loss=0.9921 representation_loss=0.8965 clustering_loss=0.1912 instance_nce=3.4767 cluster_nce=2.2754 
Train: loss=1.0169 mstm=0.9129 instance_nce=3.5072 cluster_nce=2.2952 dec=0.2080
save checkpoint:  /root/trajectory-clustering/con-dtc/runs/condtc_qd_ema_staged_s3_m07_entropy_p80_a050/20260817_152720_seed19721013/checkpoints/condtc_best.pt
epoch=5 / num_epochs=6
batch=0050 loss=0.9506 representation_loss=0.8498 clustering_loss=0.2014 instance_nce=3.4696 cluster_nce=2.2898 
batch=0100 loss=0.9208 representation_loss=0.8249 clustering_loss=0.1917 instance_nce=3.4953 cluster_nce=2.2890 
batch=0150 loss=1.0200 representation_loss=0.9276 clustering_loss=0.1848 instance_nce=3.4929 cluster_nce=2.2963 
batch=0200 loss=0.9951 representation_loss=0.8964 clustering_loss=0.1974 instance_nce=3.5061 cluster_nce=2.2960 
batch=0250 loss=0.9799 representation_loss=0.8863 clustering_loss=0.1871 instance_nce=3.4967 cluster_nce=2.2784 
batch=0300 loss=0.9480 representation_loss=0.8588 clustering_loss=0.1785 instance_nce=3.4801 cluster_nce=2.2851 
batch=0350 loss=0.9256 representation_loss=0.8155 clustering_loss=0.2201 instance_nce=3.4992 cluster_nce=2.2992 
Train: loss=1.0131 mstm=0.9145 instance_nce=3.4974 cluster_nce=2.2922 dec=0.1971
save checkpoint:  /root/trajectory-clustering/con-dtc/runs/condtc_qd_ema_staged_s3_m07_entropy_p80_a050/20260817_152720_seed19721013/checkpoints/condtc_best.pt
epoch=6 / num_epochs=6
batch=0050 loss=0.9740 representation_loss=0.8835 clustering_loss=0.1811 instance_nce=3.4979 cluster_nce=2.2741 
batch=0100 loss=1.0591 representation_loss=0.9579 clustering_loss=0.2023 instance_nce=3.4649 cluster_nce=2.2832 
batch=0150 loss=0.9381 representation_loss=0.8480 clustering_loss=0.1802 instance_nce=3.4813 cluster_nce=2.2809 
batch=0200 loss=1.0193 representation_loss=0.9260 clustering_loss=0.1867 instance_nce=3.4804 cluster_nce=2.2790 
batch=0250 loss=0.9763 representation_loss=0.8777 clustering_loss=0.1972 instance_nce=3.5312 cluster_nce=2.2868 
batch=0300 loss=1.1156 representation_loss=1.0193 clustering_loss=0.1927 instance_nce=3.4655 cluster_nce=2.2845 
batch=0350 loss=1.0593 representation_loss=0.9712 clustering_loss=0.1761 instance_nce=3.4982 cluster_nce=2.3220 
Train: loss=1.0029 mstm=0.9083 instance_nce=3.4881 cluster_nce=2.2900 dec=0.1892
save checkpoint:  /root/trajectory-clustering/con-dtc/runs/condtc_qd_ema_staged_s3_m07_entropy_p80_a050/20260817_152720_seed19721013/checkpoints/condtc_best.pt
best train_loss:  1.0029279212629496
evaluating: /root/trajectory-clustering/con-dtc/runs/condtc_qd_ema_staged_s3_m07_entropy_p80_a050/20260817_152720_seed19721013/checkpoints/condtc_best.pt
device: cuda
cluster counts: tensor([1003,  968, 1953, 1148,  419, 1000,    4,  970, 1479,  933,  783,  944])
metrics: {'uacc': 0.8044639779386419, 'nmi': 0.8890975365482897, 'ri': 0.9597156775445544, 'ari': 0.7607709486732254}
metrics saved: /root/trajectory-clustering/con-dtc/runs/condtc_qd_ema_staged_s3_m07_entropy_p80_a050/20260817_152720_seed19721013/metrics.json
