experiment initialized
run directory: /root/trajectory-clustering/con-dtc/runs/condtc_qd_ema_staged_s3_m07_reverse_stability_w125/20260821_201527_seed777
config snapshot: /root/trajectory-clustering/con-dtc/runs/condtc_qd_ema_staged_s3_m07_reverse_stability_w125/20260821_201527_seed777/config.yaml
device: cuda
dataset: qdTimeNoise0424
pretrain checkpoint: /root/trajectory-clustering/con-dtc/checkpoints/sttraj2vec_pretrain_paper_15ep.pt
epoch=1 / num_epochs=6
batch=0050 loss=1.1041 representation_loss=0.8910 clustering_loss=0.4262 instance_nce=0.0000 cluster_nce=0.0000 
batch=0100 loss=1.1255 representation_loss=0.9189 clustering_loss=0.4131 instance_nce=0.0000 cluster_nce=0.0000 
batch=0150 loss=1.0998 representation_loss=0.9010 clustering_loss=0.3976 instance_nce=0.0000 cluster_nce=0.0000 
batch=0200 loss=1.0455 representation_loss=0.8774 clustering_loss=0.3362 instance_nce=0.0000 cluster_nce=0.0000 
batch=0250 loss=1.0576 representation_loss=0.8807 clustering_loss=0.3538 instance_nce=0.0000 cluster_nce=0.0000 
batch=0300 loss=1.0648 representation_loss=0.8901 clustering_loss=0.3494 instance_nce=0.0000 cluster_nce=0.0000 
batch=0350 loss=1.2181 representation_loss=1.0338 clustering_loss=0.3685 instance_nce=0.0000 cluster_nce=0.0000 
Train: loss=1.1377 mstm=0.9503 instance_nce=0.0000 cluster_nce=0.0000 dec=0.3747
save checkpoint:  /root/trajectory-clustering/con-dtc/runs/condtc_qd_ema_staged_s3_m07_reverse_stability_w125/20260821_201527_seed777/checkpoints/condtc_best.pt
epoch=2 / num_epochs=6
batch=0050 loss=1.1027 representation_loss=0.9530 clustering_loss=0.2994 instance_nce=0.0000 cluster_nce=0.0000 
batch=0100 loss=1.0955 representation_loss=0.9477 clustering_loss=0.2954 instance_nce=0.0000 cluster_nce=0.0000 
batch=0150 loss=1.1029 representation_loss=0.9744 clustering_loss=0.2570 instance_nce=0.0000 cluster_nce=0.0000 
batch=0200 loss=1.0753 representation_loss=0.9499 clustering_loss=0.2507 instance_nce=0.0000 cluster_nce=0.0000 
batch=0250 loss=1.0711 representation_loss=0.9385 clustering_loss=0.2652 instance_nce=0.0000 cluster_nce=0.0000 
batch=0300 loss=1.0171 representation_loss=0.9069 clustering_loss=0.2203 instance_nce=0.0000 cluster_nce=0.0000 
batch=0350 loss=1.0363 representation_loss=0.9243 clustering_loss=0.2239 instance_nce=0.0000 cluster_nce=0.0000 
Train: loss=1.0692 mstm=0.9393 instance_nce=0.0000 cluster_nce=0.0000 dec=0.2599
save checkpoint:  /root/trajectory-clustering/con-dtc/runs/condtc_qd_ema_staged_s3_m07_reverse_stability_w125/20260821_201527_seed777/checkpoints/condtc_best.pt
epoch=3 / num_epochs=6
batch=0050 loss=1.0417 representation_loss=0.9213 clustering_loss=0.2407 instance_nce=0.0000 cluster_nce=0.0000 
batch=0100 loss=1.1385 representation_loss=1.0083 clustering_loss=0.2604 instance_nce=0.0000 cluster_nce=0.0000 
batch=0150 loss=1.0434 representation_loss=0.9373 clustering_loss=0.2123 instance_nce=0.0000 cluster_nce=0.0000 
batch=0200 loss=0.9587 representation_loss=0.8443 clustering_loss=0.2288 instance_nce=0.0000 cluster_nce=0.0000 
batch=0250 loss=1.1124 representation_loss=1.0122 clustering_loss=0.2004 instance_nce=0.0000 cluster_nce=0.0000 
batch=0300 loss=0.9693 representation_loss=0.8664 clustering_loss=0.2059 instance_nce=0.0000 cluster_nce=0.0000 
batch=0350 loss=1.1070 representation_loss=1.0063 clustering_loss=0.2015 instance_nce=0.0000 cluster_nce=0.0000 
Train: loss=1.0438 mstm=0.9329 instance_nce=0.0000 cluster_nce=0.0000 dec=0.2216
save checkpoint:  /root/trajectory-clustering/con-dtc/runs/condtc_qd_ema_staged_s3_m07_reverse_stability_w125/20260821_201527_seed777/checkpoints/condtc_best.pt
epoch=4 / num_epochs=6
batch=0050 loss=1.0419 representation_loss=0.9428 clustering_loss=0.1981 instance_nce=0.0000 cluster_nce=0.0000 
batch=0100 loss=1.2010 representation_loss=1.0825 clustering_loss=0.2371 instance_nce=0.0000 cluster_nce=0.0000 
batch=0150 loss=1.0987 representation_loss=0.9976 clustering_loss=0.2022 instance_nce=0.0000 cluster_nce=0.0000 
batch=0200 loss=1.1312 representation_loss=1.0301 clustering_loss=0.2023 instance_nce=0.0000 cluster_nce=0.0000 
batch=0250 loss=1.0807 representation_loss=0.9639 clustering_loss=0.2336 instance_nce=0.0000 cluster_nce=0.0000 
batch=0300 loss=0.8543 representation_loss=0.7553 clustering_loss=0.1980 instance_nce=0.0000 cluster_nce=0.0000 
batch=0350 loss=1.1213 representation_loss=1.0177 clustering_loss=0.2073 instance_nce=0.0000 cluster_nce=0.0000 
Train: loss=1.0258 mstm=0.9241 instance_nce=0.0000 cluster_nce=0.0000 dec=0.2034
save checkpoint:  /root/trajectory-clustering/con-dtc/runs/condtc_qd_ema_staged_s3_m07_reverse_stability_w125/20260821_201527_seed777/checkpoints/condtc_best.pt
epoch=5 / num_epochs=6
batch=0050 loss=1.0275 representation_loss=0.9352 clustering_loss=0.1846 instance_nce=0.0000 cluster_nce=0.0000 
batch=0100 loss=0.9945 representation_loss=0.9018 clustering_loss=0.1853 instance_nce=0.0000 cluster_nce=0.0000 
batch=0150 loss=0.9393 representation_loss=0.8432 clustering_loss=0.1922 instance_nce=0.0000 cluster_nce=0.0000 
batch=0200 loss=0.9745 representation_loss=0.8772 clustering_loss=0.1945 instance_nce=0.0000 cluster_nce=0.0000 
batch=0250 loss=1.1061 representation_loss=1.0178 clustering_loss=0.1766 instance_nce=0.0000 cluster_nce=0.0000 
batch=0300 loss=1.0258 representation_loss=0.9406 clustering_loss=0.1705 instance_nce=0.0000 cluster_nce=0.0000 
batch=0350 loss=0.9807 representation_loss=0.8778 clustering_loss=0.2060 instance_nce=0.0000 cluster_nce=0.0000 
Train: loss=1.0067 mstm=0.9109 instance_nce=0.0000 cluster_nce=0.0000 dec=0.1916
save checkpoint:  /root/trajectory-clustering/con-dtc/runs/condtc_qd_ema_staged_s3_m07_reverse_stability_w125/20260821_201527_seed777/checkpoints/condtc_best.pt
epoch=6 / num_epochs=6
batch=0050 loss=0.9762 representation_loss=0.8781 clustering_loss=0.1962 instance_nce=0.0000 cluster_nce=0.0000 
batch=0100 loss=0.9323 representation_loss=0.8413 clustering_loss=0.1819 instance_nce=0.0000 cluster_nce=0.0000 
batch=0150 loss=0.9541 representation_loss=0.8594 clustering_loss=0.1895 instance_nce=0.0000 cluster_nce=0.0000 
batch=0200 loss=0.9606 representation_loss=0.8704 clustering_loss=0.1803 instance_nce=0.0000 cluster_nce=0.0000 
batch=0250 loss=0.9364 representation_loss=0.8456 clustering_loss=0.1817 instance_nce=0.0000 cluster_nce=0.0000 
batch=0300 loss=1.0507 representation_loss=0.9651 clustering_loss=0.1712 instance_nce=0.0000 cluster_nce=0.0000 
batch=0350 loss=1.0125 representation_loss=0.9161 clustering_loss=0.1928 instance_nce=0.0000 cluster_nce=0.0000 
Train: loss=0.9969 mstm=0.9042 instance_nce=0.0000 cluster_nce=0.0000 dec=0.1854
save checkpoint:  /root/trajectory-clustering/con-dtc/runs/condtc_qd_ema_staged_s3_m07_reverse_stability_w125/20260821_201527_seed777/checkpoints/condtc_best.pt
best train_loss:  0.9969235724804526
evaluating: /root/trajectory-clustering/con-dtc/runs/condtc_qd_ema_staged_s3_m07_reverse_stability_w125/20260821_201527_seed777/checkpoints/condtc_best.pt
device: cuda
dataset: qdTimeNoise0424
cluster counts: tensor([ 973,  767, 1890,  962, 1003, 1131, 1000,  939,  944,  737, 1191,   67])
metrics: {'uacc': 0.8322130299896587, 'nmi': 0.8907005312983688, 'ri': 0.9640736151424424, 'ari': 0.781040929636395}
metrics saved: /root/trajectory-clustering/con-dtc/runs/condtc_qd_ema_staged_s3_m07_reverse_stability_w125/20260821_201527_seed777/metrics.json
