experiment initialized
run directory: /root/trajectory-clustering/con-dtc/runs/condtc_porto_finegrained_s3_m07_entropy_p70_a025_reverse_stability_w150/20260823_155525_seed2026
config snapshot: /root/trajectory-clustering/con-dtc/runs/condtc_porto_finegrained_s3_m07_entropy_p70_a025_reverse_stability_w150/20260823_155525_seed2026/config.yaml
device: cuda
dataset: portoTimeNoiseFineGrained
pretrain checkpoint: /root/trajectory-clustering/con-dtc/checkpoints/sttraj2vec_porto_finegrained_pre15.pt
epoch=1 / num_epochs=6
batch=0050 loss=0.9140 representation_loss=0.6448 clustering_loss=0.5386 instance_nce=0.0000 cluster_nce=0.0000 
batch=0100 loss=0.9079 representation_loss=0.6539 clustering_loss=0.5081 instance_nce=0.0000 cluster_nce=0.0000 
batch=0150 loss=0.9780 representation_loss=0.7662 clustering_loss=0.4236 instance_nce=0.0000 cluster_nce=0.0000 
batch=0200 loss=0.9005 representation_loss=0.6594 clustering_loss=0.4821 instance_nce=0.0000 cluster_nce=0.0000 
batch=0250 loss=0.9964 representation_loss=0.8002 clustering_loss=0.3925 instance_nce=0.0000 cluster_nce=0.0000 
batch=0300 loss=0.8881 representation_loss=0.7160 clustering_loss=0.3441 instance_nce=0.0000 cluster_nce=0.0000 
batch=0350 loss=0.9372 representation_loss=0.7183 clustering_loss=0.4379 instance_nce=0.0000 cluster_nce=0.0000 
batch=0400 loss=0.9096 representation_loss=0.6880 clustering_loss=0.4433 instance_nce=0.0000 cluster_nce=0.0000 
batch=0450 loss=0.8694 representation_loss=0.6735 clustering_loss=0.3918 instance_nce=0.0000 cluster_nce=0.0000 
batch=0500 loss=0.7690 representation_loss=0.5877 clustering_loss=0.3626 instance_nce=0.0000 cluster_nce=0.0000 
batch=0550 loss=0.8707 representation_loss=0.7012 clustering_loss=0.3390 instance_nce=0.0000 cluster_nce=0.0000 
batch=0600 loss=0.8967 representation_loss=0.7073 clustering_loss=0.3789 instance_nce=0.0000 cluster_nce=0.0000 
batch=0650 loss=0.8490 representation_loss=0.6514 clustering_loss=0.3951 instance_nce=0.0000 cluster_nce=0.0000 
batch=0700 loss=0.8818 representation_loss=0.6981 clustering_loss=0.3675 instance_nce=0.0000 cluster_nce=0.0000 
batch=0750 loss=0.7756 representation_loss=0.5944 clustering_loss=0.3624 instance_nce=0.0000 cluster_nce=0.0000 
batch=0800 loss=0.7988 representation_loss=0.6300 clustering_loss=0.3376 instance_nce=0.0000 cluster_nce=0.0000 
batch=0850 loss=0.8520 representation_loss=0.6880 clustering_loss=0.3281 instance_nce=0.0000 cluster_nce=0.0000 
Train: loss=0.8833 mstm=0.6763 instance_nce=0.0000 cluster_nce=0.0000 dec=0.4139
save checkpoint:  /root/trajectory-clustering/con-dtc/runs/condtc_porto_finegrained_s3_m07_entropy_p70_a025_reverse_stability_w150/20260823_155525_seed2026/checkpoints/condtc_best.pt
epoch=2 / num_epochs=6
batch=0050 loss=0.8565 representation_loss=0.6836 clustering_loss=0.3459 instance_nce=0.0000 cluster_nce=0.0000 
batch=0100 loss=0.8871 representation_loss=0.6986 clustering_loss=0.3770 instance_nce=0.0000 cluster_nce=0.0000 
batch=0150 loss=0.7922 representation_loss=0.6310 clustering_loss=0.3224 instance_nce=0.0000 cluster_nce=0.0000 
batch=0200 loss=0.7396 representation_loss=0.5838 clustering_loss=0.3115 instance_nce=0.0000 cluster_nce=0.0000 
batch=0250 loss=0.9042 representation_loss=0.7489 clustering_loss=0.3106 instance_nce=0.0000 cluster_nce=0.0000 
batch=0300 loss=0.8987 representation_loss=0.7421 clustering_loss=0.3133 instance_nce=0.0000 cluster_nce=0.0000 
batch=0350 loss=0.8000 representation_loss=0.6384 clustering_loss=0.3232 instance_nce=0.0000 cluster_nce=0.0000 
batch=0400 loss=0.8170 representation_loss=0.6547 clustering_loss=0.3247 instance_nce=0.0000 cluster_nce=0.0000 
batch=0450 loss=0.8858 representation_loss=0.7358 clustering_loss=0.3001 instance_nce=0.0000 cluster_nce=0.0000 
batch=0500 loss=0.8151 representation_loss=0.6668 clustering_loss=0.2965 instance_nce=0.0000 cluster_nce=0.0000 
batch=0550 loss=0.6571 representation_loss=0.5087 clustering_loss=0.2970 instance_nce=0.0000 cluster_nce=0.0000 
batch=0600 loss=0.8005 representation_loss=0.6425 clustering_loss=0.3161 instance_nce=0.0000 cluster_nce=0.0000 
batch=0650 loss=0.7987 representation_loss=0.6536 clustering_loss=0.2904 instance_nce=0.0000 cluster_nce=0.0000 
batch=0700 loss=0.8137 representation_loss=0.6621 clustering_loss=0.3032 instance_nce=0.0000 cluster_nce=0.0000 
batch=0750 loss=0.7849 representation_loss=0.6392 clustering_loss=0.2913 instance_nce=0.0000 cluster_nce=0.0000 
batch=0800 loss=0.7338 representation_loss=0.6006 clustering_loss=0.2665 instance_nce=0.0000 cluster_nce=0.0000 
batch=0850 loss=0.8108 representation_loss=0.6722 clustering_loss=0.2771 instance_nce=0.0000 cluster_nce=0.0000 
Train: loss=0.8214 mstm=0.6633 instance_nce=0.0000 cluster_nce=0.0000 dec=0.3164
save checkpoint:  /root/trajectory-clustering/con-dtc/runs/condtc_porto_finegrained_s3_m07_entropy_p70_a025_reverse_stability_w150/20260823_155525_seed2026/checkpoints/condtc_best.pt
epoch=3 / num_epochs=6
batch=0050 loss=0.7689 representation_loss=0.6190 clustering_loss=0.2997 instance_nce=0.0000 cluster_nce=0.0000 
batch=0100 loss=0.8381 representation_loss=0.6993 clustering_loss=0.2778 instance_nce=0.0000 cluster_nce=0.0000 
batch=0150 loss=0.7912 representation_loss=0.6547 clustering_loss=0.2730 instance_nce=0.0000 cluster_nce=0.0000 
batch=0200 loss=0.8338 representation_loss=0.6859 clustering_loss=0.2957 instance_nce=0.0000 cluster_nce=0.0000 
batch=0250 loss=0.7961 representation_loss=0.6590 clustering_loss=0.2742 instance_nce=0.0000 cluster_nce=0.0000 
batch=0300 loss=0.7924 representation_loss=0.6634 clustering_loss=0.2581 instance_nce=0.0000 cluster_nce=0.0000 
batch=0350 loss=0.7037 representation_loss=0.5687 clustering_loss=0.2699 instance_nce=0.0000 cluster_nce=0.0000 
batch=0400 loss=0.7062 representation_loss=0.5809 clustering_loss=0.2507 instance_nce=0.0000 cluster_nce=0.0000 
batch=0450 loss=0.7430 representation_loss=0.6154 clustering_loss=0.2552 instance_nce=0.0000 cluster_nce=0.0000 
batch=0500 loss=0.8007 representation_loss=0.6721 clustering_loss=0.2573 instance_nce=0.0000 cluster_nce=0.0000 
batch=0550 loss=0.9028 representation_loss=0.7710 clustering_loss=0.2636 instance_nce=0.0000 cluster_nce=0.0000 
batch=0600 loss=0.9536 representation_loss=0.8284 clustering_loss=0.2503 instance_nce=0.0000 cluster_nce=0.0000 
batch=0650 loss=0.7568 representation_loss=0.6344 clustering_loss=0.2448 instance_nce=0.0000 cluster_nce=0.0000 
batch=0700 loss=0.9223 representation_loss=0.7894 clustering_loss=0.2658 instance_nce=0.0000 cluster_nce=0.0000 
batch=0750 loss=0.7585 representation_loss=0.6315 clustering_loss=0.2540 instance_nce=0.0000 cluster_nce=0.0000 
batch=0800 loss=0.7901 representation_loss=0.6621 clustering_loss=0.2560 instance_nce=0.0000 cluster_nce=0.0000 
batch=0850 loss=0.6829 representation_loss=0.5515 clustering_loss=0.2628 instance_nce=0.0000 cluster_nce=0.0000 
Train: loss=0.7859 mstm=0.6541 instance_nce=0.0000 cluster_nce=0.0000 dec=0.2636
save checkpoint:  /root/trajectory-clustering/con-dtc/runs/condtc_porto_finegrained_s3_m07_entropy_p70_a025_reverse_stability_w150/20260823_155525_seed2026/checkpoints/condtc_best.pt
epoch=4 / num_epochs=6
batch=0050 loss=0.7813 representation_loss=0.6511 clustering_loss=0.2604 instance_nce=0.0000 cluster_nce=0.0000 
batch=0100 loss=0.9069 representation_loss=0.7889 clustering_loss=0.2360 instance_nce=0.0000 cluster_nce=0.0000 
batch=0150 loss=0.7741 representation_loss=0.6521 clustering_loss=0.2440 instance_nce=0.0000 cluster_nce=0.0000 
batch=0200 loss=0.7257 representation_loss=0.6071 clustering_loss=0.2373 instance_nce=0.0000 cluster_nce=0.0000 
batch=0250 loss=0.7603 representation_loss=0.6348 clustering_loss=0.2510 instance_nce=0.0000 cluster_nce=0.0000 
batch=0300 loss=0.8351 representation_loss=0.7184 clustering_loss=0.2334 instance_nce=0.0000 cluster_nce=0.0000 
batch=0350 loss=0.6886 representation_loss=0.5781 clustering_loss=0.2211 instance_nce=0.0000 cluster_nce=0.0000 
batch=0400 loss=0.8828 representation_loss=0.7673 clustering_loss=0.2309 instance_nce=0.0000 cluster_nce=0.0000 
batch=0450 loss=0.7091 representation_loss=0.5831 clustering_loss=0.2521 instance_nce=0.0000 cluster_nce=0.0000 
batch=0500 loss=0.7134 representation_loss=0.5955 clustering_loss=0.2356 instance_nce=0.0000 cluster_nce=0.0000 
batch=0550 loss=0.7731 representation_loss=0.6589 clustering_loss=0.2285 instance_nce=0.0000 cluster_nce=0.0000 
batch=0600 loss=0.7142 representation_loss=0.6049 clustering_loss=0.2186 instance_nce=0.0000 cluster_nce=0.0000 
batch=0650 loss=0.8283 representation_loss=0.7113 clustering_loss=0.2340 instance_nce=0.0000 cluster_nce=0.0000 
batch=0700 loss=0.7747 representation_loss=0.6546 clustering_loss=0.2402 instance_nce=0.0000 cluster_nce=0.0000 
batch=0750 loss=0.6630 representation_loss=0.5518 clustering_loss=0.2225 instance_nce=0.0000 cluster_nce=0.0000 
batch=0800 loss=0.7773 representation_loss=0.6569 clustering_loss=0.2408 instance_nce=0.0000 cluster_nce=0.0000 
batch=0850 loss=0.7854 representation_loss=0.6595 clustering_loss=0.2519 instance_nce=0.0000 cluster_nce=0.0000 
Train: loss=0.7624 mstm=0.6435 instance_nce=0.0000 cluster_nce=0.0000 dec=0.2378
save checkpoint:  /root/trajectory-clustering/con-dtc/runs/condtc_porto_finegrained_s3_m07_entropy_p70_a025_reverse_stability_w150/20260823_155525_seed2026/checkpoints/condtc_best.pt
epoch=5 / num_epochs=6
batch=0050 loss=0.6742 representation_loss=0.5589 clustering_loss=0.2306 instance_nce=0.0000 cluster_nce=0.0000 
batch=0100 loss=0.7751 representation_loss=0.6527 clustering_loss=0.2447 instance_nce=0.0000 cluster_nce=0.0000 
batch=0150 loss=0.7261 representation_loss=0.6198 clustering_loss=0.2127 instance_nce=0.0000 cluster_nce=0.0000 
batch=0200 loss=0.6980 representation_loss=0.5854 clustering_loss=0.2252 instance_nce=0.0000 cluster_nce=0.0000 
batch=0250 loss=0.8005 representation_loss=0.6931 clustering_loss=0.2147 instance_nce=0.0000 cluster_nce=0.0000 
batch=0300 loss=0.7271 representation_loss=0.6144 clustering_loss=0.2255 instance_nce=0.0000 cluster_nce=0.0000 
batch=0350 loss=0.6807 representation_loss=0.5790 clustering_loss=0.2035 instance_nce=0.0000 cluster_nce=0.0000 
batch=0400 loss=0.7451 representation_loss=0.6216 clustering_loss=0.2470 instance_nce=0.0000 cluster_nce=0.0000 
batch=0450 loss=0.7087 representation_loss=0.6036 clustering_loss=0.2102 instance_nce=0.0000 cluster_nce=0.0000 
batch=0500 loss=0.7351 representation_loss=0.6273 clustering_loss=0.2156 instance_nce=0.0000 cluster_nce=0.0000 
batch=0550 loss=0.8148 representation_loss=0.7142 clustering_loss=0.2012 instance_nce=0.0000 cluster_nce=0.0000 
batch=0600 loss=0.6945 representation_loss=0.5865 clustering_loss=0.2159 instance_nce=0.0000 cluster_nce=0.0000 
batch=0650 loss=0.6700 representation_loss=0.5651 clustering_loss=0.2098 instance_nce=0.0000 cluster_nce=0.0000 
batch=0700 loss=0.7866 representation_loss=0.6698 clustering_loss=0.2337 instance_nce=0.0000 cluster_nce=0.0000 
batch=0750 loss=0.7798 representation_loss=0.6771 clustering_loss=0.2054 instance_nce=0.0000 cluster_nce=0.0000 
batch=0800 loss=0.7009 representation_loss=0.6113 clustering_loss=0.1793 instance_nce=0.0000 cluster_nce=0.0000 
batch=0850 loss=0.7650 representation_loss=0.6486 clustering_loss=0.2328 instance_nce=0.0000 cluster_nce=0.0000 
Train: loss=0.7395 mstm=0.6288 instance_nce=0.0000 cluster_nce=0.0000 dec=0.2213
save checkpoint:  /root/trajectory-clustering/con-dtc/runs/condtc_porto_finegrained_s3_m07_entropy_p70_a025_reverse_stability_w150/20260823_155525_seed2026/checkpoints/condtc_best.pt
epoch=6 / num_epochs=6
batch=0050 loss=0.6851 representation_loss=0.5868 clustering_loss=0.1966 instance_nce=0.0000 cluster_nce=0.0000 
batch=0100 loss=0.6704 representation_loss=0.5632 clustering_loss=0.2143 instance_nce=0.0000 cluster_nce=0.0000 
batch=0150 loss=0.7095 representation_loss=0.5985 clustering_loss=0.2220 instance_nce=0.0000 cluster_nce=0.0000 
batch=0200 loss=0.6578 representation_loss=0.5537 clustering_loss=0.2082 instance_nce=0.0000 cluster_nce=0.0000 
batch=0250 loss=0.7106 representation_loss=0.6113 clustering_loss=0.1985 instance_nce=0.0000 cluster_nce=0.0000 
batch=0300 loss=0.6868 representation_loss=0.5732 clustering_loss=0.2274 instance_nce=0.0000 cluster_nce=0.0000 
batch=0350 loss=0.7104 representation_loss=0.6086 clustering_loss=0.2034 instance_nce=0.0000 cluster_nce=0.0000 
batch=0400 loss=0.7049 representation_loss=0.6021 clustering_loss=0.2057 instance_nce=0.0000 cluster_nce=0.0000 
batch=0450 loss=0.7596 representation_loss=0.6602 clustering_loss=0.1988 instance_nce=0.0000 cluster_nce=0.0000 
batch=0500 loss=0.7376 representation_loss=0.6289 clustering_loss=0.2173 instance_nce=0.0000 cluster_nce=0.0000 
batch=0550 loss=0.6396 representation_loss=0.5378 clustering_loss=0.2036 instance_nce=0.0000 cluster_nce=0.0000 
batch=0600 loss=0.6436 representation_loss=0.5344 clustering_loss=0.2184 instance_nce=0.0000 cluster_nce=0.0000 
batch=0650 loss=0.6918 representation_loss=0.5820 clustering_loss=0.2197 instance_nce=0.0000 cluster_nce=0.0000 
batch=0700 loss=0.7071 representation_loss=0.5998 clustering_loss=0.2146 instance_nce=0.0000 cluster_nce=0.0000 
batch=0750 loss=0.6315 representation_loss=0.5389 clustering_loss=0.1852 instance_nce=0.0000 cluster_nce=0.0000 
batch=0800 loss=0.7715 representation_loss=0.6711 clustering_loss=0.2008 instance_nce=0.0000 cluster_nce=0.0000 
batch=0850 loss=0.8233 representation_loss=0.7277 clustering_loss=0.1912 instance_nce=0.0000 cluster_nce=0.0000 
Train: loss=0.7226 mstm=0.6185 instance_nce=0.0000 cluster_nce=0.0000 dec=0.2082
save checkpoint:  /root/trajectory-clustering/con-dtc/runs/condtc_porto_finegrained_s3_m07_entropy_p70_a025_reverse_stability_w150/20260823_155525_seed2026/checkpoints/condtc_best.pt
best train_loss:  0.7226059556662261
evaluating: /root/trajectory-clustering/con-dtc/runs/condtc_porto_finegrained_s3_m07_entropy_p70_a025_reverse_stability_w150/20260823_155525_seed2026/checkpoints/condtc_best.pt
device: cuda
dataset: portoTimeNoiseFineGrained
cluster counts: tensor([1046, 1000,  381, 1146,  555,  797,  511, 1139,  914,  964,  921, 1194,
        1088, 1326, 1037, 1017, 1074, 1630, 1097, 1038, 1006,  902,  838,  893,
         810, 1460, 1521])
metrics: {'uacc': 0.878740157480315, 'nmi': 0.9194658284145144, 'ri': 0.9856625461218679, 'ari': 0.8060781680945568}
metrics saved: /root/trajectory-clustering/con-dtc/runs/condtc_porto_finegrained_s3_m07_entropy_p70_a025_reverse_stability_w150/20260823_155525_seed2026/metrics.json
