experiment initialized
run directory: /root/trajectory-clustering/con-dtc/runs/condtc_qd_ema_staged_s4_m08/20260816_221430_seed2026
config snapshot: /root/trajectory-clustering/con-dtc/runs/condtc_qd_ema_staged_s4_m08/20260816_221430_seed2026/config.yaml
device: cuda
pretrain checkpoint: /root/trajectory-clustering/con-dtc/checkpoints/sttraj2vec_pretrain_paper_15ep.pt
epoch=1 / num_epochs=6
batch=0050 loss=1.1425 representation_loss=0.9502 clustering_loss=0.3846 instance_nce=3.4862 cluster_nce=2.3926 
batch=0100 loss=1.2458 representation_loss=1.0504 clustering_loss=0.3907 instance_nce=3.4718 cluster_nce=2.4177 
batch=0150 loss=1.0822 representation_loss=0.8810 clustering_loss=0.4024 instance_nce=3.4622 cluster_nce=2.4080 
batch=0200 loss=1.1439 representation_loss=0.9759 clustering_loss=0.3359 instance_nce=3.4991 cluster_nce=2.3710 
batch=0250 loss=1.1726 representation_loss=1.0075 clustering_loss=0.3303 instance_nce=3.4743 cluster_nce=2.3967 
batch=0300 loss=1.0769 representation_loss=0.9114 clustering_loss=0.3309 instance_nce=3.4768 cluster_nce=2.3934 
batch=0350 loss=1.0888 representation_loss=0.8819 clustering_loss=0.4136 instance_nce=3.4754 cluster_nce=2.4027 
Train: loss=1.1455 mstm=0.9570 instance_nce=3.4843 cluster_nce=2.4063 dec=0.3770
save checkpoint:  /root/trajectory-clustering/con-dtc/runs/condtc_qd_ema_staged_s4_m08/20260816_221430_seed2026/checkpoints/condtc_best.pt
epoch=2 / num_epochs=6
batch=0050 loss=0.9607 representation_loss=0.8276 clustering_loss=0.2662 instance_nce=3.4693 cluster_nce=2.3801 
batch=0100 loss=0.9629 representation_loss=0.8236 clustering_loss=0.2787 instance_nce=3.4543 cluster_nce=2.3978 
batch=0150 loss=0.9452 representation_loss=0.8044 clustering_loss=0.2816 instance_nce=3.4644 cluster_nce=2.4020 
batch=0200 loss=0.9457 representation_loss=0.8103 clustering_loss=0.2707 instance_nce=3.4766 cluster_nce=2.4119 
batch=0250 loss=1.1337 representation_loss=1.0107 clustering_loss=0.2461 instance_nce=3.4584 cluster_nce=2.4101 
batch=0300 loss=1.0750 representation_loss=0.9560 clustering_loss=0.2381 instance_nce=3.4974 cluster_nce=2.3848 
batch=0350 loss=1.1823 representation_loss=1.0538 clustering_loss=0.2569 instance_nce=3.4568 cluster_nce=2.3653 
Train: loss=1.0699 mstm=0.9367 instance_nce=3.4647 cluster_nce=2.3825 dec=0.2662
save checkpoint:  /root/trajectory-clustering/con-dtc/runs/condtc_qd_ema_staged_s4_m08/20260816_221430_seed2026/checkpoints/condtc_best.pt
epoch=3 / num_epochs=6
batch=0050 loss=1.0552 representation_loss=0.9104 clustering_loss=0.2896 instance_nce=3.4692 cluster_nce=2.3823 
batch=0100 loss=1.0894 representation_loss=0.9616 clustering_loss=0.2554 instance_nce=3.4453 cluster_nce=2.3684 
batch=0150 loss=1.1240 representation_loss=1.0032 clustering_loss=0.2417 instance_nce=3.4524 cluster_nce=2.3738 
batch=0200 loss=0.9556 representation_loss=0.8383 clustering_loss=0.2347 instance_nce=3.4895 cluster_nce=2.3741 
batch=0250 loss=1.0355 representation_loss=0.9109 clustering_loss=0.2491 instance_nce=3.4349 cluster_nce=2.3713 
batch=0300 loss=1.0772 representation_loss=0.9525 clustering_loss=0.2494 instance_nce=3.4692 cluster_nce=2.3975 
batch=0350 loss=1.0807 representation_loss=0.9695 clustering_loss=0.2225 instance_nce=3.4279 cluster_nce=2.3468 
Train: loss=1.0583 mstm=0.9330 instance_nce=3.4534 cluster_nce=2.3713 dec=0.2505
save checkpoint:  /root/trajectory-clustering/con-dtc/runs/condtc_qd_ema_staged_s4_m08/20260816_221430_seed2026/checkpoints/condtc_best.pt
epoch=4 / num_epochs=6
batch=0050 loss=0.9832 representation_loss=0.8656 clustering_loss=0.2352 instance_nce=3.4628 cluster_nce=2.3432 
batch=0100 loss=0.8894 representation_loss=0.7786 clustering_loss=0.2216 instance_nce=3.4441 cluster_nce=2.3861 
batch=0150 loss=0.9931 representation_loss=0.8846 clustering_loss=0.2171 instance_nce=3.4572 cluster_nce=2.3664 
batch=0200 loss=0.9803 representation_loss=0.8747 clustering_loss=0.2112 instance_nce=3.4275 cluster_nce=2.3398 
batch=0250 loss=0.9864 representation_loss=0.8846 clustering_loss=0.2037 instance_nce=3.4440 cluster_nce=2.3738 
batch=0300 loss=1.0406 representation_loss=0.9320 clustering_loss=0.2173 instance_nce=3.4686 cluster_nce=2.3929 
batch=0350 loss=0.9950 representation_loss=0.8936 clustering_loss=0.2029 instance_nce=3.4455 cluster_nce=2.3667 
Train: loss=1.0313 mstm=0.9208 instance_nce=3.4446 cluster_nce=2.3659 dec=0.2209
save checkpoint:  /root/trajectory-clustering/con-dtc/runs/condtc_qd_ema_staged_s4_m08/20260816_221430_seed2026/checkpoints/condtc_best.pt
epoch=5 / num_epochs=6
batch=0050 loss=1.1325 representation_loss=1.0210 clustering_loss=0.2231 instance_nce=3.4282 cluster_nce=2.3458 
batch=0100 loss=1.1181 representation_loss=1.0065 clustering_loss=0.2232 instance_nce=3.4768 cluster_nce=2.4097 
batch=0150 loss=0.9331 representation_loss=0.8250 clustering_loss=0.2162 instance_nce=3.4534 cluster_nce=2.3915 
batch=0200 loss=0.9551 representation_loss=0.8596 clustering_loss=0.1909 instance_nce=3.3998 cluster_nce=2.3563 
batch=0250 loss=0.9539 representation_loss=0.8622 clustering_loss=0.1834 instance_nce=3.4186 cluster_nce=2.3452 
batch=0300 loss=1.0876 representation_loss=0.9839 clustering_loss=0.2074 instance_nce=3.4369 cluster_nce=2.3760 
batch=0350 loss=1.0541 representation_loss=0.9463 clustering_loss=0.2156 instance_nce=3.4162 cluster_nce=2.3448 
Train: loss=1.0210 mstm=0.9190 instance_nce=3.4339 cluster_nce=2.3622 dec=0.2039
save checkpoint:  /root/trajectory-clustering/con-dtc/runs/condtc_qd_ema_staged_s4_m08/20260816_221430_seed2026/checkpoints/condtc_best.pt
epoch=6 / num_epochs=6
batch=0050 loss=1.1150 representation_loss=1.0221 clustering_loss=0.1857 instance_nce=3.4184 cluster_nce=2.3649 
batch=0100 loss=1.0447 representation_loss=0.9570 clustering_loss=0.1755 instance_nce=3.4091 cluster_nce=2.3498 
batch=0150 loss=1.0672 representation_loss=0.9663 clustering_loss=0.2019 instance_nce=3.4042 cluster_nce=2.3635 
batch=0200 loss=1.0130 representation_loss=0.9218 clustering_loss=0.1825 instance_nce=3.4248 cluster_nce=2.3636 
batch=0250 loss=1.0526 representation_loss=0.9389 clustering_loss=0.2275 instance_nce=3.4271 cluster_nce=2.3670 
batch=0300 loss=0.9491 representation_loss=0.8581 clustering_loss=0.1820 instance_nce=3.4037 cluster_nce=2.3610 
batch=0350 loss=0.9601 representation_loss=0.8749 clustering_loss=0.1704 instance_nce=3.4203 cluster_nce=2.3321 
Train: loss=0.9931 mstm=0.8970 instance_nce=3.4274 cluster_nce=2.3593 dec=0.1921
save checkpoint:  /root/trajectory-clustering/con-dtc/runs/condtc_qd_ema_staged_s4_m08/20260816_221430_seed2026/checkpoints/condtc_best.pt
best train_loss:  0.993089451291815
evaluating: /root/trajectory-clustering/con-dtc/runs/condtc_qd_ema_staged_s4_m08/20260816_221430_seed2026/checkpoints/condtc_best.pt
device: cuda
cluster counts: tensor([ 958, 1003, 1659,    0, 1000, 1112,  971,  271, 1957,  944,  786,  943])
metrics: {'uacc': 0.8114443295415374, 'nmi': 0.8994829507889788, 'ri': 0.9628676099558581, 'ari': 0.7827083530281131}
metrics saved: /root/trajectory-clustering/con-dtc/runs/condtc_qd_ema_staged_s4_m08/20260816_221430_seed2026/metrics.json
