experiment initialized
run directory: /root/trajectory-clustering/con-dtc/runs/condtc_qd_ema_staged_s3_m07_reverse_stability_w150/20260823_142621_seed777
config snapshot: /root/trajectory-clustering/con-dtc/runs/condtc_qd_ema_staged_s3_m07_reverse_stability_w150/20260823_142621_seed777/config.yaml
device: cuda
dataset: qdTimeNoise0424
pretrain checkpoint: /root/trajectory-clustering/con-dtc/checkpoints/sttraj2vec_pretrain_paper_15ep.pt
epoch=1 / num_epochs=6
batch=0050 loss=1.1041 representation_loss=0.8910 clustering_loss=0.4262 instance_nce=0.0000 cluster_nce=0.0000 
batch=0100 loss=1.1255 representation_loss=0.9189 clustering_loss=0.4131 instance_nce=0.0000 cluster_nce=0.0000 
batch=0150 loss=1.0998 representation_loss=0.9010 clustering_loss=0.3976 instance_nce=0.0000 cluster_nce=0.0000 
batch=0200 loss=1.0455 representation_loss=0.8774 clustering_loss=0.3362 instance_nce=0.0000 cluster_nce=0.0000 
batch=0250 loss=1.0576 representation_loss=0.8807 clustering_loss=0.3538 instance_nce=0.0000 cluster_nce=0.0000 
batch=0300 loss=1.0648 representation_loss=0.8901 clustering_loss=0.3494 instance_nce=0.0000 cluster_nce=0.0000 
batch=0350 loss=1.2181 representation_loss=1.0338 clustering_loss=0.3685 instance_nce=0.0000 cluster_nce=0.0000 
Train: loss=1.1377 mstm=0.9503 instance_nce=0.0000 cluster_nce=0.0000 dec=0.3747
save checkpoint:  /root/trajectory-clustering/con-dtc/runs/condtc_qd_ema_staged_s3_m07_reverse_stability_w150/20260823_142621_seed777/checkpoints/condtc_best.pt
epoch=2 / num_epochs=6
batch=0050 loss=1.1027 representation_loss=0.9530 clustering_loss=0.2994 instance_nce=0.0000 cluster_nce=0.0000 
batch=0100 loss=1.0955 representation_loss=0.9477 clustering_loss=0.2954 instance_nce=0.0000 cluster_nce=0.0000 
batch=0150 loss=1.1029 representation_loss=0.9744 clustering_loss=0.2570 instance_nce=0.0000 cluster_nce=0.0000 
batch=0200 loss=1.0753 representation_loss=0.9499 clustering_loss=0.2507 instance_nce=0.0000 cluster_nce=0.0000 
batch=0250 loss=1.0711 representation_loss=0.9385 clustering_loss=0.2652 instance_nce=0.0000 cluster_nce=0.0000 
batch=0300 loss=1.0171 representation_loss=0.9069 clustering_loss=0.2203 instance_nce=0.0000 cluster_nce=0.0000 
batch=0350 loss=1.0363 representation_loss=0.9243 clustering_loss=0.2239 instance_nce=0.0000 cluster_nce=0.0000 
Train: loss=1.0692 mstm=0.9393 instance_nce=0.0000 cluster_nce=0.0000 dec=0.2599
save checkpoint:  /root/trajectory-clustering/con-dtc/runs/condtc_qd_ema_staged_s3_m07_reverse_stability_w150/20260823_142621_seed777/checkpoints/condtc_best.pt
epoch=3 / num_epochs=6
batch=0050 loss=1.0414 representation_loss=0.9214 clustering_loss=0.2400 instance_nce=0.0000 cluster_nce=0.0000 
batch=0100 loss=1.1383 representation_loss=1.0081 clustering_loss=0.2602 instance_nce=0.0000 cluster_nce=0.0000 
batch=0150 loss=1.0429 representation_loss=0.9373 clustering_loss=0.2113 instance_nce=0.0000 cluster_nce=0.0000 
batch=0200 loss=0.9585 representation_loss=0.8442 clustering_loss=0.2286 instance_nce=0.0000 cluster_nce=0.0000 
batch=0250 loss=1.1121 representation_loss=1.0123 clustering_loss=0.1995 instance_nce=0.0000 cluster_nce=0.0000 
batch=0300 loss=0.9690 representation_loss=0.8664 clustering_loss=0.2052 instance_nce=0.0000 cluster_nce=0.0000 
batch=0350 loss=1.1063 representation_loss=1.0061 clustering_loss=0.2003 instance_nce=0.0000 cluster_nce=0.0000 
Train: loss=1.0432 mstm=0.9329 instance_nce=0.0000 cluster_nce=0.0000 dec=0.2206
save checkpoint:  /root/trajectory-clustering/con-dtc/runs/condtc_qd_ema_staged_s3_m07_reverse_stability_w150/20260823_142621_seed777/checkpoints/condtc_best.pt
epoch=4 / num_epochs=6
batch=0050 loss=1.0417 representation_loss=0.9428 clustering_loss=0.1978 instance_nce=0.0000 cluster_nce=0.0000 
batch=0100 loss=1.2008 representation_loss=1.0825 clustering_loss=0.2366 instance_nce=0.0000 cluster_nce=0.0000 
batch=0150 loss=1.0978 representation_loss=0.9976 clustering_loss=0.2004 instance_nce=0.0000 cluster_nce=0.0000 
batch=0200 loss=1.1300 representation_loss=1.0302 clustering_loss=0.1995 instance_nce=0.0000 cluster_nce=0.0000 
batch=0250 loss=1.0804 representation_loss=0.9639 clustering_loss=0.2331 instance_nce=0.0000 cluster_nce=0.0000 
batch=0300 loss=0.8529 representation_loss=0.7552 clustering_loss=0.1954 instance_nce=0.0000 cluster_nce=0.0000 
batch=0350 loss=1.1213 representation_loss=1.0176 clustering_loss=0.2074 instance_nce=0.0000 cluster_nce=0.0000 
Train: loss=1.0253 mstm=0.9241 instance_nce=0.0000 cluster_nce=0.0000 dec=0.2024
save checkpoint:  /root/trajectory-clustering/con-dtc/runs/condtc_qd_ema_staged_s3_m07_reverse_stability_w150/20260823_142621_seed777/checkpoints/condtc_best.pt
epoch=5 / num_epochs=6
batch=0050 loss=1.0273 representation_loss=0.9352 clustering_loss=0.1842 instance_nce=0.0000 cluster_nce=0.0000 
batch=0100 loss=0.9942 representation_loss=0.9019 clustering_loss=0.1847 instance_nce=0.0000 cluster_nce=0.0000 
batch=0150 loss=0.9387 representation_loss=0.8431 clustering_loss=0.1912 instance_nce=0.0000 cluster_nce=0.0000 
batch=0200 loss=0.9737 representation_loss=0.8770 clustering_loss=0.1933 instance_nce=0.0000 cluster_nce=0.0000 
batch=0250 loss=1.1048 representation_loss=1.0178 clustering_loss=0.1740 instance_nce=0.0000 cluster_nce=0.0000 
batch=0300 loss=1.0252 representation_loss=0.9405 clustering_loss=0.1694 instance_nce=0.0000 cluster_nce=0.0000 
batch=0350 loss=0.9799 representation_loss=0.8777 clustering_loss=0.2043 instance_nce=0.0000 cluster_nce=0.0000 
Train: loss=1.0060 mstm=0.9108 instance_nce=0.0000 cluster_nce=0.0000 dec=0.1905
save checkpoint:  /root/trajectory-clustering/con-dtc/runs/condtc_qd_ema_staged_s3_m07_reverse_stability_w150/20260823_142621_seed777/checkpoints/condtc_best.pt
epoch=6 / num_epochs=6
batch=0050 loss=0.9766 representation_loss=0.8782 clustering_loss=0.1968 instance_nce=0.0000 cluster_nce=0.0000 
batch=0100 loss=0.9318 representation_loss=0.8412 clustering_loss=0.1812 instance_nce=0.0000 cluster_nce=0.0000 
batch=0150 loss=0.9529 representation_loss=0.8592 clustering_loss=0.1874 instance_nce=0.0000 cluster_nce=0.0000 
batch=0200 loss=0.9597 representation_loss=0.8702 clustering_loss=0.1790 instance_nce=0.0000 cluster_nce=0.0000 
batch=0250 loss=0.9358 representation_loss=0.8457 clustering_loss=0.1802 instance_nce=0.0000 cluster_nce=0.0000 
batch=0300 loss=1.0501 representation_loss=0.9652 clustering_loss=0.1699 instance_nce=0.0000 cluster_nce=0.0000 
batch=0350 loss=1.0117 representation_loss=0.9160 clustering_loss=0.1915 instance_nce=0.0000 cluster_nce=0.0000 
Train: loss=0.9962 mstm=0.9041 instance_nce=0.0000 cluster_nce=0.0000 dec=0.1841
save checkpoint:  /root/trajectory-clustering/con-dtc/runs/condtc_qd_ema_staged_s3_m07_reverse_stability_w150/20260823_142621_seed777/checkpoints/condtc_best.pt
best train_loss:  0.9961771249606748
evaluating: /root/trajectory-clustering/con-dtc/runs/condtc_qd_ema_staged_s3_m07_reverse_stability_w150/20260823_142621_seed777/checkpoints/condtc_best.pt
device: cuda
dataset: qdTimeNoise0424
cluster counts: tensor([ 973,  775, 1884,  960, 1003, 1123, 1000,  941,  944,  769, 1159,   73])
metrics: {'uacc': 0.8358324715615305, 'nmi': 0.8911104671970332, 'ri': 0.9644863268164876, 'ari': 0.7831096310105949}
metrics saved: /root/trajectory-clustering/con-dtc/runs/condtc_qd_ema_staged_s3_m07_reverse_stability_w150/20260823_142621_seed777/metrics.json
