experiment initialized
run directory: /root/trajectory-clustering/con-dtc/runs/condtc_qd_ema_pre30_m08/20260816_184442_seed19721013
config snapshot: /root/trajectory-clustering/con-dtc/runs/condtc_qd_ema_pre30_m08/20260816_184442_seed19721013/config.yaml
device: cuda
pretrain checkpoint: /root/trajectory-clustering/con-dtc/checkpoints/sttraj2vec_pretrain_paper_30ep.pt
epoch=1 / num_epochs=6
batch=0050 loss=0.8167 representation_loss=0.6812 clustering_loss=0.2711 instance_nce=3.5694 cluster_nce=2.3124 
batch=0100 loss=0.8234 representation_loss=0.7036 clustering_loss=0.2396 instance_nce=3.5271 cluster_nce=2.3071 
batch=0150 loss=0.7708 representation_loss=0.6504 clustering_loss=0.2408 instance_nce=3.5907 cluster_nce=2.3139 
batch=0200 loss=0.7174 representation_loss=0.6170 clustering_loss=0.2007 instance_nce=3.5718 cluster_nce=2.3049 
batch=0250 loss=0.9065 representation_loss=0.8090 clustering_loss=0.1949 instance_nce=3.5292 cluster_nce=2.2942 
batch=0300 loss=0.8626 representation_loss=0.7685 clustering_loss=0.1882 instance_nce=3.5421 cluster_nce=2.2846 
batch=0350 loss=0.7103 representation_loss=0.6223 clustering_loss=0.1759 instance_nce=3.5157 cluster_nce=2.2927 
Train: loss=0.8100 mstm=0.6945 instance_nce=3.5360 cluster_nce=2.3054 dec=0.2310
save checkpoint:  /root/trajectory-clustering/con-dtc/runs/condtc_qd_ema_pre30_m08/20260816_184442_seed19721013/checkpoints/condtc_best.pt
epoch=2 / num_epochs=6
batch=0050 loss=0.6980 representation_loss=0.5879 clustering_loss=0.2201 instance_nce=3.5028 cluster_nce=2.2876 
batch=0100 loss=0.7881 representation_loss=0.6877 clustering_loss=0.2009 instance_nce=3.5258 cluster_nce=2.2792 
batch=0150 loss=0.7676 representation_loss=0.6918 clustering_loss=0.1516 instance_nce=3.5371 cluster_nce=2.2768 
batch=0200 loss=0.8482 representation_loss=0.7712 clustering_loss=0.1541 instance_nce=3.5290 cluster_nce=2.2866 
batch=0250 loss=0.6934 representation_loss=0.6234 clustering_loss=0.1400 instance_nce=3.5318 cluster_nce=2.2800 
batch=0300 loss=0.7145 representation_loss=0.6483 clustering_loss=0.1325 instance_nce=3.5393 cluster_nce=2.2783 
batch=0350 loss=0.7995 representation_loss=0.7242 clustering_loss=0.1505 instance_nce=3.5330 cluster_nce=2.2757 
Train: loss=0.7676 mstm=0.6828 instance_nce=3.5197 cluster_nce=2.2831 dec=0.1698
save checkpoint:  /root/trajectory-clustering/con-dtc/runs/condtc_qd_ema_pre30_m08/20260816_184442_seed19721013/checkpoints/condtc_best.pt
epoch=3 / num_epochs=6
batch=0050 loss=0.8275 representation_loss=0.7319 clustering_loss=0.1912 instance_nce=3.4795 cluster_nce=2.2682 
batch=0100 loss=0.7424 representation_loss=0.6582 clustering_loss=0.1683 instance_nce=3.5183 cluster_nce=2.2727 
batch=0150 loss=0.8247 representation_loss=0.7403 clustering_loss=0.1688 instance_nce=3.4941 cluster_nce=2.2714 
batch=0200 loss=0.7498 representation_loss=0.6757 clustering_loss=0.1483 instance_nce=3.4808 cluster_nce=2.2751 
batch=0250 loss=0.7901 representation_loss=0.7095 clustering_loss=0.1612 instance_nce=3.4816 cluster_nce=2.2691 
batch=0300 loss=0.7554 representation_loss=0.6755 clustering_loss=0.1599 instance_nce=3.4819 cluster_nce=2.2727 
batch=0350 loss=0.7831 representation_loss=0.7001 clustering_loss=0.1660 instance_nce=3.4851 cluster_nce=2.2709 
Train: loss=0.7672 mstm=0.6835 instance_nce=3.5057 cluster_nce=2.2760 dec=0.1673
save checkpoint:  /root/trajectory-clustering/con-dtc/runs/condtc_qd_ema_pre30_m08/20260816_184442_seed19721013/checkpoints/condtc_best.pt
epoch=4 / num_epochs=6
batch=0050 loss=0.6810 representation_loss=0.6003 clustering_loss=0.1613 instance_nce=3.4823 cluster_nce=2.2769 
batch=0100 loss=0.6719 representation_loss=0.5726 clustering_loss=0.1987 instance_nce=3.5166 cluster_nce=2.2856 
batch=0150 loss=0.7534 representation_loss=0.6640 clustering_loss=0.1787 instance_nce=3.4893 cluster_nce=2.2645 
batch=0200 loss=0.7533 representation_loss=0.6682 clustering_loss=0.1702 instance_nce=3.4673 cluster_nce=2.2652 
batch=0250 loss=0.7565 representation_loss=0.6751 clustering_loss=0.1628 instance_nce=3.5030 cluster_nce=2.2718 
batch=0300 loss=0.7296 representation_loss=0.6477 clustering_loss=0.1639 instance_nce=3.4723 cluster_nce=2.2659 
batch=0350 loss=0.6859 representation_loss=0.6015 clustering_loss=0.1687 instance_nce=3.4909 cluster_nce=2.2788 
Train: loss=0.7634 mstm=0.6765 instance_nce=3.4935 cluster_nce=2.2711 dec=0.1737
save checkpoint:  /root/trajectory-clustering/con-dtc/runs/condtc_qd_ema_pre30_m08/20260816_184442_seed19721013/checkpoints/condtc_best.pt
epoch=5 / num_epochs=6
batch=0050 loss=0.7110 representation_loss=0.6260 clustering_loss=0.1700 instance_nce=3.4566 cluster_nce=2.2639 
batch=0100 loss=0.7093 representation_loss=0.6169 clustering_loss=0.1849 instance_nce=3.4968 cluster_nce=2.2651 
batch=0150 loss=0.7760 representation_loss=0.6833 clustering_loss=0.1854 instance_nce=3.4932 cluster_nce=2.2740 
batch=0200 loss=0.7142 representation_loss=0.6270 clustering_loss=0.1745 instance_nce=3.4721 cluster_nce=2.2592 
batch=0250 loss=0.7206 representation_loss=0.6365 clustering_loss=0.1682 instance_nce=3.5367 cluster_nce=2.2735 
batch=0300 loss=0.7485 representation_loss=0.6569 clustering_loss=0.1833 instance_nce=3.4483 cluster_nce=2.2599 
batch=0350 loss=0.6994 representation_loss=0.6098 clustering_loss=0.1792 instance_nce=3.4462 cluster_nce=2.2586 
Train: loss=0.7658 mstm=0.6751 instance_nce=3.4814 cluster_nce=2.2667 dec=0.1815
epoch=6 / num_epochs=6
batch=0050 loss=0.7267 representation_loss=0.6361 clustering_loss=0.1812 instance_nce=3.4530 cluster_nce=2.2640 
batch=0100 loss=0.9090 representation_loss=0.8136 clustering_loss=0.1908 instance_nce=3.4318 cluster_nce=2.2604 
batch=0150 loss=0.6785 representation_loss=0.5856 clustering_loss=0.1858 instance_nce=3.4673 cluster_nce=2.2566 
batch=0200 loss=0.6982 representation_loss=0.6119 clustering_loss=0.1726 instance_nce=3.4638 cluster_nce=2.2535 
batch=0250 loss=0.8170 representation_loss=0.7207 clustering_loss=0.1927 instance_nce=3.4983 cluster_nce=2.2692 
batch=0300 loss=0.7835 representation_loss=0.6983 clustering_loss=0.1704 instance_nce=3.4505 cluster_nce=2.2582 
batch=0350 loss=0.8698 representation_loss=0.7770 clustering_loss=0.1857 instance_nce=3.4677 cluster_nce=2.2818 
Train: loss=0.7670 mstm=0.6735 instance_nce=3.4690 cluster_nce=2.2644 dec=0.1870
best train_loss:  0.7633610665489994
evaluating: /root/trajectory-clustering/con-dtc/runs/condtc_qd_ema_pre30_m08/20260816_184442_seed19721013/checkpoints/condtc_best.pt
device: cuda
cluster counts: tensor([1003,  991, 1039,  990,  787,  966, 1000,  859,  944,  943,  968, 1114])
metrics: {'uacc': 0.9688038607376767, 'nmi': 0.9616623258814154, 'ri': 0.9904133215913119, 'ari': 0.9374171582301767}
metrics saved: /root/trajectory-clustering/con-dtc/runs/condtc_qd_ema_pre30_m08/20260816_184442_seed19721013/metrics.json
