experiment initialized
run directory: /root/trajectory-clustering/con-dtc/runs/condtc_qd_ema_staged_s3_m08/20260816_220429_seed2026
config snapshot: /root/trajectory-clustering/con-dtc/runs/condtc_qd_ema_staged_s3_m08/20260816_220429_seed2026/config.yaml
device: cuda
pretrain checkpoint: /root/trajectory-clustering/con-dtc/checkpoints/sttraj2vec_pretrain_paper_15ep.pt
epoch=1 / num_epochs=6
batch=0050 loss=1.1425 representation_loss=0.9502 clustering_loss=0.3846 instance_nce=3.4862 cluster_nce=2.3926 
batch=0100 loss=1.2458 representation_loss=1.0504 clustering_loss=0.3907 instance_nce=3.4718 cluster_nce=2.4177 
batch=0150 loss=1.0822 representation_loss=0.8810 clustering_loss=0.4024 instance_nce=3.4622 cluster_nce=2.4080 
batch=0200 loss=1.1439 representation_loss=0.9759 clustering_loss=0.3359 instance_nce=3.4991 cluster_nce=2.3710 
batch=0250 loss=1.1726 representation_loss=1.0075 clustering_loss=0.3303 instance_nce=3.4743 cluster_nce=2.3967 
batch=0300 loss=1.0769 representation_loss=0.9114 clustering_loss=0.3309 instance_nce=3.4768 cluster_nce=2.3934 
batch=0350 loss=1.0888 representation_loss=0.8819 clustering_loss=0.4136 instance_nce=3.4754 cluster_nce=2.4027 
Train: loss=1.1455 mstm=0.9570 instance_nce=3.4843 cluster_nce=2.4063 dec=0.3770
save checkpoint:  /root/trajectory-clustering/con-dtc/runs/condtc_qd_ema_staged_s3_m08/20260816_220429_seed2026/checkpoints/condtc_best.pt
epoch=2 / num_epochs=6
batch=0050 loss=0.9607 representation_loss=0.8276 clustering_loss=0.2662 instance_nce=3.4693 cluster_nce=2.3801 
batch=0100 loss=0.9629 representation_loss=0.8236 clustering_loss=0.2787 instance_nce=3.4543 cluster_nce=2.3978 
batch=0150 loss=0.9452 representation_loss=0.8044 clustering_loss=0.2816 instance_nce=3.4644 cluster_nce=2.4020 
batch=0200 loss=0.9457 representation_loss=0.8103 clustering_loss=0.2707 instance_nce=3.4766 cluster_nce=2.4119 
batch=0250 loss=1.1337 representation_loss=1.0107 clustering_loss=0.2461 instance_nce=3.4584 cluster_nce=2.4101 
batch=0300 loss=1.0750 representation_loss=0.9560 clustering_loss=0.2381 instance_nce=3.4974 cluster_nce=2.3848 
batch=0350 loss=1.1823 representation_loss=1.0538 clustering_loss=0.2569 instance_nce=3.4568 cluster_nce=2.3653 
Train: loss=1.0699 mstm=0.9367 instance_nce=3.4647 cluster_nce=2.3825 dec=0.2662
save checkpoint:  /root/trajectory-clustering/con-dtc/runs/condtc_qd_ema_staged_s3_m08/20260816_220429_seed2026/checkpoints/condtc_best.pt
epoch=3 / num_epochs=6
batch=0050 loss=1.0352 representation_loss=0.9102 clustering_loss=0.2499 instance_nce=3.4697 cluster_nce=2.3861 
batch=0100 loss=1.0817 representation_loss=0.9614 clustering_loss=0.2405 instance_nce=3.4464 cluster_nce=2.3711 
batch=0150 loss=1.1206 representation_loss=1.0035 clustering_loss=0.2342 instance_nce=3.4534 cluster_nce=2.3761 
batch=0200 loss=0.9459 representation_loss=0.8382 clustering_loss=0.2155 instance_nce=3.4891 cluster_nce=2.3763 
batch=0250 loss=1.0275 representation_loss=0.9104 clustering_loss=0.2342 instance_nce=3.4354 cluster_nce=2.3744 
batch=0300 loss=1.0653 representation_loss=0.9518 clustering_loss=0.2268 instance_nce=3.4695 cluster_nce=2.4017 
batch=0350 loss=1.0684 representation_loss=0.9696 clustering_loss=0.1976 instance_nce=3.4306 cluster_nce=2.3495 
Train: loss=1.0458 mstm=0.9328 instance_nce=3.4541 cluster_nce=2.3745 dec=0.2259
save checkpoint:  /root/trajectory-clustering/con-dtc/runs/condtc_qd_ema_staged_s3_m08/20260816_220429_seed2026/checkpoints/condtc_best.pt
epoch=4 / num_epochs=6
batch=0050 loss=0.9760 representation_loss=0.8648 clustering_loss=0.2224 instance_nce=3.4636 cluster_nce=2.3446 
batch=0100 loss=0.8808 representation_loss=0.7771 clustering_loss=0.2075 instance_nce=3.4447 cluster_nce=2.3896 
batch=0150 loss=0.9862 representation_loss=0.8851 clustering_loss=0.2023 instance_nce=3.4593 cluster_nce=2.3725 
batch=0200 loss=0.9751 representation_loss=0.8739 clustering_loss=0.2023 instance_nce=3.4293 cluster_nce=2.3425 
batch=0250 loss=0.9779 representation_loss=0.8841 clustering_loss=0.1876 instance_nce=3.4460 cluster_nce=2.3786 
batch=0300 loss=1.0318 representation_loss=0.9324 clustering_loss=0.1987 instance_nce=3.4702 cluster_nce=2.3966 
batch=0350 loss=0.9860 representation_loss=0.8928 clustering_loss=0.1864 instance_nce=3.4462 cluster_nce=2.3687 
Train: loss=1.0229 mstm=0.9206 instance_nce=3.4462 cluster_nce=2.3691 dec=0.2046
save checkpoint:  /root/trajectory-clustering/con-dtc/runs/condtc_qd_ema_staged_s3_m08/20260816_220429_seed2026/checkpoints/condtc_best.pt
epoch=5 / num_epochs=6
batch=0050 loss=1.1285 representation_loss=1.0205 clustering_loss=0.2161 instance_nce=3.4294 cluster_nce=2.3479 
batch=0100 loss=1.1101 representation_loss=1.0069 clustering_loss=0.2064 instance_nce=3.4778 cluster_nce=2.4126 
batch=0150 loss=0.9296 representation_loss=0.8244 clustering_loss=0.2105 instance_nce=3.4560 cluster_nce=2.3949 
batch=0200 loss=0.9501 representation_loss=0.8595 clustering_loss=0.1813 instance_nce=3.4008 cluster_nce=2.3597 
batch=0250 loss=0.9466 representation_loss=0.8610 clustering_loss=0.1711 instance_nce=3.4205 cluster_nce=2.3490 
batch=0300 loss=1.0800 representation_loss=0.9840 clustering_loss=0.1919 instance_nce=3.4390 cluster_nce=2.3807 
batch=0350 loss=1.0500 representation_loss=0.9473 clustering_loss=0.2054 instance_nce=3.4187 cluster_nce=2.3484 
Train: loss=1.0147 mstm=0.9188 instance_nce=3.4358 cluster_nce=2.3653 dec=0.1920
save checkpoint:  /root/trajectory-clustering/con-dtc/runs/condtc_qd_ema_staged_s3_m08/20260816_220429_seed2026/checkpoints/condtc_best.pt
epoch=6 / num_epochs=6
batch=0050 loss=1.1105 representation_loss=1.0217 clustering_loss=0.1776 instance_nce=3.4195 cluster_nce=2.3666 
batch=0100 loss=1.0394 representation_loss=0.9570 clustering_loss=0.1647 instance_nce=3.4112 cluster_nce=2.3528 
batch=0150 loss=1.0621 representation_loss=0.9665 clustering_loss=0.1913 instance_nce=3.4066 cluster_nce=2.3667 
batch=0200 loss=1.0104 representation_loss=0.9214 clustering_loss=0.1781 instance_nce=3.4273 cluster_nce=2.3669 
batch=0250 loss=1.0474 representation_loss=0.9384 clustering_loss=0.2180 instance_nce=3.4298 cluster_nce=2.3708 
batch=0300 loss=0.9476 representation_loss=0.8585 clustering_loss=0.1782 instance_nce=3.4052 cluster_nce=2.3632 
batch=0350 loss=0.9555 representation_loss=0.8751 clustering_loss=0.1607 instance_nce=3.4219 cluster_nce=2.3344 
Train: loss=0.9882 mstm=0.8968 instance_nce=3.4292 cluster_nce=2.3622 dec=0.1828
save checkpoint:  /root/trajectory-clustering/con-dtc/runs/condtc_qd_ema_staged_s3_m08/20260816_220429_seed2026/checkpoints/condtc_best.pt
best train_loss:  0.9881686381494863
evaluating: /root/trajectory-clustering/con-dtc/runs/condtc_qd_ema_staged_s3_m08/20260816_220429_seed2026/checkpoints/condtc_best.pt
device: cuda
cluster counts: tensor([ 916, 1003, 1531,   35, 1000, 1240,  973,  397, 1922,  944,  658,  985])
metrics: {'uacc': 0.8045501551189245, 'nmi': 0.8852048386182166, 'ri': 0.9599677548951356, 'ari': 0.7628503407626037}
metrics saved: /root/trajectory-clustering/con-dtc/runs/condtc_qd_ema_staged_s3_m08/20260816_220429_seed2026/metrics.json
