experiment initialized
run directory: /root/trajectory-clustering/con-dtc/runs/condtc_qd_ema_staged_s3_m07_entropy_p70_a025/20260817_145711_seed42
config snapshot: /root/trajectory-clustering/con-dtc/runs/condtc_qd_ema_staged_s3_m07_entropy_p70_a025/20260817_145711_seed42/config.yaml
device: cuda
pretrain checkpoint: /root/trajectory-clustering/con-dtc/checkpoints/sttraj2vec_pretrain_paper_15ep.pt
epoch=1 / num_epochs=6
batch=0050 loss=1.2522 representation_loss=1.0175 clustering_loss=0.4694 instance_nce=3.5261 cluster_nce=2.3788 
batch=0100 loss=1.1484 representation_loss=0.9354 clustering_loss=0.4259 instance_nce=3.5002 cluster_nce=2.3484 
batch=0150 loss=1.2910 representation_loss=1.1073 clustering_loss=0.3676 instance_nce=3.5001 cluster_nce=2.3400 
batch=0200 loss=1.1210 representation_loss=0.9007 clustering_loss=0.4407 instance_nce=3.4968 cluster_nce=2.3422 
batch=0250 loss=1.1561 representation_loss=1.0058 clustering_loss=0.3007 instance_nce=3.4909 cluster_nce=2.3328 
batch=0300 loss=1.2513 representation_loss=1.0743 clustering_loss=0.3540 instance_nce=3.4894 cluster_nce=2.3394 
batch=0350 loss=1.1866 representation_loss=1.0231 clustering_loss=0.3270 instance_nce=3.4739 cluster_nce=2.3411 
Train: loss=1.1424 mstm=0.9538 instance_nce=3.5081 cluster_nce=2.3467 dec=0.3772
save checkpoint:  /root/trajectory-clustering/con-dtc/runs/condtc_qd_ema_staged_s3_m07_entropy_p70_a025/20260817_145711_seed42/checkpoints/condtc_best.pt
epoch=2 / num_epochs=6
batch=0050 loss=1.0601 representation_loss=0.9270 clustering_loss=0.2662 instance_nce=3.4772 cluster_nce=2.3288 
batch=0100 loss=1.0675 representation_loss=0.9415 clustering_loss=0.2520 instance_nce=3.4701 cluster_nce=2.3227 
batch=0150 loss=1.2057 representation_loss=1.0739 clustering_loss=0.2635 instance_nce=3.4802 cluster_nce=2.3232 
batch=0200 loss=1.0010 representation_loss=0.8775 clustering_loss=0.2469 instance_nce=3.4659 cluster_nce=2.3335 
batch=0250 loss=1.0316 representation_loss=0.9058 clustering_loss=0.2518 instance_nce=3.5169 cluster_nce=2.3357 
batch=0300 loss=1.0958 representation_loss=0.9792 clustering_loss=0.2333 instance_nce=3.4917 cluster_nce=2.3403 
batch=0350 loss=1.1383 representation_loss=1.0237 clustering_loss=0.2292 instance_nce=3.5074 cluster_nce=2.3250 
Train: loss=1.0664 mstm=0.9354 instance_nce=3.4910 cluster_nce=2.3312 dec=0.2620
save checkpoint:  /root/trajectory-clustering/con-dtc/runs/condtc_qd_ema_staged_s3_m07_entropy_p70_a025/20260817_145711_seed42/checkpoints/condtc_best.pt
epoch=3 / num_epochs=6
batch=0050 loss=1.1439 representation_loss=1.0310 clustering_loss=0.2259 instance_nce=3.4378 cluster_nce=2.3068 
batch=0100 loss=0.9906 representation_loss=0.8838 clustering_loss=0.2135 instance_nce=3.4426 cluster_nce=2.3332 
batch=0150 loss=0.9017 representation_loss=0.7878 clustering_loss=0.2278 instance_nce=3.4600 cluster_nce=2.3229 
batch=0200 loss=1.0965 representation_loss=0.9773 clustering_loss=0.2384 instance_nce=3.4489 cluster_nce=2.3373 
batch=0250 loss=1.0350 representation_loss=0.9132 clustering_loss=0.2435 instance_nce=3.4753 cluster_nce=2.3136 
batch=0300 loss=1.0644 representation_loss=0.9517 clustering_loss=0.2253 instance_nce=3.4449 cluster_nce=2.3224 
batch=0350 loss=1.0849 representation_loss=0.9724 clustering_loss=0.2250 instance_nce=3.5012 cluster_nce=2.3188 
Train: loss=1.0441 mstm=0.9291 instance_nce=3.4774 cluster_nce=2.3255 dec=0.2300
save checkpoint:  /root/trajectory-clustering/con-dtc/runs/condtc_qd_ema_staged_s3_m07_entropy_p70_a025/20260817_145711_seed42/checkpoints/condtc_best.pt
epoch=4 / num_epochs=6
batch=0050 loss=1.0257 representation_loss=0.9064 clustering_loss=0.2386 instance_nce=3.4544 cluster_nce=2.3197 
batch=0100 loss=1.1222 representation_loss=1.0209 clustering_loss=0.2025 instance_nce=3.4288 cluster_nce=2.3238 
batch=0150 loss=0.9484 representation_loss=0.8372 clustering_loss=0.2224 instance_nce=3.4587 cluster_nce=2.3101 
batch=0200 loss=0.9738 representation_loss=0.8827 clustering_loss=0.1821 instance_nce=3.4532 cluster_nce=2.3332 
batch=0250 loss=1.1150 representation_loss=1.0086 clustering_loss=0.2128 instance_nce=3.4518 cluster_nce=2.3259 
batch=0300 loss=1.0431 representation_loss=0.9419 clustering_loss=0.2024 instance_nce=3.4540 cluster_nce=2.3135 
batch=0350 loss=0.9489 representation_loss=0.8533 clustering_loss=0.1911 instance_nce=3.5284 cluster_nce=2.3196 
Train: loss=1.0276 mstm=0.9215 instance_nce=3.4669 cluster_nce=2.3216 dec=0.2123
save checkpoint:  /root/trajectory-clustering/con-dtc/runs/condtc_qd_ema_staged_s3_m07_entropy_p70_a025/20260817_145711_seed42/checkpoints/condtc_best.pt
epoch=5 / num_epochs=6
batch=0050 loss=1.1308 representation_loss=1.0203 clustering_loss=0.2211 instance_nce=3.4518 cluster_nce=2.3109 
batch=0100 loss=0.9606 representation_loss=0.8711 clustering_loss=0.1790 instance_nce=3.5062 cluster_nce=2.3304 
batch=0150 loss=1.0260 representation_loss=0.9167 clustering_loss=0.2187 instance_nce=3.4706 cluster_nce=2.3177 
batch=0200 loss=0.9446 representation_loss=0.8561 clustering_loss=0.1769 instance_nce=3.4442 cluster_nce=2.3282 
batch=0250 loss=0.8733 representation_loss=0.7861 clustering_loss=0.1745 instance_nce=3.4574 cluster_nce=2.3149 
batch=0300 loss=1.1052 representation_loss=1.0042 clustering_loss=0.2018 instance_nce=3.4661 cluster_nce=2.3184 
batch=0350 loss=1.0593 representation_loss=0.9594 clustering_loss=0.1999 instance_nce=3.4599 cluster_nce=2.3338 
Train: loss=1.0159 mstm=0.9165 instance_nce=3.4573 cluster_nce=2.3193 dec=0.1989
save checkpoint:  /root/trajectory-clustering/con-dtc/runs/condtc_qd_ema_staged_s3_m07_entropy_p70_a025/20260817_145711_seed42/checkpoints/condtc_best.pt
epoch=6 / num_epochs=6
batch=0050 loss=1.0400 representation_loss=0.9497 clustering_loss=0.1807 instance_nce=3.4863 cluster_nce=2.3183 
batch=0100 loss=0.9000 representation_loss=0.8045 clustering_loss=0.1909 instance_nce=3.4290 cluster_nce=2.3275 
batch=0150 loss=0.8983 representation_loss=0.8048 clustering_loss=0.1870 instance_nce=3.4131 cluster_nce=2.3093 
batch=0200 loss=1.0270 representation_loss=0.9374 clustering_loss=0.1791 instance_nce=3.4668 cluster_nce=2.3333 
batch=0250 loss=0.9637 representation_loss=0.8727 clustering_loss=0.1819 instance_nce=3.4473 cluster_nce=2.3117 
batch=0300 loss=1.0007 representation_loss=0.9076 clustering_loss=0.1862 instance_nce=3.4370 cluster_nce=2.3111 
batch=0350 loss=1.1849 representation_loss=1.0848 clustering_loss=0.2002 instance_nce=3.4337 cluster_nce=2.3116 
Train: loss=0.9950 mstm=0.8987 instance_nce=3.4477 cluster_nce=2.3167 dec=0.1925
save checkpoint:  /root/trajectory-clustering/con-dtc/runs/condtc_qd_ema_staged_s3_m07_entropy_p70_a025/20260817_145711_seed42/checkpoints/condtc_best.pt
best train_loss:  0.9949671614790571
evaluating: /root/trajectory-clustering/con-dtc/runs/condtc_qd_ema_staged_s3_m07_entropy_p70_a025/20260817_145711_seed42/checkpoints/condtc_best.pt
device: cuda
cluster counts: tensor([ 264,   23,  568,  934,  967,  944, 1000,  979, 1003, 1330, 1934, 1658])
metrics: {'uacc': 0.7998965873836608, 'nmi': 0.8936387448231036, 'ri': 0.9599344664247378, 'ari': 0.7668713850923593}
metrics saved: /root/trajectory-clustering/con-dtc/runs/condtc_qd_ema_staged_s3_m07_entropy_p70_a025/20260817_145711_seed42/metrics.json
