experiment initialized
run directory: /root/trajectory-clustering/con-dtc/runs/condtc_qd_ema_staged_s3_m07_entropy_p60_a050/20260817_143712_seed19721013
config snapshot: /root/trajectory-clustering/con-dtc/runs/condtc_qd_ema_staged_s3_m07_entropy_p60_a050/20260817_143712_seed19721013/config.yaml
device: cuda
pretrain checkpoint: /root/trajectory-clustering/con-dtc/checkpoints/sttraj2vec_pretrain_paper_15ep.pt
epoch=1 / num_epochs=6
batch=0050 loss=1.1629 representation_loss=0.9304 clustering_loss=0.4650 instance_nce=3.5702 cluster_nce=2.3243 
batch=0100 loss=1.1673 representation_loss=0.9701 clustering_loss=0.3943 instance_nce=3.5546 cluster_nce=2.3284 
batch=0150 loss=1.1958 representation_loss=1.0006 clustering_loss=0.3905 instance_nce=3.5938 cluster_nce=2.3155 
batch=0200 loss=1.1558 representation_loss=0.9846 clustering_loss=0.3425 instance_nce=3.5420 cluster_nce=2.2985 
batch=0250 loss=1.2080 representation_loss=1.0177 clustering_loss=0.3806 instance_nce=3.5584 cluster_nce=2.3128 
batch=0300 loss=1.1944 representation_loss=1.0261 clustering_loss=0.3367 instance_nce=3.5415 cluster_nce=2.3002 
batch=0350 loss=1.0127 representation_loss=0.8208 clustering_loss=0.3838 instance_nce=3.5150 cluster_nce=2.2909 
Train: loss=1.1389 mstm=0.9508 instance_nce=3.5503 cluster_nce=2.3165 dec=0.3762
save checkpoint:  /root/trajectory-clustering/con-dtc/runs/condtc_qd_ema_staged_s3_m07_entropy_p60_a050/20260817_143712_seed19721013/checkpoints/condtc_best.pt
epoch=2 / num_epochs=6
batch=0050 loss=1.0379 representation_loss=0.8879 clustering_loss=0.2999 instance_nce=3.5480 cluster_nce=2.3165 
batch=0100 loss=1.0682 representation_loss=0.9316 clustering_loss=0.2731 instance_nce=3.5515 cluster_nce=2.2992 
batch=0150 loss=1.1133 representation_loss=0.9795 clustering_loss=0.2677 instance_nce=3.5335 cluster_nce=2.2971 
batch=0200 loss=1.1861 representation_loss=1.0490 clustering_loss=0.2743 instance_nce=3.5356 cluster_nce=2.3178 
batch=0250 loss=1.0656 representation_loss=0.9316 clustering_loss=0.2680 instance_nce=3.5151 cluster_nce=2.2852 
batch=0300 loss=1.1050 representation_loss=0.9811 clustering_loss=0.2478 instance_nce=3.5328 cluster_nce=2.3112 
batch=0350 loss=1.0381 representation_loss=0.9247 clustering_loss=0.2268 instance_nce=3.5192 cluster_nce=2.2892 
Train: loss=1.0671 mstm=0.9336 instance_nce=3.5281 cluster_nce=2.3015 dec=0.2670
save checkpoint:  /root/trajectory-clustering/con-dtc/runs/condtc_qd_ema_staged_s3_m07_entropy_p60_a050/20260817_143712_seed19721013/checkpoints/condtc_best.pt
epoch=3 / num_epochs=6
batch=0050 loss=1.0626 representation_loss=0.9374 clustering_loss=0.2504 instance_nce=3.5141 cluster_nce=2.3039 
batch=0100 loss=1.0681 representation_loss=0.9412 clustering_loss=0.2539 instance_nce=3.5407 cluster_nce=2.3184 
batch=0150 loss=1.1112 representation_loss=0.9966 clustering_loss=0.2291 instance_nce=3.5186 cluster_nce=2.3109 
batch=0200 loss=1.0135 representation_loss=0.9062 clustering_loss=0.2146 instance_nce=3.4933 cluster_nce=2.2907 
batch=0250 loss=1.0052 representation_loss=0.9058 clustering_loss=0.1988 instance_nce=3.4816 cluster_nce=2.2851 
batch=0300 loss=0.9460 representation_loss=0.8351 clustering_loss=0.2218 instance_nce=3.5281 cluster_nce=2.2955 
batch=0350 loss=1.0425 representation_loss=0.9386 clustering_loss=0.2077 instance_nce=3.4883 cluster_nce=2.2937 
Train: loss=1.0464 mstm=0.9316 instance_nce=3.5173 cluster_nce=2.2971 dec=0.2295
save checkpoint:  /root/trajectory-clustering/con-dtc/runs/condtc_qd_ema_staged_s3_m07_entropy_p60_a050/20260817_143712_seed19721013/checkpoints/condtc_best.pt
epoch=4 / num_epochs=6
batch=0050 loss=0.9789 representation_loss=0.8753 clustering_loss=0.2071 instance_nce=3.4889 cluster_nce=2.3043 
batch=0100 loss=0.8722 representation_loss=0.7589 clustering_loss=0.2267 instance_nce=3.5086 cluster_nce=2.2873 
batch=0150 loss=1.0155 representation_loss=0.9247 clustering_loss=0.1816 instance_nce=3.5020 cluster_nce=2.2876 
batch=0200 loss=1.0281 representation_loss=0.9275 clustering_loss=0.2012 instance_nce=3.4951 cluster_nce=2.2911 
batch=0250 loss=0.9931 representation_loss=0.9001 clustering_loss=0.1859 instance_nce=3.5333 cluster_nce=2.2957 
batch=0300 loss=1.0334 representation_loss=0.9456 clustering_loss=0.1756 instance_nce=3.4818 cluster_nce=2.2917 
batch=0350 loss=0.9924 representation_loss=0.8966 clustering_loss=0.1917 instance_nce=3.4766 cluster_nce=2.2753 
Train: loss=1.0177 mstm=0.9129 instance_nce=3.5070 cluster_nce=2.2951 dec=0.2095
save checkpoint:  /root/trajectory-clustering/con-dtc/runs/condtc_qd_ema_staged_s3_m07_entropy_p60_a050/20260817_143712_seed19721013/checkpoints/condtc_best.pt
epoch=5 / num_epochs=6
batch=0050 loss=0.9501 representation_loss=0.8497 clustering_loss=0.2007 instance_nce=3.4693 cluster_nce=2.2898 
batch=0100 loss=0.9232 representation_loss=0.8250 clustering_loss=0.1964 instance_nce=3.4949 cluster_nce=2.2887 
batch=0150 loss=1.0208 representation_loss=0.9277 clustering_loss=0.1861 instance_nce=3.4927 cluster_nce=2.2962 
batch=0200 loss=0.9969 representation_loss=0.8964 clustering_loss=0.2011 instance_nce=3.5057 cluster_nce=2.2958 
batch=0250 loss=0.9805 representation_loss=0.8864 clustering_loss=0.1882 instance_nce=3.4966 cluster_nce=2.2784 
batch=0300 loss=0.9482 representation_loss=0.8587 clustering_loss=0.1789 instance_nce=3.4801 cluster_nce=2.2850 
batch=0350 loss=0.9254 representation_loss=0.8157 clustering_loss=0.2195 instance_nce=3.4988 cluster_nce=2.2991 
Train: loss=1.0139 mstm=0.9146 instance_nce=3.4972 cluster_nce=2.2921 dec=0.1987
save checkpoint:  /root/trajectory-clustering/con-dtc/runs/condtc_qd_ema_staged_s3_m07_entropy_p60_a050/20260817_143712_seed19721013/checkpoints/condtc_best.pt
epoch=6 / num_epochs=6
batch=0050 loss=0.9747 representation_loss=0.8834 clustering_loss=0.1826 instance_nce=3.4980 cluster_nce=2.2739 
batch=0100 loss=1.0599 representation_loss=0.9580 clustering_loss=0.2039 instance_nce=3.4645 cluster_nce=2.2829 
batch=0150 loss=0.9393 representation_loss=0.8481 clustering_loss=0.1825 instance_nce=3.4815 cluster_nce=2.2806 
batch=0200 loss=1.0192 representation_loss=0.9261 clustering_loss=0.1864 instance_nce=3.4803 cluster_nce=2.2789 
batch=0250 loss=0.9763 representation_loss=0.8775 clustering_loss=0.1975 instance_nce=3.5309 cluster_nce=2.2866 
batch=0300 loss=1.1166 representation_loss=1.0199 clustering_loss=0.1934 instance_nce=3.4654 cluster_nce=2.2844 
batch=0350 loss=1.0598 representation_loss=0.9711 clustering_loss=0.1773 instance_nce=3.4977 cluster_nce=2.3216 
Train: loss=1.0037 mstm=0.9084 instance_nce=3.4878 cluster_nce=2.2897 dec=0.1907
save checkpoint:  /root/trajectory-clustering/con-dtc/runs/condtc_qd_ema_staged_s3_m07_entropy_p60_a050/20260817_143712_seed19721013/checkpoints/condtc_best.pt
best train_loss:  1.0037149376435266
evaluating: /root/trajectory-clustering/con-dtc/runs/condtc_qd_ema_staged_s3_m07_entropy_p60_a050/20260817_143712_seed19721013/checkpoints/condtc_best.pt
device: cuda
cluster counts: tensor([1003,  968, 1956, 1095,  419, 1000,    1,  970, 1479,  933,  836,  944])
metrics: {'uacc': 0.8056704584625991, 'nmi': 0.8892356236989641, 'ri': 0.9598172214908464, 'ari': 0.7611864812694167}
metrics saved: /root/trajectory-clustering/con-dtc/runs/condtc_qd_ema_staged_s3_m07_entropy_p60_a050/20260817_143712_seed19721013/metrics.json
